Copyright 1986-2018 Xilinx, Inc. All Rights Reserved.
-------------------------------------------------------------------------------------
| Tool Version : Vivado v.2018.3 (win64) Build 2405991 Thu Dec  6 23:38:27 MST 2018
| Date         : Tue Mar 24 15:40:48 2026
| Host         : BH610-DRZVK84 running 64-bit major release  (build 9200)
| Command      : report_control_sets -verbose -file main_top_control_sets_placed.rpt
| Design       : main_top
| Device       : xc7a35t
-------------------------------------------------------------------------------------

Control Set Information

Table of Contents
-----------------
1. Summary
2. Histogram
3. Flip-Flop Distribution
4. Detailed Control Set Information

1. Summary
----------

+----------------------------------------------------------+-------+
|                          Status                          | Count |
+----------------------------------------------------------+-------+
| Number of unique control sets                            |    13 |
| Unused register locations in slices containing registers |    33 |
+----------------------------------------------------------+-------+


2. Histogram
------------

+--------+--------------+
| Fanout | Control Sets |
+--------+--------------+
|      1 |            1 |
|      2 |            1 |
|      4 |            1 |
|      6 |            1 |
|      8 |            3 |
|     12 |            1 |
|     14 |            1 |
|    16+ |            4 |
+--------+--------------+


3. Flip-Flop Distribution
-------------------------

+--------------+-----------------------+------------------------+-----------------+--------------+
| Clock Enable | Synchronous Set/Reset | Asynchronous Set/Reset | Total Registers | Total Slices |
+--------------+-----------------------+------------------------+-----------------+--------------+
| No           | No                    | No                     |              52 |           13 |
| No           | No                    | Yes                    |               0 |            0 |
| No           | Yes                   | No                     |              14 |            7 |
| Yes          | No                    | No                     |              39 |           15 |
| Yes          | No                    | Yes                    |               0 |            0 |
| Yes          | Yes                   | No                     |              14 |            4 |
+--------------+-----------------------+------------------------+-----------------+--------------+


4. Detailed Control Set Information
-----------------------------------

+--------------------------------------------------------------+----------------------------------------------------------------+----------------------------+------------------+----------------+
|                         Clock Signal                         |                          Enable Signal                         |      Set/Reset Signal      | Slice Load Count | Bel Load Count |
+--------------------------------------------------------------+----------------------------------------------------------------+----------------------------+------------------+----------------+
|  program_rom/instantiate_loader.jtag_loader_6_inst/shift_clk |                                                                |                            |                1 |              1 |
|  clk_IBUF_BUFG                                               | processor/flag_enable                                          | processor/internal_reset   |                1 |              2 |
|  program_rom/instantiate_loader.jtag_loader_6_inst/clk_b     |                                                                |                            |                1 |              4 |
|  clk_IBUF_BUFG                                               |                                                                | processor/internal_reset   |                3 |              6 |
|  clk_IBUF_BUFG                                               |                                                                | program_rom/instruction[7] |                4 |              8 |
|  clk_IBUF_BUFG                                               | processor/spm_enable                                           |                            |                2 |              8 |
|  clk_IBUF_BUFG                                               | processor/write_strobe                                         |                            |                5 |              8 |
|  clk_IBUF_BUFG                                               | processor/t_state_0                                            | processor/internal_reset   |                3 |             12 |
|  program_rom/instantiate_loader.jtag_loader_6_inst/shift_clk | program_rom/instantiate_loader.jtag_loader_6_inst/shift        |                            |                4 |             14 |
|  clk_IBUF_BUFG                                               | processor/register_enable                                      |                            |                2 |             16 |
|  clk_IBUF_BUFG                                               | processor/t_state_0                                            |                            |                2 |             16 |
|  program_rom/instantiate_loader.jtag_loader_6_inst/shift_clk | program_rom/instantiate_loader.jtag_loader_6_inst/jtag_din_int |                            |                6 |             17 |
|  clk_IBUF_BUFG                                               |                                                                |                            |               11 |             47 |
+--------------------------------------------------------------+----------------------------------------------------------------+----------------------------+------------------+----------------+


