#-----------------------------------------------------------
# Vivado v2018.3 (64-bit)
# SW Build 2405991 on Thu Dec  6 23:38:27 MST 2018
# IP Build 2404404 on Fri Dec  7 01:43:56 MST 2018
# Start of session at: Mon Feb 23 14:23:47 2026
# Process ID: 13100
# Current directory: C:/Users/lebray/Vivado-Workflow-Scripts/Lab6T4
# Command line: vivado.exe -mode batch -source C:\Users\lebray\Vivado-Workflow-Scripts\Lab6T4\run_hardware.tcl
# Log file: C:/Users/lebray/Vivado-Workflow-Scripts/Lab6T4/vivado.log
# Journal file: C:/Users/lebray/Vivado-Workflow-Scripts/Lab6T4\vivado.jou
#-----------------------------------------------------------
source {C:\Users\lebray\Vivado-Workflow-Scripts\Lab6T4\run_hardware.tcl}
# create_project Lab6T4 {C:\Users\lebray\Vivado-Workflow-Scripts\Lab6T4\vivado_project} -part xc7a35tcpg236-1 -force
# if {[catch {set_property board_part digilentinc.com:basys3:part0:1.2 [current_project]}]} {
#     puts "Note: Board part not available, using part only"
# }
Note: Board part not available, using part only
# set_property target_language Verilog [current_project]
# add_files -norecurse {C:\Users\lebray\Vivado-Workflow-Scripts\Lab6T4\adder.v}
# add_files -norecurse {C:\Users\lebray\Vivado-Workflow-Scripts\Lab6T4\LCD_driver_2.v}
# add_files -norecurse {C:\Users\lebray\Vivado-Workflow-Scripts\Lab6T4\LCD_driver_top_2.v}
# add_files -fileset constrs_1 -norecurse {C:\Users\lebray\Vivado-Workflow-Scripts\Basys3_Master.xdc}
# set_property top LCD_driver_top [current_fileset]
# update_compile_order -fileset sources_1
# reset_run synth_1
# launch_runs synth_1
[Mon Feb 23 14:23:52 2026] Launched synth_1...
Run output will be captured here: C:/Users/lebray/Vivado-Workflow-Scripts/Lab6T4/vivado_project/Lab6T4.runs/synth_1/runme.log
# wait_on_run synth_1
[Mon Feb 23 14:23:52 2026] Waiting for synth_1 to finish...

*** Running vivado
    with args -log LCD_driver_top.vds -m64 -product Vivado -mode batch -messageDb vivado.pb -notrace -source LCD_driver_top.tcl


****** Vivado v2018.3 (64-bit)
  **** SW Build 2405991 on Thu Dec  6 23:38:27 MST 2018
  **** IP Build 2404404 on Fri Dec  7 01:43:56 MST 2018
    ** Copyright 1986-2018 Xilinx, Inc. All Rights Reserved.

source LCD_driver_top.tcl -notrace
Command: synth_design -top LCD_driver_top -part xc7a35tcpg236-1
Starting synth_design
Attempting to get a license for feature 'Synthesis' and/or device 'xc7a35t'
INFO: [Common 17-349] Got license for feature 'Synthesis' and/or device 'xc7a35t'
INFO: Launching helper process for spawning children vivado processes
INFO: Helper process launched with PID 8924 
---------------------------------------------------------------------------------
Starting RTL Elaboration : Time (s): cpu = 00:00:00 ; elapsed = 00:00:00.976 . Memory (MB): peak = 355.945 ; gain = 101.285
---------------------------------------------------------------------------------
INFO: [Synth 8-6157] synthesizing module 'LCD_driver_top' [C:/Users/lebray/Vivado-Workflow-Scripts/Lab6T4/LCD_driver_top_2.v:1]
	Parameter clk_param bound to: 16000000 - type: integer 
INFO: [Synth 8-6157] synthesizing module 'LCD_driver_2' [C:/Users/lebray/Vivado-Workflow-Scripts/Lab6T4/LCD_driver_2.v:1]
	Parameter INIT bound to: 2'b00 
	Parameter WAIT bound to: 2'b01 
	Parameter WRITE bound to: 2'b10 
	Parameter cntmax_setup bound to: 100000 - type: integer 
	Parameter cntmax_data_in bound to: 15 - type: integer 
	Parameter cntmax_init bound to: 3 - type: integer 
INFO: [Synth 8-155] case statement is not full and has no default [C:/Users/lebray/Vivado-Workflow-Scripts/Lab6T4/LCD_driver_2.v:29]
INFO: [Synth 8-6155] done synthesizing module 'LCD_driver_2' (1#1) [C:/Users/lebray/Vivado-Workflow-Scripts/Lab6T4/LCD_driver_2.v:1]
INFO: [Synth 8-6157] synthesizing module 'adder' [C:/Users/lebray/Vivado-Workflow-Scripts/Lab6T4/adder.v:1]
INFO: [Synth 8-6155] done synthesizing module 'adder' (2#1) [C:/Users/lebray/Vivado-Workflow-Scripts/Lab6T4/adder.v:1]
INFO: [Synth 8-4471] merging register 'data_reg[14][7:0]' into 'data_reg[15][7:0]' [C:/Users/lebray/Vivado-Workflow-Scripts/Lab6T4/LCD_driver_top_2.v:164]
INFO: [Synth 8-4471] merging register 'data_reg[13][7:0]' into 'data_reg[15][7:0]' [C:/Users/lebray/Vivado-Workflow-Scripts/Lab6T4/LCD_driver_top_2.v:164]
INFO: [Synth 8-4471] merging register 'data_reg[12][7:0]' into 'data_reg[15][7:0]' [C:/Users/lebray/Vivado-Workflow-Scripts/Lab6T4/LCD_driver_top_2.v:164]
INFO: [Synth 8-4471] merging register 'data_reg[11][7:0]' into 'data_reg[15][7:0]' [C:/Users/lebray/Vivado-Workflow-Scripts/Lab6T4/LCD_driver_top_2.v:164]
INFO: [Synth 8-4471] merging register 'data_reg[10][7:0]' into 'data_reg[15][7:0]' [C:/Users/lebray/Vivado-Workflow-Scripts/Lab6T4/LCD_driver_top_2.v:164]
INFO: [Synth 8-4471] merging register 'data_reg[9][7:0]' into 'data_reg[15][7:0]' [C:/Users/lebray/Vivado-Workflow-Scripts/Lab6T4/LCD_driver_top_2.v:164]
INFO: [Synth 8-4471] merging register 'data_reg[8][7:0]' into 'data_reg[15][7:0]' [C:/Users/lebray/Vivado-Workflow-Scripts/Lab6T4/LCD_driver_top_2.v:164]
WARNING: [Synth 8-6014] Unused sequential element data_reg[14] was removed.  [C:/Users/lebray/Vivado-Workflow-Scripts/Lab6T4/LCD_driver_top_2.v:164]
WARNING: [Synth 8-6014] Unused sequential element data_reg[13] was removed.  [C:/Users/lebray/Vivado-Workflow-Scripts/Lab6T4/LCD_driver_top_2.v:164]
WARNING: [Synth 8-6014] Unused sequential element data_reg[12] was removed.  [C:/Users/lebray/Vivado-Workflow-Scripts/Lab6T4/LCD_driver_top_2.v:164]
WARNING: [Synth 8-6014] Unused sequential element data_reg[11] was removed.  [C:/Users/lebray/Vivado-Workflow-Scripts/Lab6T4/LCD_driver_top_2.v:164]
WARNING: [Synth 8-6014] Unused sequential element data_reg[10] was removed.  [C:/Users/lebray/Vivado-Workflow-Scripts/Lab6T4/LCD_driver_top_2.v:164]
WARNING: [Synth 8-6014] Unused sequential element data_reg[9] was removed.  [C:/Users/lebray/Vivado-Workflow-Scripts/Lab6T4/LCD_driver_top_2.v:164]
WARNING: [Synth 8-6014] Unused sequential element data_reg[8] was removed.  [C:/Users/lebray/Vivado-Workflow-Scripts/Lab6T4/LCD_driver_top_2.v:164]
INFO: [Synth 8-6155] done synthesizing module 'LCD_driver_top' (3#1) [C:/Users/lebray/Vivado-Workflow-Scripts/Lab6T4/LCD_driver_top_2.v:1]
WARNING: [Synth 8-3917] design LCD_driver_top has port JB[7] driven by constant 0
WARNING: [Synth 8-3917] design LCD_driver_top has port JB[6] driven by constant 0
WARNING: [Synth 8-3917] design LCD_driver_top has port JB[5] driven by constant 0
WARNING: [Synth 8-3917] design LCD_driver_top has port JB[4] driven by constant 0
WARNING: [Synth 8-3917] design LCD_driver_top has port JB[3] driven by constant 0
WARNING: [Synth 8-3917] design LCD_driver_top has port JB[1] driven by constant 0
---------------------------------------------------------------------------------
Finished RTL Elaboration : Time (s): cpu = 00:00:01 ; elapsed = 00:00:01 . Memory (MB): peak = 411.719 ; gain = 157.059
---------------------------------------------------------------------------------

Report Check Netlist: 
+------+------------------+-------+---------+-------+------------------+
|      |Item              |Errors |Warnings |Status |Description       |
+------+------------------+-------+---------+-------+------------------+
|1     |multi_driven_nets |      0|        0|Passed |Multi driven nets |
+------+------------------+-------+---------+-------+------------------+
---------------------------------------------------------------------------------
Start Handling Custom Attributes
---------------------------------------------------------------------------------
---------------------------------------------------------------------------------
Finished Handling Custom Attributes : Time (s): cpu = 00:00:01 ; elapsed = 00:00:01 . Memory (MB): peak = 411.719 ; gain = 157.059
---------------------------------------------------------------------------------
---------------------------------------------------------------------------------
Finished RTL Optimization Phase 1 : Time (s): cpu = 00:00:01 ; elapsed = 00:00:01 . Memory (MB): peak = 411.719 ; gain = 157.059
---------------------------------------------------------------------------------
INFO: [Device 21-403] Loading part xc7a35tcpg236-1
INFO: [Project 1-570] Preparing netlist for logic optimization

Processing XDC Constraints
Initializing timing engine
Parsing XDC File [C:/Users/lebray/Vivado-Workflow-Scripts/Basys3_Master.xdc]
WARNING: [Vivado 12-584] No ports matched 'led[0]'. [C:/Users/lebray/Vivado-Workflow-Scripts/Basys3_Master.xdc:47]
CRITICAL WARNING: [Common 17-55] 'set_property' expects at least one object. [C:/Users/lebray/Vivado-Workflow-Scripts/Basys3_Master.xdc:47]
Resolution: If [get_<value>] was used to populate the object, check to make sure this command returns at least one valid object.
WARNING: [Vivado 12-584] No ports matched 'led[0]'. [C:/Users/lebray/Vivado-Workflow-Scripts/Basys3_Master.xdc:48]
CRITICAL WARNING: [Common 17-55] 'set_property' expects at least one object. [C:/Users/lebray/Vivado-Workflow-Scripts/Basys3_Master.xdc:48]
Resolution: If [get_<value>] was used to populate the object, check to make sure this command returns at least one valid object.
WARNING: [Vivado 12-584] No ports matched 'led[1]'. [C:/Users/lebray/Vivado-Workflow-Scripts/Basys3_Master.xdc:49]
CRITICAL WARNING: [Common 17-55] 'set_property' expects at least one object. [C:/Users/lebray/Vivado-Workflow-Scripts/Basys3_Master.xdc:49]
Resolution: If [get_<value>] was used to populate the object, check to make sure this command returns at least one valid object.
WARNING: [Vivado 12-584] No ports matched 'led[1]'. [C:/Users/lebray/Vivado-Workflow-Scripts/Basys3_Master.xdc:50]
CRITICAL WARNING: [Common 17-55] 'set_property' expects at least one object. [C:/Users/lebray/Vivado-Workflow-Scripts/Basys3_Master.xdc:50]
Resolution: If [get_<value>] was used to populate the object, check to make sure this command returns at least one valid object.
WARNING: [Vivado 12-584] No ports matched 'led[2]'. [C:/Users/lebray/Vivado-Workflow-Scripts/Basys3_Master.xdc:51]
CRITICAL WARNING: [Common 17-55] 'set_property' expects at least one object. [C:/Users/lebray/Vivado-Workflow-Scripts/Basys3_Master.xdc:51]
Resolution: If [get_<value>] was used to populate the object, check to make sure this command returns at least one valid object.
WARNING: [Vivado 12-584] No ports matched 'led[2]'. [C:/Users/lebray/Vivado-Workflow-Scripts/Basys3_Master.xdc:52]
CRITICAL WARNING: [Common 17-55] 'set_property' expects at least one object. [C:/Users/lebray/Vivado-Workflow-Scripts/Basys3_Master.xdc:52]
Resolution: If [get_<value>] was used to populate the object, check to make sure this command returns at least one valid object.
WARNING: [Vivado 12-584] No ports matched 'led[3]'. [C:/Users/lebray/Vivado-Workflow-Scripts/Basys3_Master.xdc:53]
CRITICAL WARNING: [Common 17-55] 'set_property' expects at least one object. [C:/Users/lebray/Vivado-Workflow-Scripts/Basys3_Master.xdc:53]
Resolution: If [get_<value>] was used to populate the object, check to make sure this command returns at least one valid object.
WARNING: [Vivado 12-584] No ports matched 'led[3]'. [C:/Users/lebray/Vivado-Workflow-Scripts/Basys3_Master.xdc:54]
CRITICAL WARNING: [Common 17-55] 'set_property' expects at least one object. [C:/Users/lebray/Vivado-Workflow-Scripts/Basys3_Master.xdc:54]
Resolution: If [get_<value>] was used to populate the object, check to make sure this command returns at least one valid object.
WARNING: [Vivado 12-584] No ports matched 'led[4]'. [C:/Users/lebray/Vivado-Workflow-Scripts/Basys3_Master.xdc:55]
CRITICAL WARNING: [Common 17-55] 'set_property' expects at least one object. [C:/Users/lebray/Vivado-Workflow-Scripts/Basys3_Master.xdc:55]
Resolution: If [get_<value>] was used to populate the object, check to make sure this command returns at least one valid object.
WARNING: [Vivado 12-584] No ports matched 'led[4]'. [C:/Users/lebray/Vivado-Workflow-Scripts/Basys3_Master.xdc:56]
CRITICAL WARNING: [Common 17-55] 'set_property' expects at least one object. [C:/Users/lebray/Vivado-Workflow-Scripts/Basys3_Master.xdc:56]
Resolution: If [get_<value>] was used to populate the object, check to make sure this command returns at least one valid object.
WARNING: [Vivado 12-584] No ports matched 'led[5]'. [C:/Users/lebray/Vivado-Workflow-Scripts/Basys3_Master.xdc:57]
CRITICAL WARNING: [Common 17-55] 'set_property' expects at least one object. [C:/Users/lebray/Vivado-Workflow-Scripts/Basys3_Master.xdc:57]
Resolution: If [get_<value>] was used to populate the object, check to make sure this command returns at least one valid object.
WARNING: [Vivado 12-584] No ports matched 'led[5]'. [C:/Users/lebray/Vivado-Workflow-Scripts/Basys3_Master.xdc:58]
CRITICAL WARNING: [Common 17-55] 'set_property' expects at least one object. [C:/Users/lebray/Vivado-Workflow-Scripts/Basys3_Master.xdc:58]
Resolution: If [get_<value>] was used to populate the object, check to make sure this command returns at least one valid object.
WARNING: [Vivado 12-584] No ports matched 'led[6]'. [C:/Users/lebray/Vivado-Workflow-Scripts/Basys3_Master.xdc:59]
CRITICAL WARNING: [Common 17-55] 'set_property' expects at least one object. [C:/Users/lebray/Vivado-Workflow-Scripts/Basys3_Master.xdc:59]
Resolution: If [get_<value>] was used to populate the object, check to make sure this command returns at least one valid object.
WARNING: [Vivado 12-584] No ports matched 'led[6]'. [C:/Users/lebray/Vivado-Workflow-Scripts/Basys3_Master.xdc:60]
CRITICAL WARNING: [Common 17-55] 'set_property' expects at least one object. [C:/Users/lebray/Vivado-Workflow-Scripts/Basys3_Master.xdc:60]
Resolution: If [get_<value>] was used to populate the object, check to make sure this command returns at least one valid object.
WARNING: [Vivado 12-584] No ports matched 'led[7]'. [C:/Users/lebray/Vivado-Workflow-Scripts/Basys3_Master.xdc:61]
CRITICAL WARNING: [Common 17-55] 'set_property' expects at least one object. [C:/Users/lebray/Vivado-Workflow-Scripts/Basys3_Master.xdc:61]
Resolution: If [get_<value>] was used to populate the object, check to make sure this command returns at least one valid object.
WARNING: [Vivado 12-584] No ports matched 'led[7]'. [C:/Users/lebray/Vivado-Workflow-Scripts/Basys3_Master.xdc:62]
CRITICAL WARNING: [Common 17-55] 'set_property' expects at least one object. [C:/Users/lebray/Vivado-Workflow-Scripts/Basys3_Master.xdc:62]
Resolution: If [get_<value>] was used to populate the object, check to make sure this command returns at least one valid object.
WARNING: [Vivado 12-584] No ports matched 'led[8]'. [C:/Users/lebray/Vivado-Workflow-Scripts/Basys3_Master.xdc:63]
CRITICAL WARNING: [Common 17-55] 'set_property' expects at least one object. [C:/Users/lebray/Vivado-Workflow-Scripts/Basys3_Master.xdc:63]
Resolution: If [get_<value>] was used to populate the object, check to make sure this command returns at least one valid object.
WARNING: [Vivado 12-584] No ports matched 'led[8]'. [C:/Users/lebray/Vivado-Workflow-Scripts/Basys3_Master.xdc:64]
CRITICAL WARNING: [Common 17-55] 'set_property' expects at least one object. [C:/Users/lebray/Vivado-Workflow-Scripts/Basys3_Master.xdc:64]
Resolution: If [get_<value>] was used to populate the object, check to make sure this command returns at least one valid object.
WARNING: [Vivado 12-584] No ports matched 'led[9]'. [C:/Users/lebray/Vivado-Workflow-Scripts/Basys3_Master.xdc:65]
CRITICAL WARNING: [Common 17-55] 'set_property' expects at least one object. [C:/Users/lebray/Vivado-Workflow-Scripts/Basys3_Master.xdc:65]
Resolution: If [get_<value>] was used to populate the object, check to make sure this command returns at least one valid object.
WARNING: [Vivado 12-584] No ports matched 'led[9]'. [C:/Users/lebray/Vivado-Workflow-Scripts/Basys3_Master.xdc:66]
CRITICAL WARNING: [Common 17-55] 'set_property' expects at least one object. [C:/Users/lebray/Vivado-Workflow-Scripts/Basys3_Master.xdc:66]
Resolution: If [get_<value>] was used to populate the object, check to make sure this command returns at least one valid object.
WARNING: [Vivado 12-584] No ports matched 'led[10]'. [C:/Users/lebray/Vivado-Workflow-Scripts/Basys3_Master.xdc:67]
CRITICAL WARNING: [Common 17-55] 'set_property' expects at least one object. [C:/Users/lebray/Vivado-Workflow-Scripts/Basys3_Master.xdc:67]
Resolution: If [get_<value>] was used to populate the object, check to make sure this command returns at least one valid object.
WARNING: [Vivado 12-584] No ports matched 'led[10]'. [C:/Users/lebray/Vivado-Workflow-Scripts/Basys3_Master.xdc:68]
CRITICAL WARNING: [Common 17-55] 'set_property' expects at least one object. [C:/Users/lebray/Vivado-Workflow-Scripts/Basys3_Master.xdc:68]
Resolution: If [get_<value>] was used to populate the object, check to make sure this command returns at least one valid object.
WARNING: [Vivado 12-584] No ports matched 'led[11]'. [C:/Users/lebray/Vivado-Workflow-Scripts/Basys3_Master.xdc:69]
CRITICAL WARNING: [Common 17-55] 'set_property' expects at least one object. [C:/Users/lebray/Vivado-Workflow-Scripts/Basys3_Master.xdc:69]
Resolution: If [get_<value>] was used to populate the object, check to make sure this command returns at least one valid object.
WARNING: [Vivado 12-584] No ports matched 'led[11]'. [C:/Users/lebray/Vivado-Workflow-Scripts/Basys3_Master.xdc:70]
CRITICAL WARNING: [Common 17-55] 'set_property' expects at least one object. [C:/Users/lebray/Vivado-Workflow-Scripts/Basys3_Master.xdc:70]
Resolution: If [get_<value>] was used to populate the object, check to make sure this command returns at least one valid object.
WARNING: [Vivado 12-584] No ports matched 'led[12]'. [C:/Users/lebray/Vivado-Workflow-Scripts/Basys3_Master.xdc:71]
CRITICAL WARNING: [Common 17-55] 'set_property' expects at least one object. [C:/Users/lebray/Vivado-Workflow-Scripts/Basys3_Master.xdc:71]
Resolution: If [get_<value>] was used to populate the object, check to make sure this command returns at least one valid object.
WARNING: [Vivado 12-584] No ports matched 'led[12]'. [C:/Users/lebray/Vivado-Workflow-Scripts/Basys3_Master.xdc:72]
CRITICAL WARNING: [Common 17-55] 'set_property' expects at least one object. [C:/Users/lebray/Vivado-Workflow-Scripts/Basys3_Master.xdc:72]
Resolution: If [get_<value>] was used to populate the object, check to make sure this command returns at least one valid object.
WARNING: [Vivado 12-584] No ports matched 'led[13]'. [C:/Users/lebray/Vivado-Workflow-Scripts/Basys3_Master.xdc:73]
CRITICAL WARNING: [Common 17-55] 'set_property' expects at least one object. [C:/Users/lebray/Vivado-Workflow-Scripts/Basys3_Master.xdc:73]
Resolution: If [get_<value>] was used to populate the object, check to make sure this command returns at least one valid object.
WARNING: [Vivado 12-584] No ports matched 'led[13]'. [C:/Users/lebray/Vivado-Workflow-Scripts/Basys3_Master.xdc:74]
CRITICAL WARNING: [Common 17-55] 'set_property' expects at least one object. [C:/Users/lebray/Vivado-Workflow-Scripts/Basys3_Master.xdc:74]
Resolution: If [get_<value>] was used to populate the object, check to make sure this command returns at least one valid object.
WARNING: [Vivado 12-584] No ports matched 'led[14]'. [C:/Users/lebray/Vivado-Workflow-Scripts/Basys3_Master.xdc:75]
CRITICAL WARNING: [Common 17-55] 'set_property' expects at least one object. [C:/Users/lebray/Vivado-Workflow-Scripts/Basys3_Master.xdc:75]
Resolution: If [get_<value>] was used to populate the object, check to make sure this command returns at least one valid object.
WARNING: [Vivado 12-584] No ports matched 'led[14]'. [C:/Users/lebray/Vivado-Workflow-Scripts/Basys3_Master.xdc:76]
CRITICAL WARNING: [Common 17-55] 'set_property' expects at least one object. [C:/Users/lebray/Vivado-Workflow-Scripts/Basys3_Master.xdc:76]
Resolution: If [get_<value>] was used to populate the object, check to make sure this command returns at least one valid object.
WARNING: [Vivado 12-584] No ports matched 'led[15]'. [C:/Users/lebray/Vivado-Workflow-Scripts/Basys3_Master.xdc:77]
CRITICAL WARNING: [Common 17-55] 'set_property' expects at least one object. [C:/Users/lebray/Vivado-Workflow-Scripts/Basys3_Master.xdc:77]
Resolution: If [get_<value>] was used to populate the object, check to make sure this command returns at least one valid object.
WARNING: [Vivado 12-584] No ports matched 'led[15]'. [C:/Users/lebray/Vivado-Workflow-Scripts/Basys3_Master.xdc:78]
CRITICAL WARNING: [Common 17-55] 'set_property' expects at least one object. [C:/Users/lebray/Vivado-Workflow-Scripts/Basys3_Master.xdc:78]
Resolution: If [get_<value>] was used to populate the object, check to make sure this command returns at least one valid object.
WARNING: [Vivado 12-584] No ports matched 'seg[0]'. [C:/Users/lebray/Vivado-Workflow-Scripts/Basys3_Master.xdc:82]
CRITICAL WARNING: [Common 17-55] 'set_property' expects at least one object. [C:/Users/lebray/Vivado-Workflow-Scripts/Basys3_Master.xdc:82]
Resolution: If [get_<value>] was used to populate the object, check to make sure this command returns at least one valid object.
WARNING: [Vivado 12-584] No ports matched 'seg[0]'. [C:/Users/lebray/Vivado-Workflow-Scripts/Basys3_Master.xdc:83]
CRITICAL WARNING: [Common 17-55] 'set_property' expects at least one object. [C:/Users/lebray/Vivado-Workflow-Scripts/Basys3_Master.xdc:83]
Resolution: If [get_<value>] was used to populate the object, check to make sure this command returns at least one valid object.
WARNING: [Vivado 12-584] No ports matched 'seg[1]'. [C:/Users/lebray/Vivado-Workflow-Scripts/Basys3_Master.xdc:84]
CRITICAL WARNING: [Common 17-55] 'set_property' expects at least one object. [C:/Users/lebray/Vivado-Workflow-Scripts/Basys3_Master.xdc:84]
Resolution: If [get_<value>] was used to populate the object, check to make sure this command returns at least one valid object.
WARNING: [Vivado 12-584] No ports matched 'seg[1]'. [C:/Users/lebray/Vivado-Workflow-Scripts/Basys3_Master.xdc:85]
CRITICAL WARNING: [Common 17-55] 'set_property' expects at least one object. [C:/Users/lebray/Vivado-Workflow-Scripts/Basys3_Master.xdc:85]
Resolution: If [get_<value>] was used to populate the object, check to make sure this command returns at least one valid object.
WARNING: [Vivado 12-584] No ports matched 'seg[2]'. [C:/Users/lebray/Vivado-Workflow-Scripts/Basys3_Master.xdc:86]
CRITICAL WARNING: [Common 17-55] 'set_property' expects at least one object. [C:/Users/lebray/Vivado-Workflow-Scripts/Basys3_Master.xdc:86]
Resolution: If [get_<value>] was used to populate the object, check to make sure this command returns at least one valid object.
WARNING: [Vivado 12-584] No ports matched 'seg[2]'. [C:/Users/lebray/Vivado-Workflow-Scripts/Basys3_Master.xdc:87]
CRITICAL WARNING: [Common 17-55] 'set_property' expects at least one object. [C:/Users/lebray/Vivado-Workflow-Scripts/Basys3_Master.xdc:87]
Resolution: If [get_<value>] was used to populate the object, check to make sure this command returns at least one valid object.
WARNING: [Vivado 12-584] No ports matched 'seg[3]'. [C:/Users/lebray/Vivado-Workflow-Scripts/Basys3_Master.xdc:88]
CRITICAL WARNING: [Common 17-55] 'set_property' expects at least one object. [C:/Users/lebray/Vivado-Workflow-Scripts/Basys3_Master.xdc:88]
Resolution: If [get_<value>] was used to populate the object, check to make sure this command returns at least one valid object.
WARNING: [Vivado 12-584] No ports matched 'seg[3]'. [C:/Users/lebray/Vivado-Workflow-Scripts/Basys3_Master.xdc:89]
CRITICAL WARNING: [Common 17-55] 'set_property' expects at least one object. [C:/Users/lebray/Vivado-Workflow-Scripts/Basys3_Master.xdc:89]
Resolution: If [get_<value>] was used to populate the object, check to make sure this command returns at least one valid object.
WARNING: [Vivado 12-584] No ports matched 'seg[4]'. [C:/Users/lebray/Vivado-Workflow-Scripts/Basys3_Master.xdc:90]
CRITICAL WARNING: [Common 17-55] 'set_property' expects at least one object. [C:/Users/lebray/Vivado-Workflow-Scripts/Basys3_Master.xdc:90]
Resolution: If [get_<value>] was used to populate the object, check to make sure this command returns at least one valid object.
WARNING: [Vivado 12-584] No ports matched 'seg[4]'. [C:/Users/lebray/Vivado-Workflow-Scripts/Basys3_Master.xdc:91]
CRITICAL WARNING: [Common 17-55] 'set_property' expects at least one object. [C:/Users/lebray/Vivado-Workflow-Scripts/Basys3_Master.xdc:91]
Resolution: If [get_<value>] was used to populate the object, check to make sure this command returns at least one valid object.
WARNING: [Vivado 12-584] No ports matched 'seg[5]'. [C:/Users/lebray/Vivado-Workflow-Scripts/Basys3_Master.xdc:92]
CRITICAL WARNING: [Common 17-55] 'set_property' expects at least one object. [C:/Users/lebray/Vivado-Workflow-Scripts/Basys3_Master.xdc:92]
Resolution: If [get_<value>] was used to populate the object, check to make sure this command returns at least one valid object.
WARNING: [Vivado 12-584] No ports matched 'seg[5]'. [C:/Users/lebray/Vivado-Workflow-Scripts/Basys3_Master.xdc:93]
CRITICAL WARNING: [Common 17-55] 'set_property' expects at least one object. [C:/Users/lebray/Vivado-Workflow-Scripts/Basys3_Master.xdc:93]
Resolution: If [get_<value>] was used to populate the object, check to make sure this command returns at least one valid object.
WARNING: [Vivado 12-584] No ports matched 'seg[6]'. [C:/Users/lebray/Vivado-Workflow-Scripts/Basys3_Master.xdc:94]
CRITICAL WARNING: [Common 17-55] 'set_property' expects at least one object. [C:/Users/lebray/Vivado-Workflow-Scripts/Basys3_Master.xdc:94]
Resolution: If [get_<value>] was used to populate the object, check to make sure this command returns at least one valid object.
WARNING: [Vivado 12-584] No ports matched 'seg[6]'. [C:/Users/lebray/Vivado-Workflow-Scripts/Basys3_Master.xdc:95]
CRITICAL WARNING: [Common 17-55] 'set_property' expects at least one object. [C:/Users/lebray/Vivado-Workflow-Scripts/Basys3_Master.xdc:95]
Resolution: If [get_<value>] was used to populate the object, check to make sure this command returns at least one valid object.
WARNING: [Vivado 12-584] No ports matched 'dp'. [C:/Users/lebray/Vivado-Workflow-Scripts/Basys3_Master.xdc:97]
CRITICAL WARNING: [Common 17-55] 'set_property' expects at least one object. [C:/Users/lebray/Vivado-Workflow-Scripts/Basys3_Master.xdc:97]
Resolution: If [get_<value>] was used to populate the object, check to make sure this command returns at least one valid object.
WARNING: [Vivado 12-584] No ports matched 'dp'. [C:/Users/lebray/Vivado-Workflow-Scripts/Basys3_Master.xdc:98]
CRITICAL WARNING: [Common 17-55] 'set_property' expects at least one object. [C:/Users/lebray/Vivado-Workflow-Scripts/Basys3_Master.xdc:98]
Resolution: If [get_<value>] was used to populate the object, check to make sure this command returns at least one valid object.
WARNING: [Vivado 12-584] No ports matched 'an[0]'. [C:/Users/lebray/Vivado-Workflow-Scripts/Basys3_Master.xdc:100]
CRITICAL WARNING: [Common 17-55] 'set_property' expects at least one object. [C:/Users/lebray/Vivado-Workflow-Scripts/Basys3_Master.xdc:100]
Resolution: If [get_<value>] was used to populate the object, check to make sure this command returns at least one valid object.
WARNING: [Vivado 12-584] No ports matched 'an[0]'. [C:/Users/lebray/Vivado-Workflow-Scripts/Basys3_Master.xdc:101]
CRITICAL WARNING: [Common 17-55] 'set_property' expects at least one object. [C:/Users/lebray/Vivado-Workflow-Scripts/Basys3_Master.xdc:101]
Resolution: If [get_<value>] was used to populate the object, check to make sure this command returns at least one valid object.
WARNING: [Vivado 12-584] No ports matched 'an[1]'. [C:/Users/lebray/Vivado-Workflow-Scripts/Basys3_Master.xdc:102]
CRITICAL WARNING: [Common 17-55] 'set_property' expects at least one object. [C:/Users/lebray/Vivado-Workflow-Scripts/Basys3_Master.xdc:102]
Resolution: If [get_<value>] was used to populate the object, check to make sure this command returns at least one valid object.
WARNING: [Vivado 12-584] No ports matched 'an[1]'. [C:/Users/lebray/Vivado-Workflow-Scripts/Basys3_Master.xdc:103]
CRITICAL WARNING: [Common 17-55] 'set_property' expects at least one object. [C:/Users/lebray/Vivado-Workflow-Scripts/Basys3_Master.xdc:103]
Resolution: If [get_<value>] was used to populate the object, check to make sure this command returns at least one valid object.
WARNING: [Vivado 12-584] No ports matched 'an[2]'. [C:/Users/lebray/Vivado-Workflow-Scripts/Basys3_Master.xdc:104]
CRITICAL WARNING: [Common 17-55] 'set_property' expects at least one object. [C:/Users/lebray/Vivado-Workflow-Scripts/Basys3_Master.xdc:104]
Resolution: If [get_<value>] was used to populate the object, check to make sure this command returns at least one valid object.
WARNING: [Vivado 12-584] No ports matched 'an[2]'. [C:/Users/lebray/Vivado-Workflow-Scripts/Basys3_Master.xdc:105]
CRITICAL WARNING: [Common 17-55] 'set_property' expects at least one object. [C:/Users/lebray/Vivado-Workflow-Scripts/Basys3_Master.xdc:105]
Resolution: If [get_<value>] was used to populate the object, check to make sure this command returns at least one valid object.
WARNING: [Vivado 12-584] No ports matched 'an[3]'. [C:/Users/lebray/Vivado-Workflow-Scripts/Basys3_Master.xdc:106]
CRITICAL WARNING: [Common 17-55] 'set_property' expects at least one object. [C:/Users/lebray/Vivado-Workflow-Scripts/Basys3_Master.xdc:106]
Resolution: If [get_<value>] was used to populate the object, check to make sure this command returns at least one valid object.
WARNING: [Vivado 12-584] No ports matched 'an[3]'. [C:/Users/lebray/Vivado-Workflow-Scripts/Basys3_Master.xdc:107]
CRITICAL WARNING: [Common 17-55] 'set_property' expects at least one object. [C:/Users/lebray/Vivado-Workflow-Scripts/Basys3_Master.xdc:107]
Resolution: If [get_<value>] was used to populate the object, check to make sure this command returns at least one valid object.
WARNING: [Vivado 12-584] No ports matched 'btnC'. [C:/Users/lebray/Vivado-Workflow-Scripts/Basys3_Master.xdc:111]
CRITICAL WARNING: [Common 17-55] 'set_property' expects at least one object. [C:/Users/lebray/Vivado-Workflow-Scripts/Basys3_Master.xdc:111]
Resolution: If [get_<value>] was used to populate the object, check to make sure this command returns at least one valid object.
WARNING: [Vivado 12-584] No ports matched 'btnC'. [C:/Users/lebray/Vivado-Workflow-Scripts/Basys3_Master.xdc:112]
CRITICAL WARNING: [Common 17-55] 'set_property' expects at least one object. [C:/Users/lebray/Vivado-Workflow-Scripts/Basys3_Master.xdc:112]
Resolution: If [get_<value>] was used to populate the object, check to make sure this command returns at least one valid object.
WARNING: [Vivado 12-584] No ports matched 'btnU'. [C:/Users/lebray/Vivado-Workflow-Scripts/Basys3_Master.xdc:113]
CRITICAL WARNING: [Common 17-55] 'set_property' expects at least one object. [C:/Users/lebray/Vivado-Workflow-Scripts/Basys3_Master.xdc:113]
Resolution: If [get_<value>] was used to populate the object, check to make sure this command returns at least one valid object.
WARNING: [Vivado 12-584] No ports matched 'btnU'. [C:/Users/lebray/Vivado-Workflow-Scripts/Basys3_Master.xdc:114]
CRITICAL WARNING: [Common 17-55] 'set_property' expects at least one object. [C:/Users/lebray/Vivado-Workflow-Scripts/Basys3_Master.xdc:114]
Resolution: If [get_<value>] was used to populate the object, check to make sure this command returns at least one valid object.
WARNING: [Vivado 12-584] No ports matched 'btnL'. [C:/Users/lebray/Vivado-Workflow-Scripts/Basys3_Master.xdc:115]
CRITICAL WARNING: [Common 17-55] 'set_property' expects at least one object. [C:/Users/lebray/Vivado-Workflow-Scripts/Basys3_Master.xdc:115]
Resolution: If [get_<value>] was used to populate the object, check to make sure this command returns at least one valid object.
WARNING: [Vivado 12-584] No ports matched 'btnL'. [C:/Users/lebray/Vivado-Workflow-Scripts/Basys3_Master.xdc:116]
CRITICAL WARNING: [Common 17-55] 'set_property' expects at least one object. [C:/Users/lebray/Vivado-Workflow-Scripts/Basys3_Master.xdc:116]
Resolution: If [get_<value>] was used to populate the object, check to make sure this command returns at least one valid object.
WARNING: [Vivado 12-584] No ports matched 'btnR'. [C:/Users/lebray/Vivado-Workflow-Scripts/Basys3_Master.xdc:117]
CRITICAL WARNING: [Common 17-55] 'set_property' expects at least one object. [C:/Users/lebray/Vivado-Workflow-Scripts/Basys3_Master.xdc:117]
Resolution: If [get_<value>] was used to populate the object, check to make sure this command returns at least one valid object.
WARNING: [Vivado 12-584] No ports matched 'btnR'. [C:/Users/lebray/Vivado-Workflow-Scripts/Basys3_Master.xdc:118]
CRITICAL WARNING: [Common 17-55] 'set_property' expects at least one object. [C:/Users/lebray/Vivado-Workflow-Scripts/Basys3_Master.xdc:118]
Resolution: If [get_<value>] was used to populate the object, check to make sure this command returns at least one valid object.
WARNING: [Vivado 12-584] No ports matched 'btnD'. [C:/Users/lebray/Vivado-Workflow-Scripts/Basys3_Master.xdc:119]
CRITICAL WARNING: [Common 17-55] 'set_property' expects at least one object. [C:/Users/lebray/Vivado-Workflow-Scripts/Basys3_Master.xdc:119]
Resolution: If [get_<value>] was used to populate the object, check to make sure this command returns at least one valid object.
WARNING: [Vivado 12-584] No ports matched 'btnD'. [C:/Users/lebray/Vivado-Workflow-Scripts/Basys3_Master.xdc:120]
CRITICAL WARNING: [Common 17-55] 'set_property' expects at least one object. [C:/Users/lebray/Vivado-Workflow-Scripts/Basys3_Master.xdc:120]
Resolution: If [get_<value>] was used to populate the object, check to make sure this command returns at least one valid object.
Finished Parsing XDC File [C:/Users/lebray/Vivado-Workflow-Scripts/Basys3_Master.xdc]
INFO: [Project 1-236] Implementation specific constraints were found while reading constraint file [C:/Users/lebray/Vivado-Workflow-Scripts/Basys3_Master.xdc]. These constraints will be ignored for synthesis but will be used in implementation. Impacted constraints are listed in the file [.Xil/LCD_driver_top_propImpl.xdc].
Resolution: To avoid this warning, move constraints listed in [.Xil/LCD_driver_top_propImpl.xdc] to another XDC file and exclude this new file from synthesis with the used_in_synthesis property (File Properties dialog in GUI) and re-run elaboration/synthesis.
Netlist sorting complete. Time (s): cpu = 00:00:00 ; elapsed = 00:00:00 . Memory (MB): peak = 744.355 ; gain = 0.000
Completed Processing XDC Constraints

Netlist sorting complete. Time (s): cpu = 00:00:00 ; elapsed = 00:00:00 . Memory (MB): peak = 744.387 ; gain = 0.000
INFO: [Project 1-111] Unisim Transformation Summary:
No Unisim elements were transformed.

Netlist sorting complete. Time (s): cpu = 00:00:00 ; elapsed = 00:00:00 . Memory (MB): peak = 744.387 ; gain = 0.000
Constraint Validation Runtime : Time (s): cpu = 00:00:00 ; elapsed = 00:00:00.001 . Memory (MB): peak = 744.387 ; gain = 0.000
---------------------------------------------------------------------------------
Finished Constraint Validation : Time (s): cpu = 00:00:04 ; elapsed = 00:00:06 . Memory (MB): peak = 744.387 ; gain = 489.727
---------------------------------------------------------------------------------
---------------------------------------------------------------------------------
Start Loading Part and Timing Information
---------------------------------------------------------------------------------
Loading part: xc7a35tcpg236-1
---------------------------------------------------------------------------------
Finished Loading Part and Timing Information : Time (s): cpu = 00:00:04 ; elapsed = 00:00:06 . Memory (MB): peak = 744.387 ; gain = 489.727
---------------------------------------------------------------------------------
---------------------------------------------------------------------------------
Start Applying 'set_property' XDC Constraints
---------------------------------------------------------------------------------
---------------------------------------------------------------------------------
Finished applying 'set_property' XDC Constraints : Time (s): cpu = 00:00:04 ; elapsed = 00:00:06 . Memory (MB): peak = 744.387 ; gain = 489.727
---------------------------------------------------------------------------------
INFO: [Synth 8-5544] ROM "data_out" won't be mapped to Block RAM because address size (2) smaller than threshold (5)
INFO: [Synth 8-5544] ROM "cnt_setup" won't be mapped to Block RAM because address size (2) smaller than threshold (5)
INFO: [Synth 8-5544] ROM "state" won't be mapped to Block RAM because address size (4) smaller than threshold (5)
INFO: [Synth 8-5544] ROM "state" won't be mapped to Block RAM because address size (2) smaller than threshold (5)
INFO: [Synth 8-5544] ROM "init" won't be mapped to Block RAM because address size (2) smaller than threshold (5)
INFO: [Synth 8-802] inferred FSM for state register 'state_reg' in module 'LCD_driver_2'
INFO: [Synth 8-5545] ROM "A_mag" won't be mapped to RAM because address size (32) is larger than maximum supported(25)
INFO: [Synth 8-5545] ROM "B_mag" won't be mapped to RAM because address size (32) is larger than maximum supported(25)
INFO: [Synth 8-5545] ROM "Res_mag" won't be mapped to RAM because address size (32) is larger than maximum supported(25)
---------------------------------------------------------------------------------------------------
                   State |                     New Encoding |                Previous Encoding 
---------------------------------------------------------------------------------------------------
                    INIT |                               00 |                               00
                    WAIT |                               01 |                               01
                   WRITE |                               10 |                               10
---------------------------------------------------------------------------------------------------
INFO: [Synth 8-3354] encoded FSM with state register 'state_reg' using encoding 'sequential' in module 'LCD_driver_2'
---------------------------------------------------------------------------------
Finished RTL Optimization Phase 2 : Time (s): cpu = 00:00:04 ; elapsed = 00:00:06 . Memory (MB): peak = 744.387 ; gain = 489.727
---------------------------------------------------------------------------------

Report RTL Partitions: 
+-+--------------+------------+----------+
| |RTL Partition |Replication |Instances |
+-+--------------+------------+----------+
+-+--------------+------------+----------+
---------------------------------------------------------------------------------
Start RTL Component Statistics 
---------------------------------------------------------------------------------
Detailed RTL Component Info : 
+---Adders : 
	   2 Input      4 Bit       Adders := 2     
	   2 Input      2 Bit       Adders := 1     
+---XORs : 
	   2 Input      1 Bit         XORs := 4     
	   3 Input      1 Bit         XORs := 3     
+---Registers : 
	                8 Bit    Registers := 14    
	                6 Bit    Registers := 4     
	                4 Bit    Registers := 3     
	                3 Bit    Registers := 2     
	                1 Bit    Registers := 8     
+---Muxes : 
	   5 Input      8 Bit        Muxes := 1     
	   3 Input      8 Bit        Muxes := 1     
	   2 Input      8 Bit        Muxes := 2     
	  18 Input      6 Bit        Muxes := 1     
	   2 Input      6 Bit        Muxes := 1     
	  10 Input      6 Bit        Muxes := 2     
	   2 Input      4 Bit        Muxes := 1     
	   3 Input      2 Bit        Muxes := 1     
	   2 Input      2 Bit        Muxes := 2     
	   2 Input      1 Bit        Muxes := 2     
	   3 Input      1 Bit        Muxes := 7     
---------------------------------------------------------------------------------
Finished RTL Component Statistics 
---------------------------------------------------------------------------------
---------------------------------------------------------------------------------
Start RTL Hierarchical Component Statistics 
---------------------------------------------------------------------------------
Hierarchical RTL Component report 
Module LCD_driver_top 
Detailed RTL Component Info : 
+---Adders : 
	   2 Input      4 Bit       Adders := 1     
+---Registers : 
	                8 Bit    Registers := 13    
	                6 Bit    Registers := 4     
	                4 Bit    Registers := 1     
	                1 Bit    Registers := 2     
+---Muxes : 
	   2 Input      8 Bit        Muxes := 2     
	  18 Input      6 Bit        Muxes := 1     
	   2 Input      6 Bit        Muxes := 1     
	  10 Input      6 Bit        Muxes := 2     
	   2 Input      1 Bit        Muxes := 1     
Module LCD_driver_2 
Detailed RTL Component Info : 
+---Adders : 
	   2 Input      4 Bit       Adders := 1     
	   2 Input      2 Bit       Adders := 1     
+---Registers : 
	                8 Bit    Registers := 1     
	                4 Bit    Registers := 1     
	                1 Bit    Registers := 2     
+---Muxes : 
	   5 Input      8 Bit        Muxes := 1     
	   3 Input      8 Bit        Muxes := 1     
	   2 Input      4 Bit        Muxes := 1     
	   3 Input      2 Bit        Muxes := 1     
	   2 Input      2 Bit        Muxes := 2     
	   2 Input      1 Bit        Muxes := 1     
	   3 Input      1 Bit        Muxes := 7     
Module adder 
Detailed RTL Component Info : 
+---XORs : 
	   2 Input      1 Bit         XORs := 4     
	   3 Input      1 Bit         XORs := 3     
+---Registers : 
	                4 Bit    Registers := 1     
	                3 Bit    Registers := 2     
	                1 Bit    Registers := 4     
---------------------------------------------------------------------------------
Finished RTL Hierarchical Component Statistics
---------------------------------------------------------------------------------
---------------------------------------------------------------------------------
Start Part Resource Summary
---------------------------------------------------------------------------------
Part Resources:
DSPs: 90 (col length:60)
BRAMs: 100 (col length: RAMB18 60 RAMB36 30)
---------------------------------------------------------------------------------
Finished Part Resource Summary
---------------------------------------------------------------------------------
---------------------------------------------------------------------------------
Start Cross Boundary and Area Optimization
---------------------------------------------------------------------------------
Warning: Parallel synthesis criteria is not met 
INFO: [Synth 8-5544] ROM "lcd1/state" won't be mapped to Block RAM because address size (2) smaller than threshold (5)
WARNING: [Synth 8-3917] design LCD_driver_top has port JB[7] driven by constant 0
WARNING: [Synth 8-3917] design LCD_driver_top has port JB[6] driven by constant 0
WARNING: [Synth 8-3917] design LCD_driver_top has port JB[5] driven by constant 0
WARNING: [Synth 8-3917] design LCD_driver_top has port JB[4] driven by constant 0
WARNING: [Synth 8-3917] design LCD_driver_top has port JB[3] driven by constant 0
WARNING: [Synth 8-3917] design LCD_driver_top has port JB[1] driven by constant 0
INFO: [Synth 8-3886] merging instance 'adder1/AA_reg[2]' (FD) to 'A_mag_reg[2]'
INFO: [Synth 8-3886] merging instance 'Res_sign_reg[0]' (FDS) to 'Res_sign_reg[2]'
INFO: [Synth 8-3886] merging instance 'Eqsign_reg[0]' (FDS) to 'Eqsign_reg[4]'
INFO: [Synth 8-3886] merging instance 'A_sign_reg[0]' (FDS) to 'A_sign_reg[2]'
INFO: [Synth 8-3886] merging instance 'B_sign_reg[0]' (FDS) to 'B_sign_reg[2]'
INFO: [Synth 8-3886] merging instance 'Res_sign_reg[1]' (FDR) to 'A_sign_reg[7]'
INFO: [Synth 8-3886] merging instance 'Eqsign_reg[1]' (FDR) to 'A_sign_reg[7]'
INFO: [Synth 8-3886] merging instance 'A_sign_reg[1]' (FDR) to 'A_sign_reg[7]'
INFO: [Synth 8-3886] merging instance 'B_sign_reg[1]' (FDR) to 'A_sign_reg[7]'
INFO: [Synth 8-3886] merging instance 'Res_sign_reg[2]' (FDS) to 'Res_sign_reg[3]'
INFO: [Synth 8-3886] merging instance 'Eqsign_reg[2]' (FDS) to 'Eqsign_reg[4]'
INFO: [Synth 8-3886] merging instance 'A_mag_reg[2]' (FD) to 'A_mag_reg[3]'
INFO: [Synth 8-3886] merging instance 'A_sign_reg[2]' (FDS) to 'A_sign_reg[3]'
INFO: [Synth 8-3886] merging instance 'B_mag_reg[2]' (FD) to 'B_mag_reg[3]'
INFO: [Synth 8-3886] merging instance 'B_sign_reg[2]' (FDS) to 'B_sign_reg[3]'
INFO: [Synth 8-3886] merging instance 'Eqsign_reg[3]' (FDS) to 'Eqsign_reg[4]'
INFO: [Synth 8-3886] merging instance 'Res_sign_reg[4]' (FDR) to 'A_sign_reg[7]'
INFO: [Synth 8-3886] merging instance 'A_mag_reg[4]' (FD) to 'data_reg[2][5]'
INFO: [Synth 8-3886] merging instance 'A_sign_reg[4]' (FDR) to 'A_sign_reg[7]'
INFO: [Synth 8-3886] merging instance 'B_mag_reg[4]' (FD) to 'data_reg[2][5]'
INFO: [Synth 8-3886] merging instance 'B_sign_reg[4]' (FDR) to 'A_sign_reg[7]'
INFO: [Synth 8-3333] propagating constant 1 across sequential element (\Res_mag_reg[5] )
INFO: [Synth 8-3886] merging instance 'Res_sign_reg[5]' (FDS) to 'A_sign_reg[5]'
INFO: [Synth 8-3886] merging instance 'Eqsign_reg[5]' (FDS) to 'A_sign_reg[5]'
INFO: [Synth 8-3886] merging instance 'A_mag_reg[5]' (FD) to 'data_reg[2][5]'
INFO: [Synth 8-3886] merging instance 'A_sign_reg[5]' (FDS) to 'B_sign_reg[5]'
INFO: [Synth 8-3886] merging instance 'B_mag_reg[5]' (FD) to 'data_reg[2][5]'
INFO: [Synth 8-3333] propagating constant 1 across sequential element (\B_sign_reg[5] )
INFO: [Synth 8-3886] merging instance 'Res_mag_reg[6]' (FDR) to 'A_sign_reg[7]'
INFO: [Synth 8-3886] merging instance 'Res_sign_reg[6]' (FDR) to 'A_sign_reg[7]'
INFO: [Synth 8-3886] merging instance 'Eqsign_reg[6]' (FDR) to 'A_sign_reg[7]'
INFO: [Synth 8-3886] merging instance 'A_sign_reg[6]' (FDR) to 'A_sign_reg[7]'
INFO: [Synth 8-3886] merging instance 'B_sign_reg[6]' (FDR) to 'A_sign_reg[7]'
INFO: [Synth 8-3886] merging instance 'Res_mag_reg[7]' (FDR) to 'A_sign_reg[7]'
INFO: [Synth 8-3886] merging instance 'Res_sign_reg[7]' (FDR) to 'A_sign_reg[7]'
INFO: [Synth 8-3886] merging instance 'Eqsign_reg[7]' (FDR) to 'A_sign_reg[7]'
INFO: [Synth 8-3886] merging instance 'A_sign_reg[7]' (FDR) to 'B_sign_reg[7]'
INFO: [Synth 8-3333] propagating constant 0 across sequential element (\B_sign_reg[7] )
INFO: [Synth 8-3886] merging instance 'data_reg[15][0]' (FD) to 'data_reg[0][7]'
INFO: [Synth 8-3886] merging instance 'data_reg[6][0]' (FD) to 'data_reg[6][2]'
INFO: [Synth 8-3886] merging instance 'data_reg[5][0]' (FD) to 'data_reg[5][3]'
INFO: [Synth 8-3886] merging instance 'data_reg[3][0]' (FD) to 'data_reg[3][2]'
INFO: [Synth 8-3886] merging instance 'data_reg[2][0]' (FD) to 'data_reg[0][5]'
INFO: [Synth 8-3886] merging instance 'data_reg[0][0]' (FD) to 'data_reg[0][2]'
INFO: [Synth 8-3886] merging instance 'data_reg[15][1]' (FD) to 'data_reg[0][7]'
INFO: [Synth 8-3886] merging instance 'data_reg[6][1]' (FD) to 'data_reg[0][7]'
INFO: [Synth 8-3886] merging instance 'data_reg[5][1]' (FD) to 'data_reg[0][7]'
INFO: [Synth 8-3886] merging instance 'data_reg[3][1]' (FD) to 'data_reg[0][7]'
INFO: [Synth 8-3886] merging instance 'data_reg[2][1]' (FD) to 'data_reg[0][5]'
INFO: [Synth 8-3886] merging instance 'data_reg[0][1]' (FD) to 'data_reg[0][7]'
INFO: [Synth 8-3886] merging instance 'data_reg[15][2]' (FD) to 'data_reg[0][7]'
INFO: [Synth 8-3886] merging instance 'data_reg[6][2]' (FD) to 'data_reg[6][3]'
INFO: [Synth 8-3886] merging instance 'data_reg[5][2]' (FD) to 'data_reg[5][3]'
INFO: [Synth 8-3886] merging instance 'data_reg[4][2]' (FD) to 'data_reg[4][3]'
INFO: [Synth 8-3886] merging instance 'data_reg[3][2]' (FD) to 'data_reg[3][3]'
INFO: [Synth 8-3886] merging instance 'data_reg[2][2]' (FD) to 'data_reg[0][7]'
INFO: [Synth 8-3886] merging instance 'data_reg[1][2]' (FD) to 'data_reg[1][3]'
INFO: [Synth 8-3886] merging instance 'data_reg[0][2]' (FD) to 'data_reg[0][3]'
INFO: [Synth 8-3886] merging instance 'data_reg[15][3]' (FD) to 'data_reg[0][7]'
INFO: [Synth 8-3886] merging instance 'data_reg[5][3]' (FD) to 'data_reg[5][4]'
INFO: [Synth 8-3886] merging instance 'data_reg[2][3]' (FD) to 'data_reg[0][5]'
INFO: [Synth 8-3886] merging instance 'data_reg[15][4]' (FD) to 'data_reg[0][7]'
INFO: [Synth 8-3886] merging instance 'data_reg[6][4]' (FD) to 'data_reg[0][7]'
INFO: [Synth 8-3886] merging instance 'data_reg[4][4]' (FD) to 'data_reg[1][5]'
INFO: [Synth 8-3886] merging instance 'data_reg[3][4]' (FD) to 'data_reg[0][7]'
INFO: [Synth 8-3886] merging instance 'data_reg[2][4]' (FD) to 'data_reg[0][7]'
INFO: [Synth 8-3886] merging instance 'data_reg[1][4]' (FD) to 'data_reg[1][5]'
INFO: [Synth 8-3886] merging instance 'data_reg[0][4]' (FD) to 'data_reg[0][7]'
INFO: [Synth 8-3886] merging instance 'data_reg[15][5]' (FD) to 'data_reg[0][5]'
INFO: [Synth 8-3886] merging instance 'data_reg[7][5]' (FD) to 'data_reg[0][5]'
INFO: [Synth 8-3886] merging instance 'data_reg[6][5]' (FD) to 'data_reg[0][5]'
INFO: [Synth 8-3886] merging instance 'data_reg[5][5]' (FD) to 'data_reg[0][5]'
INFO: [Synth 8-3886] merging instance 'data_reg[4][5]' (FD) to 'data_reg[1][5]'
INFO: [Synth 8-3886] merging instance 'data_reg[3][5]' (FD) to 'data_reg[0][5]'
INFO: [Synth 8-3886] merging instance 'data_reg[2][5]' (FD) to 'data_reg[0][5]'
INFO: [Synth 8-3886] merging instance 'data_reg[15][6]' (FD) to 'data_reg[0][7]'
INFO: [Synth 8-3886] merging instance 'data_reg[7][6]' (FD) to 'data_reg[0][7]'
INFO: [Synth 8-3886] merging instance 'data_reg[6][6]' (FD) to 'data_reg[0][7]'
INFO: [Synth 8-3886] merging instance 'data_reg[5][6]' (FD) to 'data_reg[0][7]'
INFO: [Synth 8-3886] merging instance 'data_reg[3][6]' (FD) to 'data_reg[0][7]'
INFO: [Synth 8-3886] merging instance 'data_reg[2][6]' (FD) to 'data_reg[0][7]'
INFO: [Synth 8-3886] merging instance 'data_reg[0][6]' (FD) to 'data_reg[0][7]'
INFO: [Synth 8-3886] merging instance 'data_reg[15][7]' (FD) to 'data_reg[0][7]'
INFO: [Synth 8-3886] merging instance 'data_reg[7][7]' (FD) to 'data_reg[0][7]'
INFO: [Synth 8-3886] merging instance 'data_reg[6][7]' (FD) to 'data_reg[0][7]'
INFO: [Synth 8-3886] merging instance 'data_reg[5][7]' (FD) to 'data_reg[0][7]'
INFO: [Synth 8-3886] merging instance 'data_reg[3][7]' (FD) to 'data_reg[0][7]'
INFO: [Synth 8-3886] merging instance 'data_reg[2][7]' (FD) to 'data_reg[0][7]'
INFO: [Synth 8-3333] propagating constant 1 across sequential element (\data_reg[0][5] )
INFO: [Synth 8-3333] propagating constant 0 across sequential element (\data_reg[0][7] )
INFO: [Synth 8-3886] merging instance 'data_in_reg[6]' (FDE) to 'data_in_reg[7]'
INFO: [Synth 8-3886] merging instance 'data_reg[0][5]' (FD) to 'data_reg[1][5]'
INFO: [Synth 8-3333] propagating constant 1 across sequential element (\data_reg[1][5] )
INFO: [Synth 8-3333] propagating constant 0 across sequential element (\data_in_reg[7] )
INFO: [Synth 8-3886] merging instance 'lcd1/data_out_reg[6]' (FDE_1) to 'lcd1/data_out_reg[7]'
INFO: [Synth 8-3333] propagating constant 1 across sequential element (\data_in_reg[5] )
INFO: [Synth 8-3333] propagating constant 0 across sequential element (\lcd1/data_out_reg[7] )
---------------------------------------------------------------------------------
Finished Cross Boundary and Area Optimization : Time (s): cpu = 00:00:05 ; elapsed = 00:00:06 . Memory (MB): peak = 744.387 ; gain = 489.727
---------------------------------------------------------------------------------

Report RTL Partitions: 
+-+--------------+------------+----------+
| |RTL Partition |Replication |Instances |
+-+--------------+------------+----------+
+-+--------------+------------+----------+
---------------------------------------------------------------------------------
Start Applying XDC Timing Constraints
---------------------------------------------------------------------------------
---------------------------------------------------------------------------------
Finished Applying XDC Timing Constraints : Time (s): cpu = 00:00:08 ; elapsed = 00:00:10 . Memory (MB): peak = 744.387 ; gain = 489.727
---------------------------------------------------------------------------------
---------------------------------------------------------------------------------
Start Timing Optimization
---------------------------------------------------------------------------------
---------------------------------------------------------------------------------
Finished Timing Optimization : Time (s): cpu = 00:00:08 ; elapsed = 00:00:10 . Memory (MB): peak = 755.965 ; gain = 501.305
---------------------------------------------------------------------------------

Report RTL Partitions: 
+-+--------------+------------+----------+
| |RTL Partition |Replication |Instances |
+-+--------------+------------+----------+
+-+--------------+------------+----------+
---------------------------------------------------------------------------------
Start Technology Mapping
---------------------------------------------------------------------------------
---------------------------------------------------------------------------------
Finished Technology Mapping : Time (s): cpu = 00:00:08 ; elapsed = 00:00:10 . Memory (MB): peak = 756.734 ; gain = 502.074
---------------------------------------------------------------------------------

Report RTL Partitions: 
+-+--------------+------------+----------+
| |RTL Partition |Replication |Instances |
+-+--------------+------------+----------+
+-+--------------+------------+----------+
---------------------------------------------------------------------------------
Start IO Insertion
---------------------------------------------------------------------------------
---------------------------------------------------------------------------------
Start Flattening Before IO Insertion
---------------------------------------------------------------------------------
---------------------------------------------------------------------------------
Finished Flattening Before IO Insertion
---------------------------------------------------------------------------------
---------------------------------------------------------------------------------
Start Final Netlist Cleanup
---------------------------------------------------------------------------------
---------------------------------------------------------------------------------
Finished Final Netlist Cleanup
---------------------------------------------------------------------------------
---------------------------------------------------------------------------------
Finished IO Insertion : Time (s): cpu = 00:00:08 ; elapsed = 00:00:10 . Memory (MB): peak = 756.734 ; gain = 502.074
---------------------------------------------------------------------------------
CRITICAL WARNING: [Synth 8-6859] multi-driven net on pin sw_prev[15] with 1st driver pin 'sw_prev_reg[15]/Q' [C:/Users/lebray/Vivado-Workflow-Scripts/Lab6T4/LCD_driver_top_2.v:65]
CRITICAL WARNING: [Synth 8-6859] multi-driven net on pin sw_prev[15] with 2nd driver pin 'sw_prev_reg[15]__0/Q' [C:/Users/lebray/Vivado-Workflow-Scripts/Lab6T4/LCD_driver_top_2.v:17]
CRITICAL WARNING: [Synth 8-6859] multi-driven net on pin sw_prev[14] with 1st driver pin 'sw_prev_reg[14]/Q' [C:/Users/lebray/Vivado-Workflow-Scripts/Lab6T4/LCD_driver_top_2.v:65]
CRITICAL WARNING: [Synth 8-6859] multi-driven net on pin sw_prev[14] with 2nd driver pin 'sw_prev_reg[14]__0/Q' [C:/Users/lebray/Vivado-Workflow-Scripts/Lab6T4/LCD_driver_top_2.v:17]
CRITICAL WARNING: [Synth 8-6859] multi-driven net on pin sw_prev[13] with 1st driver pin 'sw_prev_reg[13]/Q' [C:/Users/lebray/Vivado-Workflow-Scripts/Lab6T4/LCD_driver_top_2.v:65]
CRITICAL WARNING: [Synth 8-6859] multi-driven net on pin sw_prev[13] with 2nd driver pin 'sw_prev_reg[13]__0/Q' [C:/Users/lebray/Vivado-Workflow-Scripts/Lab6T4/LCD_driver_top_2.v:17]
CRITICAL WARNING: [Synth 8-6859] multi-driven net on pin sw_prev[12] with 1st driver pin 'sw_prev_reg[12]/Q' [C:/Users/lebray/Vivado-Workflow-Scripts/Lab6T4/LCD_driver_top_2.v:65]
CRITICAL WARNING: [Synth 8-6859] multi-driven net on pin sw_prev[12] with 2nd driver pin 'sw_prev_reg[12]__0/Q' [C:/Users/lebray/Vivado-Workflow-Scripts/Lab6T4/LCD_driver_top_2.v:17]
CRITICAL WARNING: [Synth 8-6859] multi-driven net on pin sw_prev[11] with 1st driver pin 'sw_prev_reg[11]/Q' [C:/Users/lebray/Vivado-Workflow-Scripts/Lab6T4/LCD_driver_top_2.v:65]
CRITICAL WARNING: [Synth 8-6859] multi-driven net on pin sw_prev[11] with 2nd driver pin 'sw_prev_reg[11]__0/Q' [C:/Users/lebray/Vivado-Workflow-Scripts/Lab6T4/LCD_driver_top_2.v:17]
CRITICAL WARNING: [Synth 8-6859] multi-driven net on pin sw_prev[10] with 1st driver pin 'sw_prev_reg[10]/Q' [C:/Users/lebray/Vivado-Workflow-Scripts/Lab6T4/LCD_driver_top_2.v:65]
CRITICAL WARNING: [Synth 8-6859] multi-driven net on pin sw_prev[10] with 2nd driver pin 'sw_prev_reg[10]__0/Q' [C:/Users/lebray/Vivado-Workflow-Scripts/Lab6T4/LCD_driver_top_2.v:17]
CRITICAL WARNING: [Synth 8-6859] multi-driven net on pin sw_prev[9] with 1st driver pin 'sw_prev_reg[9]/Q' [C:/Users/lebray/Vivado-Workflow-Scripts/Lab6T4/LCD_driver_top_2.v:65]
CRITICAL WARNING: [Synth 8-6859] multi-driven net on pin sw_prev[9] with 2nd driver pin 'sw_prev_reg[9]__0/Q' [C:/Users/lebray/Vivado-Workflow-Scripts/Lab6T4/LCD_driver_top_2.v:17]
CRITICAL WARNING: [Synth 8-6859] multi-driven net on pin sw_prev[8] with 1st driver pin 'sw_prev_reg[8]/Q' [C:/Users/lebray/Vivado-Workflow-Scripts/Lab6T4/LCD_driver_top_2.v:65]
CRITICAL WARNING: [Synth 8-6859] multi-driven net on pin sw_prev[8] with 2nd driver pin 'sw_prev_reg[8]__0/Q' [C:/Users/lebray/Vivado-Workflow-Scripts/Lab6T4/LCD_driver_top_2.v:17]
CRITICAL WARNING: [Synth 8-6859] multi-driven net on pin sw_prev[7] with 1st driver pin 'sw_prev_reg[7]/Q' [C:/Users/lebray/Vivado-Workflow-Scripts/Lab6T4/LCD_driver_top_2.v:65]
CRITICAL WARNING: [Synth 8-6859] multi-driven net on pin sw_prev[7] with 2nd driver pin 'sw_prev_reg[7]__0/Q' [C:/Users/lebray/Vivado-Workflow-Scripts/Lab6T4/LCD_driver_top_2.v:17]
CRITICAL WARNING: [Synth 8-6859] multi-driven net on pin sw_prev[6] with 1st driver pin 'sw_prev_reg[6]/Q' [C:/Users/lebray/Vivado-Workflow-Scripts/Lab6T4/LCD_driver_top_2.v:65]
CRITICAL WARNING: [Synth 8-6859] multi-driven net on pin sw_prev[6] with 2nd driver pin 'sw_prev_reg[6]__0/Q' [C:/Users/lebray/Vivado-Workflow-Scripts/Lab6T4/LCD_driver_top_2.v:17]
CRITICAL WARNING: [Synth 8-6859] multi-driven net on pin sw_prev[5] with 1st driver pin 'sw_prev_reg[5]/Q' [C:/Users/lebray/Vivado-Workflow-Scripts/Lab6T4/LCD_driver_top_2.v:65]
CRITICAL WARNING: [Synth 8-6859] multi-driven net on pin sw_prev[5] with 2nd driver pin 'sw_prev_reg[5]__0/Q' [C:/Users/lebray/Vivado-Workflow-Scripts/Lab6T4/LCD_driver_top_2.v:17]
CRITICAL WARNING: [Synth 8-6859] multi-driven net on pin sw_prev[4] with 1st driver pin 'sw_prev_reg[4]/Q' [C:/Users/lebray/Vivado-Workflow-Scripts/Lab6T4/LCD_driver_top_2.v:65]
CRITICAL WARNING: [Synth 8-6859] multi-driven net on pin sw_prev[4] with 2nd driver pin 'sw_prev_reg[4]__0/Q' [C:/Users/lebray/Vivado-Workflow-Scripts/Lab6T4/LCD_driver_top_2.v:17]
CRITICAL WARNING: [Synth 8-6859] multi-driven net on pin sw_prev[3] with 1st driver pin 'sw_prev_reg[3]/Q' [C:/Users/lebray/Vivado-Workflow-Scripts/Lab6T4/LCD_driver_top_2.v:65]
CRITICAL WARNING: [Synth 8-6859] multi-driven net on pin sw_prev[3] with 2nd driver pin 'sw_prev_reg[3]__0/Q' [C:/Users/lebray/Vivado-Workflow-Scripts/Lab6T4/LCD_driver_top_2.v:17]
CRITICAL WARNING: [Synth 8-6859] multi-driven net on pin sw_prev[2] with 1st driver pin 'sw_prev_reg[2]/Q' [C:/Users/lebray/Vivado-Workflow-Scripts/Lab6T4/LCD_driver_top_2.v:65]
CRITICAL WARNING: [Synth 8-6859] multi-driven net on pin sw_prev[2] with 2nd driver pin 'sw_prev_reg[2]__0/Q' [C:/Users/lebray/Vivado-Workflow-Scripts/Lab6T4/LCD_driver_top_2.v:17]
CRITICAL WARNING: [Synth 8-6859] multi-driven net on pin sw_prev[1] with 1st driver pin 'sw_prev_reg[1]/Q' [C:/Users/lebray/Vivado-Workflow-Scripts/Lab6T4/LCD_driver_top_2.v:65]
CRITICAL WARNING: [Synth 8-6859] multi-driven net on pin sw_prev[1] with 2nd driver pin 'sw_prev_reg[1]__0/Q' [C:/Users/lebray/Vivado-Workflow-Scripts/Lab6T4/LCD_driver_top_2.v:17]
CRITICAL WARNING: [Synth 8-6859] multi-driven net on pin sw_prev[0] with 1st driver pin 'sw_prev_reg[0]/Q' [C:/Users/lebray/Vivado-Workflow-Scripts/Lab6T4/LCD_driver_top_2.v:65]
CRITICAL WARNING: [Synth 8-6859] multi-driven net on pin sw_prev[0] with 2nd driver pin 'sw_prev_reg[0]__0/Q' [C:/Users/lebray/Vivado-Workflow-Scripts/Lab6T4/LCD_driver_top_2.v:17]

Report Check Netlist: 
+------+------------------+-------+---------+-------+------------------+
|      |Item              |Errors |Warnings |Status |Description       |
+------+------------------+-------+---------+-------+------------------+
|1     |multi_driven_nets |      0|       16|Failed |Multi driven nets |
+------+------------------+-------+---------+-------+------------------+
---------------------------------------------------------------------------------
Start Renaming Generated Instances
---------------------------------------------------------------------------------
---------------------------------------------------------------------------------
Finished Renaming Generated Instances : Time (s): cpu = 00:00:08 ; elapsed = 00:00:10 . Memory (MB): peak = 756.734 ; gain = 502.074
---------------------------------------------------------------------------------

Report RTL Partitions: 
+-+--------------+------------+----------+
| |RTL Partition |Replication |Instances |
+-+--------------+------------+----------+
+-+--------------+------------+----------+
---------------------------------------------------------------------------------
Start Rebuilding User Hierarchy
---------------------------------------------------------------------------------
---------------------------------------------------------------------------------
Finished Rebuilding User Hierarchy : Time (s): cpu = 00:00:08 ; elapsed = 00:00:10 . Memory (MB): peak = 756.734 ; gain = 502.074
---------------------------------------------------------------------------------
---------------------------------------------------------------------------------
Start Renaming Generated Ports
---------------------------------------------------------------------------------
---------------------------------------------------------------------------------
Finished Renaming Generated Ports : Time (s): cpu = 00:00:08 ; elapsed = 00:00:10 . Memory (MB): peak = 756.734 ; gain = 502.074
---------------------------------------------------------------------------------
---------------------------------------------------------------------------------
Start Handling Custom Attributes
---------------------------------------------------------------------------------
---------------------------------------------------------------------------------
Finished Handling Custom Attributes : Time (s): cpu = 00:00:08 ; elapsed = 00:00:10 . Memory (MB): peak = 756.734 ; gain = 502.074
---------------------------------------------------------------------------------
---------------------------------------------------------------------------------
Start Renaming Generated Nets
---------------------------------------------------------------------------------
---------------------------------------------------------------------------------
Finished Renaming Generated Nets : Time (s): cpu = 00:00:08 ; elapsed = 00:00:10 . Memory (MB): peak = 756.734 ; gain = 502.074
---------------------------------------------------------------------------------
---------------------------------------------------------------------------------
Start Writing Synthesis Report
---------------------------------------------------------------------------------

Report BlackBoxes: 
+-+--------------+----------+
| |BlackBox name |Instances |
+-+--------------+----------+
+-+--------------+----------+

Report Cell Usage: 
+------+-------+------+
|      |Cell   |Count |
+------+-------+------+
|1     |BUFG   |     1|
|2     |CARRY4 |    26|
|3     |LUT1   |     4|
|4     |LUT2   |   108|
|5     |LUT3   |    13|
|6     |LUT4   |     8|
|7     |LUT5   |     6|
|8     |LUT6   |    11|
|9     |MUXF7  |     3|
|10    |FDRE   |   165|
|11    |IBUF   |    17|
|12    |OBUF   |    16|
+------+-------+------+

Report Instance Areas: 
+------+---------+-------------+------+
|      |Instance |Module       |Cells |
+------+---------+-------------+------+
|1     |top      |             |   378|
|2     |  adder1 |adder        |    22|
|3     |  lcd1   |LCD_driver_2 |   145|
+------+---------+-------------+------+
---------------------------------------------------------------------------------
Finished Writing Synthesis Report : Time (s): cpu = 00:00:08 ; elapsed = 00:00:10 . Memory (MB): peak = 756.734 ; gain = 502.074
---------------------------------------------------------------------------------
Synthesis finished with 0 errors, 32 critical warnings and 6 warnings.
Synthesis Optimization Runtime : Time (s): cpu = 00:00:05 ; elapsed = 00:00:07 . Memory (MB): peak = 756.734 ; gain = 169.406
Synthesis Optimization Complete : Time (s): cpu = 00:00:08 ; elapsed = 00:00:10 . Memory (MB): peak = 756.734 ; gain = 502.074
INFO: [Project 1-571] Translating synthesized netlist
INFO: [Netlist 29-17] Analyzing 29 Unisim elements for replacement
INFO: [Netlist 29-28] Unisim Transformation completed in 0 CPU seconds
INFO: [Project 1-570] Preparing netlist for logic optimization
INFO: [Opt 31-138] Pushed 0 inverter(s) to 0 load pin(s).
Netlist sorting complete. Time (s): cpu = 00:00:00 ; elapsed = 00:00:00 . Memory (MB): peak = 756.734 ; gain = 0.000
INFO: [Project 1-111] Unisim Transformation Summary:
No Unisim elements were transformed.

INFO: [Common 17-83] Releasing license: Synthesis
134 Infos, 85 Warnings, 98 Critical Warnings and 0 Errors encountered.
synth_design completed successfully
synth_design: Time (s): cpu = 00:00:10 ; elapsed = 00:00:12 . Memory (MB): peak = 756.734 ; gain = 504.562
Netlist sorting complete. Time (s): cpu = 00:00:00 ; elapsed = 00:00:00 . Memory (MB): peak = 756.734 ; gain = 0.000
WARNING: [Constraints 18-5210] No constraints selected for write.
Resolution: This message can indicate that there are no constraints for the design, or it can indicate that the used_in flags are set such that the constraints are ignored. This later case is used when running synth_design to not write synthesis constraints to the resulting checkpoint. Instead, project constraints are read when the synthesized design is opened.
INFO: [Common 17-1381] The checkpoint 'C:/Users/lebray/Vivado-Workflow-Scripts/Lab6T4/vivado_project/Lab6T4.runs/synth_1/LCD_driver_top.dcp' has been generated.
INFO: [runtcl-4] Executing : report_utilization -file LCD_driver_top_utilization_synth.rpt -pb LCD_driver_top_utilization_synth.pb
INFO: [Common 17-206] Exiting Vivado at Mon Feb 23 14:24:07 2026...
[Mon Feb 23 14:24:12 2026] synth_1 finished
wait_on_run: Time (s): cpu = 00:00:00 ; elapsed = 00:00:20 . Memory (MB): peak = 255.020 ; gain = 0.000
# set synth_status [get_property STATUS [get_runs synth_1]]
# if {$synth_status != "synth_design Complete!"} {
#     puts "ERROR: Synthesis failed: $synth_status"
#     exit 1
# }
# reset_run impl_1
# launch_runs impl_1
[Mon Feb 23 14:24:12 2026] Launched impl_1...
Run output will be captured here: C:/Users/lebray/Vivado-Workflow-Scripts/Lab6T4/vivado_project/Lab6T4.runs/impl_1/runme.log
# wait_on_run impl_1
[Mon Feb 23 14:24:12 2026] Waiting for impl_1 to finish...

*** Running vivado
    with args -log LCD_driver_top.vdi -applog -m64 -product Vivado -messageDb vivado.pb -mode batch -source LCD_driver_top.tcl -notrace


****** Vivado v2018.3 (64-bit)
  **** SW Build 2405991 on Thu Dec  6 23:38:27 MST 2018
  **** IP Build 2404404 on Fri Dec  7 01:43:56 MST 2018
    ** Copyright 1986-2018 Xilinx, Inc. All Rights Reserved.

source LCD_driver_top.tcl -notrace
Command: link_design -top LCD_driver_top -part xc7a35tcpg236-1
Design is defaulting to srcset: sources_1
Design is defaulting to constrset: constrs_1
INFO: [Netlist 29-17] Analyzing 29 Unisim elements for replacement
INFO: [Netlist 29-28] Unisim Transformation completed in 0 CPU seconds
INFO: [Project 1-479] Netlist was created with Vivado 2018.3
INFO: [Device 21-403] Loading part xc7a35tcpg236-1
INFO: [Project 1-570] Preparing netlist for logic optimization
Parsing XDC File [C:/Users/lebray/Vivado-Workflow-Scripts/Basys3_Master.xdc]
WARNING: [Vivado 12-584] No ports matched 'led[0]'. [C:/Users/lebray/Vivado-Workflow-Scripts/Basys3_Master.xdc:47]
CRITICAL WARNING: [Common 17-55] 'set_property' expects at least one object. [C:/Users/lebray/Vivado-Workflow-Scripts/Basys3_Master.xdc:47]
Resolution: If [get_<value>] was used to populate the object, check to make sure this command returns at least one valid object.
WARNING: [Vivado 12-584] No ports matched 'led[0]'. [C:/Users/lebray/Vivado-Workflow-Scripts/Basys3_Master.xdc:48]
CRITICAL WARNING: [Common 17-55] 'set_property' expects at least one object. [C:/Users/lebray/Vivado-Workflow-Scripts/Basys3_Master.xdc:48]
Resolution: If [get_<value>] was used to populate the object, check to make sure this command returns at least one valid object.
WARNING: [Vivado 12-584] No ports matched 'led[1]'. [C:/Users/lebray/Vivado-Workflow-Scripts/Basys3_Master.xdc:49]
CRITICAL WARNING: [Common 17-55] 'set_property' expects at least one object. [C:/Users/lebray/Vivado-Workflow-Scripts/Basys3_Master.xdc:49]
Resolution: If [get_<value>] was used to populate the object, check to make sure this command returns at least one valid object.
WARNING: [Vivado 12-584] No ports matched 'led[1]'. [C:/Users/lebray/Vivado-Workflow-Scripts/Basys3_Master.xdc:50]
CRITICAL WARNING: [Common 17-55] 'set_property' expects at least one object. [C:/Users/lebray/Vivado-Workflow-Scripts/Basys3_Master.xdc:50]
Resolution: If [get_<value>] was used to populate the object, check to make sure this command returns at least one valid object.
WARNING: [Vivado 12-584] No ports matched 'led[2]'. [C:/Users/lebray/Vivado-Workflow-Scripts/Basys3_Master.xdc:51]
CRITICAL WARNING: [Common 17-55] 'set_property' expects at least one object. [C:/Users/lebray/Vivado-Workflow-Scripts/Basys3_Master.xdc:51]
Resolution: If [get_<value>] was used to populate the object, check to make sure this command returns at least one valid object.
WARNING: [Vivado 12-584] No ports matched 'led[2]'. [C:/Users/lebray/Vivado-Workflow-Scripts/Basys3_Master.xdc:52]
CRITICAL WARNING: [Common 17-55] 'set_property' expects at least one object. [C:/Users/lebray/Vivado-Workflow-Scripts/Basys3_Master.xdc:52]
Resolution: If [get_<value>] was used to populate the object, check to make sure this command returns at least one valid object.
WARNING: [Vivado 12-584] No ports matched 'led[3]'. [C:/Users/lebray/Vivado-Workflow-Scripts/Basys3_Master.xdc:53]
CRITICAL WARNING: [Common 17-55] 'set_property' expects at least one object. [C:/Users/lebray/Vivado-Workflow-Scripts/Basys3_Master.xdc:53]
Resolution: If [get_<value>] was used to populate the object, check to make sure this command returns at least one valid object.
WARNING: [Vivado 12-584] No ports matched 'led[3]'. [C:/Users/lebray/Vivado-Workflow-Scripts/Basys3_Master.xdc:54]
CRITICAL WARNING: [Common 17-55] 'set_property' expects at least one object. [C:/Users/lebray/Vivado-Workflow-Scripts/Basys3_Master.xdc:54]
Resolution: If [get_<value>] was used to populate the object, check to make sure this command returns at least one valid object.
WARNING: [Vivado 12-584] No ports matched 'led[4]'. [C:/Users/lebray/Vivado-Workflow-Scripts/Basys3_Master.xdc:55]
CRITICAL WARNING: [Common 17-55] 'set_property' expects at least one object. [C:/Users/lebray/Vivado-Workflow-Scripts/Basys3_Master.xdc:55]
Resolution: If [get_<value>] was used to populate the object, check to make sure this command returns at least one valid object.
WARNING: [Vivado 12-584] No ports matched 'led[4]'. [C:/Users/lebray/Vivado-Workflow-Scripts/Basys3_Master.xdc:56]
CRITICAL WARNING: [Common 17-55] 'set_property' expects at least one object. [C:/Users/lebray/Vivado-Workflow-Scripts/Basys3_Master.xdc:56]
Resolution: If [get_<value>] was used to populate the object, check to make sure this command returns at least one valid object.
WARNING: [Vivado 12-584] No ports matched 'led[5]'. [C:/Users/lebray/Vivado-Workflow-Scripts/Basys3_Master.xdc:57]
CRITICAL WARNING: [Common 17-55] 'set_property' expects at least one object. [C:/Users/lebray/Vivado-Workflow-Scripts/Basys3_Master.xdc:57]
Resolution: If [get_<value>] was used to populate the object, check to make sure this command returns at least one valid object.
WARNING: [Vivado 12-584] No ports matched 'led[5]'. [C:/Users/lebray/Vivado-Workflow-Scripts/Basys3_Master.xdc:58]
CRITICAL WARNING: [Common 17-55] 'set_property' expects at least one object. [C:/Users/lebray/Vivado-Workflow-Scripts/Basys3_Master.xdc:58]
Resolution: If [get_<value>] was used to populate the object, check to make sure this command returns at least one valid object.
WARNING: [Vivado 12-584] No ports matched 'led[6]'. [C:/Users/lebray/Vivado-Workflow-Scripts/Basys3_Master.xdc:59]
CRITICAL WARNING: [Common 17-55] 'set_property' expects at least one object. [C:/Users/lebray/Vivado-Workflow-Scripts/Basys3_Master.xdc:59]
Resolution: If [get_<value>] was used to populate the object, check to make sure this command returns at least one valid object.
WARNING: [Vivado 12-584] No ports matched 'led[6]'. [C:/Users/lebray/Vivado-Workflow-Scripts/Basys3_Master.xdc:60]
CRITICAL WARNING: [Common 17-55] 'set_property' expects at least one object. [C:/Users/lebray/Vivado-Workflow-Scripts/Basys3_Master.xdc:60]
Resolution: If [get_<value>] was used to populate the object, check to make sure this command returns at least one valid object.
WARNING: [Vivado 12-584] No ports matched 'led[7]'. [C:/Users/lebray/Vivado-Workflow-Scripts/Basys3_Master.xdc:61]
CRITICAL WARNING: [Common 17-55] 'set_property' expects at least one object. [C:/Users/lebray/Vivado-Workflow-Scripts/Basys3_Master.xdc:61]
Resolution: If [get_<value>] was used to populate the object, check to make sure this command returns at least one valid object.
WARNING: [Vivado 12-584] No ports matched 'led[7]'. [C:/Users/lebray/Vivado-Workflow-Scripts/Basys3_Master.xdc:62]
CRITICAL WARNING: [Common 17-55] 'set_property' expects at least one object. [C:/Users/lebray/Vivado-Workflow-Scripts/Basys3_Master.xdc:62]
Resolution: If [get_<value>] was used to populate the object, check to make sure this command returns at least one valid object.
WARNING: [Vivado 12-584] No ports matched 'led[8]'. [C:/Users/lebray/Vivado-Workflow-Scripts/Basys3_Master.xdc:63]
CRITICAL WARNING: [Common 17-55] 'set_property' expects at least one object. [C:/Users/lebray/Vivado-Workflow-Scripts/Basys3_Master.xdc:63]
Resolution: If [get_<value>] was used to populate the object, check to make sure this command returns at least one valid object.
WARNING: [Vivado 12-584] No ports matched 'led[8]'. [C:/Users/lebray/Vivado-Workflow-Scripts/Basys3_Master.xdc:64]
CRITICAL WARNING: [Common 17-55] 'set_property' expects at least one object. [C:/Users/lebray/Vivado-Workflow-Scripts/Basys3_Master.xdc:64]
Resolution: If [get_<value>] was used to populate the object, check to make sure this command returns at least one valid object.
WARNING: [Vivado 12-584] No ports matched 'led[9]'. [C:/Users/lebray/Vivado-Workflow-Scripts/Basys3_Master.xdc:65]
CRITICAL WARNING: [Common 17-55] 'set_property' expects at least one object. [C:/Users/lebray/Vivado-Workflow-Scripts/Basys3_Master.xdc:65]
Resolution: If [get_<value>] was used to populate the object, check to make sure this command returns at least one valid object.
WARNING: [Vivado 12-584] No ports matched 'led[9]'. [C:/Users/lebray/Vivado-Workflow-Scripts/Basys3_Master.xdc:66]
CRITICAL WARNING: [Common 17-55] 'set_property' expects at least one object. [C:/Users/lebray/Vivado-Workflow-Scripts/Basys3_Master.xdc:66]
Resolution: If [get_<value>] was used to populate the object, check to make sure this command returns at least one valid object.
WARNING: [Vivado 12-584] No ports matched 'led[10]'. [C:/Users/lebray/Vivado-Workflow-Scripts/Basys3_Master.xdc:67]
CRITICAL WARNING: [Common 17-55] 'set_property' expects at least one object. [C:/Users/lebray/Vivado-Workflow-Scripts/Basys3_Master.xdc:67]
Resolution: If [get_<value>] was used to populate the object, check to make sure this command returns at least one valid object.
WARNING: [Vivado 12-584] No ports matched 'led[10]'. [C:/Users/lebray/Vivado-Workflow-Scripts/Basys3_Master.xdc:68]
CRITICAL WARNING: [Common 17-55] 'set_property' expects at least one object. [C:/Users/lebray/Vivado-Workflow-Scripts/Basys3_Master.xdc:68]
Resolution: If [get_<value>] was used to populate the object, check to make sure this command returns at least one valid object.
WARNING: [Vivado 12-584] No ports matched 'led[11]'. [C:/Users/lebray/Vivado-Workflow-Scripts/Basys3_Master.xdc:69]
CRITICAL WARNING: [Common 17-55] 'set_property' expects at least one object. [C:/Users/lebray/Vivado-Workflow-Scripts/Basys3_Master.xdc:69]
Resolution: If [get_<value>] was used to populate the object, check to make sure this command returns at least one valid object.
WARNING: [Vivado 12-584] No ports matched 'led[11]'. [C:/Users/lebray/Vivado-Workflow-Scripts/Basys3_Master.xdc:70]
CRITICAL WARNING: [Common 17-55] 'set_property' expects at least one object. [C:/Users/lebray/Vivado-Workflow-Scripts/Basys3_Master.xdc:70]
Resolution: If [get_<value>] was used to populate the object, check to make sure this command returns at least one valid object.
WARNING: [Vivado 12-584] No ports matched 'led[12]'. [C:/Users/lebray/Vivado-Workflow-Scripts/Basys3_Master.xdc:71]
CRITICAL WARNING: [Common 17-55] 'set_property' expects at least one object. [C:/Users/lebray/Vivado-Workflow-Scripts/Basys3_Master.xdc:71]
Resolution: If [get_<value>] was used to populate the object, check to make sure this command returns at least one valid object.
WARNING: [Vivado 12-584] No ports matched 'led[12]'. [C:/Users/lebray/Vivado-Workflow-Scripts/Basys3_Master.xdc:72]
CRITICAL WARNING: [Common 17-55] 'set_property' expects at least one object. [C:/Users/lebray/Vivado-Workflow-Scripts/Basys3_Master.xdc:72]
Resolution: If [get_<value>] was used to populate the object, check to make sure this command returns at least one valid object.
WARNING: [Vivado 12-584] No ports matched 'led[13]'. [C:/Users/lebray/Vivado-Workflow-Scripts/Basys3_Master.xdc:73]
CRITICAL WARNING: [Common 17-55] 'set_property' expects at least one object. [C:/Users/lebray/Vivado-Workflow-Scripts/Basys3_Master.xdc:73]
Resolution: If [get_<value>] was used to populate the object, check to make sure this command returns at least one valid object.
WARNING: [Vivado 12-584] No ports matched 'led[13]'. [C:/Users/lebray/Vivado-Workflow-Scripts/Basys3_Master.xdc:74]
CRITICAL WARNING: [Common 17-55] 'set_property' expects at least one object. [C:/Users/lebray/Vivado-Workflow-Scripts/Basys3_Master.xdc:74]
Resolution: If [get_<value>] was used to populate the object, check to make sure this command returns at least one valid object.
WARNING: [Vivado 12-584] No ports matched 'led[14]'. [C:/Users/lebray/Vivado-Workflow-Scripts/Basys3_Master.xdc:75]
CRITICAL WARNING: [Common 17-55] 'set_property' expects at least one object. [C:/Users/lebray/Vivado-Workflow-Scripts/Basys3_Master.xdc:75]
Resolution: If [get_<value>] was used to populate the object, check to make sure this command returns at least one valid object.
WARNING: [Vivado 12-584] No ports matched 'led[14]'. [C:/Users/lebray/Vivado-Workflow-Scripts/Basys3_Master.xdc:76]
CRITICAL WARNING: [Common 17-55] 'set_property' expects at least one object. [C:/Users/lebray/Vivado-Workflow-Scripts/Basys3_Master.xdc:76]
Resolution: If [get_<value>] was used to populate the object, check to make sure this command returns at least one valid object.
WARNING: [Vivado 12-584] No ports matched 'led[15]'. [C:/Users/lebray/Vivado-Workflow-Scripts/Basys3_Master.xdc:77]
CRITICAL WARNING: [Common 17-55] 'set_property' expects at least one object. [C:/Users/lebray/Vivado-Workflow-Scripts/Basys3_Master.xdc:77]
Resolution: If [get_<value>] was used to populate the object, check to make sure this command returns at least one valid object.
WARNING: [Vivado 12-584] No ports matched 'led[15]'. [C:/Users/lebray/Vivado-Workflow-Scripts/Basys3_Master.xdc:78]
CRITICAL WARNING: [Common 17-55] 'set_property' expects at least one object. [C:/Users/lebray/Vivado-Workflow-Scripts/Basys3_Master.xdc:78]
Resolution: If [get_<value>] was used to populate the object, check to make sure this command returns at least one valid object.
WARNING: [Vivado 12-584] No ports matched 'seg[0]'. [C:/Users/lebray/Vivado-Workflow-Scripts/Basys3_Master.xdc:82]
CRITICAL WARNING: [Common 17-55] 'set_property' expects at least one object. [C:/Users/lebray/Vivado-Workflow-Scripts/Basys3_Master.xdc:82]
Resolution: If [get_<value>] was used to populate the object, check to make sure this command returns at least one valid object.
WARNING: [Vivado 12-584] No ports matched 'seg[0]'. [C:/Users/lebray/Vivado-Workflow-Scripts/Basys3_Master.xdc:83]
CRITICAL WARNING: [Common 17-55] 'set_property' expects at least one object. [C:/Users/lebray/Vivado-Workflow-Scripts/Basys3_Master.xdc:83]
Resolution: If [get_<value>] was used to populate the object, check to make sure this command returns at least one valid object.
WARNING: [Vivado 12-584] No ports matched 'seg[1]'. [C:/Users/lebray/Vivado-Workflow-Scripts/Basys3_Master.xdc:84]
CRITICAL WARNING: [Common 17-55] 'set_property' expects at least one object. [C:/Users/lebray/Vivado-Workflow-Scripts/Basys3_Master.xdc:84]
Resolution: If [get_<value>] was used to populate the object, check to make sure this command returns at least one valid object.
WARNING: [Vivado 12-584] No ports matched 'seg[1]'. [C:/Users/lebray/Vivado-Workflow-Scripts/Basys3_Master.xdc:85]
CRITICAL WARNING: [Common 17-55] 'set_property' expects at least one object. [C:/Users/lebray/Vivado-Workflow-Scripts/Basys3_Master.xdc:85]
Resolution: If [get_<value>] was used to populate the object, check to make sure this command returns at least one valid object.
WARNING: [Vivado 12-584] No ports matched 'seg[2]'. [C:/Users/lebray/Vivado-Workflow-Scripts/Basys3_Master.xdc:86]
CRITICAL WARNING: [Common 17-55] 'set_property' expects at least one object. [C:/Users/lebray/Vivado-Workflow-Scripts/Basys3_Master.xdc:86]
Resolution: If [get_<value>] was used to populate the object, check to make sure this command returns at least one valid object.
WARNING: [Vivado 12-584] No ports matched 'seg[2]'. [C:/Users/lebray/Vivado-Workflow-Scripts/Basys3_Master.xdc:87]
CRITICAL WARNING: [Common 17-55] 'set_property' expects at least one object. [C:/Users/lebray/Vivado-Workflow-Scripts/Basys3_Master.xdc:87]
Resolution: If [get_<value>] was used to populate the object, check to make sure this command returns at least one valid object.
WARNING: [Vivado 12-584] No ports matched 'seg[3]'. [C:/Users/lebray/Vivado-Workflow-Scripts/Basys3_Master.xdc:88]
CRITICAL WARNING: [Common 17-55] 'set_property' expects at least one object. [C:/Users/lebray/Vivado-Workflow-Scripts/Basys3_Master.xdc:88]
Resolution: If [get_<value>] was used to populate the object, check to make sure this command returns at least one valid object.
WARNING: [Vivado 12-584] No ports matched 'seg[3]'. [C:/Users/lebray/Vivado-Workflow-Scripts/Basys3_Master.xdc:89]
CRITICAL WARNING: [Common 17-55] 'set_property' expects at least one object. [C:/Users/lebray/Vivado-Workflow-Scripts/Basys3_Master.xdc:89]
Resolution: If [get_<value>] was used to populate the object, check to make sure this command returns at least one valid object.
WARNING: [Vivado 12-584] No ports matched 'seg[4]'. [C:/Users/lebray/Vivado-Workflow-Scripts/Basys3_Master.xdc:90]
CRITICAL WARNING: [Common 17-55] 'set_property' expects at least one object. [C:/Users/lebray/Vivado-Workflow-Scripts/Basys3_Master.xdc:90]
Resolution: If [get_<value>] was used to populate the object, check to make sure this command returns at least one valid object.
WARNING: [Vivado 12-584] No ports matched 'seg[4]'. [C:/Users/lebray/Vivado-Workflow-Scripts/Basys3_Master.xdc:91]
CRITICAL WARNING: [Common 17-55] 'set_property' expects at least one object. [C:/Users/lebray/Vivado-Workflow-Scripts/Basys3_Master.xdc:91]
Resolution: If [get_<value>] was used to populate the object, check to make sure this command returns at least one valid object.
WARNING: [Vivado 12-584] No ports matched 'seg[5]'. [C:/Users/lebray/Vivado-Workflow-Scripts/Basys3_Master.xdc:92]
CRITICAL WARNING: [Common 17-55] 'set_property' expects at least one object. [C:/Users/lebray/Vivado-Workflow-Scripts/Basys3_Master.xdc:92]
Resolution: If [get_<value>] was used to populate the object, check to make sure this command returns at least one valid object.
WARNING: [Vivado 12-584] No ports matched 'seg[5]'. [C:/Users/lebray/Vivado-Workflow-Scripts/Basys3_Master.xdc:93]
CRITICAL WARNING: [Common 17-55] 'set_property' expects at least one object. [C:/Users/lebray/Vivado-Workflow-Scripts/Basys3_Master.xdc:93]
Resolution: If [get_<value>] was used to populate the object, check to make sure this command returns at least one valid object.
WARNING: [Vivado 12-584] No ports matched 'seg[6]'. [C:/Users/lebray/Vivado-Workflow-Scripts/Basys3_Master.xdc:94]
CRITICAL WARNING: [Common 17-55] 'set_property' expects at least one object. [C:/Users/lebray/Vivado-Workflow-Scripts/Basys3_Master.xdc:94]
Resolution: If [get_<value>] was used to populate the object, check to make sure this command returns at least one valid object.
WARNING: [Vivado 12-584] No ports matched 'seg[6]'. [C:/Users/lebray/Vivado-Workflow-Scripts/Basys3_Master.xdc:95]
CRITICAL WARNING: [Common 17-55] 'set_property' expects at least one object. [C:/Users/lebray/Vivado-Workflow-Scripts/Basys3_Master.xdc:95]
Resolution: If [get_<value>] was used to populate the object, check to make sure this command returns at least one valid object.
WARNING: [Vivado 12-584] No ports matched 'dp'. [C:/Users/lebray/Vivado-Workflow-Scripts/Basys3_Master.xdc:97]
CRITICAL WARNING: [Common 17-55] 'set_property' expects at least one object. [C:/Users/lebray/Vivado-Workflow-Scripts/Basys3_Master.xdc:97]
Resolution: If [get_<value>] was used to populate the object, check to make sure this command returns at least one valid object.
WARNING: [Vivado 12-584] No ports matched 'dp'. [C:/Users/lebray/Vivado-Workflow-Scripts/Basys3_Master.xdc:98]
CRITICAL WARNING: [Common 17-55] 'set_property' expects at least one object. [C:/Users/lebray/Vivado-Workflow-Scripts/Basys3_Master.xdc:98]
Resolution: If [get_<value>] was used to populate the object, check to make sure this command returns at least one valid object.
WARNING: [Vivado 12-584] No ports matched 'an[0]'. [C:/Users/lebray/Vivado-Workflow-Scripts/Basys3_Master.xdc:100]
CRITICAL WARNING: [Common 17-55] 'set_property' expects at least one object. [C:/Users/lebray/Vivado-Workflow-Scripts/Basys3_Master.xdc:100]
Resolution: If [get_<value>] was used to populate the object, check to make sure this command returns at least one valid object.
WARNING: [Vivado 12-584] No ports matched 'an[0]'. [C:/Users/lebray/Vivado-Workflow-Scripts/Basys3_Master.xdc:101]
CRITICAL WARNING: [Common 17-55] 'set_property' expects at least one object. [C:/Users/lebray/Vivado-Workflow-Scripts/Basys3_Master.xdc:101]
Resolution: If [get_<value>] was used to populate the object, check to make sure this command returns at least one valid object.
WARNING: [Vivado 12-584] No ports matched 'an[1]'. [C:/Users/lebray/Vivado-Workflow-Scripts/Basys3_Master.xdc:102]
CRITICAL WARNING: [Common 17-55] 'set_property' expects at least one object. [C:/Users/lebray/Vivado-Workflow-Scripts/Basys3_Master.xdc:102]
Resolution: If [get_<value>] was used to populate the object, check to make sure this command returns at least one valid object.
WARNING: [Vivado 12-584] No ports matched 'an[1]'. [C:/Users/lebray/Vivado-Workflow-Scripts/Basys3_Master.xdc:103]
CRITICAL WARNING: [Common 17-55] 'set_property' expects at least one object. [C:/Users/lebray/Vivado-Workflow-Scripts/Basys3_Master.xdc:103]
Resolution: If [get_<value>] was used to populate the object, check to make sure this command returns at least one valid object.
WARNING: [Vivado 12-584] No ports matched 'an[2]'. [C:/Users/lebray/Vivado-Workflow-Scripts/Basys3_Master.xdc:104]
CRITICAL WARNING: [Common 17-55] 'set_property' expects at least one object. [C:/Users/lebray/Vivado-Workflow-Scripts/Basys3_Master.xdc:104]
Resolution: If [get_<value>] was used to populate the object, check to make sure this command returns at least one valid object.
WARNING: [Vivado 12-584] No ports matched 'an[2]'. [C:/Users/lebray/Vivado-Workflow-Scripts/Basys3_Master.xdc:105]
CRITICAL WARNING: [Common 17-55] 'set_property' expects at least one object. [C:/Users/lebray/Vivado-Workflow-Scripts/Basys3_Master.xdc:105]
Resolution: If [get_<value>] was used to populate the object, check to make sure this command returns at least one valid object.
WARNING: [Vivado 12-584] No ports matched 'an[3]'. [C:/Users/lebray/Vivado-Workflow-Scripts/Basys3_Master.xdc:106]
CRITICAL WARNING: [Common 17-55] 'set_property' expects at least one object. [C:/Users/lebray/Vivado-Workflow-Scripts/Basys3_Master.xdc:106]
Resolution: If [get_<value>] was used to populate the object, check to make sure this command returns at least one valid object.
WARNING: [Vivado 12-584] No ports matched 'an[3]'. [C:/Users/lebray/Vivado-Workflow-Scripts/Basys3_Master.xdc:107]
CRITICAL WARNING: [Common 17-55] 'set_property' expects at least one object. [C:/Users/lebray/Vivado-Workflow-Scripts/Basys3_Master.xdc:107]
Resolution: If [get_<value>] was used to populate the object, check to make sure this command returns at least one valid object.
WARNING: [Vivado 12-584] No ports matched 'btnC'. [C:/Users/lebray/Vivado-Workflow-Scripts/Basys3_Master.xdc:111]
CRITICAL WARNING: [Common 17-55] 'set_property' expects at least one object. [C:/Users/lebray/Vivado-Workflow-Scripts/Basys3_Master.xdc:111]
Resolution: If [get_<value>] was used to populate the object, check to make sure this command returns at least one valid object.
WARNING: [Vivado 12-584] No ports matched 'btnC'. [C:/Users/lebray/Vivado-Workflow-Scripts/Basys3_Master.xdc:112]
CRITICAL WARNING: [Common 17-55] 'set_property' expects at least one object. [C:/Users/lebray/Vivado-Workflow-Scripts/Basys3_Master.xdc:112]
Resolution: If [get_<value>] was used to populate the object, check to make sure this command returns at least one valid object.
WARNING: [Vivado 12-584] No ports matched 'btnU'. [C:/Users/lebray/Vivado-Workflow-Scripts/Basys3_Master.xdc:113]
CRITICAL WARNING: [Common 17-55] 'set_property' expects at least one object. [C:/Users/lebray/Vivado-Workflow-Scripts/Basys3_Master.xdc:113]
Resolution: If [get_<value>] was used to populate the object, check to make sure this command returns at least one valid object.
WARNING: [Vivado 12-584] No ports matched 'btnU'. [C:/Users/lebray/Vivado-Workflow-Scripts/Basys3_Master.xdc:114]
CRITICAL WARNING: [Common 17-55] 'set_property' expects at least one object. [C:/Users/lebray/Vivado-Workflow-Scripts/Basys3_Master.xdc:114]
Resolution: If [get_<value>] was used to populate the object, check to make sure this command returns at least one valid object.
WARNING: [Vivado 12-584] No ports matched 'btnL'. [C:/Users/lebray/Vivado-Workflow-Scripts/Basys3_Master.xdc:115]
CRITICAL WARNING: [Common 17-55] 'set_property' expects at least one object. [C:/Users/lebray/Vivado-Workflow-Scripts/Basys3_Master.xdc:115]
Resolution: If [get_<value>] was used to populate the object, check to make sure this command returns at least one valid object.
WARNING: [Vivado 12-584] No ports matched 'btnL'. [C:/Users/lebray/Vivado-Workflow-Scripts/Basys3_Master.xdc:116]
CRITICAL WARNING: [Common 17-55] 'set_property' expects at least one object. [C:/Users/lebray/Vivado-Workflow-Scripts/Basys3_Master.xdc:116]
Resolution: If [get_<value>] was used to populate the object, check to make sure this command returns at least one valid object.
WARNING: [Vivado 12-584] No ports matched 'btnR'. [C:/Users/lebray/Vivado-Workflow-Scripts/Basys3_Master.xdc:117]
CRITICAL WARNING: [Common 17-55] 'set_property' expects at least one object. [C:/Users/lebray/Vivado-Workflow-Scripts/Basys3_Master.xdc:117]
Resolution: If [get_<value>] was used to populate the object, check to make sure this command returns at least one valid object.
WARNING: [Vivado 12-584] No ports matched 'btnR'. [C:/Users/lebray/Vivado-Workflow-Scripts/Basys3_Master.xdc:118]
CRITICAL WARNING: [Common 17-55] 'set_property' expects at least one object. [C:/Users/lebray/Vivado-Workflow-Scripts/Basys3_Master.xdc:118]
Resolution: If [get_<value>] was used to populate the object, check to make sure this command returns at least one valid object.
WARNING: [Vivado 12-584] No ports matched 'btnD'. [C:/Users/lebray/Vivado-Workflow-Scripts/Basys3_Master.xdc:119]
CRITICAL WARNING: [Common 17-55] 'set_property' expects at least one object. [C:/Users/lebray/Vivado-Workflow-Scripts/Basys3_Master.xdc:119]
Resolution: If [get_<value>] was used to populate the object, check to make sure this command returns at least one valid object.
WARNING: [Vivado 12-584] No ports matched 'btnD'. [C:/Users/lebray/Vivado-Workflow-Scripts/Basys3_Master.xdc:120]
CRITICAL WARNING: [Common 17-55] 'set_property' expects at least one object. [C:/Users/lebray/Vivado-Workflow-Scripts/Basys3_Master.xdc:120]
Resolution: If [get_<value>] was used to populate the object, check to make sure this command returns at least one valid object.
Finished Parsing XDC File [C:/Users/lebray/Vivado-Workflow-Scripts/Basys3_Master.xdc]
INFO: [Opt 31-138] Pushed 0 inverter(s) to 0 load pin(s).
Netlist sorting complete. Time (s): cpu = 00:00:00 ; elapsed = 00:00:00 . Memory (MB): peak = 564.895 ; gain = 0.000
INFO: [Project 1-111] Unisim Transformation Summary:
No Unisim elements were transformed.

7 Infos, 66 Warnings, 66 Critical Warnings and 0 Errors encountered.
link_design completed successfully
Command: opt_design
Attempting to get a license for feature 'Implementation' and/or device 'xc7a35t'
INFO: [Common 17-349] Got license for feature 'Implementation' and/or device 'xc7a35t'
Running DRC as a precondition to command opt_design

Starting DRC Task
INFO: [DRC 23-27] Running DRC with 2 threads
ERROR: [DRC MDRV-1] Multiple Driver Nets: Net sw_prev[0] has multiple drivers: sw_prev_reg[0]/Q, and sw_prev_reg[0]__0/Q.
ERROR: [DRC MDRV-1] Multiple Driver Nets: Net sw_prev[10] has multiple drivers: sw_prev_reg[10]/Q, and sw_prev_reg[10]__0/Q.
ERROR: [DRC MDRV-1] Multiple Driver Nets: Net sw_prev[11] has multiple drivers: sw_prev_reg[11]/Q, and sw_prev_reg[11]__0/Q.
ERROR: [DRC MDRV-1] Multiple Driver Nets: Net sw_prev[12] has multiple drivers: sw_prev_reg[12]/Q, and sw_prev_reg[12]__0/Q.
ERROR: [DRC MDRV-1] Multiple Driver Nets: Net sw_prev[13] has multiple drivers: sw_prev_reg[13]/Q, and sw_prev_reg[13]__0/Q.
ERROR: [DRC MDRV-1] Multiple Driver Nets: Net sw_prev[14] has multiple drivers: sw_prev_reg[14]/Q, and sw_prev_reg[14]__0/Q.
ERROR: [DRC MDRV-1] Multiple Driver Nets: Net sw_prev[15] has multiple drivers: sw_prev_reg[15]/Q, and sw_prev_reg[15]__0/Q.
ERROR: [DRC MDRV-1] Multiple Driver Nets: Net sw_prev[1] has multiple drivers: sw_prev_reg[1]__0/Q, and sw_prev_reg[1]/Q.
ERROR: [DRC MDRV-1] Multiple Driver Nets: Net sw_prev[2] has multiple drivers: sw_prev_reg[2]__0/Q, and sw_prev_reg[2]/Q.
ERROR: [DRC MDRV-1] Multiple Driver Nets: Net sw_prev[3] has multiple drivers: sw_prev_reg[3]/Q, and sw_prev_reg[3]__0/Q.
ERROR: [DRC MDRV-1] Multiple Driver Nets: Net sw_prev[4] has multiple drivers: sw_prev_reg[4]__0/Q, and sw_prev_reg[4]/Q.
ERROR: [DRC MDRV-1] Multiple Driver Nets: Net sw_prev[5] has multiple drivers: sw_prev_reg[5]__0/Q, and sw_prev_reg[5]/Q.
ERROR: [DRC MDRV-1] Multiple Driver Nets: Net sw_prev[6] has multiple drivers: sw_prev_reg[6]/Q, and sw_prev_reg[6]__0/Q.
ERROR: [DRC MDRV-1] Multiple Driver Nets: Net sw_prev[7] has multiple drivers: sw_prev_reg[7]/Q, and sw_prev_reg[7]__0/Q.
ERROR: [DRC MDRV-1] Multiple Driver Nets: Net sw_prev[8] has multiple drivers: sw_prev_reg[8]/Q, and sw_prev_reg[8]__0/Q.
ERROR: [DRC MDRV-1] Multiple Driver Nets: Net sw_prev[9] has multiple drivers: sw_prev_reg[9]/Q, and sw_prev_reg[9]__0/Q.
INFO: [Project 1-461] DRC finished with 16 Errors
INFO: [Project 1-462] Please refer to the DRC report (report_drc) for more information.
ERROR: [Vivado_Tcl 4-78] Error(s) found during DRC. Opt_design not run.

Time (s): cpu = 00:00:00 ; elapsed = 00:00:00.230 . Memory (MB): peak = 577.312 ; gain = 8.379
INFO: [Common 17-83] Releasing license: Implementation
12 Infos, 66 Warnings, 66 Critical Warnings and 17 Errors encountered.
opt_design failed
ERROR: [Common 17-39] 'opt_design' failed due to earlier errors.

INFO: [Common 17-206] Exiting Vivado at Mon Feb 23 14:24:25 2026...
[Mon Feb 23 14:24:27 2026] impl_1 finished
wait_on_run: Time (s): cpu = 00:00:00 ; elapsed = 00:00:15 . Memory (MB): peak = 255.020 ; gain = 0.000
# set impl_status [get_property STATUS [get_runs impl_1]]
# if {$impl_status != "route_design Complete!"} {
#     puts "ERROR: Implementation failed: $impl_status"
#     exit 1
# }
ERROR: Implementation failed: opt_design ERROR
INFO: [Common 17-206] Exiting Vivado at Mon Feb 23 14:24:27 2026...
