KCPSM6 Assembler log file for program 'C:\Users\lebray\Vivado-Workflow-Scripts\HW6\T8\prog.psm'.
Generated by KCPSM6 version v2.70
Ken Chapman - Xilinx Ltd - 16th May 2014

Assembly datestamp: 24 Mar 2026
Assembly timestamp: 16:23:16

Contents
  Assembly listing
  List of PSM files
  List of CONSTANTs
  List of TABLEs
  List of STRINGs
  List of line labels
  Instruction usage statistics


Last occupied address: 009 hex
Nominal program memory size: 1K (1024)   address(9:0)
Actual memory size: 4096
  (Default memory size)
Occupied memory locations: 10
Memory locations available: 4086


Assembly listing

 Addr Code            Instruction

 000                  ; Section 8 - jump/return/load: if sw[0]=1 output 6, else output 5
 000                  ; Using JUMP nz - the 'return' in TESTING has no effect because
 000                  ; jump does not push to the call stack. LEDs show 6 or 5.
 000                  ; Compile: kcpsm6.exe prog.psm -> generates prog.v
 000         FOREVER: 
 000  09000           INPUT s0, 00          ; read switches
 001  01205           LOAD s2, 05           ; s2 = 5
 002  01306           LOAD s3, 06           ; s3 = 6
 003  00100           LOAD s1, s0           ; copy switches to s1
 004  0D101           TEST s1, 01           ; test bit 0 (AND with 0x01)
 005  36008           JUMP NZ, 008[TESTING] ; if bit 0 = 1, jump to TESTING
 006  2D200           OUTPUT s2, 00         ; bit 0 = 0: output 5 to LEDs
 007  22000           JUMP 000[FOREVER]
 008         TESTING: 
 008  2D300           OUTPUT s3, 00         ; bit 0 = 1: output 6 to LEDs
 009  25000           RETURN                ; no effect with jump (stack was never pushed)


All unused memory locations contain zero (equivalent to 'LOAD s0, s0')



List of PSM files that have been assembled

C:\Users\lebray\Vivado-Workflow-Scripts\HW6\T8\prog.psm



List of defined constants

 CONSTANT name     Value        Source PSM File

 timestamp_hours   16'd         
 timestamp_minutes 23'd         
 timestamp_seconds 16'd         
 datestamp_year    26'd         
 datestamp_month   3'd          
 datestamp_day     24'd         
 NUL               00           
 BEL               07           
 BS                08           
 HT                09           
 LF                0A           
 VT                0B           
 CR                0D           
 ESC               1B           
 DEL               7F           
 DCS               90           
 ST                9C           



No TABLEs defined



List of text strings

 STRING name       String         Source PSM File

 KCPSM6_version$   "v2.70"        
 datestamp$        "24 Mar 2026"  
 timestamp$        "16:23:16"     



List of line labels

   Label     Addr  Source PSM File

   FOREVER   000   prog.psm
   TESTING   008   prog.psm



Instruction usage statistics

 Instruction    Instances

 LOAD              3
 STAR              -

 AND               -
 OR                -
 XOR               -

 ADD               -
 ADDCY             -
 SUB               -
 SUBCY             -

 TEST              1
 TESTCY            -
 COMPARE           -
 COMPARECY         -

 SL0               -
 SL1               -
 SLX               -
 SLA               -
 RL                -
 SR0               -
 SR1               -
 SRX               -
 SRA               -
 RR                -

 REGBANK           -

 INPUT             1
 OUTPUT            2
 OUTPUTK           -

 STORE             -
 FETCH             -

 DISABLE           -
 ENABLE            -
 RETURNI           -

 JUMP              2
 JUMP@             -
 CALL              -
 CALL@             -
 RETURN            1
 LOAD&RETURN       -

 HWBUILD           -



End of KCPSM6 log file.
