Copyright 1986-2018 Xilinx, Inc. All Rights Reserved.
-----------------------------------------------------------------------------------------------------------------------------------------------------------------------------------------------------------------
| Tool Version : Vivado v.2018.3 (win64) Build 2405991 Thu Dec  6 23:38:27 MST 2018
| Date         : Mon Feb 23 13:50:01 2026
| Host         : BH610-DRZVK84 running 64-bit major release  (build 9200)
| Command      : report_timing_summary -max_paths 10 -file LCD_driver_top_timing_summary_routed.rpt -pb LCD_driver_top_timing_summary_routed.pb -rpx LCD_driver_top_timing_summary_routed.rpx -warn_on_violation
| Design       : LCD_driver_top
| Device       : 7a35t-cpg236
| Speed File   : -1  PRODUCTION 1.23 2018-06-13
-----------------------------------------------------------------------------------------------------------------------------------------------------------------------------------------------------------------

Timing Summary Report

------------------------------------------------------------------------------------------------
| Timer Settings
| --------------
------------------------------------------------------------------------------------------------

  Enable Multi Corner Analysis               :  Yes
  Enable Pessimism Removal                   :  Yes
  Pessimism Removal Resolution               :  Nearest Common Node
  Enable Input Delay Default Clock           :  No
  Enable Preset / Clear Arcs                 :  No
  Disable Flight Delays                      :  No
  Ignore I/O Paths                           :  No
  Timing Early Launch at Borrowing Latches   :  false

  Corner  Analyze    Analyze    
  Name    Max Paths  Min Paths  
  ------  ---------  ---------  
  Slow    Yes        Yes        
  Fast    Yes        Yes        



check_timing report

Table of Contents
-----------------
1. checking no_clock
2. checking constant_clock
3. checking pulse_width_clock
4. checking unconstrained_internal_endpoints
5. checking no_input_delay
6. checking no_output_delay
7. checking multiple_clock
8. checking generated_clocks
9. checking loops
10. checking partial_input_delay
11. checking partial_output_delay
12. checking latch_loops

1. checking no_clock
--------------------
 There are 0 register/latch pins with no clock.


2. checking constant_clock
--------------------------
 There are 0 register/latch pins with constant_clock.


3. checking pulse_width_clock
-----------------------------
 There are 0 register/latch pins which need pulse_width check


4. checking unconstrained_internal_endpoints
--------------------------------------------
 There are 0 pins that are not constrained for maximum delay.

 There are 0 pins that are not constrained for maximum delay due to constant clock.


5. checking no_input_delay
--------------------------
 There are 0 input ports with no input delay specified.

 There are 0 input ports with no input delay but user has a false path constraint.


6. checking no_output_delay
---------------------------
 There are 9 ports with no output delay specified. (HIGH)

 There are 0 ports with no output delay but user has a false path constraint

 There are 0 ports with no output delay but with a timing clock defined on it or propagating through it


7. checking multiple_clock
--------------------------
 There are 0 register/latch pins with multiple clocks.


8. checking generated_clocks
----------------------------
 There are 0 generated clocks that are not connected to a clock source.


9. checking loops
-----------------
 There are 0 combinational loops in the design.


10. checking partial_input_delay
--------------------------------
 There are 0 input ports with partial input delay specified.


11. checking partial_output_delay
---------------------------------
 There are 0 ports with partial output delay specified.


12. checking latch_loops
------------------------
 There are 0 combinational latch loops in the design through latch input



------------------------------------------------------------------------------------------------
| Design Timing Summary
| ---------------------
------------------------------------------------------------------------------------------------

    WNS(ns)      TNS(ns)  TNS Failing Endpoints  TNS Total Endpoints      WHS(ns)      THS(ns)  THS Failing Endpoints  THS Total Endpoints     WPWS(ns)     TPWS(ns)  TPWS Failing Endpoints  TPWS Total Endpoints  
    -------      -------  ---------------------  -------------------      -------      -------  ---------------------  -------------------     --------     --------  ----------------------  --------------------  
      3.529        0.000                      0                  222        0.163        0.000                      0                  222        4.500        0.000                       0                    94  


All user specified timing constraints are met.


------------------------------------------------------------------------------------------------
| Clock Summary
| -------------
------------------------------------------------------------------------------------------------

Clock        Waveform(ns)       Period(ns)      Frequency(MHz)
-----        ------------       ----------      --------------
sys_clk_pin  {0.000 5.000}      10.000          100.000         


------------------------------------------------------------------------------------------------
| Intra Clock Table
| -----------------
------------------------------------------------------------------------------------------------

Clock             WNS(ns)      TNS(ns)  TNS Failing Endpoints  TNS Total Endpoints      WHS(ns)      THS(ns)  THS Failing Endpoints  THS Total Endpoints     WPWS(ns)     TPWS(ns)  TPWS Failing Endpoints  TPWS Total Endpoints  
-----             -------      -------  ---------------------  -------------------      -------      -------  ---------------------  -------------------     --------     --------  ----------------------  --------------------  
sys_clk_pin         3.529        0.000                      0                  222        0.163        0.000                      0                  222        4.500        0.000                       0                    94  


------------------------------------------------------------------------------------------------
| Inter Clock Table
| -----------------
------------------------------------------------------------------------------------------------

From Clock    To Clock          WNS(ns)      TNS(ns)  TNS Failing Endpoints  TNS Total Endpoints      WHS(ns)      THS(ns)  THS Failing Endpoints  THS Total Endpoints  
----------    --------          -------      -------  ---------------------  -------------------      -------      -------  ---------------------  -------------------  


------------------------------------------------------------------------------------------------
| Other Path Groups Table
| -----------------------
------------------------------------------------------------------------------------------------

Path Group    From Clock    To Clock          WNS(ns)      TNS(ns)  TNS Failing Endpoints  TNS Total Endpoints      WHS(ns)      THS(ns)  THS Failing Endpoints  THS Total Endpoints  
----------    ----------    --------          -------      -------  ---------------------  -------------------      -------      -------  ---------------------  -------------------  


------------------------------------------------------------------------------------------------
| Timing Details
| --------------
------------------------------------------------------------------------------------------------


---------------------------------------------------------------------------------------------------
From Clock:  sys_clk_pin
  To Clock:  sys_clk_pin

Setup :            0  Failing Endpoints,  Worst Slack        3.529ns,  Total Violation        0.000ns
Hold  :            0  Failing Endpoints,  Worst Slack        0.163ns,  Total Violation        0.000ns
PW    :            0  Failing Endpoints,  Worst Slack        4.500ns,  Total Violation        0.000ns
---------------------------------------------------------------------------------------------------


Max Delay Paths
--------------------------------------------------------------------------------------
Slack (MET) :             3.529ns  (required time - arrival time)
  Source:                 data_in_reg[1]/C
                            (rising edge-triggered cell FDRE clocked by sys_clk_pin  {rise@0.000ns fall@5.000ns period=10.000ns})
  Destination:            lcd1/data_out_reg[1]/D
                            (falling edge-triggered cell FDRE clocked by sys_clk_pin  {rise@0.000ns fall@5.000ns period=10.000ns})
  Path Group:             sys_clk_pin
  Path Type:              Setup (Max at Slow Process Corner)
  Requirement:            5.000ns  (sys_clk_pin fall@5.000ns - sys_clk_pin rise@0.000ns)
  Data Path Delay:        1.445ns  (logic 0.718ns (49.700%)  route 0.727ns (50.300%))
  Logic Levels:           1  (LUT3=1)
  Clock Path Skew:        -0.025ns (DCD - SCD + CPR)
    Destination Clock Delay (DCD):    4.851ns = ( 9.851 - 5.000 ) 
    Source Clock Delay      (SCD):    5.148ns
    Clock Pessimism Removal (CPR):    0.272ns
  Clock Uncertainty:      0.035ns  ((TSJ^2 + TIJ^2)^1/2 + DJ) / 2 + PE
    Total System Jitter     (TSJ):    0.071ns
    Total Input Jitter      (TIJ):    0.000ns
    Discrete Jitter          (DJ):    0.000ns
    Phase Error              (PE):    0.000ns

    Location             Delay type                Incr(ns)  Path(ns)    Netlist Resource(s)
  -------------------------------------------------------------------    -------------------
                         (clock sys_clk_pin rise edge)
                                                      0.000     0.000 r  
    W5                                                0.000     0.000 r  clk (IN)
                         net (fo=0)                   0.000     0.000    clk
    W5                   IBUF (Prop_ibuf_I_O)         1.458     1.458 r  clk_IBUF_inst/O
                         net (fo=1, routed)           1.967     3.425    clk_IBUF
    BUFGCTRL_X0Y0        BUFG (Prop_bufg_I_O)         0.096     3.521 r  clk_IBUF_BUFG_inst/O
                         net (fo=93, routed)          1.627     5.148    clk_IBUF_BUFG
    SLICE_X62Y98         FDRE                                         r  data_in_reg[1]/C
  -------------------------------------------------------------------    -------------------
    SLICE_X62Y98         FDRE (Prop_fdre_C_Q)         0.419     5.567 r  data_in_reg[1]/Q
                         net (fo=1, routed)           0.727     6.294    lcd1/data_in[1]
    SLICE_X63Y97         LUT3 (Prop_lut3_I0_O)        0.299     6.593 r  lcd1/data_out[1]_i_1/O
                         net (fo=1, routed)           0.000     6.593    lcd1/data_out[1]_i_1_n_0
    SLICE_X63Y97         FDRE                                         r  lcd1/data_out_reg[1]/D
  -------------------------------------------------------------------    -------------------

                         (clock sys_clk_pin fall edge)
                                                      5.000     5.000 f  
    W5                                                0.000     5.000 f  clk (IN)
                         net (fo=0)                   0.000     5.000    clk
    W5                   IBUF (Prop_ibuf_I_O)         1.388     6.388 f  clk_IBUF_inst/O
                         net (fo=1, routed)           1.862     8.250    clk_IBUF
    BUFGCTRL_X0Y0        BUFG (Prop_bufg_I_O)         0.091     8.341 f  clk_IBUF_BUFG_inst/O
                         net (fo=93, routed)          1.510     9.851    lcd1/clk_IBUF_BUFG
    SLICE_X63Y97         FDRE                                         r  lcd1/data_out_reg[1]/C  (IS_INVERTED)
                         clock pessimism              0.272    10.123    
                         clock uncertainty           -0.035    10.088    
    SLICE_X63Y97         FDRE (Setup_fdre_C_D)        0.034    10.122    lcd1/data_out_reg[1]
  -------------------------------------------------------------------
                         required time                         10.122    
                         arrival time                          -6.593    
  -------------------------------------------------------------------
                         slack                                  3.529    

Slack (MET) :             3.590ns  (required time - arrival time)
  Source:                 data_in_reg[0]/C
                            (rising edge-triggered cell FDRE clocked by sys_clk_pin  {rise@0.000ns fall@5.000ns period=10.000ns})
  Destination:            lcd1/data_out_reg[0]/D
                            (falling edge-triggered cell FDRE clocked by sys_clk_pin  {rise@0.000ns fall@5.000ns period=10.000ns})
  Path Group:             sys_clk_pin
  Path Type:              Setup (Max at Slow Process Corner)
  Requirement:            5.000ns  (sys_clk_pin fall@5.000ns - sys_clk_pin rise@0.000ns)
  Data Path Delay:        1.382ns  (logic 0.580ns (41.976%)  route 0.802ns (58.024%))
  Logic Levels:           1  (LUT3=1)
  Clock Path Skew:        -0.025ns (DCD - SCD + CPR)
    Destination Clock Delay (DCD):    4.851ns = ( 9.851 - 5.000 ) 
    Source Clock Delay      (SCD):    5.148ns
    Clock Pessimism Removal (CPR):    0.272ns
  Clock Uncertainty:      0.035ns  ((TSJ^2 + TIJ^2)^1/2 + DJ) / 2 + PE
    Total System Jitter     (TSJ):    0.071ns
    Total Input Jitter      (TIJ):    0.000ns
    Discrete Jitter          (DJ):    0.000ns
    Phase Error              (PE):    0.000ns

    Location             Delay type                Incr(ns)  Path(ns)    Netlist Resource(s)
  -------------------------------------------------------------------    -------------------
                         (clock sys_clk_pin rise edge)
                                                      0.000     0.000 r  
    W5                                                0.000     0.000 r  clk (IN)
                         net (fo=0)                   0.000     0.000    clk
    W5                   IBUF (Prop_ibuf_I_O)         1.458     1.458 r  clk_IBUF_inst/O
                         net (fo=1, routed)           1.967     3.425    clk_IBUF
    BUFGCTRL_X0Y0        BUFG (Prop_bufg_I_O)         0.096     3.521 r  clk_IBUF_BUFG_inst/O
                         net (fo=93, routed)          1.627     5.148    clk_IBUF_BUFG
    SLICE_X62Y98         FDRE                                         r  data_in_reg[0]/C
  -------------------------------------------------------------------    -------------------
    SLICE_X62Y98         FDRE (Prop_fdre_C_Q)         0.456     5.604 r  data_in_reg[0]/Q
                         net (fo=1, routed)           0.802     6.406    lcd1/data_in[0]
    SLICE_X63Y97         LUT3 (Prop_lut3_I0_O)        0.124     6.530 r  lcd1/data_out[0]_i_1/O
                         net (fo=1, routed)           0.000     6.530    lcd1/data_out[0]_i_1_n_0
    SLICE_X63Y97         FDRE                                         r  lcd1/data_out_reg[0]/D
  -------------------------------------------------------------------    -------------------

                         (clock sys_clk_pin fall edge)
                                                      5.000     5.000 f  
    W5                                                0.000     5.000 f  clk (IN)
                         net (fo=0)                   0.000     5.000    clk
    W5                   IBUF (Prop_ibuf_I_O)         1.388     6.388 f  clk_IBUF_inst/O
                         net (fo=1, routed)           1.862     8.250    clk_IBUF
    BUFGCTRL_X0Y0        BUFG (Prop_bufg_I_O)         0.091     8.341 f  clk_IBUF_BUFG_inst/O
                         net (fo=93, routed)          1.510     9.851    lcd1/clk_IBUF_BUFG
    SLICE_X63Y97         FDRE                                         r  lcd1/data_out_reg[0]/C  (IS_INVERTED)
                         clock pessimism              0.272    10.123    
                         clock uncertainty           -0.035    10.088    
    SLICE_X63Y97         FDRE (Setup_fdre_C_D)        0.032    10.120    lcd1/data_out_reg[0]
  -------------------------------------------------------------------
                         required time                         10.120    
                         arrival time                          -6.530    
  -------------------------------------------------------------------
                         slack                                  3.590    

Slack (MET) :             3.593ns  (required time - arrival time)
  Source:                 data_in_reg[6]/C
                            (rising edge-triggered cell FDRE clocked by sys_clk_pin  {rise@0.000ns fall@5.000ns period=10.000ns})
  Destination:            lcd1/data_out_reg[6]/D
                            (falling edge-triggered cell FDRE clocked by sys_clk_pin  {rise@0.000ns fall@5.000ns period=10.000ns})
  Path Group:             sys_clk_pin
  Path Type:              Setup (Max at Slow Process Corner)
  Requirement:            5.000ns  (sys_clk_pin fall@5.000ns - sys_clk_pin rise@0.000ns)
  Data Path Delay:        1.382ns  (logic 0.580ns (41.967%)  route 0.802ns (58.033%))
  Logic Levels:           1  (LUT2=1)
  Clock Path Skew:        -0.025ns (DCD - SCD + CPR)
    Destination Clock Delay (DCD):    4.851ns = ( 9.851 - 5.000 ) 
    Source Clock Delay      (SCD):    5.148ns
    Clock Pessimism Removal (CPR):    0.272ns
  Clock Uncertainty:      0.035ns  ((TSJ^2 + TIJ^2)^1/2 + DJ) / 2 + PE
    Total System Jitter     (TSJ):    0.071ns
    Total Input Jitter      (TIJ):    0.000ns
    Discrete Jitter          (DJ):    0.000ns
    Phase Error              (PE):    0.000ns

    Location             Delay type                Incr(ns)  Path(ns)    Netlist Resource(s)
  -------------------------------------------------------------------    -------------------
                         (clock sys_clk_pin rise edge)
                                                      0.000     0.000 r  
    W5                                                0.000     0.000 r  clk (IN)
                         net (fo=0)                   0.000     0.000    clk
    W5                   IBUF (Prop_ibuf_I_O)         1.458     1.458 r  clk_IBUF_inst/O
                         net (fo=1, routed)           1.967     3.425    clk_IBUF
    BUFGCTRL_X0Y0        BUFG (Prop_bufg_I_O)         0.096     3.521 r  clk_IBUF_BUFG_inst/O
                         net (fo=93, routed)          1.627     5.148    clk_IBUF_BUFG
    SLICE_X62Y98         FDRE                                         r  data_in_reg[6]/C
  -------------------------------------------------------------------    -------------------
    SLICE_X62Y98         FDRE (Prop_fdre_C_Q)         0.456     5.604 r  data_in_reg[6]/Q
                         net (fo=1, routed)           0.802     6.406    lcd1/data_in[5]
    SLICE_X63Y97         LUT2 (Prop_lut2_I1_O)        0.124     6.530 r  lcd1/data_out[6]_i_2/O
                         net (fo=1, routed)           0.000     6.530    lcd1/data_out[6]_i_2_n_0
    SLICE_X63Y97         FDRE                                         r  lcd1/data_out_reg[6]/D
  -------------------------------------------------------------------    -------------------

                         (clock sys_clk_pin fall edge)
                                                      5.000     5.000 f  
    W5                                                0.000     5.000 f  clk (IN)
                         net (fo=0)                   0.000     5.000    clk
    W5                   IBUF (Prop_ibuf_I_O)         1.388     6.388 f  clk_IBUF_inst/O
                         net (fo=1, routed)           1.862     8.250    clk_IBUF
    BUFGCTRL_X0Y0        BUFG (Prop_bufg_I_O)         0.091     8.341 f  clk_IBUF_BUFG_inst/O
                         net (fo=93, routed)          1.510     9.851    lcd1/clk_IBUF_BUFG
    SLICE_X63Y97         FDRE                                         r  lcd1/data_out_reg[6]/C  (IS_INVERTED)
                         clock pessimism              0.272    10.123    
                         clock uncertainty           -0.035    10.088    
    SLICE_X63Y97         FDRE (Setup_fdre_C_D)        0.035    10.123    lcd1/data_out_reg[6]
  -------------------------------------------------------------------
                         required time                         10.123    
                         arrival time                          -6.530    
  -------------------------------------------------------------------
                         slack                                  3.593    

Slack (MET) :             3.609ns  (required time - arrival time)
  Source:                 data_in_reg[3]/C
                            (rising edge-triggered cell FDRE clocked by sys_clk_pin  {rise@0.000ns fall@5.000ns period=10.000ns})
  Destination:            lcd1/data_out_reg[3]/D
                            (falling edge-triggered cell FDRE clocked by sys_clk_pin  {rise@0.000ns fall@5.000ns period=10.000ns})
  Path Group:             sys_clk_pin
  Path Type:              Setup (Max at Slow Process Corner)
  Requirement:            5.000ns  (sys_clk_pin fall@5.000ns - sys_clk_pin rise@0.000ns)
  Data Path Delay:        1.364ns  (logic 0.715ns (52.401%)  route 0.649ns (47.599%))
  Logic Levels:           1  (LUT4=1)
  Clock Path Skew:        -0.025ns (DCD - SCD + CPR)
    Destination Clock Delay (DCD):    4.851ns = ( 9.851 - 5.000 ) 
    Source Clock Delay      (SCD):    5.148ns
    Clock Pessimism Removal (CPR):    0.272ns
  Clock Uncertainty:      0.035ns  ((TSJ^2 + TIJ^2)^1/2 + DJ) / 2 + PE
    Total System Jitter     (TSJ):    0.071ns
    Total Input Jitter      (TIJ):    0.000ns
    Discrete Jitter          (DJ):    0.000ns
    Phase Error              (PE):    0.000ns

    Location             Delay type                Incr(ns)  Path(ns)    Netlist Resource(s)
  -------------------------------------------------------------------    -------------------
                         (clock sys_clk_pin rise edge)
                                                      0.000     0.000 r  
    W5                                                0.000     0.000 r  clk (IN)
                         net (fo=0)                   0.000     0.000    clk
    W5                   IBUF (Prop_ibuf_I_O)         1.458     1.458 r  clk_IBUF_inst/O
                         net (fo=1, routed)           1.967     3.425    clk_IBUF
    BUFGCTRL_X0Y0        BUFG (Prop_bufg_I_O)         0.096     3.521 r  clk_IBUF_BUFG_inst/O
                         net (fo=93, routed)          1.627     5.148    clk_IBUF_BUFG
    SLICE_X62Y98         FDRE                                         r  data_in_reg[3]/C
  -------------------------------------------------------------------    -------------------
    SLICE_X62Y98         FDRE (Prop_fdre_C_Q)         0.419     5.567 r  data_in_reg[3]/Q
                         net (fo=1, routed)           0.649     6.216    lcd1/data_in[3]
    SLICE_X63Y97         LUT4 (Prop_lut4_I0_O)        0.296     6.512 r  lcd1/data_out[3]_i_1/O
                         net (fo=1, routed)           0.000     6.512    lcd1/data_out[3]_i_1_n_0
    SLICE_X63Y97         FDRE                                         r  lcd1/data_out_reg[3]/D
  -------------------------------------------------------------------    -------------------

                         (clock sys_clk_pin fall edge)
                                                      5.000     5.000 f  
    W5                                                0.000     5.000 f  clk (IN)
                         net (fo=0)                   0.000     5.000    clk
    W5                   IBUF (Prop_ibuf_I_O)         1.388     6.388 f  clk_IBUF_inst/O
                         net (fo=1, routed)           1.862     8.250    clk_IBUF
    BUFGCTRL_X0Y0        BUFG (Prop_bufg_I_O)         0.091     8.341 f  clk_IBUF_BUFG_inst/O
                         net (fo=93, routed)          1.510     9.851    lcd1/clk_IBUF_BUFG
    SLICE_X63Y97         FDRE                                         r  lcd1/data_out_reg[3]/C  (IS_INVERTED)
                         clock pessimism              0.272    10.123    
                         clock uncertainty           -0.035    10.088    
    SLICE_X63Y97         FDRE (Setup_fdre_C_D)        0.034    10.122    lcd1/data_out_reg[3]
  -------------------------------------------------------------------
                         required time                         10.122    
                         arrival time                          -6.512    
  -------------------------------------------------------------------
                         slack                                  3.609    

Slack (MET) :             3.612ns  (required time - arrival time)
  Source:                 data_in_reg[2]/C
                            (rising edge-triggered cell FDRE clocked by sys_clk_pin  {rise@0.000ns fall@5.000ns period=10.000ns})
  Destination:            lcd1/data_out_reg[2]/D
                            (falling edge-triggered cell FDRE clocked by sys_clk_pin  {rise@0.000ns fall@5.000ns period=10.000ns})
  Path Group:             sys_clk_pin
  Path Type:              Setup (Max at Slow Process Corner)
  Requirement:            5.000ns  (sys_clk_pin fall@5.000ns - sys_clk_pin rise@0.000ns)
  Data Path Delay:        1.406ns  (logic 0.608ns (43.243%)  route 0.798ns (56.757%))
  Logic Levels:           1  (LUT3=1)
  Clock Path Skew:        -0.025ns (DCD - SCD + CPR)
    Destination Clock Delay (DCD):    4.851ns = ( 9.851 - 5.000 ) 
    Source Clock Delay      (SCD):    5.148ns
    Clock Pessimism Removal (CPR):    0.272ns
  Clock Uncertainty:      0.035ns  ((TSJ^2 + TIJ^2)^1/2 + DJ) / 2 + PE
    Total System Jitter     (TSJ):    0.071ns
    Total Input Jitter      (TIJ):    0.000ns
    Discrete Jitter          (DJ):    0.000ns
    Phase Error              (PE):    0.000ns

    Location             Delay type                Incr(ns)  Path(ns)    Netlist Resource(s)
  -------------------------------------------------------------------    -------------------
                         (clock sys_clk_pin rise edge)
                                                      0.000     0.000 r  
    W5                                                0.000     0.000 r  clk (IN)
                         net (fo=0)                   0.000     0.000    clk
    W5                   IBUF (Prop_ibuf_I_O)         1.458     1.458 r  clk_IBUF_inst/O
                         net (fo=1, routed)           1.967     3.425    clk_IBUF
    BUFGCTRL_X0Y0        BUFG (Prop_bufg_I_O)         0.096     3.521 r  clk_IBUF_BUFG_inst/O
                         net (fo=93, routed)          1.627     5.148    clk_IBUF_BUFG
    SLICE_X62Y98         FDRE                                         r  data_in_reg[2]/C
  -------------------------------------------------------------------    -------------------
    SLICE_X62Y98         FDRE (Prop_fdre_C_Q)         0.456     5.604 r  data_in_reg[2]/Q
                         net (fo=1, routed)           0.798     6.402    lcd1/data_in[2]
    SLICE_X63Y97         LUT3 (Prop_lut3_I0_O)        0.152     6.554 r  lcd1/data_out[2]_i_1/O
                         net (fo=1, routed)           0.000     6.554    lcd1/data_out[2]_i_1_n_0
    SLICE_X63Y97         FDRE                                         r  lcd1/data_out_reg[2]/D
  -------------------------------------------------------------------    -------------------

                         (clock sys_clk_pin fall edge)
                                                      5.000     5.000 f  
    W5                                                0.000     5.000 f  clk (IN)
                         net (fo=0)                   0.000     5.000    clk
    W5                   IBUF (Prop_ibuf_I_O)         1.388     6.388 f  clk_IBUF_inst/O
                         net (fo=1, routed)           1.862     8.250    clk_IBUF
    BUFGCTRL_X0Y0        BUFG (Prop_bufg_I_O)         0.091     8.341 f  clk_IBUF_BUFG_inst/O
                         net (fo=93, routed)          1.510     9.851    lcd1/clk_IBUF_BUFG
    SLICE_X63Y97         FDRE                                         r  lcd1/data_out_reg[2]/C  (IS_INVERTED)
                         clock pessimism              0.272    10.123    
                         clock uncertainty           -0.035    10.088    
    SLICE_X63Y97         FDRE (Setup_fdre_C_D)        0.078    10.166    lcd1/data_out_reg[2]
  -------------------------------------------------------------------
                         required time                         10.166    
                         arrival time                          -6.554    
  -------------------------------------------------------------------
                         slack                                  3.612    

Slack (MET) :             3.755ns  (required time - arrival time)
  Source:                 wr_en_reg/C
                            (rising edge-triggered cell FDRE clocked by sys_clk_pin  {rise@0.000ns fall@5.000ns period=10.000ns})
  Destination:            lcd1/FSM_sequential_state_reg[1]/D
                            (falling edge-triggered cell FDRE clocked by sys_clk_pin  {rise@0.000ns fall@5.000ns period=10.000ns})
  Path Group:             sys_clk_pin
  Path Type:              Setup (Max at Slow Process Corner)
  Requirement:            5.000ns  (sys_clk_pin fall@5.000ns - sys_clk_pin rise@0.000ns)
  Data Path Delay:        1.204ns  (logic 0.580ns (48.175%)  route 0.624ns (51.825%))
  Logic Levels:           1  (LUT4=1)
  Clock Path Skew:        -0.038ns (DCD - SCD + CPR)
    Destination Clock Delay (DCD):    4.851ns = ( 9.851 - 5.000 ) 
    Source Clock Delay      (SCD):    5.147ns
    Clock Pessimism Removal (CPR):    0.258ns
  Clock Uncertainty:      0.035ns  ((TSJ^2 + TIJ^2)^1/2 + DJ) / 2 + PE
    Total System Jitter     (TSJ):    0.071ns
    Total Input Jitter      (TIJ):    0.000ns
    Discrete Jitter          (DJ):    0.000ns
    Phase Error              (PE):    0.000ns

    Location             Delay type                Incr(ns)  Path(ns)    Netlist Resource(s)
  -------------------------------------------------------------------    -------------------
                         (clock sys_clk_pin rise edge)
                                                      0.000     0.000 r  
    W5                                                0.000     0.000 r  clk (IN)
                         net (fo=0)                   0.000     0.000    clk
    W5                   IBUF (Prop_ibuf_I_O)         1.458     1.458 r  clk_IBUF_inst/O
                         net (fo=1, routed)           1.967     3.425    clk_IBUF
    BUFGCTRL_X0Y0        BUFG (Prop_bufg_I_O)         0.096     3.521 r  clk_IBUF_BUFG_inst/O
                         net (fo=93, routed)          1.626     5.147    clk_IBUF_BUFG
    SLICE_X61Y97         FDRE                                         r  wr_en_reg/C
  -------------------------------------------------------------------    -------------------
    SLICE_X61Y97         FDRE (Prop_fdre_C_Q)         0.456     5.603 r  wr_en_reg/Q
                         net (fo=2, routed)           0.624     6.227    lcd1/wr_en
    SLICE_X62Y97         LUT4 (Prop_lut4_I3_O)        0.124     6.351 r  lcd1/FSM_sequential_state[1]_i_1/O
                         net (fo=1, routed)           0.000     6.351    lcd1/FSM_sequential_state[1]_i_1_n_0
    SLICE_X62Y97         FDRE                                         r  lcd1/FSM_sequential_state_reg[1]/D
  -------------------------------------------------------------------    -------------------

                         (clock sys_clk_pin fall edge)
                                                      5.000     5.000 f  
    W5                                                0.000     5.000 f  clk (IN)
                         net (fo=0)                   0.000     5.000    clk
    W5                   IBUF (Prop_ibuf_I_O)         1.388     6.388 f  clk_IBUF_inst/O
                         net (fo=1, routed)           1.862     8.250    clk_IBUF
    BUFGCTRL_X0Y0        BUFG (Prop_bufg_I_O)         0.091     8.341 f  clk_IBUF_BUFG_inst/O
                         net (fo=93, routed)          1.510     9.851    lcd1/clk_IBUF_BUFG
    SLICE_X62Y97         FDRE                                         r  lcd1/FSM_sequential_state_reg[1]/C  (IS_INVERTED)
                         clock pessimism              0.258    10.109    
                         clock uncertainty           -0.035    10.074    
    SLICE_X62Y97         FDRE (Setup_fdre_C_D)        0.032    10.106    lcd1/FSM_sequential_state_reg[1]
  -------------------------------------------------------------------
                         required time                         10.106    
                         arrival time                          -6.351    
  -------------------------------------------------------------------
                         slack                                  3.755    

Slack (MET) :             4.017ns  (required time - arrival time)
  Source:                 data_in_reg[5]/C
                            (rising edge-triggered cell FDRE clocked by sys_clk_pin  {rise@0.000ns fall@5.000ns period=10.000ns})
  Destination:            lcd1/data_out_reg[5]/D
                            (falling edge-triggered cell FDRE clocked by sys_clk_pin  {rise@0.000ns fall@5.000ns period=10.000ns})
  Path Group:             sys_clk_pin
  Path Type:              Setup (Max at Slow Process Corner)
  Requirement:            5.000ns  (sys_clk_pin fall@5.000ns - sys_clk_pin rise@0.000ns)
  Data Path Delay:        1.000ns  (logic 0.576ns (57.584%)  route 0.424ns (42.416%))
  Logic Levels:           1  (LUT4=1)
  Clock Path Skew:        -0.025ns (DCD - SCD + CPR)
    Destination Clock Delay (DCD):    4.851ns = ( 9.851 - 5.000 ) 
    Source Clock Delay      (SCD):    5.148ns
    Clock Pessimism Removal (CPR):    0.272ns
  Clock Uncertainty:      0.035ns  ((TSJ^2 + TIJ^2)^1/2 + DJ) / 2 + PE
    Total System Jitter     (TSJ):    0.071ns
    Total Input Jitter      (TIJ):    0.000ns
    Discrete Jitter          (DJ):    0.000ns
    Phase Error              (PE):    0.000ns

    Location             Delay type                Incr(ns)  Path(ns)    Netlist Resource(s)
  -------------------------------------------------------------------    -------------------
                         (clock sys_clk_pin rise edge)
                                                      0.000     0.000 r  
    W5                                                0.000     0.000 r  clk (IN)
                         net (fo=0)                   0.000     0.000    clk
    W5                   IBUF (Prop_ibuf_I_O)         1.458     1.458 r  clk_IBUF_inst/O
                         net (fo=1, routed)           1.967     3.425    clk_IBUF
    BUFGCTRL_X0Y0        BUFG (Prop_bufg_I_O)         0.096     3.521 r  clk_IBUF_BUFG_inst/O
                         net (fo=93, routed)          1.627     5.148    clk_IBUF_BUFG
    SLICE_X63Y98         FDRE                                         r  data_in_reg[5]/C
  -------------------------------------------------------------------    -------------------
    SLICE_X63Y98         FDRE (Prop_fdre_C_Q)         0.456     5.604 r  data_in_reg[5]/Q
                         net (fo=2, routed)           0.424     6.028    lcd1/data_in[4]
    SLICE_X63Y97         LUT4 (Prop_lut4_I0_O)        0.120     6.148 r  lcd1/data_out[5]_i_1/O
                         net (fo=1, routed)           0.000     6.148    lcd1/data_out[5]_i_1_n_0
    SLICE_X63Y97         FDRE                                         r  lcd1/data_out_reg[5]/D
  -------------------------------------------------------------------    -------------------

                         (clock sys_clk_pin fall edge)
                                                      5.000     5.000 f  
    W5                                                0.000     5.000 f  clk (IN)
                         net (fo=0)                   0.000     5.000    clk
    W5                   IBUF (Prop_ibuf_I_O)         1.388     6.388 f  clk_IBUF_inst/O
                         net (fo=1, routed)           1.862     8.250    clk_IBUF
    BUFGCTRL_X0Y0        BUFG (Prop_bufg_I_O)         0.091     8.341 f  clk_IBUF_BUFG_inst/O
                         net (fo=93, routed)          1.510     9.851    lcd1/clk_IBUF_BUFG
    SLICE_X63Y97         FDRE                                         r  lcd1/data_out_reg[5]/C  (IS_INVERTED)
                         clock pessimism              0.272    10.123    
                         clock uncertainty           -0.035    10.088    
    SLICE_X63Y97         FDRE (Setup_fdre_C_D)        0.078    10.166    lcd1/data_out_reg[5]
  -------------------------------------------------------------------
                         required time                         10.166    
                         arrival time                          -6.148    
  -------------------------------------------------------------------
                         slack                                  4.017    

Slack (MET) :             4.064ns  (required time - arrival time)
  Source:                 wr_en_reg/C
                            (rising edge-triggered cell FDRE clocked by sys_clk_pin  {rise@0.000ns fall@5.000ns period=10.000ns})
  Destination:            lcd1/FSM_sequential_state_reg[0]/D
                            (falling edge-triggered cell FDRE clocked by sys_clk_pin  {rise@0.000ns fall@5.000ns period=10.000ns})
  Path Group:             sys_clk_pin
  Path Type:              Setup (Max at Slow Process Corner)
  Requirement:            5.000ns  (sys_clk_pin fall@5.000ns - sys_clk_pin rise@0.000ns)
  Data Path Delay:        0.897ns  (logic 0.580ns (64.655%)  route 0.317ns (35.345%))
  Logic Levels:           1  (LUT6=1)
  Clock Path Skew:        -0.038ns (DCD - SCD + CPR)
    Destination Clock Delay (DCD):    4.851ns = ( 9.851 - 5.000 ) 
    Source Clock Delay      (SCD):    5.147ns
    Clock Pessimism Removal (CPR):    0.258ns
  Clock Uncertainty:      0.035ns  ((TSJ^2 + TIJ^2)^1/2 + DJ) / 2 + PE
    Total System Jitter     (TSJ):    0.071ns
    Total Input Jitter      (TIJ):    0.000ns
    Discrete Jitter          (DJ):    0.000ns
    Phase Error              (PE):    0.000ns

    Location             Delay type                Incr(ns)  Path(ns)    Netlist Resource(s)
  -------------------------------------------------------------------    -------------------
                         (clock sys_clk_pin rise edge)
                                                      0.000     0.000 r  
    W5                                                0.000     0.000 r  clk (IN)
                         net (fo=0)                   0.000     0.000    clk
    W5                   IBUF (Prop_ibuf_I_O)         1.458     1.458 r  clk_IBUF_inst/O
                         net (fo=1, routed)           1.967     3.425    clk_IBUF
    BUFGCTRL_X0Y0        BUFG (Prop_bufg_I_O)         0.096     3.521 r  clk_IBUF_BUFG_inst/O
                         net (fo=93, routed)          1.626     5.147    clk_IBUF_BUFG
    SLICE_X61Y97         FDRE                                         r  wr_en_reg/C
  -------------------------------------------------------------------    -------------------
    SLICE_X61Y97         FDRE (Prop_fdre_C_Q)         0.456     5.603 f  wr_en_reg/Q
                         net (fo=2, routed)           0.317     5.920    lcd1/wr_en
    SLICE_X62Y97         LUT6 (Prop_lut6_I0_O)        0.124     6.044 r  lcd1/FSM_sequential_state[0]_i_1/O
                         net (fo=1, routed)           0.000     6.044    lcd1/FSM_sequential_state[0]_i_1_n_0
    SLICE_X62Y97         FDRE                                         r  lcd1/FSM_sequential_state_reg[0]/D
  -------------------------------------------------------------------    -------------------

                         (clock sys_clk_pin fall edge)
                                                      5.000     5.000 f  
    W5                                                0.000     5.000 f  clk (IN)
                         net (fo=0)                   0.000     5.000    clk
    W5                   IBUF (Prop_ibuf_I_O)         1.388     6.388 f  clk_IBUF_inst/O
                         net (fo=1, routed)           1.862     8.250    clk_IBUF
    BUFGCTRL_X0Y0        BUFG (Prop_bufg_I_O)         0.091     8.341 f  clk_IBUF_BUFG_inst/O
                         net (fo=93, routed)          1.510     9.851    lcd1/clk_IBUF_BUFG
    SLICE_X62Y97         FDRE                                         r  lcd1/FSM_sequential_state_reg[0]/C  (IS_INVERTED)
                         clock pessimism              0.258    10.109    
                         clock uncertainty           -0.035    10.074    
    SLICE_X62Y97         FDRE (Setup_fdre_C_D)        0.034    10.108    lcd1/FSM_sequential_state_reg[0]
  -------------------------------------------------------------------
                         required time                         10.108    
                         arrival time                          -6.044    
  -------------------------------------------------------------------
                         slack                                  4.064    

Slack (MET) :             4.334ns  (required time - arrival time)
  Source:                 counter_reg[4]/C
                            (rising edge-triggered cell FDRE clocked by sys_clk_pin  {rise@0.000ns fall@5.000ns period=10.000ns})
  Destination:            counter_reg[0]/R
                            (rising edge-triggered cell FDRE clocked by sys_clk_pin  {rise@0.000ns fall@5.000ns period=10.000ns})
  Path Group:             sys_clk_pin
  Path Type:              Setup (Max at Slow Process Corner)
  Requirement:            10.000ns  (sys_clk_pin rise@10.000ns - sys_clk_pin rise@0.000ns)
  Data Path Delay:        5.175ns  (logic 1.444ns (27.901%)  route 3.731ns (72.099%))
  Logic Levels:           6  (CARRY4=4 LUT2=2)
  Clock Path Skew:        -0.026ns (DCD - SCD + CPR)
    Destination Clock Delay (DCD):    4.847ns = ( 14.847 - 10.000 ) 
    Source Clock Delay      (SCD):    5.145ns
    Clock Pessimism Removal (CPR):    0.272ns
  Clock Uncertainty:      0.035ns  ((TSJ^2 + TIJ^2)^1/2 + DJ) / 2 + PE
    Total System Jitter     (TSJ):    0.071ns
    Total Input Jitter      (TIJ):    0.000ns
    Discrete Jitter          (DJ):    0.000ns
    Phase Error              (PE):    0.000ns

    Location             Delay type                Incr(ns)  Path(ns)    Netlist Resource(s)
  -------------------------------------------------------------------    -------------------
                         (clock sys_clk_pin rise edge)
                                                      0.000     0.000 r  
    W5                                                0.000     0.000 r  clk (IN)
                         net (fo=0)                   0.000     0.000    clk
    W5                   IBUF (Prop_ibuf_I_O)         1.458     1.458 r  clk_IBUF_inst/O
                         net (fo=1, routed)           1.967     3.425    clk_IBUF
    BUFGCTRL_X0Y0        BUFG (Prop_bufg_I_O)         0.096     3.521 r  clk_IBUF_BUFG_inst/O
                         net (fo=93, routed)          1.624     5.145    clk_IBUF_BUFG
    SLICE_X62Y89         FDRE                                         r  counter_reg[4]/C
  -------------------------------------------------------------------    -------------------
    SLICE_X62Y89         FDRE (Prop_fdre_C_Q)         0.456     5.601 f  counter_reg[4]/Q
                         net (fo=3, routed)           1.091     6.692    counter_reg[4]
    SLICE_X63Y91         LUT2 (Prop_lut2_I0_O)        0.124     6.816 r  index_rep[3]_i_33/O
                         net (fo=1, routed)           0.000     6.816    index_rep[3]_i_33_n_0
    SLICE_X63Y91         CARRY4 (Prop_carry4_S[2]_CO[3])
                                                      0.398     7.214 r  index_reg_rep[3]_i_20/CO[3]
                         net (fo=1, routed)           0.000     7.214    index_reg_rep[3]_i_20_n_0
    SLICE_X63Y92         CARRY4 (Prop_carry4_CI_CO[3])
                                                      0.114     7.328 r  index_reg_rep[3]_i_14/CO[3]
                         net (fo=1, routed)           0.000     7.328    index_reg_rep[3]_i_14_n_0
    SLICE_X63Y93         CARRY4 (Prop_carry4_CI_CO[3])
                                                      0.114     7.442 r  index_reg_rep[3]_i_5/CO[3]
                         net (fo=1, routed)           0.000     7.442    index_reg_rep[3]_i_5_n_0
    SLICE_X63Y94         CARRY4 (Prop_carry4_CI_CO[3])
                                                      0.114     7.556 r  index_reg_rep[3]_i_4/CO[3]
                         net (fo=6, routed)           0.786     8.342    index_reg_rep[3]_i_4_n_0
    SLICE_X63Y98         LUT2 (Prop_lut2_I0_O)        0.124     8.466 r  index_rep[3]_i_2/O
                         net (fo=46, routed)          1.855    10.320    index_rep[3]_i_2_n_0
    SLICE_X62Y88         FDRE                                         r  counter_reg[0]/R
  -------------------------------------------------------------------    -------------------

                         (clock sys_clk_pin rise edge)
                                                     10.000    10.000 r  
    W5                                                0.000    10.000 r  clk (IN)
                         net (fo=0)                   0.000    10.000    clk
    W5                   IBUF (Prop_ibuf_I_O)         1.388    11.388 r  clk_IBUF_inst/O
                         net (fo=1, routed)           1.862    13.250    clk_IBUF
    BUFGCTRL_X0Y0        BUFG (Prop_bufg_I_O)         0.091    13.341 r  clk_IBUF_BUFG_inst/O
                         net (fo=93, routed)          1.506    14.847    clk_IBUF_BUFG
    SLICE_X62Y88         FDRE                                         r  counter_reg[0]/C
                         clock pessimism              0.272    15.119    
                         clock uncertainty           -0.035    15.084    
    SLICE_X62Y88         FDRE (Setup_fdre_C_R)       -0.429    14.655    counter_reg[0]
  -------------------------------------------------------------------
                         required time                         14.655    
                         arrival time                         -10.320    
  -------------------------------------------------------------------
                         slack                                  4.334    

Slack (MET) :             4.334ns  (required time - arrival time)
  Source:                 counter_reg[4]/C
                            (rising edge-triggered cell FDRE clocked by sys_clk_pin  {rise@0.000ns fall@5.000ns period=10.000ns})
  Destination:            counter_reg[1]/R
                            (rising edge-triggered cell FDRE clocked by sys_clk_pin  {rise@0.000ns fall@5.000ns period=10.000ns})
  Path Group:             sys_clk_pin
  Path Type:              Setup (Max at Slow Process Corner)
  Requirement:            10.000ns  (sys_clk_pin rise@10.000ns - sys_clk_pin rise@0.000ns)
  Data Path Delay:        5.175ns  (logic 1.444ns (27.901%)  route 3.731ns (72.099%))
  Logic Levels:           6  (CARRY4=4 LUT2=2)
  Clock Path Skew:        -0.026ns (DCD - SCD + CPR)
    Destination Clock Delay (DCD):    4.847ns = ( 14.847 - 10.000 ) 
    Source Clock Delay      (SCD):    5.145ns
    Clock Pessimism Removal (CPR):    0.272ns
  Clock Uncertainty:      0.035ns  ((TSJ^2 + TIJ^2)^1/2 + DJ) / 2 + PE
    Total System Jitter     (TSJ):    0.071ns
    Total Input Jitter      (TIJ):    0.000ns
    Discrete Jitter          (DJ):    0.000ns
    Phase Error              (PE):    0.000ns

    Location             Delay type                Incr(ns)  Path(ns)    Netlist Resource(s)
  -------------------------------------------------------------------    -------------------
                         (clock sys_clk_pin rise edge)
                                                      0.000     0.000 r  
    W5                                                0.000     0.000 r  clk (IN)
                         net (fo=0)                   0.000     0.000    clk
    W5                   IBUF (Prop_ibuf_I_O)         1.458     1.458 r  clk_IBUF_inst/O
                         net (fo=1, routed)           1.967     3.425    clk_IBUF
    BUFGCTRL_X0Y0        BUFG (Prop_bufg_I_O)         0.096     3.521 r  clk_IBUF_BUFG_inst/O
                         net (fo=93, routed)          1.624     5.145    clk_IBUF_BUFG
    SLICE_X62Y89         FDRE                                         r  counter_reg[4]/C
  -------------------------------------------------------------------    -------------------
    SLICE_X62Y89         FDRE (Prop_fdre_C_Q)         0.456     5.601 f  counter_reg[4]/Q
                         net (fo=3, routed)           1.091     6.692    counter_reg[4]
    SLICE_X63Y91         LUT2 (Prop_lut2_I0_O)        0.124     6.816 r  index_rep[3]_i_33/O
                         net (fo=1, routed)           0.000     6.816    index_rep[3]_i_33_n_0
    SLICE_X63Y91         CARRY4 (Prop_carry4_S[2]_CO[3])
                                                      0.398     7.214 r  index_reg_rep[3]_i_20/CO[3]
                         net (fo=1, routed)           0.000     7.214    index_reg_rep[3]_i_20_n_0
    SLICE_X63Y92         CARRY4 (Prop_carry4_CI_CO[3])
                                                      0.114     7.328 r  index_reg_rep[3]_i_14/CO[3]
                         net (fo=1, routed)           0.000     7.328    index_reg_rep[3]_i_14_n_0
    SLICE_X63Y93         CARRY4 (Prop_carry4_CI_CO[3])
                                                      0.114     7.442 r  index_reg_rep[3]_i_5/CO[3]
                         net (fo=1, routed)           0.000     7.442    index_reg_rep[3]_i_5_n_0
    SLICE_X63Y94         CARRY4 (Prop_carry4_CI_CO[3])
                                                      0.114     7.556 r  index_reg_rep[3]_i_4/CO[3]
                         net (fo=6, routed)           0.786     8.342    index_reg_rep[3]_i_4_n_0
    SLICE_X63Y98         LUT2 (Prop_lut2_I0_O)        0.124     8.466 r  index_rep[3]_i_2/O
                         net (fo=46, routed)          1.855    10.320    index_rep[3]_i_2_n_0
    SLICE_X62Y88         FDRE                                         r  counter_reg[1]/R
  -------------------------------------------------------------------    -------------------

                         (clock sys_clk_pin rise edge)
                                                     10.000    10.000 r  
    W5                                                0.000    10.000 r  clk (IN)
                         net (fo=0)                   0.000    10.000    clk
    W5                   IBUF (Prop_ibuf_I_O)         1.388    11.388 r  clk_IBUF_inst/O
                         net (fo=1, routed)           1.862    13.250    clk_IBUF
    BUFGCTRL_X0Y0        BUFG (Prop_bufg_I_O)         0.091    13.341 r  clk_IBUF_BUFG_inst/O
                         net (fo=93, routed)          1.506    14.847    clk_IBUF_BUFG
    SLICE_X62Y88         FDRE                                         r  counter_reg[1]/C
                         clock pessimism              0.272    15.119    
                         clock uncertainty           -0.035    15.084    
    SLICE_X62Y88         FDRE (Setup_fdre_C_R)       -0.429    14.655    counter_reg[1]
  -------------------------------------------------------------------
                         required time                         14.655    
                         arrival time                         -10.320    
  -------------------------------------------------------------------
                         slack                                  4.334    





Min Delay Paths
--------------------------------------------------------------------------------------
Slack (MET) :             0.163ns  (arrival time - required time)
  Source:                 index_reg[0]/C
                            (rising edge-triggered cell FDRE clocked by sys_clk_pin  {rise@0.000ns fall@5.000ns period=10.000ns})
  Destination:            done_reg/D
                            (rising edge-triggered cell FDRE clocked by sys_clk_pin  {rise@0.000ns fall@5.000ns period=10.000ns})
  Path Group:             sys_clk_pin
  Path Type:              Hold (Min at Fast Process Corner)
  Requirement:            0.000ns  (sys_clk_pin rise@0.000ns - sys_clk_pin rise@0.000ns)
  Data Path Delay:        0.296ns  (logic 0.186ns (62.765%)  route 0.110ns (37.235%))
  Logic Levels:           1  (LUT6=1)
  Clock Path Skew:        0.013ns (DCD - SCD - CPR)
    Destination Clock Delay (DCD):    1.992ns
    Source Clock Delay      (SCD):    1.477ns
    Clock Pessimism Removal (CPR):    0.502ns

    Location             Delay type                Incr(ns)  Path(ns)    Netlist Resource(s)
  -------------------------------------------------------------------    -------------------
                         (clock sys_clk_pin rise edge)
                                                      0.000     0.000 r  
    W5                                                0.000     0.000 r  clk (IN)
                         net (fo=0)                   0.000     0.000    clk
    W5                   IBUF (Prop_ibuf_I_O)         0.226     0.226 r  clk_IBUF_inst/O
                         net (fo=1, routed)           0.631     0.858    clk_IBUF
    BUFGCTRL_X0Y0        BUFG (Prop_bufg_I_O)         0.026     0.884 r  clk_IBUF_BUFG_inst/O
                         net (fo=93, routed)          0.594     1.477    clk_IBUF_BUFG
    SLICE_X65Y99         FDRE                                         r  index_reg[0]/C
  -------------------------------------------------------------------    -------------------
    SLICE_X65Y99         FDRE (Prop_fdre_C_Q)         0.141     1.618 r  index_reg[0]/Q
                         net (fo=7, routed)           0.110     1.729    index_reg_n_0_[0]
    SLICE_X64Y99         LUT6 (Prop_lut6_I4_O)        0.045     1.774 r  done_i_1/O
                         net (fo=1, routed)           0.000     1.774    done_i_1_n_0
    SLICE_X64Y99         FDRE                                         r  done_reg/D
  -------------------------------------------------------------------    -------------------

                         (clock sys_clk_pin rise edge)
                                                      0.000     0.000 r  
    W5                                                0.000     0.000 r  clk (IN)
                         net (fo=0)                   0.000     0.000    clk
    W5                   IBUF (Prop_ibuf_I_O)         0.414     0.414 r  clk_IBUF_inst/O
                         net (fo=1, routed)           0.685     1.099    clk_IBUF
    BUFGCTRL_X0Y0        BUFG (Prop_bufg_I_O)         0.029     1.128 r  clk_IBUF_BUFG_inst/O
                         net (fo=93, routed)          0.864     1.992    clk_IBUF_BUFG
    SLICE_X64Y99         FDRE                                         r  done_reg/C
                         clock pessimism             -0.502     1.490    
    SLICE_X64Y99         FDRE (Hold_fdre_C_D)         0.120     1.610    done_reg
  -------------------------------------------------------------------
                         required time                         -1.610    
                         arrival time                           1.774    
  -------------------------------------------------------------------
                         slack                                  0.163    

Slack (MET) :             0.211ns  (arrival time - required time)
  Source:                 lcd1/FSM_sequential_state_reg[1]/C
                            (falling edge-triggered cell FDRE clocked by sys_clk_pin  {rise@0.000ns fall@5.000ns period=10.000ns})
  Destination:            lcd1/data_out_reg[2]/D
                            (falling edge-triggered cell FDRE clocked by sys_clk_pin  {rise@0.000ns fall@5.000ns period=10.000ns})
  Path Group:             sys_clk_pin
  Path Type:              Hold (Min at Fast Process Corner)
  Requirement:            0.000ns  (sys_clk_pin fall@5.000ns - sys_clk_pin fall@5.000ns)
  Data Path Delay:        0.338ns  (logic 0.195ns (57.653%)  route 0.143ns (42.347%))
  Logic Levels:           1  (LUT3=1)
  Clock Path Skew:        0.013ns (DCD - SCD - CPR)
    Destination Clock Delay (DCD):    1.992ns = ( 6.992 - 5.000 ) 
    Source Clock Delay      (SCD):    1.477ns = ( 6.477 - 5.000 ) 
    Clock Pessimism Removal (CPR):    0.502ns

    Location             Delay type                Incr(ns)  Path(ns)    Netlist Resource(s)
  -------------------------------------------------------------------    -------------------
                         (clock sys_clk_pin fall edge)
                                                      5.000     5.000 f  
    W5                                                0.000     5.000 f  clk (IN)
                         net (fo=0)                   0.000     5.000    clk
    W5                   IBUF (Prop_ibuf_I_O)         0.226     5.226 f  clk_IBUF_inst/O
                         net (fo=1, routed)           0.631     5.858    clk_IBUF
    BUFGCTRL_X0Y0        BUFG (Prop_bufg_I_O)         0.026     5.884 f  clk_IBUF_BUFG_inst/O
                         net (fo=93, routed)          0.594     6.477    lcd1/clk_IBUF_BUFG
    SLICE_X62Y97         FDRE                                         r  lcd1/FSM_sequential_state_reg[1]/C  (IS_INVERTED)
  -------------------------------------------------------------------    -------------------
    SLICE_X62Y97         FDRE (Prop_fdre_C_Q)         0.146     6.623 r  lcd1/FSM_sequential_state_reg[1]/Q
                         net (fo=13, routed)          0.143     6.766    lcd1/state__0[1]
    SLICE_X63Y97         LUT3 (Prop_lut3_I1_O)        0.049     6.815 r  lcd1/data_out[2]_i_1/O
                         net (fo=1, routed)           0.000     6.815    lcd1/data_out[2]_i_1_n_0
    SLICE_X63Y97         FDRE                                         r  lcd1/data_out_reg[2]/D
  -------------------------------------------------------------------    -------------------

                         (clock sys_clk_pin fall edge)
                                                      5.000     5.000 f  
    W5                                                0.000     5.000 f  clk (IN)
                         net (fo=0)                   0.000     5.000    clk
    W5                   IBUF (Prop_ibuf_I_O)         0.414     5.414 f  clk_IBUF_inst/O
                         net (fo=1, routed)           0.685     6.099    clk_IBUF
    BUFGCTRL_X0Y0        BUFG (Prop_bufg_I_O)         0.029     6.128 f  clk_IBUF_BUFG_inst/O
                         net (fo=93, routed)          0.864     6.992    lcd1/clk_IBUF_BUFG
    SLICE_X63Y97         FDRE                                         r  lcd1/data_out_reg[2]/C  (IS_INVERTED)
                         clock pessimism             -0.502     6.490    
    SLICE_X63Y97         FDRE (Hold_fdre_C_D)         0.114     6.604    lcd1/data_out_reg[2]
  -------------------------------------------------------------------
                         required time                         -6.604    
                         arrival time                           6.815    
  -------------------------------------------------------------------
                         slack                                  0.211    

Slack (MET) :             0.222ns  (arrival time - required time)
  Source:                 lcd1/FSM_sequential_state_reg[1]/C
                            (falling edge-triggered cell FDRE clocked by sys_clk_pin  {rise@0.000ns fall@5.000ns period=10.000ns})
  Destination:            lcd1/data_out_reg[1]/D
                            (falling edge-triggered cell FDRE clocked by sys_clk_pin  {rise@0.000ns fall@5.000ns period=10.000ns})
  Path Group:             sys_clk_pin
  Path Type:              Hold (Min at Fast Process Corner)
  Requirement:            0.000ns  (sys_clk_pin fall@5.000ns - sys_clk_pin fall@5.000ns)
  Data Path Delay:        0.334ns  (logic 0.191ns (57.146%)  route 0.143ns (42.854%))
  Logic Levels:           1  (LUT3=1)
  Clock Path Skew:        0.013ns (DCD - SCD - CPR)
    Destination Clock Delay (DCD):    1.992ns = ( 6.992 - 5.000 ) 
    Source Clock Delay      (SCD):    1.477ns = ( 6.477 - 5.000 ) 
    Clock Pessimism Removal (CPR):    0.502ns

    Location             Delay type                Incr(ns)  Path(ns)    Netlist Resource(s)
  -------------------------------------------------------------------    -------------------
                         (clock sys_clk_pin fall edge)
                                                      5.000     5.000 f  
    W5                                                0.000     5.000 f  clk (IN)
                         net (fo=0)                   0.000     5.000    clk
    W5                   IBUF (Prop_ibuf_I_O)         0.226     5.226 f  clk_IBUF_inst/O
                         net (fo=1, routed)           0.631     5.858    clk_IBUF
    BUFGCTRL_X0Y0        BUFG (Prop_bufg_I_O)         0.026     5.884 f  clk_IBUF_BUFG_inst/O
                         net (fo=93, routed)          0.594     6.477    lcd1/clk_IBUF_BUFG
    SLICE_X62Y97         FDRE                                         r  lcd1/FSM_sequential_state_reg[1]/C  (IS_INVERTED)
  -------------------------------------------------------------------    -------------------
    SLICE_X62Y97         FDRE (Prop_fdre_C_Q)         0.146     6.623 r  lcd1/FSM_sequential_state_reg[1]/Q
                         net (fo=13, routed)          0.143     6.766    lcd1/state__0[1]
    SLICE_X63Y97         LUT3 (Prop_lut3_I1_O)        0.045     6.811 r  lcd1/data_out[1]_i_1/O
                         net (fo=1, routed)           0.000     6.811    lcd1/data_out[1]_i_1_n_0
    SLICE_X63Y97         FDRE                                         r  lcd1/data_out_reg[1]/D
  -------------------------------------------------------------------    -------------------

                         (clock sys_clk_pin fall edge)
                                                      5.000     5.000 f  
    W5                                                0.000     5.000 f  clk (IN)
                         net (fo=0)                   0.000     5.000    clk
    W5                   IBUF (Prop_ibuf_I_O)         0.414     5.414 f  clk_IBUF_inst/O
                         net (fo=1, routed)           0.685     6.099    clk_IBUF
    BUFGCTRL_X0Y0        BUFG (Prop_bufg_I_O)         0.029     6.128 f  clk_IBUF_BUFG_inst/O
                         net (fo=93, routed)          0.864     6.992    lcd1/clk_IBUF_BUFG
    SLICE_X63Y97         FDRE                                         r  lcd1/data_out_reg[1]/C  (IS_INVERTED)
                         clock pessimism             -0.502     6.490    
    SLICE_X63Y97         FDRE (Hold_fdre_C_D)         0.099     6.589    lcd1/data_out_reg[1]
  -------------------------------------------------------------------
                         required time                         -6.589    
                         arrival time                           6.811    
  -------------------------------------------------------------------
                         slack                                  0.222    

Slack (MET) :             0.223ns  (arrival time - required time)
  Source:                 lcd1/init_cnt_reg[0]/C
                            (falling edge-triggered cell FDRE clocked by sys_clk_pin  {rise@0.000ns fall@5.000ns period=10.000ns})
  Destination:            lcd1/data_out_reg[4]/D
                            (falling edge-triggered cell FDRE clocked by sys_clk_pin  {rise@0.000ns fall@5.000ns period=10.000ns})
  Path Group:             sys_clk_pin
  Path Type:              Hold (Min at Fast Process Corner)
  Requirement:            0.000ns  (sys_clk_pin fall@5.000ns - sys_clk_pin fall@5.000ns)
  Data Path Delay:        0.350ns  (logic 0.194ns (55.350%)  route 0.156ns (44.650%))
  Logic Levels:           1  (LUT3=1)
  Clock Path Skew:        0.013ns (DCD - SCD - CPR)
    Destination Clock Delay (DCD):    1.992ns = ( 6.992 - 5.000 ) 
    Source Clock Delay      (SCD):    1.477ns = ( 6.477 - 5.000 ) 
    Clock Pessimism Removal (CPR):    0.502ns

    Location             Delay type                Incr(ns)  Path(ns)    Netlist Resource(s)
  -------------------------------------------------------------------    -------------------
                         (clock sys_clk_pin fall edge)
                                                      5.000     5.000 f  
    W5                                                0.000     5.000 f  clk (IN)
                         net (fo=0)                   0.000     5.000    clk
    W5                   IBUF (Prop_ibuf_I_O)         0.226     5.226 f  clk_IBUF_inst/O
                         net (fo=1, routed)           0.631     5.858    clk_IBUF
    BUFGCTRL_X0Y0        BUFG (Prop_bufg_I_O)         0.026     5.884 f  clk_IBUF_BUFG_inst/O
                         net (fo=93, routed)          0.594     6.477    lcd1/clk_IBUF_BUFG
    SLICE_X62Y97         FDRE                                         r  lcd1/init_cnt_reg[0]/C  (IS_INVERTED)
  -------------------------------------------------------------------    -------------------
    SLICE_X62Y97         FDRE (Prop_fdre_C_Q)         0.146     6.623 f  lcd1/init_cnt_reg[0]/Q
                         net (fo=7, routed)           0.156     6.780    lcd1/init_cnt[0]
    SLICE_X63Y97         LUT3 (Prop_lut3_I0_O)        0.048     6.828 r  lcd1/data_out[4]_i_1/O
                         net (fo=1, routed)           0.000     6.828    lcd1/data_out[4]_i_1_n_0
    SLICE_X63Y97         FDRE                                         r  lcd1/data_out_reg[4]/D
  -------------------------------------------------------------------    -------------------

                         (clock sys_clk_pin fall edge)
                                                      5.000     5.000 f  
    W5                                                0.000     5.000 f  clk (IN)
                         net (fo=0)                   0.000     5.000    clk
    W5                   IBUF (Prop_ibuf_I_O)         0.414     5.414 f  clk_IBUF_inst/O
                         net (fo=1, routed)           0.685     6.099    clk_IBUF
    BUFGCTRL_X0Y0        BUFG (Prop_bufg_I_O)         0.029     6.128 f  clk_IBUF_BUFG_inst/O
                         net (fo=93, routed)          0.864     6.992    lcd1/clk_IBUF_BUFG
    SLICE_X63Y97         FDRE                                         r  lcd1/data_out_reg[4]/C  (IS_INVERTED)
                         clock pessimism             -0.502     6.490    
    SLICE_X63Y97         FDRE (Hold_fdre_C_D)         0.114     6.604    lcd1/data_out_reg[4]
  -------------------------------------------------------------------
                         required time                         -6.604    
                         arrival time                           6.828    
  -------------------------------------------------------------------
                         slack                                  0.223    

Slack (MET) :             0.236ns  (arrival time - required time)
  Source:                 lcd1/init_cnt_reg[0]/C
                            (falling edge-triggered cell FDRE clocked by sys_clk_pin  {rise@0.000ns fall@5.000ns period=10.000ns})
  Destination:            lcd1/data_out_reg[0]/D
                            (falling edge-triggered cell FDRE clocked by sys_clk_pin  {rise@0.000ns fall@5.000ns period=10.000ns})
  Path Group:             sys_clk_pin
  Path Type:              Hold (Min at Fast Process Corner)
  Requirement:            0.000ns  (sys_clk_pin fall@5.000ns - sys_clk_pin fall@5.000ns)
  Data Path Delay:        0.347ns  (logic 0.191ns (54.964%)  route 0.156ns (45.036%))
  Logic Levels:           1  (LUT3=1)
  Clock Path Skew:        0.013ns (DCD - SCD - CPR)
    Destination Clock Delay (DCD):    1.992ns = ( 6.992 - 5.000 ) 
    Source Clock Delay      (SCD):    1.477ns = ( 6.477 - 5.000 ) 
    Clock Pessimism Removal (CPR):    0.502ns

    Location             Delay type                Incr(ns)  Path(ns)    Netlist Resource(s)
  -------------------------------------------------------------------    -------------------
                         (clock sys_clk_pin fall edge)
                                                      5.000     5.000 f  
    W5                                                0.000     5.000 f  clk (IN)
                         net (fo=0)                   0.000     5.000    clk
    W5                   IBUF (Prop_ibuf_I_O)         0.226     5.226 f  clk_IBUF_inst/O
                         net (fo=1, routed)           0.631     5.858    clk_IBUF
    BUFGCTRL_X0Y0        BUFG (Prop_bufg_I_O)         0.026     5.884 f  clk_IBUF_BUFG_inst/O
                         net (fo=93, routed)          0.594     6.477    lcd1/clk_IBUF_BUFG
    SLICE_X62Y97         FDRE                                         r  lcd1/init_cnt_reg[0]/C  (IS_INVERTED)
  -------------------------------------------------------------------    -------------------
    SLICE_X62Y97         FDRE (Prop_fdre_C_Q)         0.146     6.623 r  lcd1/init_cnt_reg[0]/Q
                         net (fo=7, routed)           0.156     6.780    lcd1/init_cnt[0]
    SLICE_X63Y97         LUT3 (Prop_lut3_I2_O)        0.045     6.825 r  lcd1/data_out[0]_i_1/O
                         net (fo=1, routed)           0.000     6.825    lcd1/data_out[0]_i_1_n_0
    SLICE_X63Y97         FDRE                                         r  lcd1/data_out_reg[0]/D
  -------------------------------------------------------------------    -------------------

                         (clock sys_clk_pin fall edge)
                                                      5.000     5.000 f  
    W5                                                0.000     5.000 f  clk (IN)
                         net (fo=0)                   0.000     5.000    clk
    W5                   IBUF (Prop_ibuf_I_O)         0.414     5.414 f  clk_IBUF_inst/O
                         net (fo=1, routed)           0.685     6.099    clk_IBUF
    BUFGCTRL_X0Y0        BUFG (Prop_bufg_I_O)         0.029     6.128 f  clk_IBUF_BUFG_inst/O
                         net (fo=93, routed)          0.864     6.992    lcd1/clk_IBUF_BUFG
    SLICE_X63Y97         FDRE                                         r  lcd1/data_out_reg[0]/C  (IS_INVERTED)
                         clock pessimism             -0.502     6.490    
    SLICE_X63Y97         FDRE (Hold_fdre_C_D)         0.098     6.588    lcd1/data_out_reg[0]
  -------------------------------------------------------------------
                         required time                         -6.588    
                         arrival time                           6.825    
  -------------------------------------------------------------------
                         slack                                  0.236    

Slack (MET) :             0.252ns  (arrival time - required time)
  Source:                 done_reg/C
                            (rising edge-triggered cell FDRE clocked by sys_clk_pin  {rise@0.000ns fall@5.000ns period=10.000ns})
  Destination:            data_in_reg[5]/D
                            (rising edge-triggered cell FDRE clocked by sys_clk_pin  {rise@0.000ns fall@5.000ns period=10.000ns})
  Path Group:             sys_clk_pin
  Path Type:              Hold (Min at Fast Process Corner)
  Requirement:            0.000ns  (sys_clk_pin rise@0.000ns - sys_clk_pin rise@0.000ns)
  Data Path Delay:        0.360ns  (logic 0.209ns (58.107%)  route 0.151ns (41.893%))
  Logic Levels:           1  (LUT6=1)
  Clock Path Skew:        0.016ns (DCD - SCD - CPR)
    Destination Clock Delay (DCD):    1.992ns
    Source Clock Delay      (SCD):    1.477ns
    Clock Pessimism Removal (CPR):    0.499ns

    Location             Delay type                Incr(ns)  Path(ns)    Netlist Resource(s)
  -------------------------------------------------------------------    -------------------
                         (clock sys_clk_pin rise edge)
                                                      0.000     0.000 r  
    W5                                                0.000     0.000 r  clk (IN)
                         net (fo=0)                   0.000     0.000    clk
    W5                   IBUF (Prop_ibuf_I_O)         0.226     0.226 r  clk_IBUF_inst/O
                         net (fo=1, routed)           0.631     0.858    clk_IBUF
    BUFGCTRL_X0Y0        BUFG (Prop_bufg_I_O)         0.026     0.884 r  clk_IBUF_BUFG_inst/O
                         net (fo=93, routed)          0.594     1.477    clk_IBUF_BUFG
    SLICE_X64Y99         FDRE                                         r  done_reg/C
  -------------------------------------------------------------------    -------------------
    SLICE_X64Y99         FDRE (Prop_fdre_C_Q)         0.164     1.641 r  done_reg/Q
                         net (fo=7, routed)           0.151     1.792    done
    SLICE_X63Y98         LUT6 (Prop_lut6_I4_O)        0.045     1.837 r  data_in[5]_i_1/O
                         net (fo=1, routed)           0.000     1.837    data_in[5]_i_1_n_0
    SLICE_X63Y98         FDRE                                         r  data_in_reg[5]/D
  -------------------------------------------------------------------    -------------------

                         (clock sys_clk_pin rise edge)
                                                      0.000     0.000 r  
    W5                                                0.000     0.000 r  clk (IN)
                         net (fo=0)                   0.000     0.000    clk
    W5                   IBUF (Prop_ibuf_I_O)         0.414     0.414 r  clk_IBUF_inst/O
                         net (fo=1, routed)           0.685     1.099    clk_IBUF
    BUFGCTRL_X0Y0        BUFG (Prop_bufg_I_O)         0.029     1.128 r  clk_IBUF_BUFG_inst/O
                         net (fo=93, routed)          0.864     1.992    clk_IBUF_BUFG
    SLICE_X63Y98         FDRE                                         r  data_in_reg[5]/C
                         clock pessimism             -0.499     1.493    
    SLICE_X63Y98         FDRE (Hold_fdre_C_D)         0.092     1.585    data_in_reg[5]
  -------------------------------------------------------------------
                         required time                         -1.585    
                         arrival time                           1.837    
  -------------------------------------------------------------------
                         slack                                  0.252    

Slack (MET) :             0.280ns  (arrival time - required time)
  Source:                 counter_reg[22]/C
                            (rising edge-triggered cell FDRE clocked by sys_clk_pin  {rise@0.000ns fall@5.000ns period=10.000ns})
  Destination:            counter_reg[22]/D
                            (rising edge-triggered cell FDRE clocked by sys_clk_pin  {rise@0.000ns fall@5.000ns period=10.000ns})
  Path Group:             sys_clk_pin
  Path Type:              Hold (Min at Fast Process Corner)
  Requirement:            0.000ns  (sys_clk_pin rise@0.000ns - sys_clk_pin rise@0.000ns)
  Data Path Delay:        0.385ns  (logic 0.252ns (65.529%)  route 0.133ns (34.471%))
  Logic Levels:           1  (CARRY4=1)
  Clock Path Skew:        0.000ns (DCD - SCD - CPR)
    Destination Clock Delay (DCD):    1.991ns
    Source Clock Delay      (SCD):    1.476ns
    Clock Pessimism Removal (CPR):    0.515ns

    Location             Delay type                Incr(ns)  Path(ns)    Netlist Resource(s)
  -------------------------------------------------------------------    -------------------
                         (clock sys_clk_pin rise edge)
                                                      0.000     0.000 r  
    W5                                                0.000     0.000 r  clk (IN)
                         net (fo=0)                   0.000     0.000    clk
    W5                   IBUF (Prop_ibuf_I_O)         0.226     0.226 r  clk_IBUF_inst/O
                         net (fo=1, routed)           0.631     0.858    clk_IBUF
    BUFGCTRL_X0Y0        BUFG (Prop_bufg_I_O)         0.026     0.884 r  clk_IBUF_BUFG_inst/O
                         net (fo=93, routed)          0.593     1.476    clk_IBUF_BUFG
    SLICE_X62Y93         FDRE                                         r  counter_reg[22]/C
  -------------------------------------------------------------------    -------------------
    SLICE_X62Y93         FDRE (Prop_fdre_C_Q)         0.141     1.617 r  counter_reg[22]/Q
                         net (fo=2, routed)           0.133     1.750    counter_reg[22]
    SLICE_X62Y93         CARRY4 (Prop_carry4_S[2]_O[2])
                                                      0.111     1.861 r  counter_reg[20]_i_1/O[2]
                         net (fo=1, routed)           0.000     1.861    counter_reg[20]_i_1_n_5
    SLICE_X62Y93         FDRE                                         r  counter_reg[22]/D
  -------------------------------------------------------------------    -------------------

                         (clock sys_clk_pin rise edge)
                                                      0.000     0.000 r  
    W5                                                0.000     0.000 r  clk (IN)
                         net (fo=0)                   0.000     0.000    clk
    W5                   IBUF (Prop_ibuf_I_O)         0.414     0.414 r  clk_IBUF_inst/O
                         net (fo=1, routed)           0.685     1.099    clk_IBUF
    BUFGCTRL_X0Y0        BUFG (Prop_bufg_I_O)         0.029     1.128 r  clk_IBUF_BUFG_inst/O
                         net (fo=93, routed)          0.863     1.991    clk_IBUF_BUFG
    SLICE_X62Y93         FDRE                                         r  counter_reg[22]/C
                         clock pessimism             -0.515     1.476    
    SLICE_X62Y93         FDRE (Hold_fdre_C_D)         0.105     1.581    counter_reg[22]
  -------------------------------------------------------------------
                         required time                         -1.581    
                         arrival time                           1.861    
  -------------------------------------------------------------------
                         slack                                  0.280    

Slack (MET) :             0.281ns  (arrival time - required time)
  Source:                 counter_reg[26]/C
                            (rising edge-triggered cell FDRE clocked by sys_clk_pin  {rise@0.000ns fall@5.000ns period=10.000ns})
  Destination:            counter_reg[26]/D
                            (rising edge-triggered cell FDRE clocked by sys_clk_pin  {rise@0.000ns fall@5.000ns period=10.000ns})
  Path Group:             sys_clk_pin
  Path Type:              Hold (Min at Fast Process Corner)
  Requirement:            0.000ns  (sys_clk_pin rise@0.000ns - sys_clk_pin rise@0.000ns)
  Data Path Delay:        0.386ns  (logic 0.252ns (65.354%)  route 0.134ns (34.646%))
  Logic Levels:           1  (CARRY4=1)
  Clock Path Skew:        0.000ns (DCD - SCD - CPR)
    Destination Clock Delay (DCD):    1.991ns
    Source Clock Delay      (SCD):    1.476ns
    Clock Pessimism Removal (CPR):    0.515ns

    Location             Delay type                Incr(ns)  Path(ns)    Netlist Resource(s)
  -------------------------------------------------------------------    -------------------
                         (clock sys_clk_pin rise edge)
                                                      0.000     0.000 r  
    W5                                                0.000     0.000 r  clk (IN)
                         net (fo=0)                   0.000     0.000    clk
    W5                   IBUF (Prop_ibuf_I_O)         0.226     0.226 r  clk_IBUF_inst/O
                         net (fo=1, routed)           0.631     0.858    clk_IBUF
    BUFGCTRL_X0Y0        BUFG (Prop_bufg_I_O)         0.026     0.884 r  clk_IBUF_BUFG_inst/O
                         net (fo=93, routed)          0.593     1.476    clk_IBUF_BUFG
    SLICE_X62Y94         FDRE                                         r  counter_reg[26]/C
  -------------------------------------------------------------------    -------------------
    SLICE_X62Y94         FDRE (Prop_fdre_C_Q)         0.141     1.617 r  counter_reg[26]/Q
                         net (fo=3, routed)           0.134     1.751    counter_reg[26]
    SLICE_X62Y94         CARRY4 (Prop_carry4_S[2]_O[2])
                                                      0.111     1.862 r  counter_reg[24]_i_1/O[2]
                         net (fo=1, routed)           0.000     1.862    counter_reg[24]_i_1_n_5
    SLICE_X62Y94         FDRE                                         r  counter_reg[26]/D
  -------------------------------------------------------------------    -------------------

                         (clock sys_clk_pin rise edge)
                                                      0.000     0.000 r  
    W5                                                0.000     0.000 r  clk (IN)
                         net (fo=0)                   0.000     0.000    clk
    W5                   IBUF (Prop_ibuf_I_O)         0.414     0.414 r  clk_IBUF_inst/O
                         net (fo=1, routed)           0.685     1.099    clk_IBUF
    BUFGCTRL_X0Y0        BUFG (Prop_bufg_I_O)         0.029     1.128 r  clk_IBUF_BUFG_inst/O
                         net (fo=93, routed)          0.863     1.991    clk_IBUF_BUFG
    SLICE_X62Y94         FDRE                                         r  counter_reg[26]/C
                         clock pessimism             -0.515     1.476    
    SLICE_X62Y94         FDRE (Hold_fdre_C_D)         0.105     1.581    counter_reg[26]
  -------------------------------------------------------------------
                         required time                         -1.581    
                         arrival time                           1.862    
  -------------------------------------------------------------------
                         slack                                  0.281    

Slack (MET) :             0.281ns  (arrival time - required time)
  Source:                 counter_reg[30]/C
                            (rising edge-triggered cell FDRE clocked by sys_clk_pin  {rise@0.000ns fall@5.000ns period=10.000ns})
  Destination:            counter_reg[30]/D
                            (rising edge-triggered cell FDRE clocked by sys_clk_pin  {rise@0.000ns fall@5.000ns period=10.000ns})
  Path Group:             sys_clk_pin
  Path Type:              Hold (Min at Fast Process Corner)
  Requirement:            0.000ns  (sys_clk_pin rise@0.000ns - sys_clk_pin rise@0.000ns)
  Data Path Delay:        0.386ns  (logic 0.252ns (65.354%)  route 0.134ns (34.646%))
  Logic Levels:           1  (CARRY4=1)
  Clock Path Skew:        0.000ns (DCD - SCD - CPR)
    Destination Clock Delay (DCD):    1.991ns
    Source Clock Delay      (SCD):    1.476ns
    Clock Pessimism Removal (CPR):    0.515ns

    Location             Delay type                Incr(ns)  Path(ns)    Netlist Resource(s)
  -------------------------------------------------------------------    -------------------
                         (clock sys_clk_pin rise edge)
                                                      0.000     0.000 r  
    W5                                                0.000     0.000 r  clk (IN)
                         net (fo=0)                   0.000     0.000    clk
    W5                   IBUF (Prop_ibuf_I_O)         0.226     0.226 r  clk_IBUF_inst/O
                         net (fo=1, routed)           0.631     0.858    clk_IBUF
    BUFGCTRL_X0Y0        BUFG (Prop_bufg_I_O)         0.026     0.884 r  clk_IBUF_BUFG_inst/O
                         net (fo=93, routed)          0.593     1.476    clk_IBUF_BUFG
    SLICE_X62Y95         FDRE                                         r  counter_reg[30]/C
  -------------------------------------------------------------------    -------------------
    SLICE_X62Y95         FDRE (Prop_fdre_C_Q)         0.141     1.617 r  counter_reg[30]/Q
                         net (fo=3, routed)           0.134     1.751    counter_reg[30]
    SLICE_X62Y95         CARRY4 (Prop_carry4_S[2]_O[2])
                                                      0.111     1.862 r  counter_reg[28]_i_1/O[2]
                         net (fo=1, routed)           0.000     1.862    counter_reg[28]_i_1_n_5
    SLICE_X62Y95         FDRE                                         r  counter_reg[30]/D
  -------------------------------------------------------------------    -------------------

                         (clock sys_clk_pin rise edge)
                                                      0.000     0.000 r  
    W5                                                0.000     0.000 r  clk (IN)
                         net (fo=0)                   0.000     0.000    clk
    W5                   IBUF (Prop_ibuf_I_O)         0.414     0.414 r  clk_IBUF_inst/O
                         net (fo=1, routed)           0.685     1.099    clk_IBUF
    BUFGCTRL_X0Y0        BUFG (Prop_bufg_I_O)         0.029     1.128 r  clk_IBUF_BUFG_inst/O
                         net (fo=93, routed)          0.863     1.991    clk_IBUF_BUFG
    SLICE_X62Y95         FDRE                                         r  counter_reg[30]/C
                         clock pessimism             -0.515     1.476    
    SLICE_X62Y95         FDRE (Hold_fdre_C_D)         0.105     1.581    counter_reg[30]
  -------------------------------------------------------------------
                         required time                         -1.581    
                         arrival time                           1.862    
  -------------------------------------------------------------------
                         slack                                  0.281    

Slack (MET) :             0.281ns  (arrival time - required time)
  Source:                 counter_reg[14]/C
                            (rising edge-triggered cell FDRE clocked by sys_clk_pin  {rise@0.000ns fall@5.000ns period=10.000ns})
  Destination:            counter_reg[14]/D
                            (rising edge-triggered cell FDRE clocked by sys_clk_pin  {rise@0.000ns fall@5.000ns period=10.000ns})
  Path Group:             sys_clk_pin
  Path Type:              Hold (Min at Fast Process Corner)
  Requirement:            0.000ns  (sys_clk_pin rise@0.000ns - sys_clk_pin rise@0.000ns)
  Data Path Delay:        0.386ns  (logic 0.252ns (65.354%)  route 0.134ns (34.646%))
  Logic Levels:           1  (CARRY4=1)
  Clock Path Skew:        0.000ns (DCD - SCD - CPR)
    Destination Clock Delay (DCD):    1.990ns
    Source Clock Delay      (SCD):    1.475ns
    Clock Pessimism Removal (CPR):    0.515ns

    Location             Delay type                Incr(ns)  Path(ns)    Netlist Resource(s)
  -------------------------------------------------------------------    -------------------
                         (clock sys_clk_pin rise edge)
                                                      0.000     0.000 r  
    W5                                                0.000     0.000 r  clk (IN)
                         net (fo=0)                   0.000     0.000    clk
    W5                   IBUF (Prop_ibuf_I_O)         0.226     0.226 r  clk_IBUF_inst/O
                         net (fo=1, routed)           0.631     0.858    clk_IBUF
    BUFGCTRL_X0Y0        BUFG (Prop_bufg_I_O)         0.026     0.884 r  clk_IBUF_BUFG_inst/O
                         net (fo=93, routed)          0.592     1.475    clk_IBUF_BUFG
    SLICE_X62Y91         FDRE                                         r  counter_reg[14]/C
  -------------------------------------------------------------------    -------------------
    SLICE_X62Y91         FDRE (Prop_fdre_C_Q)         0.141     1.616 r  counter_reg[14]/Q
                         net (fo=3, routed)           0.134     1.750    counter_reg[14]
    SLICE_X62Y91         CARRY4 (Prop_carry4_S[2]_O[2])
                                                      0.111     1.861 r  counter_reg[12]_i_1/O[2]
                         net (fo=1, routed)           0.000     1.861    counter_reg[12]_i_1_n_5
    SLICE_X62Y91         FDRE                                         r  counter_reg[14]/D
  -------------------------------------------------------------------    -------------------

                         (clock sys_clk_pin rise edge)
                                                      0.000     0.000 r  
    W5                                                0.000     0.000 r  clk (IN)
                         net (fo=0)                   0.000     0.000    clk
    W5                   IBUF (Prop_ibuf_I_O)         0.414     0.414 r  clk_IBUF_inst/O
                         net (fo=1, routed)           0.685     1.099    clk_IBUF
    BUFGCTRL_X0Y0        BUFG (Prop_bufg_I_O)         0.029     1.128 r  clk_IBUF_BUFG_inst/O
                         net (fo=93, routed)          0.862     1.990    clk_IBUF_BUFG
    SLICE_X62Y91         FDRE                                         r  counter_reg[14]/C
                         clock pessimism             -0.515     1.475    
    SLICE_X62Y91         FDRE (Hold_fdre_C_D)         0.105     1.580    counter_reg[14]
  -------------------------------------------------------------------
                         required time                         -1.580    
                         arrival time                           1.861    
  -------------------------------------------------------------------
                         slack                                  0.281    





Pulse Width Checks
--------------------------------------------------------------------------------------
Clock Name:         sys_clk_pin
Waveform(ns):       { 0.000 5.000 }
Period(ns):         10.000
Sources:            { clk }

Check Type        Corner  Lib Pin  Reference Pin  Required(ns)  Actual(ns)  Slack(ns)  Location       Pin
Min Period        n/a     BUFG/I   n/a            2.155         10.000      7.845      BUFGCTRL_X0Y0  clk_IBUF_BUFG_inst/I
Min Period        n/a     FDRE/C   n/a            1.000         10.000      9.000      SLICE_X62Y88   counter_reg[0]/C
Min Period        n/a     FDRE/C   n/a            1.000         10.000      9.000      SLICE_X62Y90   counter_reg[10]/C
Min Period        n/a     FDRE/C   n/a            1.000         10.000      9.000      SLICE_X62Y90   counter_reg[11]/C
Min Period        n/a     FDRE/C   n/a            1.000         10.000      9.000      SLICE_X62Y91   counter_reg[12]/C
Min Period        n/a     FDRE/C   n/a            1.000         10.000      9.000      SLICE_X62Y91   counter_reg[13]/C
Min Period        n/a     FDRE/C   n/a            1.000         10.000      9.000      SLICE_X62Y91   counter_reg[14]/C
Min Period        n/a     FDRE/C   n/a            1.000         10.000      9.000      SLICE_X62Y91   counter_reg[15]/C
Min Period        n/a     FDRE/C   n/a            1.000         10.000      9.000      SLICE_X62Y92   counter_reg[16]/C
Min Period        n/a     FDRE/C   n/a            1.000         10.000      9.000      SLICE_X62Y92   counter_reg[17]/C
Low Pulse Width   Slow    FDRE/C   n/a            0.500         5.000       4.500      SLICE_X62Y88   counter_reg[0]/C
Low Pulse Width   Slow    FDRE/C   n/a            0.500         5.000       4.500      SLICE_X62Y88   counter_reg[1]/C
Low Pulse Width   Slow    FDRE/C   n/a            0.500         5.000       4.500      SLICE_X62Y88   counter_reg[2]/C
Low Pulse Width   Slow    FDRE/C   n/a            0.500         5.000       4.500      SLICE_X62Y88   counter_reg[3]/C
Low Pulse Width   Slow    FDRE/C   n/a            0.500         5.000       4.500      SLICE_X62Y90   counter_reg[10]/C
Low Pulse Width   Slow    FDRE/C   n/a            0.500         5.000       4.500      SLICE_X62Y90   counter_reg[11]/C
Low Pulse Width   Slow    FDRE/C   n/a            0.500         5.000       4.500      SLICE_X62Y89   counter_reg[4]/C
Low Pulse Width   Slow    FDRE/C   n/a            0.500         5.000       4.500      SLICE_X62Y89   counter_reg[5]/C
Low Pulse Width   Slow    FDRE/C   n/a            0.500         5.000       4.500      SLICE_X62Y89   counter_reg[6]/C
Low Pulse Width   Slow    FDRE/C   n/a            0.500         5.000       4.500      SLICE_X62Y89   counter_reg[7]/C
High Pulse Width  Slow    FDRE/C   n/a            0.500         5.000       4.500      SLICE_X62Y91   counter_reg[12]/C
High Pulse Width  Slow    FDRE/C   n/a            0.500         5.000       4.500      SLICE_X62Y91   counter_reg[13]/C
High Pulse Width  Slow    FDRE/C   n/a            0.500         5.000       4.500      SLICE_X62Y91   counter_reg[14]/C
High Pulse Width  Slow    FDRE/C   n/a            0.500         5.000       4.500      SLICE_X62Y91   counter_reg[15]/C
High Pulse Width  Slow    FDRE/C   n/a            0.500         5.000       4.500      SLICE_X62Y92   counter_reg[16]/C
High Pulse Width  Slow    FDRE/C   n/a            0.500         5.000       4.500      SLICE_X62Y92   counter_reg[17]/C
High Pulse Width  Slow    FDRE/C   n/a            0.500         5.000       4.500      SLICE_X62Y92   counter_reg[18]/C
High Pulse Width  Slow    FDRE/C   n/a            0.500         5.000       4.500      SLICE_X62Y92   counter_reg[19]/C
High Pulse Width  Slow    FDRE/C   n/a            0.500         5.000       4.500      SLICE_X62Y93   counter_reg[20]/C
High Pulse Width  Slow    FDRE/C   n/a            0.500         5.000       4.500      SLICE_X62Y93   counter_reg[21]/C



