Copyright 1986-2018 Xilinx, Inc. All Rights Reserved.
--------------------------------------------------------------------------------------------------------------------------------------------------------------------------------------------------------
| Tool Version : Vivado v.2018.3 (win64) Build 2405991 Thu Dec  6 23:38:27 MST 2018
| Date         : Fri Feb 27 17:43:52 2026
| Host         : BH610-DRZVK84 running 64-bit major release  (build 9200)
| Command      : report_timing_summary -max_paths 10 -file UART_tx_top_timing_summary_routed.rpt -pb UART_tx_top_timing_summary_routed.pb -rpx UART_tx_top_timing_summary_routed.rpx -warn_on_violation
| Design       : UART_tx_top
| Device       : 7a35t-cpg236
| Speed File   : -1  PRODUCTION 1.23 2018-06-13
--------------------------------------------------------------------------------------------------------------------------------------------------------------------------------------------------------

Timing Summary Report

------------------------------------------------------------------------------------------------
| Timer Settings
| --------------
------------------------------------------------------------------------------------------------

  Enable Multi Corner Analysis               :  Yes
  Enable Pessimism Removal                   :  Yes
  Pessimism Removal Resolution               :  Nearest Common Node
  Enable Input Delay Default Clock           :  No
  Enable Preset / Clear Arcs                 :  No
  Disable Flight Delays                      :  No
  Ignore I/O Paths                           :  No
  Timing Early Launch at Borrowing Latches   :  false

  Corner  Analyze    Analyze    
  Name    Max Paths  Min Paths  
  ------  ---------  ---------  
  Slow    Yes        Yes        
  Fast    Yes        Yes        



check_timing report

Table of Contents
-----------------
1. checking no_clock
2. checking constant_clock
3. checking pulse_width_clock
4. checking unconstrained_internal_endpoints
5. checking no_input_delay
6. checking no_output_delay
7. checking multiple_clock
8. checking generated_clocks
9. checking loops
10. checking partial_input_delay
11. checking partial_output_delay
12. checking latch_loops

1. checking no_clock
--------------------
 There are 0 register/latch pins with no clock.


2. checking constant_clock
--------------------------
 There are 0 register/latch pins with constant_clock.


3. checking pulse_width_clock
-----------------------------
 There are 0 register/latch pins which need pulse_width check


4. checking unconstrained_internal_endpoints
--------------------------------------------
 There are 0 pins that are not constrained for maximum delay.

 There are 0 pins that are not constrained for maximum delay due to constant clock.


5. checking no_input_delay
--------------------------
 There is 1 input port with no input delay specified. (HIGH)

 There are 0 input ports with no input delay but user has a false path constraint.


6. checking no_output_delay
---------------------------
 There is 1 port with no output delay specified. (HIGH)

 There are 0 ports with no output delay but user has a false path constraint

 There are 0 ports with no output delay but with a timing clock defined on it or propagating through it


7. checking multiple_clock
--------------------------
 There are 0 register/latch pins with multiple clocks.


8. checking generated_clocks
----------------------------
 There are 0 generated clocks that are not connected to a clock source.


9. checking loops
-----------------
 There are 0 combinational loops in the design.


10. checking partial_input_delay
--------------------------------
 There are 0 input ports with partial input delay specified.


11. checking partial_output_delay
---------------------------------
 There are 0 ports with partial output delay specified.


12. checking latch_loops
------------------------
 There are 0 combinational latch loops in the design through latch input



------------------------------------------------------------------------------------------------
| Design Timing Summary
| ---------------------
------------------------------------------------------------------------------------------------

    WNS(ns)      TNS(ns)  TNS Failing Endpoints  TNS Total Endpoints      WHS(ns)      THS(ns)  THS Failing Endpoints  THS Total Endpoints     WPWS(ns)     TPWS(ns)  TPWS Failing Endpoints  TPWS Total Endpoints  
    -------      -------  ---------------------  -------------------      -------      -------  ---------------------  -------------------     --------     --------  ----------------------  --------------------  
      5.035        0.000                      0                  262        0.174        0.000                      0                  262        4.500        0.000                       0                   101  


All user specified timing constraints are met.


------------------------------------------------------------------------------------------------
| Clock Summary
| -------------
------------------------------------------------------------------------------------------------

Clock        Waveform(ns)       Period(ns)      Frequency(MHz)
-----        ------------       ----------      --------------
sys_clk_pin  {0.000 5.000}      10.000          100.000         


------------------------------------------------------------------------------------------------
| Intra Clock Table
| -----------------
------------------------------------------------------------------------------------------------

Clock             WNS(ns)      TNS(ns)  TNS Failing Endpoints  TNS Total Endpoints      WHS(ns)      THS(ns)  THS Failing Endpoints  THS Total Endpoints     WPWS(ns)     TPWS(ns)  TPWS Failing Endpoints  TPWS Total Endpoints  
-----             -------      -------  ---------------------  -------------------      -------      -------  ---------------------  -------------------     --------     --------  ----------------------  --------------------  
sys_clk_pin         5.035        0.000                      0                  262        0.174        0.000                      0                  262        4.500        0.000                       0                   101  


------------------------------------------------------------------------------------------------
| Inter Clock Table
| -----------------
------------------------------------------------------------------------------------------------

From Clock    To Clock          WNS(ns)      TNS(ns)  TNS Failing Endpoints  TNS Total Endpoints      WHS(ns)      THS(ns)  THS Failing Endpoints  THS Total Endpoints  
----------    --------          -------      -------  ---------------------  -------------------      -------      -------  ---------------------  -------------------  


------------------------------------------------------------------------------------------------
| Other Path Groups Table
| -----------------------
------------------------------------------------------------------------------------------------

Path Group    From Clock    To Clock          WNS(ns)      TNS(ns)  TNS Failing Endpoints  TNS Total Endpoints      WHS(ns)      THS(ns)  THS Failing Endpoints  THS Total Endpoints  
----------    ----------    --------          -------      -------  ---------------------  -------------------      -------      -------  ---------------------  -------------------  


------------------------------------------------------------------------------------------------
| Timing Details
| --------------
------------------------------------------------------------------------------------------------


---------------------------------------------------------------------------------------------------
From Clock:  sys_clk_pin
  To Clock:  sys_clk_pin

Setup :            0  Failing Endpoints,  Worst Slack        5.035ns,  Total Violation        0.000ns
Hold  :            0  Failing Endpoints,  Worst Slack        0.174ns,  Total Violation        0.000ns
PW    :            0  Failing Endpoints,  Worst Slack        4.500ns,  Total Violation        0.000ns
---------------------------------------------------------------------------------------------------


Max Delay Paths
--------------------------------------------------------------------------------------
Slack (MET) :             5.035ns  (required time - arrival time)
  Source:                 uart/timer_reg[28]/C
                            (rising edge-triggered cell FDRE clocked by sys_clk_pin  {rise@0.000ns fall@5.000ns period=10.000ns})
  Destination:            uart/timer_reg[1]/R
                            (rising edge-triggered cell FDRE clocked by sys_clk_pin  {rise@0.000ns fall@5.000ns period=10.000ns})
  Path Group:             sys_clk_pin
  Path Type:              Setup (Max at Slow Process Corner)
  Requirement:            10.000ns  (sys_clk_pin rise@10.000ns - sys_clk_pin rise@0.000ns)
  Data Path Delay:        4.478ns  (logic 1.056ns (23.583%)  route 3.422ns (76.417%))
  Logic Levels:           3  (LUT4=1 LUT5=1 LUT6=1)
  Clock Path Skew:        -0.023ns (DCD - SCD + CPR)
    Destination Clock Delay (DCD):    4.850ns = ( 14.850 - 10.000 ) 
    Source Clock Delay      (SCD):    5.145ns
    Clock Pessimism Removal (CPR):    0.272ns
  Clock Uncertainty:      0.035ns  ((TSJ^2 + TIJ^2)^1/2 + DJ) / 2 + PE
    Total System Jitter     (TSJ):    0.071ns
    Total Input Jitter      (TIJ):    0.000ns
    Discrete Jitter          (DJ):    0.000ns
    Phase Error              (PE):    0.000ns

    Location             Delay type                Incr(ns)  Path(ns)    Netlist Resource(s)
  -------------------------------------------------------------------    -------------------
                         (clock sys_clk_pin rise edge)
                                                      0.000     0.000 r  
    W5                                                0.000     0.000 r  clk (IN)
                         net (fo=0)                   0.000     0.000    clk
    W5                   IBUF (Prop_ibuf_I_O)         1.458     1.458 r  clk_IBUF_inst/O
                         net (fo=1, routed)           1.967     3.425    clk_IBUF
    BUFGCTRL_X0Y0        BUFG (Prop_bufg_I_O)         0.096     3.521 r  clk_IBUF_BUFG_inst/O
                         net (fo=100, routed)         1.624     5.145    uart/clk_IBUF_BUFG
    SLICE_X3Y59          FDRE                                         r  uart/timer_reg[28]/C
  -------------------------------------------------------------------    -------------------
    SLICE_X3Y59          FDRE (Prop_fdre_C_Q)         0.456     5.601 f  uart/timer_reg[28]/Q
                         net (fo=2, routed)           0.833     6.434    uart/timer[28]
    SLICE_X2Y58          LUT4 (Prop_lut4_I0_O)        0.124     6.558 f  uart/FSM_onehot_state[2]_i_5/O
                         net (fo=2, routed)           1.127     7.685    uart/FSM_onehot_state[2]_i_5_n_0
    SLICE_X2Y54          LUT5 (Prop_lut5_I4_O)        0.148     7.833 f  uart/FSM_onehot_state[2]_i_2/O
                         net (fo=4, routed)           0.767     8.601    uart/FSM_onehot_state[2]_i_2_n_0
    SLICE_X4Y56          LUT6 (Prop_lut6_I0_O)        0.328     8.929 r  uart/timer[31]_i_1/O
                         net (fo=32, routed)          0.694     9.623    uart/timer[31]_i_1_n_0
    SLICE_X3Y53          FDRE                                         r  uart/timer_reg[1]/R
  -------------------------------------------------------------------    -------------------

                         (clock sys_clk_pin rise edge)
                                                     10.000    10.000 r  
    W5                                                0.000    10.000 r  clk (IN)
                         net (fo=0)                   0.000    10.000    clk
    W5                   IBUF (Prop_ibuf_I_O)         1.388    11.388 r  clk_IBUF_inst/O
                         net (fo=1, routed)           1.862    13.250    clk_IBUF
    BUFGCTRL_X0Y0        BUFG (Prop_bufg_I_O)         0.091    13.341 r  clk_IBUF_BUFG_inst/O
                         net (fo=100, routed)         1.509    14.850    uart/clk_IBUF_BUFG
    SLICE_X3Y53          FDRE                                         r  uart/timer_reg[1]/C
                         clock pessimism              0.272    15.122    
                         clock uncertainty           -0.035    15.087    
    SLICE_X3Y53          FDRE (Setup_fdre_C_R)       -0.429    14.658    uart/timer_reg[1]
  -------------------------------------------------------------------
                         required time                         14.658    
                         arrival time                          -9.623    
  -------------------------------------------------------------------
                         slack                                  5.035    

Slack (MET) :             5.035ns  (required time - arrival time)
  Source:                 uart/timer_reg[28]/C
                            (rising edge-triggered cell FDRE clocked by sys_clk_pin  {rise@0.000ns fall@5.000ns period=10.000ns})
  Destination:            uart/timer_reg[2]/R
                            (rising edge-triggered cell FDRE clocked by sys_clk_pin  {rise@0.000ns fall@5.000ns period=10.000ns})
  Path Group:             sys_clk_pin
  Path Type:              Setup (Max at Slow Process Corner)
  Requirement:            10.000ns  (sys_clk_pin rise@10.000ns - sys_clk_pin rise@0.000ns)
  Data Path Delay:        4.478ns  (logic 1.056ns (23.583%)  route 3.422ns (76.417%))
  Logic Levels:           3  (LUT4=1 LUT5=1 LUT6=1)
  Clock Path Skew:        -0.023ns (DCD - SCD + CPR)
    Destination Clock Delay (DCD):    4.850ns = ( 14.850 - 10.000 ) 
    Source Clock Delay      (SCD):    5.145ns
    Clock Pessimism Removal (CPR):    0.272ns
  Clock Uncertainty:      0.035ns  ((TSJ^2 + TIJ^2)^1/2 + DJ) / 2 + PE
    Total System Jitter     (TSJ):    0.071ns
    Total Input Jitter      (TIJ):    0.000ns
    Discrete Jitter          (DJ):    0.000ns
    Phase Error              (PE):    0.000ns

    Location             Delay type                Incr(ns)  Path(ns)    Netlist Resource(s)
  -------------------------------------------------------------------    -------------------
                         (clock sys_clk_pin rise edge)
                                                      0.000     0.000 r  
    W5                                                0.000     0.000 r  clk (IN)
                         net (fo=0)                   0.000     0.000    clk
    W5                   IBUF (Prop_ibuf_I_O)         1.458     1.458 r  clk_IBUF_inst/O
                         net (fo=1, routed)           1.967     3.425    clk_IBUF
    BUFGCTRL_X0Y0        BUFG (Prop_bufg_I_O)         0.096     3.521 r  clk_IBUF_BUFG_inst/O
                         net (fo=100, routed)         1.624     5.145    uart/clk_IBUF_BUFG
    SLICE_X3Y59          FDRE                                         r  uart/timer_reg[28]/C
  -------------------------------------------------------------------    -------------------
    SLICE_X3Y59          FDRE (Prop_fdre_C_Q)         0.456     5.601 f  uart/timer_reg[28]/Q
                         net (fo=2, routed)           0.833     6.434    uart/timer[28]
    SLICE_X2Y58          LUT4 (Prop_lut4_I0_O)        0.124     6.558 f  uart/FSM_onehot_state[2]_i_5/O
                         net (fo=2, routed)           1.127     7.685    uart/FSM_onehot_state[2]_i_5_n_0
    SLICE_X2Y54          LUT5 (Prop_lut5_I4_O)        0.148     7.833 f  uart/FSM_onehot_state[2]_i_2/O
                         net (fo=4, routed)           0.767     8.601    uart/FSM_onehot_state[2]_i_2_n_0
    SLICE_X4Y56          LUT6 (Prop_lut6_I0_O)        0.328     8.929 r  uart/timer[31]_i_1/O
                         net (fo=32, routed)          0.694     9.623    uart/timer[31]_i_1_n_0
    SLICE_X3Y53          FDRE                                         r  uart/timer_reg[2]/R
  -------------------------------------------------------------------    -------------------

                         (clock sys_clk_pin rise edge)
                                                     10.000    10.000 r  
    W5                                                0.000    10.000 r  clk (IN)
                         net (fo=0)                   0.000    10.000    clk
    W5                   IBUF (Prop_ibuf_I_O)         1.388    11.388 r  clk_IBUF_inst/O
                         net (fo=1, routed)           1.862    13.250    clk_IBUF
    BUFGCTRL_X0Y0        BUFG (Prop_bufg_I_O)         0.091    13.341 r  clk_IBUF_BUFG_inst/O
                         net (fo=100, routed)         1.509    14.850    uart/clk_IBUF_BUFG
    SLICE_X3Y53          FDRE                                         r  uart/timer_reg[2]/C
                         clock pessimism              0.272    15.122    
                         clock uncertainty           -0.035    15.087    
    SLICE_X3Y53          FDRE (Setup_fdre_C_R)       -0.429    14.658    uart/timer_reg[2]
  -------------------------------------------------------------------
                         required time                         14.658    
                         arrival time                          -9.623    
  -------------------------------------------------------------------
                         slack                                  5.035    

Slack (MET) :             5.035ns  (required time - arrival time)
  Source:                 uart/timer_reg[28]/C
                            (rising edge-triggered cell FDRE clocked by sys_clk_pin  {rise@0.000ns fall@5.000ns period=10.000ns})
  Destination:            uart/timer_reg[3]/R
                            (rising edge-triggered cell FDRE clocked by sys_clk_pin  {rise@0.000ns fall@5.000ns period=10.000ns})
  Path Group:             sys_clk_pin
  Path Type:              Setup (Max at Slow Process Corner)
  Requirement:            10.000ns  (sys_clk_pin rise@10.000ns - sys_clk_pin rise@0.000ns)
  Data Path Delay:        4.478ns  (logic 1.056ns (23.583%)  route 3.422ns (76.417%))
  Logic Levels:           3  (LUT4=1 LUT5=1 LUT6=1)
  Clock Path Skew:        -0.023ns (DCD - SCD + CPR)
    Destination Clock Delay (DCD):    4.850ns = ( 14.850 - 10.000 ) 
    Source Clock Delay      (SCD):    5.145ns
    Clock Pessimism Removal (CPR):    0.272ns
  Clock Uncertainty:      0.035ns  ((TSJ^2 + TIJ^2)^1/2 + DJ) / 2 + PE
    Total System Jitter     (TSJ):    0.071ns
    Total Input Jitter      (TIJ):    0.000ns
    Discrete Jitter          (DJ):    0.000ns
    Phase Error              (PE):    0.000ns

    Location             Delay type                Incr(ns)  Path(ns)    Netlist Resource(s)
  -------------------------------------------------------------------    -------------------
                         (clock sys_clk_pin rise edge)
                                                      0.000     0.000 r  
    W5                                                0.000     0.000 r  clk (IN)
                         net (fo=0)                   0.000     0.000    clk
    W5                   IBUF (Prop_ibuf_I_O)         1.458     1.458 r  clk_IBUF_inst/O
                         net (fo=1, routed)           1.967     3.425    clk_IBUF
    BUFGCTRL_X0Y0        BUFG (Prop_bufg_I_O)         0.096     3.521 r  clk_IBUF_BUFG_inst/O
                         net (fo=100, routed)         1.624     5.145    uart/clk_IBUF_BUFG
    SLICE_X3Y59          FDRE                                         r  uart/timer_reg[28]/C
  -------------------------------------------------------------------    -------------------
    SLICE_X3Y59          FDRE (Prop_fdre_C_Q)         0.456     5.601 f  uart/timer_reg[28]/Q
                         net (fo=2, routed)           0.833     6.434    uart/timer[28]
    SLICE_X2Y58          LUT4 (Prop_lut4_I0_O)        0.124     6.558 f  uart/FSM_onehot_state[2]_i_5/O
                         net (fo=2, routed)           1.127     7.685    uart/FSM_onehot_state[2]_i_5_n_0
    SLICE_X2Y54          LUT5 (Prop_lut5_I4_O)        0.148     7.833 f  uart/FSM_onehot_state[2]_i_2/O
                         net (fo=4, routed)           0.767     8.601    uart/FSM_onehot_state[2]_i_2_n_0
    SLICE_X4Y56          LUT6 (Prop_lut6_I0_O)        0.328     8.929 r  uart/timer[31]_i_1/O
                         net (fo=32, routed)          0.694     9.623    uart/timer[31]_i_1_n_0
    SLICE_X3Y53          FDRE                                         r  uart/timer_reg[3]/R
  -------------------------------------------------------------------    -------------------

                         (clock sys_clk_pin rise edge)
                                                     10.000    10.000 r  
    W5                                                0.000    10.000 r  clk (IN)
                         net (fo=0)                   0.000    10.000    clk
    W5                   IBUF (Prop_ibuf_I_O)         1.388    11.388 r  clk_IBUF_inst/O
                         net (fo=1, routed)           1.862    13.250    clk_IBUF
    BUFGCTRL_X0Y0        BUFG (Prop_bufg_I_O)         0.091    13.341 r  clk_IBUF_BUFG_inst/O
                         net (fo=100, routed)         1.509    14.850    uart/clk_IBUF_BUFG
    SLICE_X3Y53          FDRE                                         r  uart/timer_reg[3]/C
                         clock pessimism              0.272    15.122    
                         clock uncertainty           -0.035    15.087    
    SLICE_X3Y53          FDRE (Setup_fdre_C_R)       -0.429    14.658    uart/timer_reg[3]
  -------------------------------------------------------------------
                         required time                         14.658    
                         arrival time                          -9.623    
  -------------------------------------------------------------------
                         slack                                  5.035    

Slack (MET) :             5.035ns  (required time - arrival time)
  Source:                 uart/timer_reg[28]/C
                            (rising edge-triggered cell FDRE clocked by sys_clk_pin  {rise@0.000ns fall@5.000ns period=10.000ns})
  Destination:            uart/timer_reg[4]/R
                            (rising edge-triggered cell FDRE clocked by sys_clk_pin  {rise@0.000ns fall@5.000ns period=10.000ns})
  Path Group:             sys_clk_pin
  Path Type:              Setup (Max at Slow Process Corner)
  Requirement:            10.000ns  (sys_clk_pin rise@10.000ns - sys_clk_pin rise@0.000ns)
  Data Path Delay:        4.478ns  (logic 1.056ns (23.583%)  route 3.422ns (76.417%))
  Logic Levels:           3  (LUT4=1 LUT5=1 LUT6=1)
  Clock Path Skew:        -0.023ns (DCD - SCD + CPR)
    Destination Clock Delay (DCD):    4.850ns = ( 14.850 - 10.000 ) 
    Source Clock Delay      (SCD):    5.145ns
    Clock Pessimism Removal (CPR):    0.272ns
  Clock Uncertainty:      0.035ns  ((TSJ^2 + TIJ^2)^1/2 + DJ) / 2 + PE
    Total System Jitter     (TSJ):    0.071ns
    Total Input Jitter      (TIJ):    0.000ns
    Discrete Jitter          (DJ):    0.000ns
    Phase Error              (PE):    0.000ns

    Location             Delay type                Incr(ns)  Path(ns)    Netlist Resource(s)
  -------------------------------------------------------------------    -------------------
                         (clock sys_clk_pin rise edge)
                                                      0.000     0.000 r  
    W5                                                0.000     0.000 r  clk (IN)
                         net (fo=0)                   0.000     0.000    clk
    W5                   IBUF (Prop_ibuf_I_O)         1.458     1.458 r  clk_IBUF_inst/O
                         net (fo=1, routed)           1.967     3.425    clk_IBUF
    BUFGCTRL_X0Y0        BUFG (Prop_bufg_I_O)         0.096     3.521 r  clk_IBUF_BUFG_inst/O
                         net (fo=100, routed)         1.624     5.145    uart/clk_IBUF_BUFG
    SLICE_X3Y59          FDRE                                         r  uart/timer_reg[28]/C
  -------------------------------------------------------------------    -------------------
    SLICE_X3Y59          FDRE (Prop_fdre_C_Q)         0.456     5.601 f  uart/timer_reg[28]/Q
                         net (fo=2, routed)           0.833     6.434    uart/timer[28]
    SLICE_X2Y58          LUT4 (Prop_lut4_I0_O)        0.124     6.558 f  uart/FSM_onehot_state[2]_i_5/O
                         net (fo=2, routed)           1.127     7.685    uart/FSM_onehot_state[2]_i_5_n_0
    SLICE_X2Y54          LUT5 (Prop_lut5_I4_O)        0.148     7.833 f  uart/FSM_onehot_state[2]_i_2/O
                         net (fo=4, routed)           0.767     8.601    uart/FSM_onehot_state[2]_i_2_n_0
    SLICE_X4Y56          LUT6 (Prop_lut6_I0_O)        0.328     8.929 r  uart/timer[31]_i_1/O
                         net (fo=32, routed)          0.694     9.623    uart/timer[31]_i_1_n_0
    SLICE_X3Y53          FDRE                                         r  uart/timer_reg[4]/R
  -------------------------------------------------------------------    -------------------

                         (clock sys_clk_pin rise edge)
                                                     10.000    10.000 r  
    W5                                                0.000    10.000 r  clk (IN)
                         net (fo=0)                   0.000    10.000    clk
    W5                   IBUF (Prop_ibuf_I_O)         1.388    11.388 r  clk_IBUF_inst/O
                         net (fo=1, routed)           1.862    13.250    clk_IBUF
    BUFGCTRL_X0Y0        BUFG (Prop_bufg_I_O)         0.091    13.341 r  clk_IBUF_BUFG_inst/O
                         net (fo=100, routed)         1.509    14.850    uart/clk_IBUF_BUFG
    SLICE_X3Y53          FDRE                                         r  uart/timer_reg[4]/C
                         clock pessimism              0.272    15.122    
                         clock uncertainty           -0.035    15.087    
    SLICE_X3Y53          FDRE (Setup_fdre_C_R)       -0.429    14.658    uart/timer_reg[4]
  -------------------------------------------------------------------
                         required time                         14.658    
                         arrival time                          -9.623    
  -------------------------------------------------------------------
                         slack                                  5.035    

Slack (MET) :             5.050ns  (required time - arrival time)
  Source:                 uart/timer_reg[28]/C
                            (rising edge-triggered cell FDRE clocked by sys_clk_pin  {rise@0.000ns fall@5.000ns period=10.000ns})
  Destination:            uart/timer_reg[29]/R
                            (rising edge-triggered cell FDRE clocked by sys_clk_pin  {rise@0.000ns fall@5.000ns period=10.000ns})
  Path Group:             sys_clk_pin
  Path Type:              Setup (Max at Slow Process Corner)
  Requirement:            10.000ns  (sys_clk_pin rise@10.000ns - sys_clk_pin rise@0.000ns)
  Data Path Delay:        4.460ns  (logic 1.056ns (23.675%)  route 3.404ns (76.325%))
  Logic Levels:           3  (LUT4=1 LUT5=1 LUT6=1)
  Clock Path Skew:        -0.025ns (DCD - SCD + CPR)
    Destination Clock Delay (DCD):    4.848ns = ( 14.848 - 10.000 ) 
    Source Clock Delay      (SCD):    5.145ns
    Clock Pessimism Removal (CPR):    0.272ns
  Clock Uncertainty:      0.035ns  ((TSJ^2 + TIJ^2)^1/2 + DJ) / 2 + PE
    Total System Jitter     (TSJ):    0.071ns
    Total Input Jitter      (TIJ):    0.000ns
    Discrete Jitter          (DJ):    0.000ns
    Phase Error              (PE):    0.000ns

    Location             Delay type                Incr(ns)  Path(ns)    Netlist Resource(s)
  -------------------------------------------------------------------    -------------------
                         (clock sys_clk_pin rise edge)
                                                      0.000     0.000 r  
    W5                                                0.000     0.000 r  clk (IN)
                         net (fo=0)                   0.000     0.000    clk
    W5                   IBUF (Prop_ibuf_I_O)         1.458     1.458 r  clk_IBUF_inst/O
                         net (fo=1, routed)           1.967     3.425    clk_IBUF
    BUFGCTRL_X0Y0        BUFG (Prop_bufg_I_O)         0.096     3.521 r  clk_IBUF_BUFG_inst/O
                         net (fo=100, routed)         1.624     5.145    uart/clk_IBUF_BUFG
    SLICE_X3Y59          FDRE                                         r  uart/timer_reg[28]/C
  -------------------------------------------------------------------    -------------------
    SLICE_X3Y59          FDRE (Prop_fdre_C_Q)         0.456     5.601 f  uart/timer_reg[28]/Q
                         net (fo=2, routed)           0.833     6.434    uart/timer[28]
    SLICE_X2Y58          LUT4 (Prop_lut4_I0_O)        0.124     6.558 f  uart/FSM_onehot_state[2]_i_5/O
                         net (fo=2, routed)           1.127     7.685    uart/FSM_onehot_state[2]_i_5_n_0
    SLICE_X2Y54          LUT5 (Prop_lut5_I4_O)        0.148     7.833 f  uart/FSM_onehot_state[2]_i_2/O
                         net (fo=4, routed)           0.767     8.601    uart/FSM_onehot_state[2]_i_2_n_0
    SLICE_X4Y56          LUT6 (Prop_lut6_I0_O)        0.328     8.929 r  uart/timer[31]_i_1/O
                         net (fo=32, routed)          0.677     9.605    uart/timer[31]_i_1_n_0
    SLICE_X3Y60          FDRE                                         r  uart/timer_reg[29]/R
  -------------------------------------------------------------------    -------------------

                         (clock sys_clk_pin rise edge)
                                                     10.000    10.000 r  
    W5                                                0.000    10.000 r  clk (IN)
                         net (fo=0)                   0.000    10.000    clk
    W5                   IBUF (Prop_ibuf_I_O)         1.388    11.388 r  clk_IBUF_inst/O
                         net (fo=1, routed)           1.862    13.250    clk_IBUF
    BUFGCTRL_X0Y0        BUFG (Prop_bufg_I_O)         0.091    13.341 r  clk_IBUF_BUFG_inst/O
                         net (fo=100, routed)         1.507    14.848    uart/clk_IBUF_BUFG
    SLICE_X3Y60          FDRE                                         r  uart/timer_reg[29]/C
                         clock pessimism              0.272    15.120    
                         clock uncertainty           -0.035    15.085    
    SLICE_X3Y60          FDRE (Setup_fdre_C_R)       -0.429    14.656    uart/timer_reg[29]
  -------------------------------------------------------------------
                         required time                         14.656    
                         arrival time                          -9.605    
  -------------------------------------------------------------------
                         slack                                  5.050    

Slack (MET) :             5.050ns  (required time - arrival time)
  Source:                 uart/timer_reg[28]/C
                            (rising edge-triggered cell FDRE clocked by sys_clk_pin  {rise@0.000ns fall@5.000ns period=10.000ns})
  Destination:            uart/timer_reg[30]/R
                            (rising edge-triggered cell FDRE clocked by sys_clk_pin  {rise@0.000ns fall@5.000ns period=10.000ns})
  Path Group:             sys_clk_pin
  Path Type:              Setup (Max at Slow Process Corner)
  Requirement:            10.000ns  (sys_clk_pin rise@10.000ns - sys_clk_pin rise@0.000ns)
  Data Path Delay:        4.460ns  (logic 1.056ns (23.675%)  route 3.404ns (76.325%))
  Logic Levels:           3  (LUT4=1 LUT5=1 LUT6=1)
  Clock Path Skew:        -0.025ns (DCD - SCD + CPR)
    Destination Clock Delay (DCD):    4.848ns = ( 14.848 - 10.000 ) 
    Source Clock Delay      (SCD):    5.145ns
    Clock Pessimism Removal (CPR):    0.272ns
  Clock Uncertainty:      0.035ns  ((TSJ^2 + TIJ^2)^1/2 + DJ) / 2 + PE
    Total System Jitter     (TSJ):    0.071ns
    Total Input Jitter      (TIJ):    0.000ns
    Discrete Jitter          (DJ):    0.000ns
    Phase Error              (PE):    0.000ns

    Location             Delay type                Incr(ns)  Path(ns)    Netlist Resource(s)
  -------------------------------------------------------------------    -------------------
                         (clock sys_clk_pin rise edge)
                                                      0.000     0.000 r  
    W5                                                0.000     0.000 r  clk (IN)
                         net (fo=0)                   0.000     0.000    clk
    W5                   IBUF (Prop_ibuf_I_O)         1.458     1.458 r  clk_IBUF_inst/O
                         net (fo=1, routed)           1.967     3.425    clk_IBUF
    BUFGCTRL_X0Y0        BUFG (Prop_bufg_I_O)         0.096     3.521 r  clk_IBUF_BUFG_inst/O
                         net (fo=100, routed)         1.624     5.145    uart/clk_IBUF_BUFG
    SLICE_X3Y59          FDRE                                         r  uart/timer_reg[28]/C
  -------------------------------------------------------------------    -------------------
    SLICE_X3Y59          FDRE (Prop_fdre_C_Q)         0.456     5.601 f  uart/timer_reg[28]/Q
                         net (fo=2, routed)           0.833     6.434    uart/timer[28]
    SLICE_X2Y58          LUT4 (Prop_lut4_I0_O)        0.124     6.558 f  uart/FSM_onehot_state[2]_i_5/O
                         net (fo=2, routed)           1.127     7.685    uart/FSM_onehot_state[2]_i_5_n_0
    SLICE_X2Y54          LUT5 (Prop_lut5_I4_O)        0.148     7.833 f  uart/FSM_onehot_state[2]_i_2/O
                         net (fo=4, routed)           0.767     8.601    uart/FSM_onehot_state[2]_i_2_n_0
    SLICE_X4Y56          LUT6 (Prop_lut6_I0_O)        0.328     8.929 r  uart/timer[31]_i_1/O
                         net (fo=32, routed)          0.677     9.605    uart/timer[31]_i_1_n_0
    SLICE_X3Y60          FDRE                                         r  uart/timer_reg[30]/R
  -------------------------------------------------------------------    -------------------

                         (clock sys_clk_pin rise edge)
                                                     10.000    10.000 r  
    W5                                                0.000    10.000 r  clk (IN)
                         net (fo=0)                   0.000    10.000    clk
    W5                   IBUF (Prop_ibuf_I_O)         1.388    11.388 r  clk_IBUF_inst/O
                         net (fo=1, routed)           1.862    13.250    clk_IBUF
    BUFGCTRL_X0Y0        BUFG (Prop_bufg_I_O)         0.091    13.341 r  clk_IBUF_BUFG_inst/O
                         net (fo=100, routed)         1.507    14.848    uart/clk_IBUF_BUFG
    SLICE_X3Y60          FDRE                                         r  uart/timer_reg[30]/C
                         clock pessimism              0.272    15.120    
                         clock uncertainty           -0.035    15.085    
    SLICE_X3Y60          FDRE (Setup_fdre_C_R)       -0.429    14.656    uart/timer_reg[30]
  -------------------------------------------------------------------
                         required time                         14.656    
                         arrival time                          -9.605    
  -------------------------------------------------------------------
                         slack                                  5.050    

Slack (MET) :             5.050ns  (required time - arrival time)
  Source:                 uart/timer_reg[28]/C
                            (rising edge-triggered cell FDRE clocked by sys_clk_pin  {rise@0.000ns fall@5.000ns period=10.000ns})
  Destination:            uart/timer_reg[31]/R
                            (rising edge-triggered cell FDRE clocked by sys_clk_pin  {rise@0.000ns fall@5.000ns period=10.000ns})
  Path Group:             sys_clk_pin
  Path Type:              Setup (Max at Slow Process Corner)
  Requirement:            10.000ns  (sys_clk_pin rise@10.000ns - sys_clk_pin rise@0.000ns)
  Data Path Delay:        4.460ns  (logic 1.056ns (23.675%)  route 3.404ns (76.325%))
  Logic Levels:           3  (LUT4=1 LUT5=1 LUT6=1)
  Clock Path Skew:        -0.025ns (DCD - SCD + CPR)
    Destination Clock Delay (DCD):    4.848ns = ( 14.848 - 10.000 ) 
    Source Clock Delay      (SCD):    5.145ns
    Clock Pessimism Removal (CPR):    0.272ns
  Clock Uncertainty:      0.035ns  ((TSJ^2 + TIJ^2)^1/2 + DJ) / 2 + PE
    Total System Jitter     (TSJ):    0.071ns
    Total Input Jitter      (TIJ):    0.000ns
    Discrete Jitter          (DJ):    0.000ns
    Phase Error              (PE):    0.000ns

    Location             Delay type                Incr(ns)  Path(ns)    Netlist Resource(s)
  -------------------------------------------------------------------    -------------------
                         (clock sys_clk_pin rise edge)
                                                      0.000     0.000 r  
    W5                                                0.000     0.000 r  clk (IN)
                         net (fo=0)                   0.000     0.000    clk
    W5                   IBUF (Prop_ibuf_I_O)         1.458     1.458 r  clk_IBUF_inst/O
                         net (fo=1, routed)           1.967     3.425    clk_IBUF
    BUFGCTRL_X0Y0        BUFG (Prop_bufg_I_O)         0.096     3.521 r  clk_IBUF_BUFG_inst/O
                         net (fo=100, routed)         1.624     5.145    uart/clk_IBUF_BUFG
    SLICE_X3Y59          FDRE                                         r  uart/timer_reg[28]/C
  -------------------------------------------------------------------    -------------------
    SLICE_X3Y59          FDRE (Prop_fdre_C_Q)         0.456     5.601 f  uart/timer_reg[28]/Q
                         net (fo=2, routed)           0.833     6.434    uart/timer[28]
    SLICE_X2Y58          LUT4 (Prop_lut4_I0_O)        0.124     6.558 f  uart/FSM_onehot_state[2]_i_5/O
                         net (fo=2, routed)           1.127     7.685    uart/FSM_onehot_state[2]_i_5_n_0
    SLICE_X2Y54          LUT5 (Prop_lut5_I4_O)        0.148     7.833 f  uart/FSM_onehot_state[2]_i_2/O
                         net (fo=4, routed)           0.767     8.601    uart/FSM_onehot_state[2]_i_2_n_0
    SLICE_X4Y56          LUT6 (Prop_lut6_I0_O)        0.328     8.929 r  uart/timer[31]_i_1/O
                         net (fo=32, routed)          0.677     9.605    uart/timer[31]_i_1_n_0
    SLICE_X3Y60          FDRE                                         r  uart/timer_reg[31]/R
  -------------------------------------------------------------------    -------------------

                         (clock sys_clk_pin rise edge)
                                                     10.000    10.000 r  
    W5                                                0.000    10.000 r  clk (IN)
                         net (fo=0)                   0.000    10.000    clk
    W5                   IBUF (Prop_ibuf_I_O)         1.388    11.388 r  clk_IBUF_inst/O
                         net (fo=1, routed)           1.862    13.250    clk_IBUF
    BUFGCTRL_X0Y0        BUFG (Prop_bufg_I_O)         0.091    13.341 r  clk_IBUF_BUFG_inst/O
                         net (fo=100, routed)         1.507    14.848    uart/clk_IBUF_BUFG
    SLICE_X3Y60          FDRE                                         r  uart/timer_reg[31]/C
                         clock pessimism              0.272    15.120    
                         clock uncertainty           -0.035    15.085    
    SLICE_X3Y60          FDRE (Setup_fdre_C_R)       -0.429    14.656    uart/timer_reg[31]
  -------------------------------------------------------------------
                         required time                         14.656    
                         arrival time                          -9.605    
  -------------------------------------------------------------------
                         slack                                  5.050    

Slack (MET) :             5.073ns  (required time - arrival time)
  Source:                 uart/timer_reg[28]/C
                            (rising edge-triggered cell FDRE clocked by sys_clk_pin  {rise@0.000ns fall@5.000ns period=10.000ns})
  Destination:            uart/timer_reg[0]/R
                            (rising edge-triggered cell FDRE clocked by sys_clk_pin  {rise@0.000ns fall@5.000ns period=10.000ns})
  Path Group:             sys_clk_pin
  Path Type:              Setup (Max at Slow Process Corner)
  Requirement:            10.000ns  (sys_clk_pin rise@10.000ns - sys_clk_pin rise@0.000ns)
  Data Path Delay:        4.344ns  (logic 1.056ns (24.307%)  route 3.288ns (75.693%))
  Logic Levels:           3  (LUT4=1 LUT5=1 LUT6=1)
  Clock Path Skew:        -0.023ns (DCD - SCD + CPR)
    Destination Clock Delay (DCD):    4.850ns = ( 14.850 - 10.000 ) 
    Source Clock Delay      (SCD):    5.145ns
    Clock Pessimism Removal (CPR):    0.272ns
  Clock Uncertainty:      0.035ns  ((TSJ^2 + TIJ^2)^1/2 + DJ) / 2 + PE
    Total System Jitter     (TSJ):    0.071ns
    Total Input Jitter      (TIJ):    0.000ns
    Discrete Jitter          (DJ):    0.000ns
    Phase Error              (PE):    0.000ns

    Location             Delay type                Incr(ns)  Path(ns)    Netlist Resource(s)
  -------------------------------------------------------------------    -------------------
                         (clock sys_clk_pin rise edge)
                                                      0.000     0.000 r  
    W5                                                0.000     0.000 r  clk (IN)
                         net (fo=0)                   0.000     0.000    clk
    W5                   IBUF (Prop_ibuf_I_O)         1.458     1.458 r  clk_IBUF_inst/O
                         net (fo=1, routed)           1.967     3.425    clk_IBUF
    BUFGCTRL_X0Y0        BUFG (Prop_bufg_I_O)         0.096     3.521 r  clk_IBUF_BUFG_inst/O
                         net (fo=100, routed)         1.624     5.145    uart/clk_IBUF_BUFG
    SLICE_X3Y59          FDRE                                         r  uart/timer_reg[28]/C
  -------------------------------------------------------------------    -------------------
    SLICE_X3Y59          FDRE (Prop_fdre_C_Q)         0.456     5.601 f  uart/timer_reg[28]/Q
                         net (fo=2, routed)           0.833     6.434    uart/timer[28]
    SLICE_X2Y58          LUT4 (Prop_lut4_I0_O)        0.124     6.558 f  uart/FSM_onehot_state[2]_i_5/O
                         net (fo=2, routed)           1.127     7.685    uart/FSM_onehot_state[2]_i_5_n_0
    SLICE_X2Y54          LUT5 (Prop_lut5_I4_O)        0.148     7.833 f  uart/FSM_onehot_state[2]_i_2/O
                         net (fo=4, routed)           0.767     8.601    uart/FSM_onehot_state[2]_i_2_n_0
    SLICE_X4Y56          LUT6 (Prop_lut6_I0_O)        0.328     8.929 r  uart/timer[31]_i_1/O
                         net (fo=32, routed)          0.561     9.489    uart/timer[31]_i_1_n_0
    SLICE_X2Y54          FDRE                                         r  uart/timer_reg[0]/R
  -------------------------------------------------------------------    -------------------

                         (clock sys_clk_pin rise edge)
                                                     10.000    10.000 r  
    W5                                                0.000    10.000 r  clk (IN)
                         net (fo=0)                   0.000    10.000    clk
    W5                   IBUF (Prop_ibuf_I_O)         1.388    11.388 r  clk_IBUF_inst/O
                         net (fo=1, routed)           1.862    13.250    clk_IBUF
    BUFGCTRL_X0Y0        BUFG (Prop_bufg_I_O)         0.091    13.341 r  clk_IBUF_BUFG_inst/O
                         net (fo=100, routed)         1.509    14.850    uart/clk_IBUF_BUFG
    SLICE_X2Y54          FDRE                                         r  uart/timer_reg[0]/C
                         clock pessimism              0.272    15.122    
                         clock uncertainty           -0.035    15.087    
    SLICE_X2Y54          FDRE (Setup_fdre_C_R)       -0.524    14.563    uart/timer_reg[0]
  -------------------------------------------------------------------
                         required time                         14.563    
                         arrival time                          -9.489    
  -------------------------------------------------------------------
                         slack                                  5.073    

Slack (MET) :             5.076ns  (required time - arrival time)
  Source:                 uart/timer_reg[28]/C
                            (rising edge-triggered cell FDRE clocked by sys_clk_pin  {rise@0.000ns fall@5.000ns period=10.000ns})
  Destination:            uart/timer_reg[25]/R
                            (rising edge-triggered cell FDRE clocked by sys_clk_pin  {rise@0.000ns fall@5.000ns period=10.000ns})
  Path Group:             sys_clk_pin
  Path Type:              Setup (Max at Slow Process Corner)
  Requirement:            10.000ns  (sys_clk_pin rise@10.000ns - sys_clk_pin rise@0.000ns)
  Data Path Delay:        4.460ns  (logic 1.056ns (23.677%)  route 3.404ns (76.323%))
  Logic Levels:           3  (LUT4=1 LUT5=1 LUT6=1)
  Clock Path Skew:        0.000ns (DCD - SCD + CPR)
    Destination Clock Delay (DCD):    4.848ns = ( 14.848 - 10.000 ) 
    Source Clock Delay      (SCD):    5.145ns
    Clock Pessimism Removal (CPR):    0.297ns
  Clock Uncertainty:      0.035ns  ((TSJ^2 + TIJ^2)^1/2 + DJ) / 2 + PE
    Total System Jitter     (TSJ):    0.071ns
    Total Input Jitter      (TIJ):    0.000ns
    Discrete Jitter          (DJ):    0.000ns
    Phase Error              (PE):    0.000ns

    Location             Delay type                Incr(ns)  Path(ns)    Netlist Resource(s)
  -------------------------------------------------------------------    -------------------
                         (clock sys_clk_pin rise edge)
                                                      0.000     0.000 r  
    W5                                                0.000     0.000 r  clk (IN)
                         net (fo=0)                   0.000     0.000    clk
    W5                   IBUF (Prop_ibuf_I_O)         1.458     1.458 r  clk_IBUF_inst/O
                         net (fo=1, routed)           1.967     3.425    clk_IBUF
    BUFGCTRL_X0Y0        BUFG (Prop_bufg_I_O)         0.096     3.521 r  clk_IBUF_BUFG_inst/O
                         net (fo=100, routed)         1.624     5.145    uart/clk_IBUF_BUFG
    SLICE_X3Y59          FDRE                                         r  uart/timer_reg[28]/C
  -------------------------------------------------------------------    -------------------
    SLICE_X3Y59          FDRE (Prop_fdre_C_Q)         0.456     5.601 f  uart/timer_reg[28]/Q
                         net (fo=2, routed)           0.833     6.434    uart/timer[28]
    SLICE_X2Y58          LUT4 (Prop_lut4_I0_O)        0.124     6.558 f  uart/FSM_onehot_state[2]_i_5/O
                         net (fo=2, routed)           1.127     7.685    uart/FSM_onehot_state[2]_i_5_n_0
    SLICE_X2Y54          LUT5 (Prop_lut5_I4_O)        0.148     7.833 f  uart/FSM_onehot_state[2]_i_2/O
                         net (fo=4, routed)           0.767     8.601    uart/FSM_onehot_state[2]_i_2_n_0
    SLICE_X4Y56          LUT6 (Prop_lut6_I0_O)        0.328     8.929 r  uart/timer[31]_i_1/O
                         net (fo=32, routed)          0.676     9.605    uart/timer[31]_i_1_n_0
    SLICE_X3Y59          FDRE                                         r  uart/timer_reg[25]/R
  -------------------------------------------------------------------    -------------------

                         (clock sys_clk_pin rise edge)
                                                     10.000    10.000 r  
    W5                                                0.000    10.000 r  clk (IN)
                         net (fo=0)                   0.000    10.000    clk
    W5                   IBUF (Prop_ibuf_I_O)         1.388    11.388 r  clk_IBUF_inst/O
                         net (fo=1, routed)           1.862    13.250    clk_IBUF
    BUFGCTRL_X0Y0        BUFG (Prop_bufg_I_O)         0.091    13.341 r  clk_IBUF_BUFG_inst/O
                         net (fo=100, routed)         1.507    14.848    uart/clk_IBUF_BUFG
    SLICE_X3Y59          FDRE                                         r  uart/timer_reg[25]/C
                         clock pessimism              0.297    15.145    
                         clock uncertainty           -0.035    15.110    
    SLICE_X3Y59          FDRE (Setup_fdre_C_R)       -0.429    14.681    uart/timer_reg[25]
  -------------------------------------------------------------------
                         required time                         14.681    
                         arrival time                          -9.605    
  -------------------------------------------------------------------
                         slack                                  5.076    

Slack (MET) :             5.076ns  (required time - arrival time)
  Source:                 uart/timer_reg[28]/C
                            (rising edge-triggered cell FDRE clocked by sys_clk_pin  {rise@0.000ns fall@5.000ns period=10.000ns})
  Destination:            uart/timer_reg[26]/R
                            (rising edge-triggered cell FDRE clocked by sys_clk_pin  {rise@0.000ns fall@5.000ns period=10.000ns})
  Path Group:             sys_clk_pin
  Path Type:              Setup (Max at Slow Process Corner)
  Requirement:            10.000ns  (sys_clk_pin rise@10.000ns - sys_clk_pin rise@0.000ns)
  Data Path Delay:        4.460ns  (logic 1.056ns (23.677%)  route 3.404ns (76.323%))
  Logic Levels:           3  (LUT4=1 LUT5=1 LUT6=1)
  Clock Path Skew:        0.000ns (DCD - SCD + CPR)
    Destination Clock Delay (DCD):    4.848ns = ( 14.848 - 10.000 ) 
    Source Clock Delay      (SCD):    5.145ns
    Clock Pessimism Removal (CPR):    0.297ns
  Clock Uncertainty:      0.035ns  ((TSJ^2 + TIJ^2)^1/2 + DJ) / 2 + PE
    Total System Jitter     (TSJ):    0.071ns
    Total Input Jitter      (TIJ):    0.000ns
    Discrete Jitter          (DJ):    0.000ns
    Phase Error              (PE):    0.000ns

    Location             Delay type                Incr(ns)  Path(ns)    Netlist Resource(s)
  -------------------------------------------------------------------    -------------------
                         (clock sys_clk_pin rise edge)
                                                      0.000     0.000 r  
    W5                                                0.000     0.000 r  clk (IN)
                         net (fo=0)                   0.000     0.000    clk
    W5                   IBUF (Prop_ibuf_I_O)         1.458     1.458 r  clk_IBUF_inst/O
                         net (fo=1, routed)           1.967     3.425    clk_IBUF
    BUFGCTRL_X0Y0        BUFG (Prop_bufg_I_O)         0.096     3.521 r  clk_IBUF_BUFG_inst/O
                         net (fo=100, routed)         1.624     5.145    uart/clk_IBUF_BUFG
    SLICE_X3Y59          FDRE                                         r  uart/timer_reg[28]/C
  -------------------------------------------------------------------    -------------------
    SLICE_X3Y59          FDRE (Prop_fdre_C_Q)         0.456     5.601 f  uart/timer_reg[28]/Q
                         net (fo=2, routed)           0.833     6.434    uart/timer[28]
    SLICE_X2Y58          LUT4 (Prop_lut4_I0_O)        0.124     6.558 f  uart/FSM_onehot_state[2]_i_5/O
                         net (fo=2, routed)           1.127     7.685    uart/FSM_onehot_state[2]_i_5_n_0
    SLICE_X2Y54          LUT5 (Prop_lut5_I4_O)        0.148     7.833 f  uart/FSM_onehot_state[2]_i_2/O
                         net (fo=4, routed)           0.767     8.601    uart/FSM_onehot_state[2]_i_2_n_0
    SLICE_X4Y56          LUT6 (Prop_lut6_I0_O)        0.328     8.929 r  uart/timer[31]_i_1/O
                         net (fo=32, routed)          0.676     9.605    uart/timer[31]_i_1_n_0
    SLICE_X3Y59          FDRE                                         r  uart/timer_reg[26]/R
  -------------------------------------------------------------------    -------------------

                         (clock sys_clk_pin rise edge)
                                                     10.000    10.000 r  
    W5                                                0.000    10.000 r  clk (IN)
                         net (fo=0)                   0.000    10.000    clk
    W5                   IBUF (Prop_ibuf_I_O)         1.388    11.388 r  clk_IBUF_inst/O
                         net (fo=1, routed)           1.862    13.250    clk_IBUF
    BUFGCTRL_X0Y0        BUFG (Prop_bufg_I_O)         0.091    13.341 r  clk_IBUF_BUFG_inst/O
                         net (fo=100, routed)         1.507    14.848    uart/clk_IBUF_BUFG
    SLICE_X3Y59          FDRE                                         r  uart/timer_reg[26]/C
                         clock pessimism              0.297    15.145    
                         clock uncertainty           -0.035    15.110    
    SLICE_X3Y59          FDRE (Setup_fdre_C_R)       -0.429    14.681    uart/timer_reg[26]
  -------------------------------------------------------------------
                         required time                         14.681    
                         arrival time                          -9.605    
  -------------------------------------------------------------------
                         slack                                  5.076    





Min Delay Paths
--------------------------------------------------------------------------------------
Slack (MET) :             0.174ns  (arrival time - required time)
  Source:                 initStr_reg[4]/C
                            (rising edge-triggered cell FDRE clocked by sys_clk_pin  {rise@0.000ns fall@5.000ns period=10.000ns})
  Destination:            uartData_reg[4]/D
                            (rising edge-triggered cell FDRE clocked by sys_clk_pin  {rise@0.000ns fall@5.000ns period=10.000ns})
  Path Group:             sys_clk_pin
  Path Type:              Hold (Min at Fast Process Corner)
  Requirement:            0.000ns  (sys_clk_pin rise@0.000ns - sys_clk_pin rise@0.000ns)
  Data Path Delay:        0.203ns  (logic 0.128ns (63.089%)  route 0.075ns (36.911%))
  Logic Levels:           0  
  Clock Path Skew:        0.013ns (DCD - SCD - CPR)
    Destination Clock Delay (DCD):    1.989ns
    Source Clock Delay      (SCD):    1.474ns
    Clock Pessimism Removal (CPR):    0.502ns

    Location             Delay type                Incr(ns)  Path(ns)    Netlist Resource(s)
  -------------------------------------------------------------------    -------------------
                         (clock sys_clk_pin rise edge)
                                                      0.000     0.000 r  
    W5                                                0.000     0.000 r  clk (IN)
                         net (fo=0)                   0.000     0.000    clk
    W5                   IBUF (Prop_ibuf_I_O)         0.226     0.226 r  clk_IBUF_inst/O
                         net (fo=1, routed)           0.631     0.858    clk_IBUF
    BUFGCTRL_X0Y0        BUFG (Prop_bufg_I_O)         0.026     0.884 r  clk_IBUF_BUFG_inst/O
                         net (fo=100, routed)         0.591     1.474    clk_IBUF_BUFG
    SLICE_X4Y56          FDRE                                         r  initStr_reg[4]/C
  -------------------------------------------------------------------    -------------------
    SLICE_X4Y56          FDRE (Prop_fdre_C_Q)         0.128     1.602 r  initStr_reg[4]/Q
                         net (fo=5, routed)           0.075     1.677    initStr_reg__0[4]
    SLICE_X5Y56          FDRE                                         r  uartData_reg[4]/D
  -------------------------------------------------------------------    -------------------

                         (clock sys_clk_pin rise edge)
                                                      0.000     0.000 r  
    W5                                                0.000     0.000 r  clk (IN)
                         net (fo=0)                   0.000     0.000    clk
    W5                   IBUF (Prop_ibuf_I_O)         0.414     0.414 r  clk_IBUF_inst/O
                         net (fo=1, routed)           0.685     1.099    clk_IBUF
    BUFGCTRL_X0Y0        BUFG (Prop_bufg_I_O)         0.029     1.128 r  clk_IBUF_BUFG_inst/O
                         net (fo=100, routed)         0.861     1.989    clk_IBUF_BUFG
    SLICE_X5Y56          FDRE                                         r  uartData_reg[4]/C
                         clock pessimism             -0.502     1.487    
    SLICE_X5Y56          FDRE (Hold_fdre_C_D)         0.016     1.503    uartData_reg[4]
  -------------------------------------------------------------------
                         required time                         -1.503    
                         arrival time                           1.677    
  -------------------------------------------------------------------
                         slack                                  0.174    

Slack (MET) :             0.185ns  (arrival time - required time)
  Source:                 btnC_prev_reg/C
                            (rising edge-triggered cell FDRE clocked by sys_clk_pin  {rise@0.000ns fall@5.000ns period=10.000ns})
  Destination:            FSM_sequential_state_reg/D
                            (rising edge-triggered cell FDRE clocked by sys_clk_pin  {rise@0.000ns fall@5.000ns period=10.000ns})
  Path Group:             sys_clk_pin
  Path Type:              Hold (Min at Fast Process Corner)
  Requirement:            0.000ns  (sys_clk_pin rise@0.000ns - sys_clk_pin rise@0.000ns)
  Data Path Delay:        0.305ns  (logic 0.246ns (80.588%)  route 0.059ns (19.412%))
  Logic Levels:           1  (LUT3=1)
  Clock Path Skew:        0.000ns (DCD - SCD - CPR)
    Destination Clock Delay (DCD):    1.991ns
    Source Clock Delay      (SCD):    1.476ns
    Clock Pessimism Removal (CPR):    0.515ns

    Location             Delay type                Incr(ns)  Path(ns)    Netlist Resource(s)
  -------------------------------------------------------------------    -------------------
                         (clock sys_clk_pin rise edge)
                                                      0.000     0.000 r  
    W5                                                0.000     0.000 r  clk (IN)
                         net (fo=0)                   0.000     0.000    clk
    W5                   IBUF (Prop_ibuf_I_O)         0.226     0.226 r  clk_IBUF_inst/O
                         net (fo=1, routed)           0.631     0.858    clk_IBUF
    BUFGCTRL_X0Y0        BUFG (Prop_bufg_I_O)         0.026     0.884 r  clk_IBUF_BUFG_inst/O
                         net (fo=100, routed)         0.593     1.476    clk_IBUF_BUFG
    SLICE_X2Y55          FDRE                                         r  btnC_prev_reg/C
  -------------------------------------------------------------------    -------------------
    SLICE_X2Y55          FDRE (Prop_fdre_C_Q)         0.148     1.624 f  btnC_prev_reg/Q
                         net (fo=1, routed)           0.059     1.683    debounce_UT/btnC_prev
    SLICE_X2Y55          LUT3 (Prop_lut3_I1_O)        0.098     1.781 r  debounce_UT/FSM_sequential_state_i_1/O
                         net (fo=1, routed)           0.000     1.781    debounce_UT_n_1
    SLICE_X2Y55          FDRE                                         r  FSM_sequential_state_reg/D
  -------------------------------------------------------------------    -------------------

                         (clock sys_clk_pin rise edge)
                                                      0.000     0.000 r  
    W5                                                0.000     0.000 r  clk (IN)
                         net (fo=0)                   0.000     0.000    clk
    W5                   IBUF (Prop_ibuf_I_O)         0.414     0.414 r  clk_IBUF_inst/O
                         net (fo=1, routed)           0.685     1.099    clk_IBUF
    BUFGCTRL_X0Y0        BUFG (Prop_bufg_I_O)         0.029     1.128 r  clk_IBUF_BUFG_inst/O
                         net (fo=100, routed)         0.863     1.991    clk_IBUF_BUFG
    SLICE_X2Y55          FDRE                                         r  FSM_sequential_state_reg/C
                         clock pessimism             -0.515     1.476    
    SLICE_X2Y55          FDRE (Hold_fdre_C_D)         0.120     1.596    FSM_sequential_state_reg
  -------------------------------------------------------------------
                         required time                         -1.596    
                         arrival time                           1.781    
  -------------------------------------------------------------------
                         slack                                  0.185    

Slack (MET) :             0.192ns  (arrival time - required time)
  Source:                 initStr_reg[2]/C
                            (rising edge-triggered cell FDRE clocked by sys_clk_pin  {rise@0.000ns fall@5.000ns period=10.000ns})
  Destination:            uartData_reg[2]/D
                            (rising edge-triggered cell FDRE clocked by sys_clk_pin  {rise@0.000ns fall@5.000ns period=10.000ns})
  Path Group:             sys_clk_pin
  Path Type:              Hold (Min at Fast Process Corner)
  Requirement:            0.000ns  (sys_clk_pin rise@0.000ns - sys_clk_pin rise@0.000ns)
  Data Path Delay:        0.284ns  (logic 0.141ns (49.690%)  route 0.143ns (50.310%))
  Logic Levels:           0  
  Clock Path Skew:        0.017ns (DCD - SCD - CPR)
    Destination Clock Delay (DCD):    1.989ns
    Source Clock Delay      (SCD):    1.473ns
    Clock Pessimism Removal (CPR):    0.499ns

    Location             Delay type                Incr(ns)  Path(ns)    Netlist Resource(s)
  -------------------------------------------------------------------    -------------------
                         (clock sys_clk_pin rise edge)
                                                      0.000     0.000 r  
    W5                                                0.000     0.000 r  clk (IN)
                         net (fo=0)                   0.000     0.000    clk
    W5                   IBUF (Prop_ibuf_I_O)         0.226     0.226 r  clk_IBUF_inst/O
                         net (fo=1, routed)           0.631     0.858    clk_IBUF
    BUFGCTRL_X0Y0        BUFG (Prop_bufg_I_O)         0.026     0.884 r  clk_IBUF_BUFG_inst/O
                         net (fo=100, routed)         0.590     1.473    clk_IBUF_BUFG
    SLICE_X4Y57          FDRE                                         r  initStr_reg[2]/C
  -------------------------------------------------------------------    -------------------
    SLICE_X4Y57          FDRE (Prop_fdre_C_Q)         0.141     1.614 r  initStr_reg[2]/Q
                         net (fo=6, routed)           0.143     1.757    initStr_reg__0[2]
    SLICE_X5Y56          FDRE                                         r  uartData_reg[2]/D
  -------------------------------------------------------------------    -------------------

                         (clock sys_clk_pin rise edge)
                                                      0.000     0.000 r  
    W5                                                0.000     0.000 r  clk (IN)
                         net (fo=0)                   0.000     0.000    clk
    W5                   IBUF (Prop_ibuf_I_O)         0.414     0.414 r  clk_IBUF_inst/O
                         net (fo=1, routed)           0.685     1.099    clk_IBUF
    BUFGCTRL_X0Y0        BUFG (Prop_bufg_I_O)         0.029     1.128 r  clk_IBUF_BUFG_inst/O
                         net (fo=100, routed)         0.861     1.989    clk_IBUF_BUFG
    SLICE_X5Y56          FDRE                                         r  uartData_reg[2]/C
                         clock pessimism             -0.499     1.490    
    SLICE_X5Y56          FDRE (Hold_fdre_C_D)         0.075     1.565    uartData_reg[2]
  -------------------------------------------------------------------
                         required time                         -1.565    
                         arrival time                           1.757    
  -------------------------------------------------------------------
                         slack                                  0.192    

Slack (MET) :             0.192ns  (arrival time - required time)
  Source:                 initStr_reg[3]/C
                            (rising edge-triggered cell FDRE clocked by sys_clk_pin  {rise@0.000ns fall@5.000ns period=10.000ns})
  Destination:            initStr_reg[5]/D
                            (rising edge-triggered cell FDRE clocked by sys_clk_pin  {rise@0.000ns fall@5.000ns period=10.000ns})
  Path Group:             sys_clk_pin
  Path Type:              Hold (Min at Fast Process Corner)
  Requirement:            0.000ns  (sys_clk_pin rise@0.000ns - sys_clk_pin rise@0.000ns)
  Data Path Delay:        0.296ns  (logic 0.186ns (62.849%)  route 0.110ns (37.151%))
  Logic Levels:           1  (LUT6=1)
  Clock Path Skew:        0.013ns (DCD - SCD - CPR)
    Destination Clock Delay (DCD):    1.989ns
    Source Clock Delay      (SCD):    1.474ns
    Clock Pessimism Removal (CPR):    0.502ns

    Location             Delay type                Incr(ns)  Path(ns)    Netlist Resource(s)
  -------------------------------------------------------------------    -------------------
                         (clock sys_clk_pin rise edge)
                                                      0.000     0.000 r  
    W5                                                0.000     0.000 r  clk (IN)
                         net (fo=0)                   0.000     0.000    clk
    W5                   IBUF (Prop_ibuf_I_O)         0.226     0.226 r  clk_IBUF_inst/O
                         net (fo=1, routed)           0.631     0.858    clk_IBUF
    BUFGCTRL_X0Y0        BUFG (Prop_bufg_I_O)         0.026     0.884 r  clk_IBUF_BUFG_inst/O
                         net (fo=100, routed)         0.591     1.474    clk_IBUF_BUFG
    SLICE_X4Y56          FDRE                                         r  initStr_reg[3]/C
  -------------------------------------------------------------------    -------------------
    SLICE_X4Y56          FDRE (Prop_fdre_C_Q)         0.141     1.615 r  initStr_reg[3]/Q
                         net (fo=6, routed)           0.110     1.725    initStr_reg__0[3]
    SLICE_X5Y56          LUT6 (Prop_lut6_I1_O)        0.045     1.770 r  initStr[5]_i_1/O
                         net (fo=1, routed)           0.000     1.770    p_0_in__1[5]
    SLICE_X5Y56          FDRE                                         r  initStr_reg[5]/D
  -------------------------------------------------------------------    -------------------

                         (clock sys_clk_pin rise edge)
                                                      0.000     0.000 r  
    W5                                                0.000     0.000 r  clk (IN)
                         net (fo=0)                   0.000     0.000    clk
    W5                   IBUF (Prop_ibuf_I_O)         0.414     0.414 r  clk_IBUF_inst/O
                         net (fo=1, routed)           0.685     1.099    clk_IBUF
    BUFGCTRL_X0Y0        BUFG (Prop_bufg_I_O)         0.029     1.128 r  clk_IBUF_BUFG_inst/O
                         net (fo=100, routed)         0.861     1.989    clk_IBUF_BUFG
    SLICE_X5Y56          FDRE                                         r  initStr_reg[5]/C
                         clock pessimism             -0.502     1.487    
    SLICE_X5Y56          FDRE (Hold_fdre_C_D)         0.091     1.578    initStr_reg[5]
  -------------------------------------------------------------------
                         required time                         -1.578    
                         arrival time                           1.770    
  -------------------------------------------------------------------
                         slack                                  0.192    

Slack (MET) :             0.200ns  (arrival time - required time)
  Source:                 uartData_reg[2]/C
                            (rising edge-triggered cell FDRE clocked by sys_clk_pin  {rise@0.000ns fall@5.000ns period=10.000ns})
  Destination:            uart/txData_reg[3]/D
                            (rising edge-triggered cell FDRE clocked by sys_clk_pin  {rise@0.000ns fall@5.000ns period=10.000ns})
  Path Group:             sys_clk_pin
  Path Type:              Hold (Min at Fast Process Corner)
  Requirement:            0.000ns  (sys_clk_pin rise@0.000ns - sys_clk_pin rise@0.000ns)
  Data Path Delay:        0.232ns  (logic 0.128ns (55.202%)  route 0.104ns (44.798%))
  Logic Levels:           0  
  Clock Path Skew:        0.016ns (DCD - SCD - CPR)
    Destination Clock Delay (DCD):    1.989ns
    Source Clock Delay      (SCD):    1.474ns
    Clock Pessimism Removal (CPR):    0.499ns

    Location             Delay type                Incr(ns)  Path(ns)    Netlist Resource(s)
  -------------------------------------------------------------------    -------------------
                         (clock sys_clk_pin rise edge)
                                                      0.000     0.000 r  
    W5                                                0.000     0.000 r  clk (IN)
                         net (fo=0)                   0.000     0.000    clk
    W5                   IBUF (Prop_ibuf_I_O)         0.226     0.226 r  clk_IBUF_inst/O
                         net (fo=1, routed)           0.631     0.858    clk_IBUF
    BUFGCTRL_X0Y0        BUFG (Prop_bufg_I_O)         0.026     0.884 r  clk_IBUF_BUFG_inst/O
                         net (fo=100, routed)         0.591     1.474    clk_IBUF_BUFG
    SLICE_X5Y56          FDRE                                         r  uartData_reg[2]/C
  -------------------------------------------------------------------    -------------------
    SLICE_X5Y56          FDRE (Prop_fdre_C_Q)         0.128     1.602 r  uartData_reg[2]/Q
                         net (fo=1, routed)           0.104     1.706    uart/Q[2]
    SLICE_X7Y55          FDRE                                         r  uart/txData_reg[3]/D
  -------------------------------------------------------------------    -------------------

                         (clock sys_clk_pin rise edge)
                                                      0.000     0.000 r  
    W5                                                0.000     0.000 r  clk (IN)
                         net (fo=0)                   0.000     0.000    clk
    W5                   IBUF (Prop_ibuf_I_O)         0.414     0.414 r  clk_IBUF_inst/O
                         net (fo=1, routed)           0.685     1.099    clk_IBUF
    BUFGCTRL_X0Y0        BUFG (Prop_bufg_I_O)         0.029     1.128 r  clk_IBUF_BUFG_inst/O
                         net (fo=100, routed)         0.861     1.989    uart/clk_IBUF_BUFG
    SLICE_X7Y55          FDRE                                         r  uart/txData_reg[3]/C
                         clock pessimism             -0.499     1.490    
    SLICE_X7Y55          FDRE (Hold_fdre_C_D)         0.016     1.506    uart/txData_reg[3]
  -------------------------------------------------------------------
                         required time                         -1.506    
                         arrival time                           1.706    
  -------------------------------------------------------------------
                         slack                                  0.200    

Slack (MET) :             0.212ns  (arrival time - required time)
  Source:                 uartData_reg[0]/C
                            (rising edge-triggered cell FDRE clocked by sys_clk_pin  {rise@0.000ns fall@5.000ns period=10.000ns})
  Destination:            uart/txData_reg[1]/D
                            (rising edge-triggered cell FDRE clocked by sys_clk_pin  {rise@0.000ns fall@5.000ns period=10.000ns})
  Path Group:             sys_clk_pin
  Path Type:              Hold (Min at Fast Process Corner)
  Requirement:            0.000ns  (sys_clk_pin rise@0.000ns - sys_clk_pin rise@0.000ns)
  Data Path Delay:        0.298ns  (logic 0.141ns (47.362%)  route 0.157ns (52.638%))
  Logic Levels:           0  
  Clock Path Skew:        0.016ns (DCD - SCD - CPR)
    Destination Clock Delay (DCD):    1.989ns
    Source Clock Delay      (SCD):    1.474ns
    Clock Pessimism Removal (CPR):    0.499ns

    Location             Delay type                Incr(ns)  Path(ns)    Netlist Resource(s)
  -------------------------------------------------------------------    -------------------
                         (clock sys_clk_pin rise edge)
                                                      0.000     0.000 r  
    W5                                                0.000     0.000 r  clk (IN)
                         net (fo=0)                   0.000     0.000    clk
    W5                   IBUF (Prop_ibuf_I_O)         0.226     0.226 r  clk_IBUF_inst/O
                         net (fo=1, routed)           0.631     0.858    clk_IBUF
    BUFGCTRL_X0Y0        BUFG (Prop_bufg_I_O)         0.026     0.884 r  clk_IBUF_BUFG_inst/O
                         net (fo=100, routed)         0.591     1.474    clk_IBUF_BUFG
    SLICE_X4Y56          FDRE                                         r  uartData_reg[0]/C
  -------------------------------------------------------------------    -------------------
    SLICE_X4Y56          FDRE (Prop_fdre_C_Q)         0.141     1.615 r  uartData_reg[0]/Q
                         net (fo=1, routed)           0.157     1.772    uart/Q[0]
    SLICE_X7Y55          FDRE                                         r  uart/txData_reg[1]/D
  -------------------------------------------------------------------    -------------------

                         (clock sys_clk_pin rise edge)
                                                      0.000     0.000 r  
    W5                                                0.000     0.000 r  clk (IN)
                         net (fo=0)                   0.000     0.000    clk
    W5                   IBUF (Prop_ibuf_I_O)         0.414     0.414 r  clk_IBUF_inst/O
                         net (fo=1, routed)           0.685     1.099    clk_IBUF
    BUFGCTRL_X0Y0        BUFG (Prop_bufg_I_O)         0.029     1.128 r  clk_IBUF_BUFG_inst/O
                         net (fo=100, routed)         0.861     1.989    uart/clk_IBUF_BUFG
    SLICE_X7Y55          FDRE                                         r  uart/txData_reg[1]/C
                         clock pessimism             -0.499     1.490    
    SLICE_X7Y55          FDRE (Hold_fdre_C_D)         0.070     1.560    uart/txData_reg[1]
  -------------------------------------------------------------------
                         required time                         -1.560    
                         arrival time                           1.772    
  -------------------------------------------------------------------
                         slack                                  0.212    

Slack (MET) :             0.212ns  (arrival time - required time)
  Source:                 uartData_reg[3]/C
                            (rising edge-triggered cell FDRE clocked by sys_clk_pin  {rise@0.000ns fall@5.000ns period=10.000ns})
  Destination:            uart/txData_reg[4]/D
                            (rising edge-triggered cell FDRE clocked by sys_clk_pin  {rise@0.000ns fall@5.000ns period=10.000ns})
  Path Group:             sys_clk_pin
  Path Type:              Hold (Min at Fast Process Corner)
  Requirement:            0.000ns  (sys_clk_pin rise@0.000ns - sys_clk_pin rise@0.000ns)
  Data Path Delay:        0.300ns  (logic 0.141ns (47.019%)  route 0.159ns (52.981%))
  Logic Levels:           0  
  Clock Path Skew:        0.016ns (DCD - SCD - CPR)
    Destination Clock Delay (DCD):    1.989ns
    Source Clock Delay      (SCD):    1.474ns
    Clock Pessimism Removal (CPR):    0.499ns

    Location             Delay type                Incr(ns)  Path(ns)    Netlist Resource(s)
  -------------------------------------------------------------------    -------------------
                         (clock sys_clk_pin rise edge)
                                                      0.000     0.000 r  
    W5                                                0.000     0.000 r  clk (IN)
                         net (fo=0)                   0.000     0.000    clk
    W5                   IBUF (Prop_ibuf_I_O)         0.226     0.226 r  clk_IBUF_inst/O
                         net (fo=1, routed)           0.631     0.858    clk_IBUF
    BUFGCTRL_X0Y0        BUFG (Prop_bufg_I_O)         0.026     0.884 r  clk_IBUF_BUFG_inst/O
                         net (fo=100, routed)         0.591     1.474    clk_IBUF_BUFG
    SLICE_X5Y56          FDRE                                         r  uartData_reg[3]/C
  -------------------------------------------------------------------    -------------------
    SLICE_X5Y56          FDRE (Prop_fdre_C_Q)         0.141     1.615 r  uartData_reg[3]/Q
                         net (fo=1, routed)           0.159     1.774    uart/Q[3]
    SLICE_X7Y55          FDRE                                         r  uart/txData_reg[4]/D
  -------------------------------------------------------------------    -------------------

                         (clock sys_clk_pin rise edge)
                                                      0.000     0.000 r  
    W5                                                0.000     0.000 r  clk (IN)
                         net (fo=0)                   0.000     0.000    clk
    W5                   IBUF (Prop_ibuf_I_O)         0.414     0.414 r  clk_IBUF_inst/O
                         net (fo=1, routed)           0.685     1.099    clk_IBUF
    BUFGCTRL_X0Y0        BUFG (Prop_bufg_I_O)         0.029     1.128 r  clk_IBUF_BUFG_inst/O
                         net (fo=100, routed)         0.861     1.989    uart/clk_IBUF_BUFG
    SLICE_X7Y55          FDRE                                         r  uart/txData_reg[4]/C
                         clock pessimism             -0.499     1.490    
    SLICE_X7Y55          FDRE (Hold_fdre_C_D)         0.072     1.562    uart/txData_reg[4]
  -------------------------------------------------------------------
                         required time                         -1.562    
                         arrival time                           1.774    
  -------------------------------------------------------------------
                         slack                                  0.212    

Slack (MET) :             0.212ns  (arrival time - required time)
  Source:                 initStr_reg[3]/C
                            (rising edge-triggered cell FDRE clocked by sys_clk_pin  {rise@0.000ns fall@5.000ns period=10.000ns})
  Destination:            uartData_reg[3]/D
                            (rising edge-triggered cell FDRE clocked by sys_clk_pin  {rise@0.000ns fall@5.000ns period=10.000ns})
  Path Group:             sys_clk_pin
  Path Type:              Hold (Min at Fast Process Corner)
  Requirement:            0.000ns  (sys_clk_pin rise@0.000ns - sys_clk_pin rise@0.000ns)
  Data Path Delay:        0.272ns  (logic 0.141ns (51.841%)  route 0.131ns (48.159%))
  Logic Levels:           0  
  Clock Path Skew:        0.013ns (DCD - SCD - CPR)
    Destination Clock Delay (DCD):    1.989ns
    Source Clock Delay      (SCD):    1.474ns
    Clock Pessimism Removal (CPR):    0.502ns

    Location             Delay type                Incr(ns)  Path(ns)    Netlist Resource(s)
  -------------------------------------------------------------------    -------------------
                         (clock sys_clk_pin rise edge)
                                                      0.000     0.000 r  
    W5                                                0.000     0.000 r  clk (IN)
                         net (fo=0)                   0.000     0.000    clk
    W5                   IBUF (Prop_ibuf_I_O)         0.226     0.226 r  clk_IBUF_inst/O
                         net (fo=1, routed)           0.631     0.858    clk_IBUF
    BUFGCTRL_X0Y0        BUFG (Prop_bufg_I_O)         0.026     0.884 r  clk_IBUF_BUFG_inst/O
                         net (fo=100, routed)         0.591     1.474    clk_IBUF_BUFG
    SLICE_X4Y56          FDRE                                         r  initStr_reg[3]/C
  -------------------------------------------------------------------    -------------------
    SLICE_X4Y56          FDRE (Prop_fdre_C_Q)         0.141     1.615 r  initStr_reg[3]/Q
                         net (fo=6, routed)           0.131     1.746    initStr_reg__0[3]
    SLICE_X5Y56          FDRE                                         r  uartData_reg[3]/D
  -------------------------------------------------------------------    -------------------

                         (clock sys_clk_pin rise edge)
                                                      0.000     0.000 r  
    W5                                                0.000     0.000 r  clk (IN)
                         net (fo=0)                   0.000     0.000    clk
    W5                   IBUF (Prop_ibuf_I_O)         0.414     0.414 r  clk_IBUF_inst/O
                         net (fo=1, routed)           0.685     1.099    clk_IBUF
    BUFGCTRL_X0Y0        BUFG (Prop_bufg_I_O)         0.029     1.128 r  clk_IBUF_BUFG_inst/O
                         net (fo=100, routed)         0.861     1.989    clk_IBUF_BUFG
    SLICE_X5Y56          FDRE                                         r  uartData_reg[3]/C
                         clock pessimism             -0.502     1.487    
    SLICE_X5Y56          FDRE (Hold_fdre_C_D)         0.047     1.534    uartData_reg[3]
  -------------------------------------------------------------------
                         required time                         -1.534    
                         arrival time                           1.746    
  -------------------------------------------------------------------
                         slack                                  0.212    

Slack (MET) :             0.217ns  (arrival time - required time)
  Source:                 uartData_reg[1]/C
                            (rising edge-triggered cell FDRE clocked by sys_clk_pin  {rise@0.000ns fall@5.000ns period=10.000ns})
  Destination:            uart/txData_reg[2]/D
                            (rising edge-triggered cell FDRE clocked by sys_clk_pin  {rise@0.000ns fall@5.000ns period=10.000ns})
  Path Group:             sys_clk_pin
  Path Type:              Hold (Min at Fast Process Corner)
  Requirement:            0.000ns  (sys_clk_pin rise@0.000ns - sys_clk_pin rise@0.000ns)
  Data Path Delay:        0.299ns  (logic 0.141ns (47.200%)  route 0.158ns (52.800%))
  Logic Levels:           0  
  Clock Path Skew:        0.016ns (DCD - SCD - CPR)
    Destination Clock Delay (DCD):    1.989ns
    Source Clock Delay      (SCD):    1.474ns
    Clock Pessimism Removal (CPR):    0.499ns

    Location             Delay type                Incr(ns)  Path(ns)    Netlist Resource(s)
  -------------------------------------------------------------------    -------------------
                         (clock sys_clk_pin rise edge)
                                                      0.000     0.000 r  
    W5                                                0.000     0.000 r  clk (IN)
                         net (fo=0)                   0.000     0.000    clk
    W5                   IBUF (Prop_ibuf_I_O)         0.226     0.226 r  clk_IBUF_inst/O
                         net (fo=1, routed)           0.631     0.858    clk_IBUF
    BUFGCTRL_X0Y0        BUFG (Prop_bufg_I_O)         0.026     0.884 r  clk_IBUF_BUFG_inst/O
                         net (fo=100, routed)         0.591     1.474    clk_IBUF_BUFG
    SLICE_X4Y56          FDRE                                         r  uartData_reg[1]/C
  -------------------------------------------------------------------    -------------------
    SLICE_X4Y56          FDRE (Prop_fdre_C_Q)         0.141     1.615 r  uartData_reg[1]/Q
                         net (fo=1, routed)           0.158     1.773    uart/Q[1]
    SLICE_X7Y55          FDRE                                         r  uart/txData_reg[2]/D
  -------------------------------------------------------------------    -------------------

                         (clock sys_clk_pin rise edge)
                                                      0.000     0.000 r  
    W5                                                0.000     0.000 r  clk (IN)
                         net (fo=0)                   0.000     0.000    clk
    W5                   IBUF (Prop_ibuf_I_O)         0.414     0.414 r  clk_IBUF_inst/O
                         net (fo=1, routed)           0.685     1.099    clk_IBUF
    BUFGCTRL_X0Y0        BUFG (Prop_bufg_I_O)         0.029     1.128 r  clk_IBUF_BUFG_inst/O
                         net (fo=100, routed)         0.861     1.989    uart/clk_IBUF_BUFG
    SLICE_X7Y55          FDRE                                         r  uart/txData_reg[2]/C
                         clock pessimism             -0.499     1.490    
    SLICE_X7Y55          FDRE (Hold_fdre_C_D)         0.066     1.556    uart/txData_reg[2]
  -------------------------------------------------------------------
                         required time                         -1.556    
                         arrival time                           1.773    
  -------------------------------------------------------------------
                         slack                                  0.217    

Slack (MET) :             0.234ns  (arrival time - required time)
  Source:                 uartData_reg[5]/C
                            (rising edge-triggered cell FDRE clocked by sys_clk_pin  {rise@0.000ns fall@5.000ns period=10.000ns})
  Destination:            uart/txData_reg[6]/D
                            (rising edge-triggered cell FDRE clocked by sys_clk_pin  {rise@0.000ns fall@5.000ns period=10.000ns})
  Path Group:             sys_clk_pin
  Path Type:              Hold (Min at Fast Process Corner)
  Requirement:            0.000ns  (sys_clk_pin rise@0.000ns - sys_clk_pin rise@0.000ns)
  Data Path Delay:        0.302ns  (logic 0.141ns (46.764%)  route 0.161ns (53.236%))
  Logic Levels:           0  
  Clock Path Skew:        0.016ns (DCD - SCD - CPR)
    Destination Clock Delay (DCD):    1.989ns
    Source Clock Delay      (SCD):    1.474ns
    Clock Pessimism Removal (CPR):    0.499ns

    Location             Delay type                Incr(ns)  Path(ns)    Netlist Resource(s)
  -------------------------------------------------------------------    -------------------
                         (clock sys_clk_pin rise edge)
                                                      0.000     0.000 r  
    W5                                                0.000     0.000 r  clk (IN)
                         net (fo=0)                   0.000     0.000    clk
    W5                   IBUF (Prop_ibuf_I_O)         0.226     0.226 r  clk_IBUF_inst/O
                         net (fo=1, routed)           0.631     0.858    clk_IBUF
    BUFGCTRL_X0Y0        BUFG (Prop_bufg_I_O)         0.026     0.884 r  clk_IBUF_BUFG_inst/O
                         net (fo=100, routed)         0.591     1.474    clk_IBUF_BUFG
    SLICE_X5Y56          FDRE                                         r  uartData_reg[5]/C
  -------------------------------------------------------------------    -------------------
    SLICE_X5Y56          FDRE (Prop_fdre_C_Q)         0.141     1.615 r  uartData_reg[5]/Q
                         net (fo=1, routed)           0.161     1.776    uart/Q[5]
    SLICE_X6Y55          FDRE                                         r  uart/txData_reg[6]/D
  -------------------------------------------------------------------    -------------------

                         (clock sys_clk_pin rise edge)
                                                      0.000     0.000 r  
    W5                                                0.000     0.000 r  clk (IN)
                         net (fo=0)                   0.000     0.000    clk
    W5                   IBUF (Prop_ibuf_I_O)         0.414     0.414 r  clk_IBUF_inst/O
                         net (fo=1, routed)           0.685     1.099    clk_IBUF
    BUFGCTRL_X0Y0        BUFG (Prop_bufg_I_O)         0.029     1.128 r  clk_IBUF_BUFG_inst/O
                         net (fo=100, routed)         0.861     1.989    uart/clk_IBUF_BUFG
    SLICE_X6Y55          FDRE                                         r  uart/txData_reg[6]/C
                         clock pessimism             -0.499     1.490    
    SLICE_X6Y55          FDRE (Hold_fdre_C_D)         0.052     1.542    uart/txData_reg[6]
  -------------------------------------------------------------------
                         required time                         -1.542    
                         arrival time                           1.776    
  -------------------------------------------------------------------
                         slack                                  0.234    





Pulse Width Checks
--------------------------------------------------------------------------------------
Clock Name:         sys_clk_pin
Waveform(ns):       { 0.000 5.000 }
Period(ns):         10.000
Sources:            { clk }

Check Type        Corner  Lib Pin  Reference Pin  Required(ns)  Actual(ns)  Slack(ns)  Location       Pin
Min Period        n/a     BUFG/I   n/a            2.155         10.000      7.845      BUFGCTRL_X0Y0  clk_IBUF_BUFG_inst/I
Min Period        n/a     FDRE/C   n/a            1.000         10.000      9.000      SLICE_X2Y55    FSM_sequential_state_reg/C
Min Period        n/a     FDRE/C   n/a            1.000         10.000      9.000      SLICE_X2Y55    btnC_prev_reg/C
Min Period        n/a     FDRE/C   n/a            1.000         10.000      9.000      SLICE_X2Y55    debounce_UT/btn_clr_reg/C
Min Period        n/a     FDRE/C   n/a            1.000         10.000      9.000      SLICE_X1Y59    debounce_UT/count_reg[0]/C
Min Period        n/a     FDRE/C   n/a            1.000         10.000      9.000      SLICE_X1Y61    debounce_UT/count_reg[10]/C
Min Period        n/a     FDRE/C   n/a            1.000         10.000      9.000      SLICE_X1Y61    debounce_UT/count_reg[11]/C
Min Period        n/a     FDRE/C   n/a            1.000         10.000      9.000      SLICE_X1Y62    debounce_UT/count_reg[12]/C
Min Period        n/a     FDRE/C   n/a            1.000         10.000      9.000      SLICE_X1Y62    debounce_UT/count_reg[13]/C
Min Period        n/a     FDRE/C   n/a            1.000         10.000      9.000      SLICE_X1Y62    debounce_UT/count_reg[14]/C
Low Pulse Width   Slow    FDRE/C   n/a            0.500         5.000       4.500      SLICE_X1Y61    debounce_UT/count_reg[10]/C
Low Pulse Width   Slow    FDRE/C   n/a            0.500         5.000       4.500      SLICE_X1Y61    debounce_UT/count_reg[11]/C
Low Pulse Width   Slow    FDRE/C   n/a            0.500         5.000       4.500      SLICE_X1Y62    debounce_UT/count_reg[12]/C
Low Pulse Width   Slow    FDRE/C   n/a            0.500         5.000       4.500      SLICE_X1Y62    debounce_UT/count_reg[13]/C
Low Pulse Width   Slow    FDRE/C   n/a            0.500         5.000       4.500      SLICE_X1Y62    debounce_UT/count_reg[14]/C
Low Pulse Width   Slow    FDRE/C   n/a            0.500         5.000       4.500      SLICE_X1Y62    debounce_UT/count_reg[15]/C
Low Pulse Width   Slow    FDRE/C   n/a            0.500         5.000       4.500      SLICE_X1Y63    debounce_UT/count_reg[16]/C
Low Pulse Width   Slow    FDRE/C   n/a            0.500         5.000       4.500      SLICE_X1Y63    debounce_UT/count_reg[17]/C
Low Pulse Width   Slow    FDRE/C   n/a            0.500         5.000       4.500      SLICE_X1Y63    debounce_UT/count_reg[18]/C
Low Pulse Width   Slow    FDRE/C   n/a            0.500         5.000       4.500      SLICE_X1Y63    debounce_UT/count_reg[19]/C
High Pulse Width  Slow    FDRE/C   n/a            0.500         5.000       4.500      SLICE_X2Y55    FSM_sequential_state_reg/C
High Pulse Width  Slow    FDRE/C   n/a            0.500         5.000       4.500      SLICE_X2Y55    btnC_prev_reg/C
High Pulse Width  Slow    FDRE/C   n/a            0.500         5.000       4.500      SLICE_X2Y55    debounce_UT/btn_clr_reg/C
High Pulse Width  Slow    FDRE/C   n/a            0.500         5.000       4.500      SLICE_X2Y56    debounce_UT/xnew_reg/C
High Pulse Width  Slow    FDRE/C   n/a            0.500         5.000       4.500      SLICE_X2Y54    uart/timer_reg[0]/C
High Pulse Width  Slow    FDRE/C   n/a            0.500         5.000       4.500      SLICE_X3Y55    uart/timer_reg[10]/C
High Pulse Width  Slow    FDRE/C   n/a            0.500         5.000       4.500      SLICE_X3Y55    uart/timer_reg[11]/C
High Pulse Width  Slow    FDRE/C   n/a            0.500         5.000       4.500      SLICE_X3Y55    uart/timer_reg[12]/C
High Pulse Width  Slow    FDRE/C   n/a            0.500         5.000       4.500      SLICE_X3Y56    uart/timer_reg[13]/C
High Pulse Width  Slow    FDRE/C   n/a            0.500         5.000       4.500      SLICE_X3Y56    uart/timer_reg[14]/C



