Copyright 1986-2018 Xilinx, Inc. All Rights Reserved.
--------------------------------------------------------------------------------------------------------------------------------------------------------------------------------------------------------
| Tool Version : Vivado v.2018.3 (win64) Build 2405991 Thu Dec  6 23:38:27 MST 2018
| Date         : Fri Feb 27 18:04:12 2026
| Host         : BH610-DRZVK84 running 64-bit major release  (build 9200)
| Command      : report_timing_summary -max_paths 10 -file UART_rx_top_timing_summary_routed.rpt -pb UART_rx_top_timing_summary_routed.pb -rpx UART_rx_top_timing_summary_routed.rpx -warn_on_violation
| Design       : UART_rx_top
| Device       : 7a35t-cpg236
| Speed File   : -1  PRODUCTION 1.23 2018-06-13
--------------------------------------------------------------------------------------------------------------------------------------------------------------------------------------------------------

Timing Summary Report

------------------------------------------------------------------------------------------------
| Timer Settings
| --------------
------------------------------------------------------------------------------------------------

  Enable Multi Corner Analysis               :  Yes
  Enable Pessimism Removal                   :  Yes
  Pessimism Removal Resolution               :  Nearest Common Node
  Enable Input Delay Default Clock           :  No
  Enable Preset / Clear Arcs                 :  No
  Disable Flight Delays                      :  No
  Ignore I/O Paths                           :  No
  Timing Early Launch at Borrowing Latches   :  false

  Corner  Analyze    Analyze    
  Name    Max Paths  Min Paths  
  ------  ---------  ---------  
  Slow    Yes        Yes        
  Fast    Yes        Yes        



check_timing report

Table of Contents
-----------------
1. checking no_clock
2. checking constant_clock
3. checking pulse_width_clock
4. checking unconstrained_internal_endpoints
5. checking no_input_delay
6. checking no_output_delay
7. checking multiple_clock
8. checking generated_clocks
9. checking loops
10. checking partial_input_delay
11. checking partial_output_delay
12. checking latch_loops

1. checking no_clock
--------------------
 There are 0 register/latch pins with no clock.


2. checking constant_clock
--------------------------
 There are 0 register/latch pins with constant_clock.


3. checking pulse_width_clock
-----------------------------
 There are 0 register/latch pins which need pulse_width check


4. checking unconstrained_internal_endpoints
--------------------------------------------
 There are 0 pins that are not constrained for maximum delay.

 There are 0 pins that are not constrained for maximum delay due to constant clock.


5. checking no_input_delay
--------------------------
 There is 1 input port with no input delay specified. (HIGH)

 There are 0 input ports with no input delay but user has a false path constraint.


6. checking no_output_delay
---------------------------
 There are 16 ports with no output delay specified. (HIGH)

 There are 0 ports with no output delay but user has a false path constraint

 There are 0 ports with no output delay but with a timing clock defined on it or propagating through it


7. checking multiple_clock
--------------------------
 There are 0 register/latch pins with multiple clocks.


8. checking generated_clocks
----------------------------
 There are 0 generated clocks that are not connected to a clock source.


9. checking loops
-----------------
 There are 0 combinational loops in the design.


10. checking partial_input_delay
--------------------------------
 There are 0 input ports with partial input delay specified.


11. checking partial_output_delay
---------------------------------
 There are 0 ports with partial output delay specified.


12. checking latch_loops
------------------------
 There are 0 combinational latch loops in the design through latch input



------------------------------------------------------------------------------------------------
| Design Timing Summary
| ---------------------
------------------------------------------------------------------------------------------------

    WNS(ns)      TNS(ns)  TNS Failing Endpoints  TNS Total Endpoints      WHS(ns)      THS(ns)  THS Failing Endpoints  THS Total Endpoints     WPWS(ns)     TPWS(ns)  TPWS Failing Endpoints  TPWS Total Endpoints  
    -------      -------  ---------------------  -------------------      -------      -------  ---------------------  -------------------     --------     --------  ----------------------  --------------------  
      5.431        0.000                      0                  168        0.140        0.000                      0                  168        4.500        0.000                       0                    79  


All user specified timing constraints are met.


------------------------------------------------------------------------------------------------
| Clock Summary
| -------------
------------------------------------------------------------------------------------------------

Clock        Waveform(ns)       Period(ns)      Frequency(MHz)
-----        ------------       ----------      --------------
sys_clk_pin  {0.000 5.000}      10.000          100.000         


------------------------------------------------------------------------------------------------
| Intra Clock Table
| -----------------
------------------------------------------------------------------------------------------------

Clock             WNS(ns)      TNS(ns)  TNS Failing Endpoints  TNS Total Endpoints      WHS(ns)      THS(ns)  THS Failing Endpoints  THS Total Endpoints     WPWS(ns)     TPWS(ns)  TPWS Failing Endpoints  TPWS Total Endpoints  
-----             -------      -------  ---------------------  -------------------      -------      -------  ---------------------  -------------------     --------     --------  ----------------------  --------------------  
sys_clk_pin         5.431        0.000                      0                  168        0.140        0.000                      0                  168        4.500        0.000                       0                    79  


------------------------------------------------------------------------------------------------
| Inter Clock Table
| -----------------
------------------------------------------------------------------------------------------------

From Clock    To Clock          WNS(ns)      TNS(ns)  TNS Failing Endpoints  TNS Total Endpoints      WHS(ns)      THS(ns)  THS Failing Endpoints  THS Total Endpoints  
----------    --------          -------      -------  ---------------------  -------------------      -------      -------  ---------------------  -------------------  


------------------------------------------------------------------------------------------------
| Other Path Groups Table
| -----------------------
------------------------------------------------------------------------------------------------

Path Group    From Clock    To Clock          WNS(ns)      TNS(ns)  TNS Failing Endpoints  TNS Total Endpoints      WHS(ns)      THS(ns)  THS Failing Endpoints  THS Total Endpoints  
----------    ----------    --------          -------      -------  ---------------------  -------------------      -------      -------  ---------------------  -------------------  


------------------------------------------------------------------------------------------------
| Timing Details
| --------------
------------------------------------------------------------------------------------------------


---------------------------------------------------------------------------------------------------
From Clock:  sys_clk_pin
  To Clock:  sys_clk_pin

Setup :            0  Failing Endpoints,  Worst Slack        5.431ns,  Total Violation        0.000ns
Hold  :            0  Failing Endpoints,  Worst Slack        0.140ns,  Total Violation        0.000ns
PW    :            0  Failing Endpoints,  Worst Slack        4.500ns,  Total Violation        0.000ns
---------------------------------------------------------------------------------------------------


Max Delay Paths
--------------------------------------------------------------------------------------
Slack (MET) :             5.431ns  (required time - arrival time)
  Source:                 RX/timer_reg[5]/C
                            (rising edge-triggered cell FDRE clocked by sys_clk_pin  {rise@0.000ns fall@5.000ns period=10.000ns})
  Destination:            RX/timer_reg[13]/R
                            (rising edge-triggered cell FDRE clocked by sys_clk_pin  {rise@0.000ns fall@5.000ns period=10.000ns})
  Path Group:             sys_clk_pin
  Path Type:              Setup (Max at Slow Process Corner)
  Requirement:            10.000ns  (sys_clk_pin rise@10.000ns - sys_clk_pin rise@0.000ns)
  Data Path Delay:        4.078ns  (logic 1.062ns (26.043%)  route 3.016ns (73.957%))
  Logic Levels:           3  (LUT2=1 LUT6=2)
  Clock Path Skew:        -0.027ns (DCD - SCD + CPR)
    Destination Clock Delay (DCD):    4.843ns = ( 14.843 - 10.000 ) 
    Source Clock Delay      (SCD):    5.142ns
    Clock Pessimism Removal (CPR):    0.272ns
  Clock Uncertainty:      0.035ns  ((TSJ^2 + TIJ^2)^1/2 + DJ) / 2 + PE
    Total System Jitter     (TSJ):    0.071ns
    Total Input Jitter      (TIJ):    0.000ns
    Discrete Jitter          (DJ):    0.000ns
    Phase Error              (PE):    0.000ns

    Location             Delay type                Incr(ns)  Path(ns)    Netlist Resource(s)
  -------------------------------------------------------------------    -------------------
                         (clock sys_clk_pin rise edge)
                                                      0.000     0.000 r  
    W5                                                0.000     0.000 r  clk (IN)
                         net (fo=0)                   0.000     0.000    clk
    W5                   IBUF (Prop_ibuf_I_O)         1.458     1.458 r  clk_IBUF_inst/O
                         net (fo=1, routed)           1.967     3.425    clk_IBUF
    BUFGCTRL_X0Y0        BUFG (Prop_bufg_I_O)         0.096     3.521 r  clk_IBUF_BUFG_inst/O
                         net (fo=78, routed)          1.621     5.142    RX/clk_IBUF_BUFG
    SLICE_X62Y64         FDRE                                         r  RX/timer_reg[5]/C
  -------------------------------------------------------------------    -------------------
    SLICE_X62Y64         FDRE (Prop_fdre_C_Q)         0.456     5.598 r  RX/timer_reg[5]/Q
                         net (fo=4, routed)           1.107     6.705    RX/timer_reg_n_0_[5]
    SLICE_X61Y65         LUT2 (Prop_lut2_I1_O)        0.150     6.855 f  RX/FSM_sequential_state[2]_i_10/O
                         net (fo=2, routed)           0.818     7.673    RX/FSM_sequential_state[2]_i_10_n_0
    SLICE_X63Y65         LUT6 (Prop_lut6_I0_O)        0.332     8.005 f  RX/timer[31]_i_4/O
                         net (fo=2, routed)           0.413     8.418    RX/timer[31]_i_4_n_0
    SLICE_X63Y66         LUT6 (Prop_lut6_I4_O)        0.124     8.542 r  RX/timer[31]_i_1/O
                         net (fo=31, routed)          0.677     9.220    RX/timer[31]_i_1_n_0
    SLICE_X62Y66         FDRE                                         r  RX/timer_reg[13]/R
  -------------------------------------------------------------------    -------------------

                         (clock sys_clk_pin rise edge)
                                                     10.000    10.000 r  
    W5                                                0.000    10.000 r  clk (IN)
                         net (fo=0)                   0.000    10.000    clk
    W5                   IBUF (Prop_ibuf_I_O)         1.388    11.388 r  clk_IBUF_inst/O
                         net (fo=1, routed)           1.862    13.250    clk_IBUF
    BUFGCTRL_X0Y0        BUFG (Prop_bufg_I_O)         0.091    13.341 r  clk_IBUF_BUFG_inst/O
                         net (fo=78, routed)          1.502    14.843    RX/clk_IBUF_BUFG
    SLICE_X62Y66         FDRE                                         r  RX/timer_reg[13]/C
                         clock pessimism              0.272    15.115    
                         clock uncertainty           -0.035    15.080    
    SLICE_X62Y66         FDRE (Setup_fdre_C_R)       -0.429    14.651    RX/timer_reg[13]
  -------------------------------------------------------------------
                         required time                         14.651    
                         arrival time                          -9.220    
  -------------------------------------------------------------------
                         slack                                  5.431    

Slack (MET) :             5.431ns  (required time - arrival time)
  Source:                 RX/timer_reg[5]/C
                            (rising edge-triggered cell FDRE clocked by sys_clk_pin  {rise@0.000ns fall@5.000ns period=10.000ns})
  Destination:            RX/timer_reg[14]/R
                            (rising edge-triggered cell FDRE clocked by sys_clk_pin  {rise@0.000ns fall@5.000ns period=10.000ns})
  Path Group:             sys_clk_pin
  Path Type:              Setup (Max at Slow Process Corner)
  Requirement:            10.000ns  (sys_clk_pin rise@10.000ns - sys_clk_pin rise@0.000ns)
  Data Path Delay:        4.078ns  (logic 1.062ns (26.043%)  route 3.016ns (73.957%))
  Logic Levels:           3  (LUT2=1 LUT6=2)
  Clock Path Skew:        -0.027ns (DCD - SCD + CPR)
    Destination Clock Delay (DCD):    4.843ns = ( 14.843 - 10.000 ) 
    Source Clock Delay      (SCD):    5.142ns
    Clock Pessimism Removal (CPR):    0.272ns
  Clock Uncertainty:      0.035ns  ((TSJ^2 + TIJ^2)^1/2 + DJ) / 2 + PE
    Total System Jitter     (TSJ):    0.071ns
    Total Input Jitter      (TIJ):    0.000ns
    Discrete Jitter          (DJ):    0.000ns
    Phase Error              (PE):    0.000ns

    Location             Delay type                Incr(ns)  Path(ns)    Netlist Resource(s)
  -------------------------------------------------------------------    -------------------
                         (clock sys_clk_pin rise edge)
                                                      0.000     0.000 r  
    W5                                                0.000     0.000 r  clk (IN)
                         net (fo=0)                   0.000     0.000    clk
    W5                   IBUF (Prop_ibuf_I_O)         1.458     1.458 r  clk_IBUF_inst/O
                         net (fo=1, routed)           1.967     3.425    clk_IBUF
    BUFGCTRL_X0Y0        BUFG (Prop_bufg_I_O)         0.096     3.521 r  clk_IBUF_BUFG_inst/O
                         net (fo=78, routed)          1.621     5.142    RX/clk_IBUF_BUFG
    SLICE_X62Y64         FDRE                                         r  RX/timer_reg[5]/C
  -------------------------------------------------------------------    -------------------
    SLICE_X62Y64         FDRE (Prop_fdre_C_Q)         0.456     5.598 r  RX/timer_reg[5]/Q
                         net (fo=4, routed)           1.107     6.705    RX/timer_reg_n_0_[5]
    SLICE_X61Y65         LUT2 (Prop_lut2_I1_O)        0.150     6.855 f  RX/FSM_sequential_state[2]_i_10/O
                         net (fo=2, routed)           0.818     7.673    RX/FSM_sequential_state[2]_i_10_n_0
    SLICE_X63Y65         LUT6 (Prop_lut6_I0_O)        0.332     8.005 f  RX/timer[31]_i_4/O
                         net (fo=2, routed)           0.413     8.418    RX/timer[31]_i_4_n_0
    SLICE_X63Y66         LUT6 (Prop_lut6_I4_O)        0.124     8.542 r  RX/timer[31]_i_1/O
                         net (fo=31, routed)          0.677     9.220    RX/timer[31]_i_1_n_0
    SLICE_X62Y66         FDRE                                         r  RX/timer_reg[14]/R
  -------------------------------------------------------------------    -------------------

                         (clock sys_clk_pin rise edge)
                                                     10.000    10.000 r  
    W5                                                0.000    10.000 r  clk (IN)
                         net (fo=0)                   0.000    10.000    clk
    W5                   IBUF (Prop_ibuf_I_O)         1.388    11.388 r  clk_IBUF_inst/O
                         net (fo=1, routed)           1.862    13.250    clk_IBUF
    BUFGCTRL_X0Y0        BUFG (Prop_bufg_I_O)         0.091    13.341 r  clk_IBUF_BUFG_inst/O
                         net (fo=78, routed)          1.502    14.843    RX/clk_IBUF_BUFG
    SLICE_X62Y66         FDRE                                         r  RX/timer_reg[14]/C
                         clock pessimism              0.272    15.115    
                         clock uncertainty           -0.035    15.080    
    SLICE_X62Y66         FDRE (Setup_fdre_C_R)       -0.429    14.651    RX/timer_reg[14]
  -------------------------------------------------------------------
                         required time                         14.651    
                         arrival time                          -9.220    
  -------------------------------------------------------------------
                         slack                                  5.431    

Slack (MET) :             5.431ns  (required time - arrival time)
  Source:                 RX/timer_reg[5]/C
                            (rising edge-triggered cell FDRE clocked by sys_clk_pin  {rise@0.000ns fall@5.000ns period=10.000ns})
  Destination:            RX/timer_reg[15]/R
                            (rising edge-triggered cell FDRE clocked by sys_clk_pin  {rise@0.000ns fall@5.000ns period=10.000ns})
  Path Group:             sys_clk_pin
  Path Type:              Setup (Max at Slow Process Corner)
  Requirement:            10.000ns  (sys_clk_pin rise@10.000ns - sys_clk_pin rise@0.000ns)
  Data Path Delay:        4.078ns  (logic 1.062ns (26.043%)  route 3.016ns (73.957%))
  Logic Levels:           3  (LUT2=1 LUT6=2)
  Clock Path Skew:        -0.027ns (DCD - SCD + CPR)
    Destination Clock Delay (DCD):    4.843ns = ( 14.843 - 10.000 ) 
    Source Clock Delay      (SCD):    5.142ns
    Clock Pessimism Removal (CPR):    0.272ns
  Clock Uncertainty:      0.035ns  ((TSJ^2 + TIJ^2)^1/2 + DJ) / 2 + PE
    Total System Jitter     (TSJ):    0.071ns
    Total Input Jitter      (TIJ):    0.000ns
    Discrete Jitter          (DJ):    0.000ns
    Phase Error              (PE):    0.000ns

    Location             Delay type                Incr(ns)  Path(ns)    Netlist Resource(s)
  -------------------------------------------------------------------    -------------------
                         (clock sys_clk_pin rise edge)
                                                      0.000     0.000 r  
    W5                                                0.000     0.000 r  clk (IN)
                         net (fo=0)                   0.000     0.000    clk
    W5                   IBUF (Prop_ibuf_I_O)         1.458     1.458 r  clk_IBUF_inst/O
                         net (fo=1, routed)           1.967     3.425    clk_IBUF
    BUFGCTRL_X0Y0        BUFG (Prop_bufg_I_O)         0.096     3.521 r  clk_IBUF_BUFG_inst/O
                         net (fo=78, routed)          1.621     5.142    RX/clk_IBUF_BUFG
    SLICE_X62Y64         FDRE                                         r  RX/timer_reg[5]/C
  -------------------------------------------------------------------    -------------------
    SLICE_X62Y64         FDRE (Prop_fdre_C_Q)         0.456     5.598 r  RX/timer_reg[5]/Q
                         net (fo=4, routed)           1.107     6.705    RX/timer_reg_n_0_[5]
    SLICE_X61Y65         LUT2 (Prop_lut2_I1_O)        0.150     6.855 f  RX/FSM_sequential_state[2]_i_10/O
                         net (fo=2, routed)           0.818     7.673    RX/FSM_sequential_state[2]_i_10_n_0
    SLICE_X63Y65         LUT6 (Prop_lut6_I0_O)        0.332     8.005 f  RX/timer[31]_i_4/O
                         net (fo=2, routed)           0.413     8.418    RX/timer[31]_i_4_n_0
    SLICE_X63Y66         LUT6 (Prop_lut6_I4_O)        0.124     8.542 r  RX/timer[31]_i_1/O
                         net (fo=31, routed)          0.677     9.220    RX/timer[31]_i_1_n_0
    SLICE_X62Y66         FDRE                                         r  RX/timer_reg[15]/R
  -------------------------------------------------------------------    -------------------

                         (clock sys_clk_pin rise edge)
                                                     10.000    10.000 r  
    W5                                                0.000    10.000 r  clk (IN)
                         net (fo=0)                   0.000    10.000    clk
    W5                   IBUF (Prop_ibuf_I_O)         1.388    11.388 r  clk_IBUF_inst/O
                         net (fo=1, routed)           1.862    13.250    clk_IBUF
    BUFGCTRL_X0Y0        BUFG (Prop_bufg_I_O)         0.091    13.341 r  clk_IBUF_BUFG_inst/O
                         net (fo=78, routed)          1.502    14.843    RX/clk_IBUF_BUFG
    SLICE_X62Y66         FDRE                                         r  RX/timer_reg[15]/C
                         clock pessimism              0.272    15.115    
                         clock uncertainty           -0.035    15.080    
    SLICE_X62Y66         FDRE (Setup_fdre_C_R)       -0.429    14.651    RX/timer_reg[15]
  -------------------------------------------------------------------
                         required time                         14.651    
                         arrival time                          -9.220    
  -------------------------------------------------------------------
                         slack                                  5.431    

Slack (MET) :             5.431ns  (required time - arrival time)
  Source:                 RX/timer_reg[5]/C
                            (rising edge-triggered cell FDRE clocked by sys_clk_pin  {rise@0.000ns fall@5.000ns period=10.000ns})
  Destination:            RX/timer_reg[16]/R
                            (rising edge-triggered cell FDRE clocked by sys_clk_pin  {rise@0.000ns fall@5.000ns period=10.000ns})
  Path Group:             sys_clk_pin
  Path Type:              Setup (Max at Slow Process Corner)
  Requirement:            10.000ns  (sys_clk_pin rise@10.000ns - sys_clk_pin rise@0.000ns)
  Data Path Delay:        4.078ns  (logic 1.062ns (26.043%)  route 3.016ns (73.957%))
  Logic Levels:           3  (LUT2=1 LUT6=2)
  Clock Path Skew:        -0.027ns (DCD - SCD + CPR)
    Destination Clock Delay (DCD):    4.843ns = ( 14.843 - 10.000 ) 
    Source Clock Delay      (SCD):    5.142ns
    Clock Pessimism Removal (CPR):    0.272ns
  Clock Uncertainty:      0.035ns  ((TSJ^2 + TIJ^2)^1/2 + DJ) / 2 + PE
    Total System Jitter     (TSJ):    0.071ns
    Total Input Jitter      (TIJ):    0.000ns
    Discrete Jitter          (DJ):    0.000ns
    Phase Error              (PE):    0.000ns

    Location             Delay type                Incr(ns)  Path(ns)    Netlist Resource(s)
  -------------------------------------------------------------------    -------------------
                         (clock sys_clk_pin rise edge)
                                                      0.000     0.000 r  
    W5                                                0.000     0.000 r  clk (IN)
                         net (fo=0)                   0.000     0.000    clk
    W5                   IBUF (Prop_ibuf_I_O)         1.458     1.458 r  clk_IBUF_inst/O
                         net (fo=1, routed)           1.967     3.425    clk_IBUF
    BUFGCTRL_X0Y0        BUFG (Prop_bufg_I_O)         0.096     3.521 r  clk_IBUF_BUFG_inst/O
                         net (fo=78, routed)          1.621     5.142    RX/clk_IBUF_BUFG
    SLICE_X62Y64         FDRE                                         r  RX/timer_reg[5]/C
  -------------------------------------------------------------------    -------------------
    SLICE_X62Y64         FDRE (Prop_fdre_C_Q)         0.456     5.598 r  RX/timer_reg[5]/Q
                         net (fo=4, routed)           1.107     6.705    RX/timer_reg_n_0_[5]
    SLICE_X61Y65         LUT2 (Prop_lut2_I1_O)        0.150     6.855 f  RX/FSM_sequential_state[2]_i_10/O
                         net (fo=2, routed)           0.818     7.673    RX/FSM_sequential_state[2]_i_10_n_0
    SLICE_X63Y65         LUT6 (Prop_lut6_I0_O)        0.332     8.005 f  RX/timer[31]_i_4/O
                         net (fo=2, routed)           0.413     8.418    RX/timer[31]_i_4_n_0
    SLICE_X63Y66         LUT6 (Prop_lut6_I4_O)        0.124     8.542 r  RX/timer[31]_i_1/O
                         net (fo=31, routed)          0.677     9.220    RX/timer[31]_i_1_n_0
    SLICE_X62Y66         FDRE                                         r  RX/timer_reg[16]/R
  -------------------------------------------------------------------    -------------------

                         (clock sys_clk_pin rise edge)
                                                     10.000    10.000 r  
    W5                                                0.000    10.000 r  clk (IN)
                         net (fo=0)                   0.000    10.000    clk
    W5                   IBUF (Prop_ibuf_I_O)         1.388    11.388 r  clk_IBUF_inst/O
                         net (fo=1, routed)           1.862    13.250    clk_IBUF
    BUFGCTRL_X0Y0        BUFG (Prop_bufg_I_O)         0.091    13.341 r  clk_IBUF_BUFG_inst/O
                         net (fo=78, routed)          1.502    14.843    RX/clk_IBUF_BUFG
    SLICE_X62Y66         FDRE                                         r  RX/timer_reg[16]/C
                         clock pessimism              0.272    15.115    
                         clock uncertainty           -0.035    15.080    
    SLICE_X62Y66         FDRE (Setup_fdre_C_R)       -0.429    14.651    RX/timer_reg[16]
  -------------------------------------------------------------------
                         required time                         14.651    
                         arrival time                          -9.220    
  -------------------------------------------------------------------
                         slack                                  5.431    

Slack (MET) :             5.440ns  (required time - arrival time)
  Source:                 RX/timer_reg[5]/C
                            (rising edge-triggered cell FDRE clocked by sys_clk_pin  {rise@0.000ns fall@5.000ns period=10.000ns})
  Destination:            RX/timer_reg[1]/R
                            (rising edge-triggered cell FDRE clocked by sys_clk_pin  {rise@0.000ns fall@5.000ns period=10.000ns})
  Path Group:             sys_clk_pin
  Path Type:              Setup (Max at Slow Process Corner)
  Requirement:            10.000ns  (sys_clk_pin rise@10.000ns - sys_clk_pin rise@0.000ns)
  Data Path Delay:        4.071ns  (logic 1.062ns (26.089%)  route 3.009ns (73.911%))
  Logic Levels:           3  (LUT2=1 LUT6=2)
  Clock Path Skew:        -0.025ns (DCD - SCD + CPR)
    Destination Clock Delay (DCD):    4.845ns = ( 14.845 - 10.000 ) 
    Source Clock Delay      (SCD):    5.142ns
    Clock Pessimism Removal (CPR):    0.272ns
  Clock Uncertainty:      0.035ns  ((TSJ^2 + TIJ^2)^1/2 + DJ) / 2 + PE
    Total System Jitter     (TSJ):    0.071ns
    Total Input Jitter      (TIJ):    0.000ns
    Discrete Jitter          (DJ):    0.000ns
    Phase Error              (PE):    0.000ns

    Location             Delay type                Incr(ns)  Path(ns)    Netlist Resource(s)
  -------------------------------------------------------------------    -------------------
                         (clock sys_clk_pin rise edge)
                                                      0.000     0.000 r  
    W5                                                0.000     0.000 r  clk (IN)
                         net (fo=0)                   0.000     0.000    clk
    W5                   IBUF (Prop_ibuf_I_O)         1.458     1.458 r  clk_IBUF_inst/O
                         net (fo=1, routed)           1.967     3.425    clk_IBUF
    BUFGCTRL_X0Y0        BUFG (Prop_bufg_I_O)         0.096     3.521 r  clk_IBUF_BUFG_inst/O
                         net (fo=78, routed)          1.621     5.142    RX/clk_IBUF_BUFG
    SLICE_X62Y64         FDRE                                         r  RX/timer_reg[5]/C
  -------------------------------------------------------------------    -------------------
    SLICE_X62Y64         FDRE (Prop_fdre_C_Q)         0.456     5.598 r  RX/timer_reg[5]/Q
                         net (fo=4, routed)           1.107     6.705    RX/timer_reg_n_0_[5]
    SLICE_X61Y65         LUT2 (Prop_lut2_I1_O)        0.150     6.855 f  RX/FSM_sequential_state[2]_i_10/O
                         net (fo=2, routed)           0.818     7.673    RX/FSM_sequential_state[2]_i_10_n_0
    SLICE_X63Y65         LUT6 (Prop_lut6_I0_O)        0.332     8.005 f  RX/timer[31]_i_4/O
                         net (fo=2, routed)           0.413     8.418    RX/timer[31]_i_4_n_0
    SLICE_X63Y66         LUT6 (Prop_lut6_I4_O)        0.124     8.542 r  RX/timer[31]_i_1/O
                         net (fo=31, routed)          0.670     9.212    RX/timer[31]_i_1_n_0
    SLICE_X62Y63         FDRE                                         r  RX/timer_reg[1]/R
  -------------------------------------------------------------------    -------------------

                         (clock sys_clk_pin rise edge)
                                                     10.000    10.000 r  
    W5                                                0.000    10.000 r  clk (IN)
                         net (fo=0)                   0.000    10.000    clk
    W5                   IBUF (Prop_ibuf_I_O)         1.388    11.388 r  clk_IBUF_inst/O
                         net (fo=1, routed)           1.862    13.250    clk_IBUF
    BUFGCTRL_X0Y0        BUFG (Prop_bufg_I_O)         0.091    13.341 r  clk_IBUF_BUFG_inst/O
                         net (fo=78, routed)          1.504    14.845    RX/clk_IBUF_BUFG
    SLICE_X62Y63         FDRE                                         r  RX/timer_reg[1]/C
                         clock pessimism              0.272    15.117    
                         clock uncertainty           -0.035    15.082    
    SLICE_X62Y63         FDRE (Setup_fdre_C_R)       -0.429    14.653    RX/timer_reg[1]
  -------------------------------------------------------------------
                         required time                         14.653    
                         arrival time                          -9.212    
  -------------------------------------------------------------------
                         slack                                  5.440    

Slack (MET) :             5.440ns  (required time - arrival time)
  Source:                 RX/timer_reg[5]/C
                            (rising edge-triggered cell FDRE clocked by sys_clk_pin  {rise@0.000ns fall@5.000ns period=10.000ns})
  Destination:            RX/timer_reg[2]/R
                            (rising edge-triggered cell FDRE clocked by sys_clk_pin  {rise@0.000ns fall@5.000ns period=10.000ns})
  Path Group:             sys_clk_pin
  Path Type:              Setup (Max at Slow Process Corner)
  Requirement:            10.000ns  (sys_clk_pin rise@10.000ns - sys_clk_pin rise@0.000ns)
  Data Path Delay:        4.071ns  (logic 1.062ns (26.089%)  route 3.009ns (73.911%))
  Logic Levels:           3  (LUT2=1 LUT6=2)
  Clock Path Skew:        -0.025ns (DCD - SCD + CPR)
    Destination Clock Delay (DCD):    4.845ns = ( 14.845 - 10.000 ) 
    Source Clock Delay      (SCD):    5.142ns
    Clock Pessimism Removal (CPR):    0.272ns
  Clock Uncertainty:      0.035ns  ((TSJ^2 + TIJ^2)^1/2 + DJ) / 2 + PE
    Total System Jitter     (TSJ):    0.071ns
    Total Input Jitter      (TIJ):    0.000ns
    Discrete Jitter          (DJ):    0.000ns
    Phase Error              (PE):    0.000ns

    Location             Delay type                Incr(ns)  Path(ns)    Netlist Resource(s)
  -------------------------------------------------------------------    -------------------
                         (clock sys_clk_pin rise edge)
                                                      0.000     0.000 r  
    W5                                                0.000     0.000 r  clk (IN)
                         net (fo=0)                   0.000     0.000    clk
    W5                   IBUF (Prop_ibuf_I_O)         1.458     1.458 r  clk_IBUF_inst/O
                         net (fo=1, routed)           1.967     3.425    clk_IBUF
    BUFGCTRL_X0Y0        BUFG (Prop_bufg_I_O)         0.096     3.521 r  clk_IBUF_BUFG_inst/O
                         net (fo=78, routed)          1.621     5.142    RX/clk_IBUF_BUFG
    SLICE_X62Y64         FDRE                                         r  RX/timer_reg[5]/C
  -------------------------------------------------------------------    -------------------
    SLICE_X62Y64         FDRE (Prop_fdre_C_Q)         0.456     5.598 r  RX/timer_reg[5]/Q
                         net (fo=4, routed)           1.107     6.705    RX/timer_reg_n_0_[5]
    SLICE_X61Y65         LUT2 (Prop_lut2_I1_O)        0.150     6.855 f  RX/FSM_sequential_state[2]_i_10/O
                         net (fo=2, routed)           0.818     7.673    RX/FSM_sequential_state[2]_i_10_n_0
    SLICE_X63Y65         LUT6 (Prop_lut6_I0_O)        0.332     8.005 f  RX/timer[31]_i_4/O
                         net (fo=2, routed)           0.413     8.418    RX/timer[31]_i_4_n_0
    SLICE_X63Y66         LUT6 (Prop_lut6_I4_O)        0.124     8.542 r  RX/timer[31]_i_1/O
                         net (fo=31, routed)          0.670     9.212    RX/timer[31]_i_1_n_0
    SLICE_X62Y63         FDRE                                         r  RX/timer_reg[2]/R
  -------------------------------------------------------------------    -------------------

                         (clock sys_clk_pin rise edge)
                                                     10.000    10.000 r  
    W5                                                0.000    10.000 r  clk (IN)
                         net (fo=0)                   0.000    10.000    clk
    W5                   IBUF (Prop_ibuf_I_O)         1.388    11.388 r  clk_IBUF_inst/O
                         net (fo=1, routed)           1.862    13.250    clk_IBUF
    BUFGCTRL_X0Y0        BUFG (Prop_bufg_I_O)         0.091    13.341 r  clk_IBUF_BUFG_inst/O
                         net (fo=78, routed)          1.504    14.845    RX/clk_IBUF_BUFG
    SLICE_X62Y63         FDRE                                         r  RX/timer_reg[2]/C
                         clock pessimism              0.272    15.117    
                         clock uncertainty           -0.035    15.082    
    SLICE_X62Y63         FDRE (Setup_fdre_C_R)       -0.429    14.653    RX/timer_reg[2]
  -------------------------------------------------------------------
                         required time                         14.653    
                         arrival time                          -9.212    
  -------------------------------------------------------------------
                         slack                                  5.440    

Slack (MET) :             5.440ns  (required time - arrival time)
  Source:                 RX/timer_reg[5]/C
                            (rising edge-triggered cell FDRE clocked by sys_clk_pin  {rise@0.000ns fall@5.000ns period=10.000ns})
  Destination:            RX/timer_reg[3]/R
                            (rising edge-triggered cell FDRE clocked by sys_clk_pin  {rise@0.000ns fall@5.000ns period=10.000ns})
  Path Group:             sys_clk_pin
  Path Type:              Setup (Max at Slow Process Corner)
  Requirement:            10.000ns  (sys_clk_pin rise@10.000ns - sys_clk_pin rise@0.000ns)
  Data Path Delay:        4.071ns  (logic 1.062ns (26.089%)  route 3.009ns (73.911%))
  Logic Levels:           3  (LUT2=1 LUT6=2)
  Clock Path Skew:        -0.025ns (DCD - SCD + CPR)
    Destination Clock Delay (DCD):    4.845ns = ( 14.845 - 10.000 ) 
    Source Clock Delay      (SCD):    5.142ns
    Clock Pessimism Removal (CPR):    0.272ns
  Clock Uncertainty:      0.035ns  ((TSJ^2 + TIJ^2)^1/2 + DJ) / 2 + PE
    Total System Jitter     (TSJ):    0.071ns
    Total Input Jitter      (TIJ):    0.000ns
    Discrete Jitter          (DJ):    0.000ns
    Phase Error              (PE):    0.000ns

    Location             Delay type                Incr(ns)  Path(ns)    Netlist Resource(s)
  -------------------------------------------------------------------    -------------------
                         (clock sys_clk_pin rise edge)
                                                      0.000     0.000 r  
    W5                                                0.000     0.000 r  clk (IN)
                         net (fo=0)                   0.000     0.000    clk
    W5                   IBUF (Prop_ibuf_I_O)         1.458     1.458 r  clk_IBUF_inst/O
                         net (fo=1, routed)           1.967     3.425    clk_IBUF
    BUFGCTRL_X0Y0        BUFG (Prop_bufg_I_O)         0.096     3.521 r  clk_IBUF_BUFG_inst/O
                         net (fo=78, routed)          1.621     5.142    RX/clk_IBUF_BUFG
    SLICE_X62Y64         FDRE                                         r  RX/timer_reg[5]/C
  -------------------------------------------------------------------    -------------------
    SLICE_X62Y64         FDRE (Prop_fdre_C_Q)         0.456     5.598 r  RX/timer_reg[5]/Q
                         net (fo=4, routed)           1.107     6.705    RX/timer_reg_n_0_[5]
    SLICE_X61Y65         LUT2 (Prop_lut2_I1_O)        0.150     6.855 f  RX/FSM_sequential_state[2]_i_10/O
                         net (fo=2, routed)           0.818     7.673    RX/FSM_sequential_state[2]_i_10_n_0
    SLICE_X63Y65         LUT6 (Prop_lut6_I0_O)        0.332     8.005 f  RX/timer[31]_i_4/O
                         net (fo=2, routed)           0.413     8.418    RX/timer[31]_i_4_n_0
    SLICE_X63Y66         LUT6 (Prop_lut6_I4_O)        0.124     8.542 r  RX/timer[31]_i_1/O
                         net (fo=31, routed)          0.670     9.212    RX/timer[31]_i_1_n_0
    SLICE_X62Y63         FDRE                                         r  RX/timer_reg[3]/R
  -------------------------------------------------------------------    -------------------

                         (clock sys_clk_pin rise edge)
                                                     10.000    10.000 r  
    W5                                                0.000    10.000 r  clk (IN)
                         net (fo=0)                   0.000    10.000    clk
    W5                   IBUF (Prop_ibuf_I_O)         1.388    11.388 r  clk_IBUF_inst/O
                         net (fo=1, routed)           1.862    13.250    clk_IBUF
    BUFGCTRL_X0Y0        BUFG (Prop_bufg_I_O)         0.091    13.341 r  clk_IBUF_BUFG_inst/O
                         net (fo=78, routed)          1.504    14.845    RX/clk_IBUF_BUFG
    SLICE_X62Y63         FDRE                                         r  RX/timer_reg[3]/C
                         clock pessimism              0.272    15.117    
                         clock uncertainty           -0.035    15.082    
    SLICE_X62Y63         FDRE (Setup_fdre_C_R)       -0.429    14.653    RX/timer_reg[3]
  -------------------------------------------------------------------
                         required time                         14.653    
                         arrival time                          -9.212    
  -------------------------------------------------------------------
                         slack                                  5.440    

Slack (MET) :             5.440ns  (required time - arrival time)
  Source:                 RX/timer_reg[5]/C
                            (rising edge-triggered cell FDRE clocked by sys_clk_pin  {rise@0.000ns fall@5.000ns period=10.000ns})
  Destination:            RX/timer_reg[4]/R
                            (rising edge-triggered cell FDRE clocked by sys_clk_pin  {rise@0.000ns fall@5.000ns period=10.000ns})
  Path Group:             sys_clk_pin
  Path Type:              Setup (Max at Slow Process Corner)
  Requirement:            10.000ns  (sys_clk_pin rise@10.000ns - sys_clk_pin rise@0.000ns)
  Data Path Delay:        4.071ns  (logic 1.062ns (26.089%)  route 3.009ns (73.911%))
  Logic Levels:           3  (LUT2=1 LUT6=2)
  Clock Path Skew:        -0.025ns (DCD - SCD + CPR)
    Destination Clock Delay (DCD):    4.845ns = ( 14.845 - 10.000 ) 
    Source Clock Delay      (SCD):    5.142ns
    Clock Pessimism Removal (CPR):    0.272ns
  Clock Uncertainty:      0.035ns  ((TSJ^2 + TIJ^2)^1/2 + DJ) / 2 + PE
    Total System Jitter     (TSJ):    0.071ns
    Total Input Jitter      (TIJ):    0.000ns
    Discrete Jitter          (DJ):    0.000ns
    Phase Error              (PE):    0.000ns

    Location             Delay type                Incr(ns)  Path(ns)    Netlist Resource(s)
  -------------------------------------------------------------------    -------------------
                         (clock sys_clk_pin rise edge)
                                                      0.000     0.000 r  
    W5                                                0.000     0.000 r  clk (IN)
                         net (fo=0)                   0.000     0.000    clk
    W5                   IBUF (Prop_ibuf_I_O)         1.458     1.458 r  clk_IBUF_inst/O
                         net (fo=1, routed)           1.967     3.425    clk_IBUF
    BUFGCTRL_X0Y0        BUFG (Prop_bufg_I_O)         0.096     3.521 r  clk_IBUF_BUFG_inst/O
                         net (fo=78, routed)          1.621     5.142    RX/clk_IBUF_BUFG
    SLICE_X62Y64         FDRE                                         r  RX/timer_reg[5]/C
  -------------------------------------------------------------------    -------------------
    SLICE_X62Y64         FDRE (Prop_fdre_C_Q)         0.456     5.598 r  RX/timer_reg[5]/Q
                         net (fo=4, routed)           1.107     6.705    RX/timer_reg_n_0_[5]
    SLICE_X61Y65         LUT2 (Prop_lut2_I1_O)        0.150     6.855 f  RX/FSM_sequential_state[2]_i_10/O
                         net (fo=2, routed)           0.818     7.673    RX/FSM_sequential_state[2]_i_10_n_0
    SLICE_X63Y65         LUT6 (Prop_lut6_I0_O)        0.332     8.005 f  RX/timer[31]_i_4/O
                         net (fo=2, routed)           0.413     8.418    RX/timer[31]_i_4_n_0
    SLICE_X63Y66         LUT6 (Prop_lut6_I4_O)        0.124     8.542 r  RX/timer[31]_i_1/O
                         net (fo=31, routed)          0.670     9.212    RX/timer[31]_i_1_n_0
    SLICE_X62Y63         FDRE                                         r  RX/timer_reg[4]/R
  -------------------------------------------------------------------    -------------------

                         (clock sys_clk_pin rise edge)
                                                     10.000    10.000 r  
    W5                                                0.000    10.000 r  clk (IN)
                         net (fo=0)                   0.000    10.000    clk
    W5                   IBUF (Prop_ibuf_I_O)         1.388    11.388 r  clk_IBUF_inst/O
                         net (fo=1, routed)           1.862    13.250    clk_IBUF
    BUFGCTRL_X0Y0        BUFG (Prop_bufg_I_O)         0.091    13.341 r  clk_IBUF_BUFG_inst/O
                         net (fo=78, routed)          1.504    14.845    RX/clk_IBUF_BUFG
    SLICE_X62Y63         FDRE                                         r  RX/timer_reg[4]/C
                         clock pessimism              0.272    15.117    
                         clock uncertainty           -0.035    15.082    
    SLICE_X62Y63         FDRE (Setup_fdre_C_R)       -0.429    14.653    RX/timer_reg[4]
  -------------------------------------------------------------------
                         required time                         14.653    
                         arrival time                          -9.212    
  -------------------------------------------------------------------
                         slack                                  5.440    

Slack (MET) :             5.444ns  (required time - arrival time)
  Source:                 RX/timer_reg[5]/C
                            (rising edge-triggered cell FDRE clocked by sys_clk_pin  {rise@0.000ns fall@5.000ns period=10.000ns})
  Destination:            RX/timer_reg[29]/R
                            (rising edge-triggered cell FDRE clocked by sys_clk_pin  {rise@0.000ns fall@5.000ns period=10.000ns})
  Path Group:             sys_clk_pin
  Path Type:              Setup (Max at Slow Process Corner)
  Requirement:            10.000ns  (sys_clk_pin rise@10.000ns - sys_clk_pin rise@0.000ns)
  Data Path Delay:        4.061ns  (logic 1.062ns (26.153%)  route 2.999ns (73.847%))
  Logic Levels:           3  (LUT2=1 LUT6=2)
  Clock Path Skew:        -0.031ns (DCD - SCD + CPR)
    Destination Clock Delay (DCD):    4.839ns = ( 14.839 - 10.000 ) 
    Source Clock Delay      (SCD):    5.142ns
    Clock Pessimism Removal (CPR):    0.272ns
  Clock Uncertainty:      0.035ns  ((TSJ^2 + TIJ^2)^1/2 + DJ) / 2 + PE
    Total System Jitter     (TSJ):    0.071ns
    Total Input Jitter      (TIJ):    0.000ns
    Discrete Jitter          (DJ):    0.000ns
    Phase Error              (PE):    0.000ns

    Location             Delay type                Incr(ns)  Path(ns)    Netlist Resource(s)
  -------------------------------------------------------------------    -------------------
                         (clock sys_clk_pin rise edge)
                                                      0.000     0.000 r  
    W5                                                0.000     0.000 r  clk (IN)
                         net (fo=0)                   0.000     0.000    clk
    W5                   IBUF (Prop_ibuf_I_O)         1.458     1.458 r  clk_IBUF_inst/O
                         net (fo=1, routed)           1.967     3.425    clk_IBUF
    BUFGCTRL_X0Y0        BUFG (Prop_bufg_I_O)         0.096     3.521 r  clk_IBUF_BUFG_inst/O
                         net (fo=78, routed)          1.621     5.142    RX/clk_IBUF_BUFG
    SLICE_X62Y64         FDRE                                         r  RX/timer_reg[5]/C
  -------------------------------------------------------------------    -------------------
    SLICE_X62Y64         FDRE (Prop_fdre_C_Q)         0.456     5.598 r  RX/timer_reg[5]/Q
                         net (fo=4, routed)           1.107     6.705    RX/timer_reg_n_0_[5]
    SLICE_X61Y65         LUT2 (Prop_lut2_I1_O)        0.150     6.855 f  RX/FSM_sequential_state[2]_i_10/O
                         net (fo=2, routed)           0.818     7.673    RX/FSM_sequential_state[2]_i_10_n_0
    SLICE_X63Y65         LUT6 (Prop_lut6_I0_O)        0.332     8.005 f  RX/timer[31]_i_4/O
                         net (fo=2, routed)           0.413     8.418    RX/timer[31]_i_4_n_0
    SLICE_X63Y66         LUT6 (Prop_lut6_I4_O)        0.124     8.542 r  RX/timer[31]_i_1/O
                         net (fo=31, routed)          0.660     9.203    RX/timer[31]_i_1_n_0
    SLICE_X62Y70         FDRE                                         r  RX/timer_reg[29]/R
  -------------------------------------------------------------------    -------------------

                         (clock sys_clk_pin rise edge)
                                                     10.000    10.000 r  
    W5                                                0.000    10.000 r  clk (IN)
                         net (fo=0)                   0.000    10.000    clk
    W5                   IBUF (Prop_ibuf_I_O)         1.388    11.388 r  clk_IBUF_inst/O
                         net (fo=1, routed)           1.862    13.250    clk_IBUF
    BUFGCTRL_X0Y0        BUFG (Prop_bufg_I_O)         0.091    13.341 r  clk_IBUF_BUFG_inst/O
                         net (fo=78, routed)          1.498    14.839    RX/clk_IBUF_BUFG
    SLICE_X62Y70         FDRE                                         r  RX/timer_reg[29]/C
                         clock pessimism              0.272    15.111    
                         clock uncertainty           -0.035    15.076    
    SLICE_X62Y70         FDRE (Setup_fdre_C_R)       -0.429    14.647    RX/timer_reg[29]
  -------------------------------------------------------------------
                         required time                         14.647    
                         arrival time                          -9.203    
  -------------------------------------------------------------------
                         slack                                  5.444    

Slack (MET) :             5.444ns  (required time - arrival time)
  Source:                 RX/timer_reg[5]/C
                            (rising edge-triggered cell FDRE clocked by sys_clk_pin  {rise@0.000ns fall@5.000ns period=10.000ns})
  Destination:            RX/timer_reg[30]/R
                            (rising edge-triggered cell FDRE clocked by sys_clk_pin  {rise@0.000ns fall@5.000ns period=10.000ns})
  Path Group:             sys_clk_pin
  Path Type:              Setup (Max at Slow Process Corner)
  Requirement:            10.000ns  (sys_clk_pin rise@10.000ns - sys_clk_pin rise@0.000ns)
  Data Path Delay:        4.061ns  (logic 1.062ns (26.153%)  route 2.999ns (73.847%))
  Logic Levels:           3  (LUT2=1 LUT6=2)
  Clock Path Skew:        -0.031ns (DCD - SCD + CPR)
    Destination Clock Delay (DCD):    4.839ns = ( 14.839 - 10.000 ) 
    Source Clock Delay      (SCD):    5.142ns
    Clock Pessimism Removal (CPR):    0.272ns
  Clock Uncertainty:      0.035ns  ((TSJ^2 + TIJ^2)^1/2 + DJ) / 2 + PE
    Total System Jitter     (TSJ):    0.071ns
    Total Input Jitter      (TIJ):    0.000ns
    Discrete Jitter          (DJ):    0.000ns
    Phase Error              (PE):    0.000ns

    Location             Delay type                Incr(ns)  Path(ns)    Netlist Resource(s)
  -------------------------------------------------------------------    -------------------
                         (clock sys_clk_pin rise edge)
                                                      0.000     0.000 r  
    W5                                                0.000     0.000 r  clk (IN)
                         net (fo=0)                   0.000     0.000    clk
    W5                   IBUF (Prop_ibuf_I_O)         1.458     1.458 r  clk_IBUF_inst/O
                         net (fo=1, routed)           1.967     3.425    clk_IBUF
    BUFGCTRL_X0Y0        BUFG (Prop_bufg_I_O)         0.096     3.521 r  clk_IBUF_BUFG_inst/O
                         net (fo=78, routed)          1.621     5.142    RX/clk_IBUF_BUFG
    SLICE_X62Y64         FDRE                                         r  RX/timer_reg[5]/C
  -------------------------------------------------------------------    -------------------
    SLICE_X62Y64         FDRE (Prop_fdre_C_Q)         0.456     5.598 r  RX/timer_reg[5]/Q
                         net (fo=4, routed)           1.107     6.705    RX/timer_reg_n_0_[5]
    SLICE_X61Y65         LUT2 (Prop_lut2_I1_O)        0.150     6.855 f  RX/FSM_sequential_state[2]_i_10/O
                         net (fo=2, routed)           0.818     7.673    RX/FSM_sequential_state[2]_i_10_n_0
    SLICE_X63Y65         LUT6 (Prop_lut6_I0_O)        0.332     8.005 f  RX/timer[31]_i_4/O
                         net (fo=2, routed)           0.413     8.418    RX/timer[31]_i_4_n_0
    SLICE_X63Y66         LUT6 (Prop_lut6_I4_O)        0.124     8.542 r  RX/timer[31]_i_1/O
                         net (fo=31, routed)          0.660     9.203    RX/timer[31]_i_1_n_0
    SLICE_X62Y70         FDRE                                         r  RX/timer_reg[30]/R
  -------------------------------------------------------------------    -------------------

                         (clock sys_clk_pin rise edge)
                                                     10.000    10.000 r  
    W5                                                0.000    10.000 r  clk (IN)
                         net (fo=0)                   0.000    10.000    clk
    W5                   IBUF (Prop_ibuf_I_O)         1.388    11.388 r  clk_IBUF_inst/O
                         net (fo=1, routed)           1.862    13.250    clk_IBUF
    BUFGCTRL_X0Y0        BUFG (Prop_bufg_I_O)         0.091    13.341 r  clk_IBUF_BUFG_inst/O
                         net (fo=78, routed)          1.498    14.839    RX/clk_IBUF_BUFG
    SLICE_X62Y70         FDRE                                         r  RX/timer_reg[30]/C
                         clock pessimism              0.272    15.111    
                         clock uncertainty           -0.035    15.076    
    SLICE_X62Y70         FDRE (Setup_fdre_C_R)       -0.429    14.647    RX/timer_reg[30]
  -------------------------------------------------------------------
                         required time                         14.647    
                         arrival time                          -9.203    
  -------------------------------------------------------------------
                         slack                                  5.444    





Min Delay Paths
--------------------------------------------------------------------------------------
Slack (MET) :             0.140ns  (arrival time - required time)
  Source:                 RX/data_reg[2]/C
                            (rising edge-triggered cell FDRE clocked by sys_clk_pin  {rise@0.000ns fall@5.000ns period=10.000ns})
  Destination:            led_reg[2]/D
                            (rising edge-triggered cell FDRE clocked by sys_clk_pin  {rise@0.000ns fall@5.000ns period=10.000ns})
  Path Group:             sys_clk_pin
  Path Type:              Hold (Min at Fast Process Corner)
  Requirement:            0.000ns  (sys_clk_pin rise@0.000ns - sys_clk_pin rise@0.000ns)
  Data Path Delay:        0.199ns  (logic 0.141ns (70.682%)  route 0.058ns (29.318%))
  Logic Levels:           0  
  Clock Path Skew:        0.013ns (DCD - SCD - CPR)
    Destination Clock Delay (DCD):    1.989ns
    Source Clock Delay      (SCD):    1.474ns
    Clock Pessimism Removal (CPR):    0.502ns

    Location             Delay type                Incr(ns)  Path(ns)    Netlist Resource(s)
  -------------------------------------------------------------------    -------------------
                         (clock sys_clk_pin rise edge)
                                                      0.000     0.000 r  
    W5                                                0.000     0.000 r  clk (IN)
                         net (fo=0)                   0.000     0.000    clk
    W5                   IBUF (Prop_ibuf_I_O)         0.226     0.226 r  clk_IBUF_inst/O
                         net (fo=1, routed)           0.631     0.858    clk_IBUF
    BUFGCTRL_X0Y0        BUFG (Prop_bufg_I_O)         0.026     0.884 r  clk_IBUF_BUFG_inst/O
                         net (fo=78, routed)          0.591     1.474    RX/clk_IBUF_BUFG
    SLICE_X63Y61         FDRE                                         r  RX/data_reg[2]/C
  -------------------------------------------------------------------    -------------------
    SLICE_X63Y61         FDRE (Prop_fdre_C_Q)         0.141     1.615 r  RX/data_reg[2]/Q
                         net (fo=1, routed)           0.058     1.674    data[2]
    SLICE_X62Y61         FDRE                                         r  led_reg[2]/D
  -------------------------------------------------------------------    -------------------

                         (clock sys_clk_pin rise edge)
                                                      0.000     0.000 r  
    W5                                                0.000     0.000 r  clk (IN)
                         net (fo=0)                   0.000     0.000    clk
    W5                   IBUF (Prop_ibuf_I_O)         0.414     0.414 r  clk_IBUF_inst/O
                         net (fo=1, routed)           0.685     1.099    clk_IBUF
    BUFGCTRL_X0Y0        BUFG (Prop_bufg_I_O)         0.029     1.128 r  clk_IBUF_BUFG_inst/O
                         net (fo=78, routed)          0.861     1.989    clk_IBUF_BUFG
    SLICE_X62Y61         FDRE                                         r  led_reg[2]/C
                         clock pessimism             -0.502     1.487    
    SLICE_X62Y61         FDRE (Hold_fdre_C_D)         0.046     1.533    led_reg[2]
  -------------------------------------------------------------------
                         required time                         -1.533    
                         arrival time                           1.674    
  -------------------------------------------------------------------
                         slack                                  0.140    

Slack (MET) :             0.158ns  (arrival time - required time)
  Source:                 RX/data_reg[4]/C
                            (rising edge-triggered cell FDRE clocked by sys_clk_pin  {rise@0.000ns fall@5.000ns period=10.000ns})
  Destination:            led_reg[4]/D
                            (rising edge-triggered cell FDRE clocked by sys_clk_pin  {rise@0.000ns fall@5.000ns period=10.000ns})
  Path Group:             sys_clk_pin
  Path Type:              Hold (Min at Fast Process Corner)
  Requirement:            0.000ns  (sys_clk_pin rise@0.000ns - sys_clk_pin rise@0.000ns)
  Data Path Delay:        0.187ns  (logic 0.128ns (68.397%)  route 0.059ns (31.603%))
  Logic Levels:           0  
  Clock Path Skew:        0.013ns (DCD - SCD - CPR)
    Destination Clock Delay (DCD):    1.989ns
    Source Clock Delay      (SCD):    1.474ns
    Clock Pessimism Removal (CPR):    0.502ns

    Location             Delay type                Incr(ns)  Path(ns)    Netlist Resource(s)
  -------------------------------------------------------------------    -------------------
                         (clock sys_clk_pin rise edge)
                                                      0.000     0.000 r  
    W5                                                0.000     0.000 r  clk (IN)
                         net (fo=0)                   0.000     0.000    clk
    W5                   IBUF (Prop_ibuf_I_O)         0.226     0.226 r  clk_IBUF_inst/O
                         net (fo=1, routed)           0.631     0.858    clk_IBUF
    BUFGCTRL_X0Y0        BUFG (Prop_bufg_I_O)         0.026     0.884 r  clk_IBUF_BUFG_inst/O
                         net (fo=78, routed)          0.591     1.474    RX/clk_IBUF_BUFG
    SLICE_X63Y61         FDRE                                         r  RX/data_reg[4]/C
  -------------------------------------------------------------------    -------------------
    SLICE_X63Y61         FDRE (Prop_fdre_C_Q)         0.128     1.602 r  RX/data_reg[4]/Q
                         net (fo=1, routed)           0.059     1.661    data[4]
    SLICE_X62Y61         FDRE                                         r  led_reg[4]/D
  -------------------------------------------------------------------    -------------------

                         (clock sys_clk_pin rise edge)
                                                      0.000     0.000 r  
    W5                                                0.000     0.000 r  clk (IN)
                         net (fo=0)                   0.000     0.000    clk
    W5                   IBUF (Prop_ibuf_I_O)         0.414     0.414 r  clk_IBUF_inst/O
                         net (fo=1, routed)           0.685     1.099    clk_IBUF
    BUFGCTRL_X0Y0        BUFG (Prop_bufg_I_O)         0.029     1.128 r  clk_IBUF_BUFG_inst/O
                         net (fo=78, routed)          0.861     1.989    clk_IBUF_BUFG
    SLICE_X62Y61         FDRE                                         r  led_reg[4]/C
                         clock pessimism             -0.502     1.487    
    SLICE_X62Y61         FDRE (Hold_fdre_C_D)         0.016     1.503    led_reg[4]
  -------------------------------------------------------------------
                         required time                         -1.503    
                         arrival time                           1.661    
  -------------------------------------------------------------------
                         slack                                  0.158    

Slack (MET) :             0.169ns  (arrival time - required time)
  Source:                 RX/data_reg[1]/C
                            (rising edge-triggered cell FDRE clocked by sys_clk_pin  {rise@0.000ns fall@5.000ns period=10.000ns})
  Destination:            led_reg[1]/D
                            (rising edge-triggered cell FDRE clocked by sys_clk_pin  {rise@0.000ns fall@5.000ns period=10.000ns})
  Path Group:             sys_clk_pin
  Path Type:              Hold (Min at Fast Process Corner)
  Requirement:            0.000ns  (sys_clk_pin rise@0.000ns - sys_clk_pin rise@0.000ns)
  Data Path Delay:        0.251ns  (logic 0.141ns (56.174%)  route 0.110ns (43.826%))
  Logic Levels:           0  
  Clock Path Skew:        0.016ns (DCD - SCD - CPR)
    Destination Clock Delay (DCD):    1.989ns
    Source Clock Delay      (SCD):    1.474ns
    Clock Pessimism Removal (CPR):    0.499ns

    Location             Delay type                Incr(ns)  Path(ns)    Netlist Resource(s)
  -------------------------------------------------------------------    -------------------
                         (clock sys_clk_pin rise edge)
                                                      0.000     0.000 r  
    W5                                                0.000     0.000 r  clk (IN)
                         net (fo=0)                   0.000     0.000    clk
    W5                   IBUF (Prop_ibuf_I_O)         0.226     0.226 r  clk_IBUF_inst/O
                         net (fo=1, routed)           0.631     0.858    clk_IBUF
    BUFGCTRL_X0Y0        BUFG (Prop_bufg_I_O)         0.026     0.884 r  clk_IBUF_BUFG_inst/O
                         net (fo=78, routed)          0.591     1.474    RX/clk_IBUF_BUFG
    SLICE_X63Y61         FDRE                                         r  RX/data_reg[1]/C
  -------------------------------------------------------------------    -------------------
    SLICE_X63Y61         FDRE (Prop_fdre_C_Q)         0.141     1.615 r  RX/data_reg[1]/Q
                         net (fo=1, routed)           0.110     1.725    data[1]
    SLICE_X62Y60         FDRE                                         r  led_reg[1]/D
  -------------------------------------------------------------------    -------------------

                         (clock sys_clk_pin rise edge)
                                                      0.000     0.000 r  
    W5                                                0.000     0.000 r  clk (IN)
                         net (fo=0)                   0.000     0.000    clk
    W5                   IBUF (Prop_ibuf_I_O)         0.414     0.414 r  clk_IBUF_inst/O
                         net (fo=1, routed)           0.685     1.099    clk_IBUF
    BUFGCTRL_X0Y0        BUFG (Prop_bufg_I_O)         0.029     1.128 r  clk_IBUF_BUFG_inst/O
                         net (fo=78, routed)          0.861     1.989    clk_IBUF_BUFG
    SLICE_X62Y60         FDRE                                         r  led_reg[1]/C
                         clock pessimism             -0.499     1.490    
    SLICE_X62Y60         FDRE (Hold_fdre_C_D)         0.066     1.556    led_reg[1]
  -------------------------------------------------------------------
                         required time                         -1.556    
                         arrival time                           1.725    
  -------------------------------------------------------------------
                         slack                                  0.169    

Slack (MET) :             0.171ns  (arrival time - required time)
  Source:                 RX/data_reg[0]/C
                            (rising edge-triggered cell FDRE clocked by sys_clk_pin  {rise@0.000ns fall@5.000ns period=10.000ns})
  Destination:            led_reg[0]/D
                            (rising edge-triggered cell FDRE clocked by sys_clk_pin  {rise@0.000ns fall@5.000ns period=10.000ns})
  Path Group:             sys_clk_pin
  Path Type:              Hold (Min at Fast Process Corner)
  Requirement:            0.000ns  (sys_clk_pin rise@0.000ns - sys_clk_pin rise@0.000ns)
  Data Path Delay:        0.257ns  (logic 0.141ns (54.893%)  route 0.116ns (45.107%))
  Logic Levels:           0  
  Clock Path Skew:        0.016ns (DCD - SCD - CPR)
    Destination Clock Delay (DCD):    1.989ns
    Source Clock Delay      (SCD):    1.474ns
    Clock Pessimism Removal (CPR):    0.499ns

    Location             Delay type                Incr(ns)  Path(ns)    Netlist Resource(s)
  -------------------------------------------------------------------    -------------------
                         (clock sys_clk_pin rise edge)
                                                      0.000     0.000 r  
    W5                                                0.000     0.000 r  clk (IN)
                         net (fo=0)                   0.000     0.000    clk
    W5                   IBUF (Prop_ibuf_I_O)         0.226     0.226 r  clk_IBUF_inst/O
                         net (fo=1, routed)           0.631     0.858    clk_IBUF
    BUFGCTRL_X0Y0        BUFG (Prop_bufg_I_O)         0.026     0.884 r  clk_IBUF_BUFG_inst/O
                         net (fo=78, routed)          0.591     1.474    RX/clk_IBUF_BUFG
    SLICE_X63Y61         FDRE                                         r  RX/data_reg[0]/C
  -------------------------------------------------------------------    -------------------
    SLICE_X63Y61         FDRE (Prop_fdre_C_Q)         0.141     1.615 r  RX/data_reg[0]/Q
                         net (fo=1, routed)           0.116     1.731    data[0]
    SLICE_X62Y60         FDRE                                         r  led_reg[0]/D
  -------------------------------------------------------------------    -------------------

                         (clock sys_clk_pin rise edge)
                                                      0.000     0.000 r  
    W5                                                0.000     0.000 r  clk (IN)
                         net (fo=0)                   0.000     0.000    clk
    W5                   IBUF (Prop_ibuf_I_O)         0.414     0.414 r  clk_IBUF_inst/O
                         net (fo=1, routed)           0.685     1.099    clk_IBUF
    BUFGCTRL_X0Y0        BUFG (Prop_bufg_I_O)         0.029     1.128 r  clk_IBUF_BUFG_inst/O
                         net (fo=78, routed)          0.861     1.989    clk_IBUF_BUFG
    SLICE_X62Y60         FDRE                                         r  led_reg[0]/C
                         clock pessimism             -0.499     1.490    
    SLICE_X62Y60         FDRE (Hold_fdre_C_D)         0.070     1.560    led_reg[0]
  -------------------------------------------------------------------
                         required time                         -1.560    
                         arrival time                           1.731    
  -------------------------------------------------------------------
                         slack                                  0.171    

Slack (MET) :             0.174ns  (arrival time - required time)
  Source:                 RX/data_reg[3]/C
                            (rising edge-triggered cell FDRE clocked by sys_clk_pin  {rise@0.000ns fall@5.000ns period=10.000ns})
  Destination:            led_reg[3]/D
                            (rising edge-triggered cell FDRE clocked by sys_clk_pin  {rise@0.000ns fall@5.000ns period=10.000ns})
  Path Group:             sys_clk_pin
  Path Type:              Hold (Min at Fast Process Corner)
  Requirement:            0.000ns  (sys_clk_pin rise@0.000ns - sys_clk_pin rise@0.000ns)
  Data Path Delay:        0.253ns  (logic 0.141ns (55.730%)  route 0.112ns (44.270%))
  Logic Levels:           0  
  Clock Path Skew:        0.013ns (DCD - SCD - CPR)
    Destination Clock Delay (DCD):    1.989ns
    Source Clock Delay      (SCD):    1.474ns
    Clock Pessimism Removal (CPR):    0.502ns

    Location             Delay type                Incr(ns)  Path(ns)    Netlist Resource(s)
  -------------------------------------------------------------------    -------------------
                         (clock sys_clk_pin rise edge)
                                                      0.000     0.000 r  
    W5                                                0.000     0.000 r  clk (IN)
                         net (fo=0)                   0.000     0.000    clk
    W5                   IBUF (Prop_ibuf_I_O)         0.226     0.226 r  clk_IBUF_inst/O
                         net (fo=1, routed)           0.631     0.858    clk_IBUF
    BUFGCTRL_X0Y0        BUFG (Prop_bufg_I_O)         0.026     0.884 r  clk_IBUF_BUFG_inst/O
                         net (fo=78, routed)          0.591     1.474    RX/clk_IBUF_BUFG
    SLICE_X63Y61         FDRE                                         r  RX/data_reg[3]/C
  -------------------------------------------------------------------    -------------------
    SLICE_X63Y61         FDRE (Prop_fdre_C_Q)         0.141     1.615 r  RX/data_reg[3]/Q
                         net (fo=1, routed)           0.112     1.727    data[3]
    SLICE_X62Y61         FDRE                                         r  led_reg[3]/D
  -------------------------------------------------------------------    -------------------

                         (clock sys_clk_pin rise edge)
                                                      0.000     0.000 r  
    W5                                                0.000     0.000 r  clk (IN)
                         net (fo=0)                   0.000     0.000    clk
    W5                   IBUF (Prop_ibuf_I_O)         0.414     0.414 r  clk_IBUF_inst/O
                         net (fo=1, routed)           0.685     1.099    clk_IBUF
    BUFGCTRL_X0Y0        BUFG (Prop_bufg_I_O)         0.029     1.128 r  clk_IBUF_BUFG_inst/O
                         net (fo=78, routed)          0.861     1.989    clk_IBUF_BUFG
    SLICE_X62Y61         FDRE                                         r  led_reg[3]/C
                         clock pessimism             -0.502     1.487    
    SLICE_X62Y61         FDRE (Hold_fdre_C_D)         0.066     1.553    led_reg[3]
  -------------------------------------------------------------------
                         required time                         -1.553    
                         arrival time                           1.727    
  -------------------------------------------------------------------
                         slack                                  0.174    

Slack (MET) :             0.199ns  (arrival time - required time)
  Source:                 RX/rxdata_reg[7]/C
                            (rising edge-triggered cell FDRE clocked by sys_clk_pin  {rise@0.000ns fall@5.000ns period=10.000ns})
  Destination:            RX/data_reg[7]/D
                            (rising edge-triggered cell FDRE clocked by sys_clk_pin  {rise@0.000ns fall@5.000ns period=10.000ns})
  Path Group:             sys_clk_pin
  Path Type:              Hold (Min at Fast Process Corner)
  Requirement:            0.000ns  (sys_clk_pin rise@0.000ns - sys_clk_pin rise@0.000ns)
  Data Path Delay:        0.317ns  (logic 0.141ns (44.424%)  route 0.176ns (55.576%))
  Logic Levels:           0  
  Clock Path Skew:        0.040ns (DCD - SCD - CPR)
    Destination Clock Delay (DCD):    1.989ns
    Source Clock Delay      (SCD):    1.471ns
    Clock Pessimism Removal (CPR):    0.478ns

    Location             Delay type                Incr(ns)  Path(ns)    Netlist Resource(s)
  -------------------------------------------------------------------    -------------------
                         (clock sys_clk_pin rise edge)
                                                      0.000     0.000 r  
    W5                                                0.000     0.000 r  clk (IN)
                         net (fo=0)                   0.000     0.000    clk
    W5                   IBUF (Prop_ibuf_I_O)         0.226     0.226 r  clk_IBUF_inst/O
                         net (fo=1, routed)           0.631     0.858    clk_IBUF
    BUFGCTRL_X0Y0        BUFG (Prop_bufg_I_O)         0.026     0.884 r  clk_IBUF_BUFG_inst/O
                         net (fo=78, routed)          0.588     1.471    RX/clk_IBUF_BUFG
    SLICE_X61Y63         FDRE                                         r  RX/rxdata_reg[7]/C
  -------------------------------------------------------------------    -------------------
    SLICE_X61Y63         FDRE (Prop_fdre_C_Q)         0.141     1.612 r  RX/rxdata_reg[7]/Q
                         net (fo=2, routed)           0.176     1.789    RX/rxdata_reg_n_0_[7]
    SLICE_X63Y61         FDRE                                         r  RX/data_reg[7]/D
  -------------------------------------------------------------------    -------------------

                         (clock sys_clk_pin rise edge)
                                                      0.000     0.000 r  
    W5                                                0.000     0.000 r  clk (IN)
                         net (fo=0)                   0.000     0.000    clk
    W5                   IBUF (Prop_ibuf_I_O)         0.414     0.414 r  clk_IBUF_inst/O
                         net (fo=1, routed)           0.685     1.099    clk_IBUF
    BUFGCTRL_X0Y0        BUFG (Prop_bufg_I_O)         0.029     1.128 r  clk_IBUF_BUFG_inst/O
                         net (fo=78, routed)          0.861     1.989    RX/clk_IBUF_BUFG
    SLICE_X63Y61         FDRE                                         r  RX/data_reg[7]/C
                         clock pessimism             -0.478     1.511    
    SLICE_X63Y61         FDRE (Hold_fdre_C_D)         0.078     1.589    RX/data_reg[7]
  -------------------------------------------------------------------
                         required time                         -1.589    
                         arrival time                           1.789    
  -------------------------------------------------------------------
                         slack                                  0.199    

Slack (MET) :             0.212ns  (arrival time - required time)
  Source:                 RX/data_reg[6]/C
                            (rising edge-triggered cell FDRE clocked by sys_clk_pin  {rise@0.000ns fall@5.000ns period=10.000ns})
  Destination:            led_reg[6]/D
                            (rising edge-triggered cell FDRE clocked by sys_clk_pin  {rise@0.000ns fall@5.000ns period=10.000ns})
  Path Group:             sys_clk_pin
  Path Type:              Hold (Min at Fast Process Corner)
  Requirement:            0.000ns  (sys_clk_pin rise@0.000ns - sys_clk_pin rise@0.000ns)
  Data Path Delay:        0.244ns  (logic 0.128ns (52.387%)  route 0.116ns (47.613%))
  Logic Levels:           0  
  Clock Path Skew:        0.013ns (DCD - SCD - CPR)
    Destination Clock Delay (DCD):    1.989ns
    Source Clock Delay      (SCD):    1.474ns
    Clock Pessimism Removal (CPR):    0.502ns

    Location             Delay type                Incr(ns)  Path(ns)    Netlist Resource(s)
  -------------------------------------------------------------------    -------------------
                         (clock sys_clk_pin rise edge)
                                                      0.000     0.000 r  
    W5                                                0.000     0.000 r  clk (IN)
                         net (fo=0)                   0.000     0.000    clk
    W5                   IBUF (Prop_ibuf_I_O)         0.226     0.226 r  clk_IBUF_inst/O
                         net (fo=1, routed)           0.631     0.858    clk_IBUF
    BUFGCTRL_X0Y0        BUFG (Prop_bufg_I_O)         0.026     0.884 r  clk_IBUF_BUFG_inst/O
                         net (fo=78, routed)          0.591     1.474    RX/clk_IBUF_BUFG
    SLICE_X63Y61         FDRE                                         r  RX/data_reg[6]/C
  -------------------------------------------------------------------    -------------------
    SLICE_X63Y61         FDRE (Prop_fdre_C_Q)         0.128     1.602 r  RX/data_reg[6]/Q
                         net (fo=1, routed)           0.116     1.719    data[6]
    SLICE_X62Y61         FDRE                                         r  led_reg[6]/D
  -------------------------------------------------------------------    -------------------

                         (clock sys_clk_pin rise edge)
                                                      0.000     0.000 r  
    W5                                                0.000     0.000 r  clk (IN)
                         net (fo=0)                   0.000     0.000    clk
    W5                   IBUF (Prop_ibuf_I_O)         0.414     0.414 r  clk_IBUF_inst/O
                         net (fo=1, routed)           0.685     1.099    clk_IBUF
    BUFGCTRL_X0Y0        BUFG (Prop_bufg_I_O)         0.029     1.128 r  clk_IBUF_BUFG_inst/O
                         net (fo=78, routed)          0.861     1.989    clk_IBUF_BUFG
    SLICE_X62Y61         FDRE                                         r  led_reg[6]/C
                         clock pessimism             -0.502     1.487    
    SLICE_X62Y61         FDRE (Hold_fdre_C_D)         0.019     1.506    led_reg[6]
  -------------------------------------------------------------------
                         required time                         -1.506    
                         arrival time                           1.719    
  -------------------------------------------------------------------
                         slack                                  0.212    

Slack (MET) :             0.229ns  (arrival time - required time)
  Source:                 led_reg[11]/C
                            (rising edge-triggered cell FDRE clocked by sys_clk_pin  {rise@0.000ns fall@5.000ns period=10.000ns})
  Destination:            led_reg[15]/D
                            (rising edge-triggered cell FDRE clocked by sys_clk_pin  {rise@0.000ns fall@5.000ns period=10.000ns})
  Path Group:             sys_clk_pin
  Path Type:              Hold (Min at Fast Process Corner)
  Requirement:            0.000ns  (sys_clk_pin rise@0.000ns - sys_clk_pin rise@0.000ns)
  Data Path Delay:        0.321ns  (logic 0.186ns (57.903%)  route 0.135ns (42.097%))
  Logic Levels:           1  (LUT6=1)
  Clock Path Skew:        0.000ns (DCD - SCD - CPR)
    Destination Clock Delay (DCD):    1.982ns
    Source Clock Delay      (SCD):    1.469ns
    Clock Pessimism Removal (CPR):    0.513ns

    Location             Delay type                Incr(ns)  Path(ns)    Netlist Resource(s)
  -------------------------------------------------------------------    -------------------
                         (clock sys_clk_pin rise edge)
                                                      0.000     0.000 r  
    W5                                                0.000     0.000 r  clk (IN)
                         net (fo=0)                   0.000     0.000    clk
    W5                   IBUF (Prop_ibuf_I_O)         0.226     0.226 r  clk_IBUF_inst/O
                         net (fo=1, routed)           0.631     0.858    clk_IBUF
    BUFGCTRL_X0Y0        BUFG (Prop_bufg_I_O)         0.026     0.884 r  clk_IBUF_BUFG_inst/O
                         net (fo=78, routed)          0.586     1.469    clk_IBUF_BUFG
    SLICE_X65Y68         FDRE                                         r  led_reg[11]/C
  -------------------------------------------------------------------    -------------------
    SLICE_X65Y68         FDRE (Prop_fdre_C_Q)         0.141     1.610 r  led_reg[11]/Q
                         net (fo=6, routed)           0.135     1.745    led_OBUF[11]
    SLICE_X65Y68         LUT6 (Prop_lut6_I1_O)        0.045     1.790 r  led[15]_i_1/O
                         net (fo=1, routed)           0.000     1.790    led0[5]
    SLICE_X65Y68         FDRE                                         r  led_reg[15]/D
  -------------------------------------------------------------------    -------------------

                         (clock sys_clk_pin rise edge)
                                                      0.000     0.000 r  
    W5                                                0.000     0.000 r  clk (IN)
                         net (fo=0)                   0.000     0.000    clk
    W5                   IBUF (Prop_ibuf_I_O)         0.414     0.414 r  clk_IBUF_inst/O
                         net (fo=1, routed)           0.685     1.099    clk_IBUF
    BUFGCTRL_X0Y0        BUFG (Prop_bufg_I_O)         0.029     1.128 r  clk_IBUF_BUFG_inst/O
                         net (fo=78, routed)          0.854     1.982    clk_IBUF_BUFG
    SLICE_X65Y68         FDRE                                         r  led_reg[15]/C
                         clock pessimism             -0.513     1.469    
    SLICE_X65Y68         FDRE (Hold_fdre_C_D)         0.092     1.561    led_reg[15]
  -------------------------------------------------------------------
                         required time                         -1.561    
                         arrival time                           1.790    
  -------------------------------------------------------------------
                         slack                                  0.229    

Slack (MET) :             0.243ns  (arrival time - required time)
  Source:                 RX/rxdata_reg[4]/C
                            (rising edge-triggered cell FDRE clocked by sys_clk_pin  {rise@0.000ns fall@5.000ns period=10.000ns})
  Destination:            RX/data_reg[4]/D
                            (rising edge-triggered cell FDRE clocked by sys_clk_pin  {rise@0.000ns fall@5.000ns period=10.000ns})
  Path Group:             sys_clk_pin
  Path Type:              Hold (Min at Fast Process Corner)
  Requirement:            0.000ns  (sys_clk_pin rise@0.000ns - sys_clk_pin rise@0.000ns)
  Data Path Delay:        0.336ns  (logic 0.164ns (48.872%)  route 0.172ns (51.128%))
  Logic Levels:           0  
  Clock Path Skew:        0.018ns (DCD - SCD - CPR)
    Destination Clock Delay (DCD):    1.989ns
    Source Clock Delay      (SCD):    1.472ns
    Clock Pessimism Removal (CPR):    0.499ns

    Location             Delay type                Incr(ns)  Path(ns)    Netlist Resource(s)
  -------------------------------------------------------------------    -------------------
                         (clock sys_clk_pin rise edge)
                                                      0.000     0.000 r  
    W5                                                0.000     0.000 r  clk (IN)
                         net (fo=0)                   0.000     0.000    clk
    W5                   IBUF (Prop_ibuf_I_O)         0.226     0.226 r  clk_IBUF_inst/O
                         net (fo=1, routed)           0.631     0.858    clk_IBUF
    BUFGCTRL_X0Y0        BUFG (Prop_bufg_I_O)         0.026     0.884 r  clk_IBUF_BUFG_inst/O
                         net (fo=78, routed)          0.589     1.472    RX/clk_IBUF_BUFG
    SLICE_X64Y63         FDRE                                         r  RX/rxdata_reg[4]/C
  -------------------------------------------------------------------    -------------------
    SLICE_X64Y63         FDRE (Prop_fdre_C_Q)         0.164     1.636 r  RX/rxdata_reg[4]/Q
                         net (fo=3, routed)           0.172     1.808    RX/rxdata_reg_n_0_[4]
    SLICE_X63Y61         FDRE                                         r  RX/data_reg[4]/D
  -------------------------------------------------------------------    -------------------

                         (clock sys_clk_pin rise edge)
                                                      0.000     0.000 r  
    W5                                                0.000     0.000 r  clk (IN)
                         net (fo=0)                   0.000     0.000    clk
    W5                   IBUF (Prop_ibuf_I_O)         0.414     0.414 r  clk_IBUF_inst/O
                         net (fo=1, routed)           0.685     1.099    clk_IBUF
    BUFGCTRL_X0Y0        BUFG (Prop_bufg_I_O)         0.029     1.128 r  clk_IBUF_BUFG_inst/O
                         net (fo=78, routed)          0.861     1.989    RX/clk_IBUF_BUFG
    SLICE_X63Y61         FDRE                                         r  RX/data_reg[4]/C
                         clock pessimism             -0.499     1.490    
    SLICE_X63Y61         FDRE (Hold_fdre_C_D)         0.075     1.565    RX/data_reg[4]
  -------------------------------------------------------------------
                         required time                         -1.565    
                         arrival time                           1.808    
  -------------------------------------------------------------------
                         slack                                  0.243    

Slack (MET) :             0.243ns  (arrival time - required time)
  Source:                 RX/data_reg[5]/C
                            (rising edge-triggered cell FDRE clocked by sys_clk_pin  {rise@0.000ns fall@5.000ns period=10.000ns})
  Destination:            led_reg[5]/D
                            (rising edge-triggered cell FDRE clocked by sys_clk_pin  {rise@0.000ns fall@5.000ns period=10.000ns})
  Path Group:             sys_clk_pin
  Path Type:              Hold (Min at Fast Process Corner)
  Requirement:            0.000ns  (sys_clk_pin rise@0.000ns - sys_clk_pin rise@0.000ns)
  Data Path Delay:        0.276ns  (logic 0.128ns (46.392%)  route 0.148ns (53.608%))
  Logic Levels:           0  
  Clock Path Skew:        0.016ns (DCD - SCD - CPR)
    Destination Clock Delay (DCD):    1.989ns
    Source Clock Delay      (SCD):    1.474ns
    Clock Pessimism Removal (CPR):    0.499ns

    Location             Delay type                Incr(ns)  Path(ns)    Netlist Resource(s)
  -------------------------------------------------------------------    -------------------
                         (clock sys_clk_pin rise edge)
                                                      0.000     0.000 r  
    W5                                                0.000     0.000 r  clk (IN)
                         net (fo=0)                   0.000     0.000    clk
    W5                   IBUF (Prop_ibuf_I_O)         0.226     0.226 r  clk_IBUF_inst/O
                         net (fo=1, routed)           0.631     0.858    clk_IBUF
    BUFGCTRL_X0Y0        BUFG (Prop_bufg_I_O)         0.026     0.884 r  clk_IBUF_BUFG_inst/O
                         net (fo=78, routed)          0.591     1.474    RX/clk_IBUF_BUFG
    SLICE_X63Y61         FDRE                                         r  RX/data_reg[5]/C
  -------------------------------------------------------------------    -------------------
    SLICE_X63Y61         FDRE (Prop_fdre_C_Q)         0.128     1.602 r  RX/data_reg[5]/Q
                         net (fo=1, routed)           0.148     1.750    data[5]
    SLICE_X62Y60         FDRE                                         r  led_reg[5]/D
  -------------------------------------------------------------------    -------------------

                         (clock sys_clk_pin rise edge)
                                                      0.000     0.000 r  
    W5                                                0.000     0.000 r  clk (IN)
                         net (fo=0)                   0.000     0.000    clk
    W5                   IBUF (Prop_ibuf_I_O)         0.414     0.414 r  clk_IBUF_inst/O
                         net (fo=1, routed)           0.685     1.099    clk_IBUF
    BUFGCTRL_X0Y0        BUFG (Prop_bufg_I_O)         0.029     1.128 r  clk_IBUF_BUFG_inst/O
                         net (fo=78, routed)          0.861     1.989    clk_IBUF_BUFG
    SLICE_X62Y60         FDRE                                         r  led_reg[5]/C
                         clock pessimism             -0.499     1.490    
    SLICE_X62Y60         FDRE (Hold_fdre_C_D)         0.017     1.507    led_reg[5]
  -------------------------------------------------------------------
                         required time                         -1.507    
                         arrival time                           1.750    
  -------------------------------------------------------------------
                         slack                                  0.243    





Pulse Width Checks
--------------------------------------------------------------------------------------
Clock Name:         sys_clk_pin
Waveform(ns):       { 0.000 5.000 }
Period(ns):         10.000
Sources:            { clk }

Check Type        Corner  Lib Pin  Reference Pin  Required(ns)  Actual(ns)  Slack(ns)  Location       Pin
Min Period        n/a     BUFG/I   n/a            2.155         10.000      7.845      BUFGCTRL_X0Y0  clk_IBUF_BUFG_inst/I
Min Period        n/a     FDRE/C   n/a            1.000         10.000      9.000      SLICE_X64Y62   FSM_onehot_state_reg[0]/C
Min Period        n/a     FDRE/C   n/a            1.000         10.000      9.000      SLICE_X64Y62   FSM_onehot_state_reg[1]/C
Min Period        n/a     FDRE/C   n/a            1.000         10.000      9.000      SLICE_X64Y62   FSM_onehot_state_reg[2]/C
Min Period        n/a     FDRE/C   n/a            1.000         10.000      9.000      SLICE_X63Y67   RX/FSM_sequential_state_reg[0]/C
Min Period        n/a     FDRE/C   n/a            1.000         10.000      9.000      SLICE_X63Y66   RX/FSM_sequential_state_reg[1]/C
Min Period        n/a     FDRE/C   n/a            1.000         10.000      9.000      SLICE_X63Y67   RX/FSM_sequential_state_reg[2]/C
Min Period        n/a     FDRE/C   n/a            1.000         10.000      9.000      SLICE_X64Y65   RX/bitIndex_reg[0]/C
Min Period        n/a     FDRE/C   n/a            1.000         10.000      9.000      SLICE_X61Y65   RX/bitIndex_reg[1]/C
Min Period        n/a     FDRE/C   n/a            1.000         10.000      9.000      SLICE_X61Y65   RX/bitIndex_reg[2]/C
Low Pulse Width   Slow    FDRE/C   n/a            0.500         5.000       4.500      SLICE_X64Y62   FSM_onehot_state_reg[0]/C
Low Pulse Width   Slow    FDRE/C   n/a            0.500         5.000       4.500      SLICE_X64Y62   FSM_onehot_state_reg[1]/C
Low Pulse Width   Slow    FDRE/C   n/a            0.500         5.000       4.500      SLICE_X64Y62   FSM_onehot_state_reg[2]/C
Low Pulse Width   Slow    FDRE/C   n/a            0.500         5.000       4.500      SLICE_X63Y61   RX/data_reg[0]/C
Low Pulse Width   Slow    FDRE/C   n/a            0.500         5.000       4.500      SLICE_X63Y61   RX/data_reg[1]/C
Low Pulse Width   Slow    FDRE/C   n/a            0.500         5.000       4.500      SLICE_X63Y61   RX/data_reg[2]/C
Low Pulse Width   Slow    FDRE/C   n/a            0.500         5.000       4.500      SLICE_X63Y61   RX/data_reg[3]/C
Low Pulse Width   Slow    FDRE/C   n/a            0.500         5.000       4.500      SLICE_X63Y61   RX/data_reg[4]/C
Low Pulse Width   Slow    FDRE/C   n/a            0.500         5.000       4.500      SLICE_X63Y61   RX/data_reg[5]/C
Low Pulse Width   Slow    FDRE/C   n/a            0.500         5.000       4.500      SLICE_X63Y61   RX/data_reg[6]/C
High Pulse Width  Slow    FDRE/C   n/a            0.500         5.000       4.500      SLICE_X63Y68   RX/rxdata_reg[8]/C
High Pulse Width  Slow    FDRE/C   n/a            0.500         5.000       4.500      SLICE_X62Y68   RX/timer_reg[21]/C
High Pulse Width  Slow    FDRE/C   n/a            0.500         5.000       4.500      SLICE_X62Y68   RX/timer_reg[22]/C
High Pulse Width  Slow    FDRE/C   n/a            0.500         5.000       4.500      SLICE_X62Y68   RX/timer_reg[23]/C
High Pulse Width  Slow    FDRE/C   n/a            0.500         5.000       4.500      SLICE_X62Y68   RX/timer_reg[24]/C
High Pulse Width  Slow    FDRE/C   n/a            0.500         5.000       4.500      SLICE_X62Y69   RX/timer_reg[25]/C
High Pulse Width  Slow    FDRE/C   n/a            0.500         5.000       4.500      SLICE_X62Y69   RX/timer_reg[26]/C
High Pulse Width  Slow    FDRE/C   n/a            0.500         5.000       4.500      SLICE_X62Y69   RX/timer_reg[27]/C
High Pulse Width  Slow    FDRE/C   n/a            0.500         5.000       4.500      SLICE_X62Y69   RX/timer_reg[28]/C
High Pulse Width  Slow    FDRE/C   n/a            0.500         5.000       4.500      SLICE_X62Y70   RX/timer_reg[29]/C



