KCPSM6 Assembler log file for program 'C:\Users\lebray\Vivado-Workflow-Scripts\HW10\T1\prog.psm'.
Generated by KCPSM6 version v2.70
Ken Chapman - Xilinx Ltd - 16th May 2014

Assembly datestamp: 07 Apr 2026
Assembly timestamp: 14:42:51

Contents
  Assembly listing
  List of PSM files
  List of CONSTANTs
  List of TABLEs
  List of STRINGs
  List of line labels
  Instruction usage statistics


Last occupied address: 3FF hex
Nominal program memory size: 1K (1024)   address(9:0)
Actual memory size: 4096
  (Default memory size)
Occupied memory locations: 11
Memory locations available: 4085


Assembly listing

 Addr Code                Instruction

 000                      ; HW10 T1 - Button press triggers ISR, toggles LED[0]
 000                      ; -------------------------------------------------------
 000                      CONSTANT led_port, 00     ; Output port 00 -> led[7:0]
 000                      CONSTANT scratch_loc, 10  ; Scratchpad address for LED state
 000                      ADDRESS 000
 000               start: 
 000  01000               LOAD s0, 00               ; Initialize LED state to 0
 001  2F010               STORE s0, 10[scratch_loc] ; Save to scratchpad
 002  2D000               OUTPUT s0, 00[led_port]   ; Update physical LEDs
 003  28001               ENABLE INTERRUPT          ; Global interrupt enable
 004           main_loop: 
 004  22004               JUMP 004[main_loop]       ; Wait here for button presses
 005                      ; -------------------------------------------------------
 005                      ; Interrupt Service Routine (ISR)
 005                      ; -------------------------------------------------------
 005         isr_routine: 
 005  0B010               FETCH s0, 10[scratch_loc] ; Get current LED state
 006  07001               XOR s0, 01                ; Toggle bit 0 (LED[0])
 007  2D000               OUTPUT s0, 00[led_port]   ; Write to LEDs
 008  2F010               STORE s0, 10[scratch_loc] ; Save new state
 009  29001               RETURNI ENABLE            ; Return and re-enable interrupts
 00A                      ; -------------------------------------------------------
 00A                      ; Interrupt Vector
 00A                      ; -------------------------------------------------------
 3FF                      ADDRESS 3FF
 3FF  22005               JUMP 005[isr_routine]     ; Hardware jumps here on interrupt


All unused memory locations contain zero (equivalent to 'LOAD s0, s0')



List of PSM files that have been assembled

C:\Users\lebray\Vivado-Workflow-Scripts\HW10\T1\prog.psm



List of defined constants

 CONSTANT name     Value        Source PSM File

 timestamp_hours   14'd         
 timestamp_minutes 42'd         
 timestamp_seconds 51'd         
 datestamp_year    26'd         
 datestamp_month   4'd          
 datestamp_day     07'd         
 NUL               00           
 BEL               07           
 BS                08           
 HT                09           
 LF                0A           
 VT                0B           
 CR                0D           
 ESC               1B           
 DEL               7F           
 DCS               90           
 ST                9C           
 led_port          00           prog.psm
 scratch_loc       10           prog.psm



No TABLEs defined



List of text strings

 STRING name       String         Source PSM File

 KCPSM6_version$   "v2.70"        
 datestamp$        "07 Apr 2026"  
 timestamp$        "14:42:51"     



List of line labels

   Label         Addr  Source PSM File

 * start         000   prog.psm
   main_loop     004   prog.psm
   isr_routine   005   prog.psm

      * Line label has not been referenced in any instructions.
        Hint - This may indicate unused code that could be
               removed to reduce the size of this program.



Instruction usage statistics

 Instruction    Instances

 LOAD              1
 STAR              -

 AND               -
 OR                -
 XOR               1

 ADD               -
 ADDCY             -
 SUB               -
 SUBCY             -

 TEST              -
 TESTCY            -
 COMPARE           -
 COMPARECY         -

 SL0               -
 SL1               -
 SLX               -
 SLA               -
 RL                -
 SR0               -
 SR1               -
 SRX               -
 SRA               -
 RR                -

 REGBANK           -

 INPUT             -
 OUTPUT            2
 OUTPUTK           -

 STORE             1
 FETCH             1

 DISABLE           -
 ENABLE            1
 RETURNI           1

 JUMP              2
 JUMP@             -
 CALL              -
 CALL@             -
 RETURN            -
 LOAD&RETURN       -

 HWBUILD           -



End of KCPSM6 log file.
