Copyright 1986-2018 Xilinx, Inc. All Rights Reserved.
--------------------------------------------------------------------------------------------------------------------------------------------------------------------------------------------------------------------------------------
| Tool Version : Vivado v.2018.3 (win64) Build 2405991 Thu Dec  6 23:38:27 MST 2018
| Date         : Mon Mar  2 17:24:37 2026
| Host         : BH610-DRZVK84 running 64-bit major release  (build 9200)
| Command      : report_timing_summary -max_paths 10 -file USB_keyboard_uart_app_timing_summary_routed.rpt -pb USB_keyboard_uart_app_timing_summary_routed.pb -rpx USB_keyboard_uart_app_timing_summary_routed.rpx -warn_on_violation
| Design       : USB_keyboard_uart_app
| Device       : 7a35t-cpg236
| Speed File   : -1  PRODUCTION 1.23 2018-06-13
--------------------------------------------------------------------------------------------------------------------------------------------------------------------------------------------------------------------------------------

Timing Summary Report

------------------------------------------------------------------------------------------------
| Timer Settings
| --------------
------------------------------------------------------------------------------------------------

  Enable Multi Corner Analysis               :  Yes
  Enable Pessimism Removal                   :  Yes
  Pessimism Removal Resolution               :  Nearest Common Node
  Enable Input Delay Default Clock           :  No
  Enable Preset / Clear Arcs                 :  No
  Disable Flight Delays                      :  No
  Ignore I/O Paths                           :  No
  Timing Early Launch at Borrowing Latches   :  false

  Corner  Analyze    Analyze    
  Name    Max Paths  Min Paths  
  ------  ---------  ---------  
  Slow    Yes        Yes        
  Fast    Yes        Yes        



check_timing report

Table of Contents
-----------------
1. checking no_clock
2. checking constant_clock
3. checking pulse_width_clock
4. checking unconstrained_internal_endpoints
5. checking no_input_delay
6. checking no_output_delay
7. checking multiple_clock
8. checking generated_clocks
9. checking loops
10. checking partial_input_delay
11. checking partial_output_delay
12. checking latch_loops

1. checking no_clock
--------------------
 There are 52 register/latch pins with no clock driven by root clock pin: PS2Clk (HIGH)


2. checking constant_clock
--------------------------
 There are 0 register/latch pins with constant_clock.


3. checking pulse_width_clock
-----------------------------
 There are 0 register/latch pins which need pulse_width check


4. checking unconstrained_internal_endpoints
--------------------------------------------
 There are 108 pins that are not constrained for maximum delay. (HIGH)

 There are 0 pins that are not constrained for maximum delay due to constant clock.


5. checking no_input_delay
--------------------------
 There is 1 input port with no input delay specified. (HIGH)

 There are 0 input ports with no input delay but user has a false path constraint.


6. checking no_output_delay
---------------------------
 There are 9 ports with no output delay specified. (HIGH)

 There are 0 ports with no output delay but user has a false path constraint

 There are 0 ports with no output delay but with a timing clock defined on it or propagating through it


7. checking multiple_clock
--------------------------
 There are 0 register/latch pins with multiple clocks.


8. checking generated_clocks
----------------------------
 There are 0 generated clocks that are not connected to a clock source.


9. checking loops
-----------------
 There are 0 combinational loops in the design.


10. checking partial_input_delay
--------------------------------
 There are 0 input ports with partial input delay specified.


11. checking partial_output_delay
---------------------------------
 There are 0 ports with partial output delay specified.


12. checking latch_loops
------------------------
 There are 0 combinational latch loops in the design through latch input



------------------------------------------------------------------------------------------------
| Design Timing Summary
| ---------------------
------------------------------------------------------------------------------------------------

    WNS(ns)      TNS(ns)  TNS Failing Endpoints  TNS Total Endpoints      WHS(ns)      THS(ns)  THS Failing Endpoints  THS Total Endpoints     WPWS(ns)     TPWS(ns)  TPWS Failing Endpoints  TPWS Total Endpoints  
    -------      -------  ---------------------  -------------------      -------      -------  ---------------------  -------------------     --------     --------  ----------------------  --------------------  
      5.843        0.000                      0                   95        0.155        0.000                      0                   95        4.500        0.000                       0                    59  


All user specified timing constraints are met.


------------------------------------------------------------------------------------------------
| Clock Summary
| -------------
------------------------------------------------------------------------------------------------

Clock        Waveform(ns)       Period(ns)      Frequency(MHz)
-----        ------------       ----------      --------------
sys_clk_pin  {0.000 5.000}      10.000          100.000         


------------------------------------------------------------------------------------------------
| Intra Clock Table
| -----------------
------------------------------------------------------------------------------------------------

Clock             WNS(ns)      TNS(ns)  TNS Failing Endpoints  TNS Total Endpoints      WHS(ns)      THS(ns)  THS Failing Endpoints  THS Total Endpoints     WPWS(ns)     TPWS(ns)  TPWS Failing Endpoints  TPWS Total Endpoints  
-----             -------      -------  ---------------------  -------------------      -------      -------  ---------------------  -------------------     --------     --------  ----------------------  --------------------  
sys_clk_pin         5.843        0.000                      0                   95        0.155        0.000                      0                   95        4.500        0.000                       0                    59  


------------------------------------------------------------------------------------------------
| Inter Clock Table
| -----------------
------------------------------------------------------------------------------------------------

From Clock    To Clock          WNS(ns)      TNS(ns)  TNS Failing Endpoints  TNS Total Endpoints      WHS(ns)      THS(ns)  THS Failing Endpoints  THS Total Endpoints  
----------    --------          -------      -------  ---------------------  -------------------      -------      -------  ---------------------  -------------------  


------------------------------------------------------------------------------------------------
| Other Path Groups Table
| -----------------------
------------------------------------------------------------------------------------------------

Path Group    From Clock    To Clock          WNS(ns)      TNS(ns)  TNS Failing Endpoints  TNS Total Endpoints      WHS(ns)      THS(ns)  THS Failing Endpoints  THS Total Endpoints  
----------    ----------    --------          -------      -------  ---------------------  -------------------      -------      -------  ---------------------  -------------------  


------------------------------------------------------------------------------------------------
| Timing Details
| --------------
------------------------------------------------------------------------------------------------


---------------------------------------------------------------------------------------------------
From Clock:  sys_clk_pin
  To Clock:  sys_clk_pin

Setup :            0  Failing Endpoints,  Worst Slack        5.843ns,  Total Violation        0.000ns
Hold  :            0  Failing Endpoints,  Worst Slack        0.155ns,  Total Violation        0.000ns
PW    :            0  Failing Endpoints,  Worst Slack        4.500ns,  Total Violation        0.000ns
---------------------------------------------------------------------------------------------------


Max Delay Paths
--------------------------------------------------------------------------------------
Slack (MET) :             5.843ns  (required time - arrival time)
  Source:                 uart_tx/cnt_reg[4]/C
                            (rising edge-triggered cell FDRE clocked by sys_clk_pin  {rise@0.000ns fall@5.000ns period=10.000ns})
  Destination:            uart_tx/cnt_reg[10]/R
                            (rising edge-triggered cell FDRE clocked by sys_clk_pin  {rise@0.000ns fall@5.000ns period=10.000ns})
  Path Group:             sys_clk_pin
  Path Type:              Setup (Max at Slow Process Corner)
  Requirement:            10.000ns  (sys_clk_pin rise@10.000ns - sys_clk_pin rise@0.000ns)
  Data Path Delay:        3.666ns  (logic 0.828ns (22.584%)  route 2.838ns (77.416%))
  Logic Levels:           3  (LUT4=1 LUT6=2)
  Clock Path Skew:        -0.026ns (DCD - SCD + CPR)
    Destination Clock Delay (DCD):    4.789ns = ( 14.789 - 10.000 ) 
    Source Clock Delay      (SCD):    5.088ns
    Clock Pessimism Removal (CPR):    0.273ns
  Clock Uncertainty:      0.035ns  ((TSJ^2 + TIJ^2)^1/2 + DJ) / 2 + PE
    Total System Jitter     (TSJ):    0.071ns
    Total Input Jitter      (TIJ):    0.000ns
    Discrete Jitter          (DJ):    0.000ns
    Phase Error              (PE):    0.000ns

    Location             Delay type                Incr(ns)  Path(ns)    Netlist Resource(s)
  -------------------------------------------------------------------    -------------------
                         (clock sys_clk_pin rise edge)
                                                      0.000     0.000 r  
    W5                                                0.000     0.000 r  clk (IN)
                         net (fo=0)                   0.000     0.000    clk
    W5                   IBUF (Prop_ibuf_I_O)         1.458     1.458 r  clk_IBUF_inst/O
                         net (fo=1, routed)           1.967     3.425    clk_IBUF
    BUFGCTRL_X0Y0        BUFG (Prop_bufg_I_O)         0.096     3.521 r  clk_IBUF_BUFG_inst/O
                         net (fo=58, routed)          1.567     5.088    uart_tx/clk_IBUF_BUFG
    SLICE_X11Y9          FDRE                                         r  uart_tx/cnt_reg[4]/C
  -------------------------------------------------------------------    -------------------
    SLICE_X11Y9          FDRE (Prop_fdre_C_Q)         0.456     5.544 f  uart_tx/cnt_reg[4]/Q
                         net (fo=2, routed)           1.061     6.605    uart_tx/cnt_reg_n_0_[4]
    SLICE_X11Y9          LUT6 (Prop_lut6_I1_O)        0.124     6.729 f  uart_tx/FSM_sequential_state[1]_i_3__0/O
                         net (fo=1, routed)           0.643     7.372    uart_tx/FSM_sequential_state[1]_i_3__0_n_0
    SLICE_X11Y11         LUT6 (Prop_lut6_I0_O)        0.124     7.496 f  uart_tx/FSM_sequential_state[1]_i_2__0/O
                         net (fo=5, routed)           0.473     7.969    uart_tx/FSM_sequential_state[1]_i_2__0_n_0
    SLICE_X8Y10          LUT4 (Prop_lut4_I3_O)        0.124     8.093 r  uart_tx/cnt[13]_i_1/O
                         net (fo=13, routed)          0.662     8.755    uart_tx/cnt[13]_i_1_n_0
    SLICE_X11Y11         FDRE                                         r  uart_tx/cnt_reg[10]/R
  -------------------------------------------------------------------    -------------------

                         (clock sys_clk_pin rise edge)
                                                     10.000    10.000 r  
    W5                                                0.000    10.000 r  clk (IN)
                         net (fo=0)                   0.000    10.000    clk
    W5                   IBUF (Prop_ibuf_I_O)         1.388    11.388 r  clk_IBUF_inst/O
                         net (fo=1, routed)           1.862    13.250    clk_IBUF
    BUFGCTRL_X0Y0        BUFG (Prop_bufg_I_O)         0.091    13.341 r  clk_IBUF_BUFG_inst/O
                         net (fo=58, routed)          1.448    14.789    uart_tx/clk_IBUF_BUFG
    SLICE_X11Y11         FDRE                                         r  uart_tx/cnt_reg[10]/C
                         clock pessimism              0.273    15.062    
                         clock uncertainty           -0.035    15.027    
    SLICE_X11Y11         FDRE (Setup_fdre_C_R)       -0.429    14.598    uart_tx/cnt_reg[10]
  -------------------------------------------------------------------
                         required time                         14.598    
                         arrival time                          -8.755    
  -------------------------------------------------------------------
                         slack                                  5.843    

Slack (MET) :             5.843ns  (required time - arrival time)
  Source:                 uart_tx/cnt_reg[4]/C
                            (rising edge-triggered cell FDRE clocked by sys_clk_pin  {rise@0.000ns fall@5.000ns period=10.000ns})
  Destination:            uart_tx/cnt_reg[5]/R
                            (rising edge-triggered cell FDRE clocked by sys_clk_pin  {rise@0.000ns fall@5.000ns period=10.000ns})
  Path Group:             sys_clk_pin
  Path Type:              Setup (Max at Slow Process Corner)
  Requirement:            10.000ns  (sys_clk_pin rise@10.000ns - sys_clk_pin rise@0.000ns)
  Data Path Delay:        3.666ns  (logic 0.828ns (22.584%)  route 2.838ns (77.416%))
  Logic Levels:           3  (LUT4=1 LUT6=2)
  Clock Path Skew:        -0.026ns (DCD - SCD + CPR)
    Destination Clock Delay (DCD):    4.789ns = ( 14.789 - 10.000 ) 
    Source Clock Delay      (SCD):    5.088ns
    Clock Pessimism Removal (CPR):    0.273ns
  Clock Uncertainty:      0.035ns  ((TSJ^2 + TIJ^2)^1/2 + DJ) / 2 + PE
    Total System Jitter     (TSJ):    0.071ns
    Total Input Jitter      (TIJ):    0.000ns
    Discrete Jitter          (DJ):    0.000ns
    Phase Error              (PE):    0.000ns

    Location             Delay type                Incr(ns)  Path(ns)    Netlist Resource(s)
  -------------------------------------------------------------------    -------------------
                         (clock sys_clk_pin rise edge)
                                                      0.000     0.000 r  
    W5                                                0.000     0.000 r  clk (IN)
                         net (fo=0)                   0.000     0.000    clk
    W5                   IBUF (Prop_ibuf_I_O)         1.458     1.458 r  clk_IBUF_inst/O
                         net (fo=1, routed)           1.967     3.425    clk_IBUF
    BUFGCTRL_X0Y0        BUFG (Prop_bufg_I_O)         0.096     3.521 r  clk_IBUF_BUFG_inst/O
                         net (fo=58, routed)          1.567     5.088    uart_tx/clk_IBUF_BUFG
    SLICE_X11Y9          FDRE                                         r  uart_tx/cnt_reg[4]/C
  -------------------------------------------------------------------    -------------------
    SLICE_X11Y9          FDRE (Prop_fdre_C_Q)         0.456     5.544 f  uart_tx/cnt_reg[4]/Q
                         net (fo=2, routed)           1.061     6.605    uart_tx/cnt_reg_n_0_[4]
    SLICE_X11Y9          LUT6 (Prop_lut6_I1_O)        0.124     6.729 f  uart_tx/FSM_sequential_state[1]_i_3__0/O
                         net (fo=1, routed)           0.643     7.372    uart_tx/FSM_sequential_state[1]_i_3__0_n_0
    SLICE_X11Y11         LUT6 (Prop_lut6_I0_O)        0.124     7.496 f  uart_tx/FSM_sequential_state[1]_i_2__0/O
                         net (fo=5, routed)           0.473     7.969    uart_tx/FSM_sequential_state[1]_i_2__0_n_0
    SLICE_X8Y10          LUT4 (Prop_lut4_I3_O)        0.124     8.093 r  uart_tx/cnt[13]_i_1/O
                         net (fo=13, routed)          0.662     8.755    uart_tx/cnt[13]_i_1_n_0
    SLICE_X11Y11         FDRE                                         r  uart_tx/cnt_reg[5]/R
  -------------------------------------------------------------------    -------------------

                         (clock sys_clk_pin rise edge)
                                                     10.000    10.000 r  
    W5                                                0.000    10.000 r  clk (IN)
                         net (fo=0)                   0.000    10.000    clk
    W5                   IBUF (Prop_ibuf_I_O)         1.388    11.388 r  clk_IBUF_inst/O
                         net (fo=1, routed)           1.862    13.250    clk_IBUF
    BUFGCTRL_X0Y0        BUFG (Prop_bufg_I_O)         0.091    13.341 r  clk_IBUF_BUFG_inst/O
                         net (fo=58, routed)          1.448    14.789    uart_tx/clk_IBUF_BUFG
    SLICE_X11Y11         FDRE                                         r  uart_tx/cnt_reg[5]/C
                         clock pessimism              0.273    15.062    
                         clock uncertainty           -0.035    15.027    
    SLICE_X11Y11         FDRE (Setup_fdre_C_R)       -0.429    14.598    uart_tx/cnt_reg[5]
  -------------------------------------------------------------------
                         required time                         14.598    
                         arrival time                          -8.755    
  -------------------------------------------------------------------
                         slack                                  5.843    

Slack (MET) :             5.843ns  (required time - arrival time)
  Source:                 uart_tx/cnt_reg[4]/C
                            (rising edge-triggered cell FDRE clocked by sys_clk_pin  {rise@0.000ns fall@5.000ns period=10.000ns})
  Destination:            uart_tx/cnt_reg[8]/R
                            (rising edge-triggered cell FDRE clocked by sys_clk_pin  {rise@0.000ns fall@5.000ns period=10.000ns})
  Path Group:             sys_clk_pin
  Path Type:              Setup (Max at Slow Process Corner)
  Requirement:            10.000ns  (sys_clk_pin rise@10.000ns - sys_clk_pin rise@0.000ns)
  Data Path Delay:        3.666ns  (logic 0.828ns (22.584%)  route 2.838ns (77.416%))
  Logic Levels:           3  (LUT4=1 LUT6=2)
  Clock Path Skew:        -0.026ns (DCD - SCD + CPR)
    Destination Clock Delay (DCD):    4.789ns = ( 14.789 - 10.000 ) 
    Source Clock Delay      (SCD):    5.088ns
    Clock Pessimism Removal (CPR):    0.273ns
  Clock Uncertainty:      0.035ns  ((TSJ^2 + TIJ^2)^1/2 + DJ) / 2 + PE
    Total System Jitter     (TSJ):    0.071ns
    Total Input Jitter      (TIJ):    0.000ns
    Discrete Jitter          (DJ):    0.000ns
    Phase Error              (PE):    0.000ns

    Location             Delay type                Incr(ns)  Path(ns)    Netlist Resource(s)
  -------------------------------------------------------------------    -------------------
                         (clock sys_clk_pin rise edge)
                                                      0.000     0.000 r  
    W5                                                0.000     0.000 r  clk (IN)
                         net (fo=0)                   0.000     0.000    clk
    W5                   IBUF (Prop_ibuf_I_O)         1.458     1.458 r  clk_IBUF_inst/O
                         net (fo=1, routed)           1.967     3.425    clk_IBUF
    BUFGCTRL_X0Y0        BUFG (Prop_bufg_I_O)         0.096     3.521 r  clk_IBUF_BUFG_inst/O
                         net (fo=58, routed)          1.567     5.088    uart_tx/clk_IBUF_BUFG
    SLICE_X11Y9          FDRE                                         r  uart_tx/cnt_reg[4]/C
  -------------------------------------------------------------------    -------------------
    SLICE_X11Y9          FDRE (Prop_fdre_C_Q)         0.456     5.544 f  uart_tx/cnt_reg[4]/Q
                         net (fo=2, routed)           1.061     6.605    uart_tx/cnt_reg_n_0_[4]
    SLICE_X11Y9          LUT6 (Prop_lut6_I1_O)        0.124     6.729 f  uart_tx/FSM_sequential_state[1]_i_3__0/O
                         net (fo=1, routed)           0.643     7.372    uart_tx/FSM_sequential_state[1]_i_3__0_n_0
    SLICE_X11Y11         LUT6 (Prop_lut6_I0_O)        0.124     7.496 f  uart_tx/FSM_sequential_state[1]_i_2__0/O
                         net (fo=5, routed)           0.473     7.969    uart_tx/FSM_sequential_state[1]_i_2__0_n_0
    SLICE_X8Y10          LUT4 (Prop_lut4_I3_O)        0.124     8.093 r  uart_tx/cnt[13]_i_1/O
                         net (fo=13, routed)          0.662     8.755    uart_tx/cnt[13]_i_1_n_0
    SLICE_X11Y11         FDRE                                         r  uart_tx/cnt_reg[8]/R
  -------------------------------------------------------------------    -------------------

                         (clock sys_clk_pin rise edge)
                                                     10.000    10.000 r  
    W5                                                0.000    10.000 r  clk (IN)
                         net (fo=0)                   0.000    10.000    clk
    W5                   IBUF (Prop_ibuf_I_O)         1.388    11.388 r  clk_IBUF_inst/O
                         net (fo=1, routed)           1.862    13.250    clk_IBUF
    BUFGCTRL_X0Y0        BUFG (Prop_bufg_I_O)         0.091    13.341 r  clk_IBUF_BUFG_inst/O
                         net (fo=58, routed)          1.448    14.789    uart_tx/clk_IBUF_BUFG
    SLICE_X11Y11         FDRE                                         r  uart_tx/cnt_reg[8]/C
                         clock pessimism              0.273    15.062    
                         clock uncertainty           -0.035    15.027    
    SLICE_X11Y11         FDRE (Setup_fdre_C_R)       -0.429    14.598    uart_tx/cnt_reg[8]
  -------------------------------------------------------------------
                         required time                         14.598    
                         arrival time                          -8.755    
  -------------------------------------------------------------------
                         slack                                  5.843    

Slack (MET) :             5.843ns  (required time - arrival time)
  Source:                 uart_tx/cnt_reg[4]/C
                            (rising edge-triggered cell FDRE clocked by sys_clk_pin  {rise@0.000ns fall@5.000ns period=10.000ns})
  Destination:            uart_tx/cnt_reg[9]/R
                            (rising edge-triggered cell FDRE clocked by sys_clk_pin  {rise@0.000ns fall@5.000ns period=10.000ns})
  Path Group:             sys_clk_pin
  Path Type:              Setup (Max at Slow Process Corner)
  Requirement:            10.000ns  (sys_clk_pin rise@10.000ns - sys_clk_pin rise@0.000ns)
  Data Path Delay:        3.666ns  (logic 0.828ns (22.584%)  route 2.838ns (77.416%))
  Logic Levels:           3  (LUT4=1 LUT6=2)
  Clock Path Skew:        -0.026ns (DCD - SCD + CPR)
    Destination Clock Delay (DCD):    4.789ns = ( 14.789 - 10.000 ) 
    Source Clock Delay      (SCD):    5.088ns
    Clock Pessimism Removal (CPR):    0.273ns
  Clock Uncertainty:      0.035ns  ((TSJ^2 + TIJ^2)^1/2 + DJ) / 2 + PE
    Total System Jitter     (TSJ):    0.071ns
    Total Input Jitter      (TIJ):    0.000ns
    Discrete Jitter          (DJ):    0.000ns
    Phase Error              (PE):    0.000ns

    Location             Delay type                Incr(ns)  Path(ns)    Netlist Resource(s)
  -------------------------------------------------------------------    -------------------
                         (clock sys_clk_pin rise edge)
                                                      0.000     0.000 r  
    W5                                                0.000     0.000 r  clk (IN)
                         net (fo=0)                   0.000     0.000    clk
    W5                   IBUF (Prop_ibuf_I_O)         1.458     1.458 r  clk_IBUF_inst/O
                         net (fo=1, routed)           1.967     3.425    clk_IBUF
    BUFGCTRL_X0Y0        BUFG (Prop_bufg_I_O)         0.096     3.521 r  clk_IBUF_BUFG_inst/O
                         net (fo=58, routed)          1.567     5.088    uart_tx/clk_IBUF_BUFG
    SLICE_X11Y9          FDRE                                         r  uart_tx/cnt_reg[4]/C
  -------------------------------------------------------------------    -------------------
    SLICE_X11Y9          FDRE (Prop_fdre_C_Q)         0.456     5.544 f  uart_tx/cnt_reg[4]/Q
                         net (fo=2, routed)           1.061     6.605    uart_tx/cnt_reg_n_0_[4]
    SLICE_X11Y9          LUT6 (Prop_lut6_I1_O)        0.124     6.729 f  uart_tx/FSM_sequential_state[1]_i_3__0/O
                         net (fo=1, routed)           0.643     7.372    uart_tx/FSM_sequential_state[1]_i_3__0_n_0
    SLICE_X11Y11         LUT6 (Prop_lut6_I0_O)        0.124     7.496 f  uart_tx/FSM_sequential_state[1]_i_2__0/O
                         net (fo=5, routed)           0.473     7.969    uart_tx/FSM_sequential_state[1]_i_2__0_n_0
    SLICE_X8Y10          LUT4 (Prop_lut4_I3_O)        0.124     8.093 r  uart_tx/cnt[13]_i_1/O
                         net (fo=13, routed)          0.662     8.755    uart_tx/cnt[13]_i_1_n_0
    SLICE_X11Y11         FDRE                                         r  uart_tx/cnt_reg[9]/R
  -------------------------------------------------------------------    -------------------

                         (clock sys_clk_pin rise edge)
                                                     10.000    10.000 r  
    W5                                                0.000    10.000 r  clk (IN)
                         net (fo=0)                   0.000    10.000    clk
    W5                   IBUF (Prop_ibuf_I_O)         1.388    11.388 r  clk_IBUF_inst/O
                         net (fo=1, routed)           1.862    13.250    clk_IBUF
    BUFGCTRL_X0Y0        BUFG (Prop_bufg_I_O)         0.091    13.341 r  clk_IBUF_BUFG_inst/O
                         net (fo=58, routed)          1.448    14.789    uart_tx/clk_IBUF_BUFG
    SLICE_X11Y11         FDRE                                         r  uart_tx/cnt_reg[9]/C
                         clock pessimism              0.273    15.062    
                         clock uncertainty           -0.035    15.027    
    SLICE_X11Y11         FDRE (Setup_fdre_C_R)       -0.429    14.598    uart_tx/cnt_reg[9]
  -------------------------------------------------------------------
                         required time                         14.598    
                         arrival time                          -8.755    
  -------------------------------------------------------------------
                         slack                                  5.843    

Slack (MET) :             5.877ns  (required time - arrival time)
  Source:                 uart_tx/cnt_reg[4]/C
                            (rising edge-triggered cell FDRE clocked by sys_clk_pin  {rise@0.000ns fall@5.000ns period=10.000ns})
  Destination:            uart_tx/cnt_reg[13]/R
                            (rising edge-triggered cell FDRE clocked by sys_clk_pin  {rise@0.000ns fall@5.000ns period=10.000ns})
  Path Group:             sys_clk_pin
  Path Type:              Setup (Max at Slow Process Corner)
  Requirement:            10.000ns  (sys_clk_pin rise@10.000ns - sys_clk_pin rise@0.000ns)
  Data Path Delay:        3.659ns  (logic 0.828ns (22.629%)  route 2.831ns (77.371%))
  Logic Levels:           3  (LUT4=1 LUT6=2)
  Clock Path Skew:        0.000ns (DCD - SCD + CPR)
    Destination Clock Delay (DCD):    4.790ns = ( 14.790 - 10.000 ) 
    Source Clock Delay      (SCD):    5.088ns
    Clock Pessimism Removal (CPR):    0.298ns
  Clock Uncertainty:      0.035ns  ((TSJ^2 + TIJ^2)^1/2 + DJ) / 2 + PE
    Total System Jitter     (TSJ):    0.071ns
    Total Input Jitter      (TIJ):    0.000ns
    Discrete Jitter          (DJ):    0.000ns
    Phase Error              (PE):    0.000ns

    Location             Delay type                Incr(ns)  Path(ns)    Netlist Resource(s)
  -------------------------------------------------------------------    -------------------
                         (clock sys_clk_pin rise edge)
                                                      0.000     0.000 r  
    W5                                                0.000     0.000 r  clk (IN)
                         net (fo=0)                   0.000     0.000    clk
    W5                   IBUF (Prop_ibuf_I_O)         1.458     1.458 r  clk_IBUF_inst/O
                         net (fo=1, routed)           1.967     3.425    clk_IBUF
    BUFGCTRL_X0Y0        BUFG (Prop_bufg_I_O)         0.096     3.521 r  clk_IBUF_BUFG_inst/O
                         net (fo=58, routed)          1.567     5.088    uart_tx/clk_IBUF_BUFG
    SLICE_X11Y9          FDRE                                         r  uart_tx/cnt_reg[4]/C
  -------------------------------------------------------------------    -------------------
    SLICE_X11Y9          FDRE (Prop_fdre_C_Q)         0.456     5.544 f  uart_tx/cnt_reg[4]/Q
                         net (fo=2, routed)           1.061     6.605    uart_tx/cnt_reg_n_0_[4]
    SLICE_X11Y9          LUT6 (Prop_lut6_I1_O)        0.124     6.729 f  uart_tx/FSM_sequential_state[1]_i_3__0/O
                         net (fo=1, routed)           0.643     7.372    uart_tx/FSM_sequential_state[1]_i_3__0_n_0
    SLICE_X11Y11         LUT6 (Prop_lut6_I0_O)        0.124     7.496 f  uart_tx/FSM_sequential_state[1]_i_2__0/O
                         net (fo=5, routed)           0.473     7.969    uart_tx/FSM_sequential_state[1]_i_2__0_n_0
    SLICE_X8Y10          LUT4 (Prop_lut4_I3_O)        0.124     8.093 r  uart_tx/cnt[13]_i_1/O
                         net (fo=13, routed)          0.654     8.747    uart_tx/cnt[13]_i_1_n_0
    SLICE_X11Y9          FDRE                                         r  uart_tx/cnt_reg[13]/R
  -------------------------------------------------------------------    -------------------

                         (clock sys_clk_pin rise edge)
                                                     10.000    10.000 r  
    W5                                                0.000    10.000 r  clk (IN)
                         net (fo=0)                   0.000    10.000    clk
    W5                   IBUF (Prop_ibuf_I_O)         1.388    11.388 r  clk_IBUF_inst/O
                         net (fo=1, routed)           1.862    13.250    clk_IBUF
    BUFGCTRL_X0Y0        BUFG (Prop_bufg_I_O)         0.091    13.341 r  clk_IBUF_BUFG_inst/O
                         net (fo=58, routed)          1.449    14.790    uart_tx/clk_IBUF_BUFG
    SLICE_X11Y9          FDRE                                         r  uart_tx/cnt_reg[13]/C
                         clock pessimism              0.298    15.088    
                         clock uncertainty           -0.035    15.053    
    SLICE_X11Y9          FDRE (Setup_fdre_C_R)       -0.429    14.624    uart_tx/cnt_reg[13]
  -------------------------------------------------------------------
                         required time                         14.624    
                         arrival time                          -8.747    
  -------------------------------------------------------------------
                         slack                                  5.877    

Slack (MET) :             5.877ns  (required time - arrival time)
  Source:                 uart_tx/cnt_reg[4]/C
                            (rising edge-triggered cell FDRE clocked by sys_clk_pin  {rise@0.000ns fall@5.000ns period=10.000ns})
  Destination:            uart_tx/cnt_reg[2]/R
                            (rising edge-triggered cell FDRE clocked by sys_clk_pin  {rise@0.000ns fall@5.000ns period=10.000ns})
  Path Group:             sys_clk_pin
  Path Type:              Setup (Max at Slow Process Corner)
  Requirement:            10.000ns  (sys_clk_pin rise@10.000ns - sys_clk_pin rise@0.000ns)
  Data Path Delay:        3.659ns  (logic 0.828ns (22.629%)  route 2.831ns (77.371%))
  Logic Levels:           3  (LUT4=1 LUT6=2)
  Clock Path Skew:        0.000ns (DCD - SCD + CPR)
    Destination Clock Delay (DCD):    4.790ns = ( 14.790 - 10.000 ) 
    Source Clock Delay      (SCD):    5.088ns
    Clock Pessimism Removal (CPR):    0.298ns
  Clock Uncertainty:      0.035ns  ((TSJ^2 + TIJ^2)^1/2 + DJ) / 2 + PE
    Total System Jitter     (TSJ):    0.071ns
    Total Input Jitter      (TIJ):    0.000ns
    Discrete Jitter          (DJ):    0.000ns
    Phase Error              (PE):    0.000ns

    Location             Delay type                Incr(ns)  Path(ns)    Netlist Resource(s)
  -------------------------------------------------------------------    -------------------
                         (clock sys_clk_pin rise edge)
                                                      0.000     0.000 r  
    W5                                                0.000     0.000 r  clk (IN)
                         net (fo=0)                   0.000     0.000    clk
    W5                   IBUF (Prop_ibuf_I_O)         1.458     1.458 r  clk_IBUF_inst/O
                         net (fo=1, routed)           1.967     3.425    clk_IBUF
    BUFGCTRL_X0Y0        BUFG (Prop_bufg_I_O)         0.096     3.521 r  clk_IBUF_BUFG_inst/O
                         net (fo=58, routed)          1.567     5.088    uart_tx/clk_IBUF_BUFG
    SLICE_X11Y9          FDRE                                         r  uart_tx/cnt_reg[4]/C
  -------------------------------------------------------------------    -------------------
    SLICE_X11Y9          FDRE (Prop_fdre_C_Q)         0.456     5.544 f  uart_tx/cnt_reg[4]/Q
                         net (fo=2, routed)           1.061     6.605    uart_tx/cnt_reg_n_0_[4]
    SLICE_X11Y9          LUT6 (Prop_lut6_I1_O)        0.124     6.729 f  uart_tx/FSM_sequential_state[1]_i_3__0/O
                         net (fo=1, routed)           0.643     7.372    uart_tx/FSM_sequential_state[1]_i_3__0_n_0
    SLICE_X11Y11         LUT6 (Prop_lut6_I0_O)        0.124     7.496 f  uart_tx/FSM_sequential_state[1]_i_2__0/O
                         net (fo=5, routed)           0.473     7.969    uart_tx/FSM_sequential_state[1]_i_2__0_n_0
    SLICE_X8Y10          LUT4 (Prop_lut4_I3_O)        0.124     8.093 r  uart_tx/cnt[13]_i_1/O
                         net (fo=13, routed)          0.654     8.747    uart_tx/cnt[13]_i_1_n_0
    SLICE_X11Y9          FDRE                                         r  uart_tx/cnt_reg[2]/R
  -------------------------------------------------------------------    -------------------

                         (clock sys_clk_pin rise edge)
                                                     10.000    10.000 r  
    W5                                                0.000    10.000 r  clk (IN)
                         net (fo=0)                   0.000    10.000    clk
    W5                   IBUF (Prop_ibuf_I_O)         1.388    11.388 r  clk_IBUF_inst/O
                         net (fo=1, routed)           1.862    13.250    clk_IBUF
    BUFGCTRL_X0Y0        BUFG (Prop_bufg_I_O)         0.091    13.341 r  clk_IBUF_BUFG_inst/O
                         net (fo=58, routed)          1.449    14.790    uart_tx/clk_IBUF_BUFG
    SLICE_X11Y9          FDRE                                         r  uart_tx/cnt_reg[2]/C
                         clock pessimism              0.298    15.088    
                         clock uncertainty           -0.035    15.053    
    SLICE_X11Y9          FDRE (Setup_fdre_C_R)       -0.429    14.624    uart_tx/cnt_reg[2]
  -------------------------------------------------------------------
                         required time                         14.624    
                         arrival time                          -8.747    
  -------------------------------------------------------------------
                         slack                                  5.877    

Slack (MET) :             5.877ns  (required time - arrival time)
  Source:                 uart_tx/cnt_reg[4]/C
                            (rising edge-triggered cell FDRE clocked by sys_clk_pin  {rise@0.000ns fall@5.000ns period=10.000ns})
  Destination:            uart_tx/cnt_reg[3]/R
                            (rising edge-triggered cell FDRE clocked by sys_clk_pin  {rise@0.000ns fall@5.000ns period=10.000ns})
  Path Group:             sys_clk_pin
  Path Type:              Setup (Max at Slow Process Corner)
  Requirement:            10.000ns  (sys_clk_pin rise@10.000ns - sys_clk_pin rise@0.000ns)
  Data Path Delay:        3.659ns  (logic 0.828ns (22.629%)  route 2.831ns (77.371%))
  Logic Levels:           3  (LUT4=1 LUT6=2)
  Clock Path Skew:        0.000ns (DCD - SCD + CPR)
    Destination Clock Delay (DCD):    4.790ns = ( 14.790 - 10.000 ) 
    Source Clock Delay      (SCD):    5.088ns
    Clock Pessimism Removal (CPR):    0.298ns
  Clock Uncertainty:      0.035ns  ((TSJ^2 + TIJ^2)^1/2 + DJ) / 2 + PE
    Total System Jitter     (TSJ):    0.071ns
    Total Input Jitter      (TIJ):    0.000ns
    Discrete Jitter          (DJ):    0.000ns
    Phase Error              (PE):    0.000ns

    Location             Delay type                Incr(ns)  Path(ns)    Netlist Resource(s)
  -------------------------------------------------------------------    -------------------
                         (clock sys_clk_pin rise edge)
                                                      0.000     0.000 r  
    W5                                                0.000     0.000 r  clk (IN)
                         net (fo=0)                   0.000     0.000    clk
    W5                   IBUF (Prop_ibuf_I_O)         1.458     1.458 r  clk_IBUF_inst/O
                         net (fo=1, routed)           1.967     3.425    clk_IBUF
    BUFGCTRL_X0Y0        BUFG (Prop_bufg_I_O)         0.096     3.521 r  clk_IBUF_BUFG_inst/O
                         net (fo=58, routed)          1.567     5.088    uart_tx/clk_IBUF_BUFG
    SLICE_X11Y9          FDRE                                         r  uart_tx/cnt_reg[4]/C
  -------------------------------------------------------------------    -------------------
    SLICE_X11Y9          FDRE (Prop_fdre_C_Q)         0.456     5.544 f  uart_tx/cnt_reg[4]/Q
                         net (fo=2, routed)           1.061     6.605    uart_tx/cnt_reg_n_0_[4]
    SLICE_X11Y9          LUT6 (Prop_lut6_I1_O)        0.124     6.729 f  uart_tx/FSM_sequential_state[1]_i_3__0/O
                         net (fo=1, routed)           0.643     7.372    uart_tx/FSM_sequential_state[1]_i_3__0_n_0
    SLICE_X11Y11         LUT6 (Prop_lut6_I0_O)        0.124     7.496 f  uart_tx/FSM_sequential_state[1]_i_2__0/O
                         net (fo=5, routed)           0.473     7.969    uart_tx/FSM_sequential_state[1]_i_2__0_n_0
    SLICE_X8Y10          LUT4 (Prop_lut4_I3_O)        0.124     8.093 r  uart_tx/cnt[13]_i_1/O
                         net (fo=13, routed)          0.654     8.747    uart_tx/cnt[13]_i_1_n_0
    SLICE_X11Y9          FDRE                                         r  uart_tx/cnt_reg[3]/R
  -------------------------------------------------------------------    -------------------

                         (clock sys_clk_pin rise edge)
                                                     10.000    10.000 r  
    W5                                                0.000    10.000 r  clk (IN)
                         net (fo=0)                   0.000    10.000    clk
    W5                   IBUF (Prop_ibuf_I_O)         1.388    11.388 r  clk_IBUF_inst/O
                         net (fo=1, routed)           1.862    13.250    clk_IBUF
    BUFGCTRL_X0Y0        BUFG (Prop_bufg_I_O)         0.091    13.341 r  clk_IBUF_BUFG_inst/O
                         net (fo=58, routed)          1.449    14.790    uart_tx/clk_IBUF_BUFG
    SLICE_X11Y9          FDRE                                         r  uart_tx/cnt_reg[3]/C
                         clock pessimism              0.298    15.088    
                         clock uncertainty           -0.035    15.053    
    SLICE_X11Y9          FDRE (Setup_fdre_C_R)       -0.429    14.624    uart_tx/cnt_reg[3]
  -------------------------------------------------------------------
                         required time                         14.624    
                         arrival time                          -8.747    
  -------------------------------------------------------------------
                         slack                                  5.877    

Slack (MET) :             5.877ns  (required time - arrival time)
  Source:                 uart_tx/cnt_reg[4]/C
                            (rising edge-triggered cell FDRE clocked by sys_clk_pin  {rise@0.000ns fall@5.000ns period=10.000ns})
  Destination:            uart_tx/cnt_reg[4]/R
                            (rising edge-triggered cell FDRE clocked by sys_clk_pin  {rise@0.000ns fall@5.000ns period=10.000ns})
  Path Group:             sys_clk_pin
  Path Type:              Setup (Max at Slow Process Corner)
  Requirement:            10.000ns  (sys_clk_pin rise@10.000ns - sys_clk_pin rise@0.000ns)
  Data Path Delay:        3.659ns  (logic 0.828ns (22.629%)  route 2.831ns (77.371%))
  Logic Levels:           3  (LUT4=1 LUT6=2)
  Clock Path Skew:        0.000ns (DCD - SCD + CPR)
    Destination Clock Delay (DCD):    4.790ns = ( 14.790 - 10.000 ) 
    Source Clock Delay      (SCD):    5.088ns
    Clock Pessimism Removal (CPR):    0.298ns
  Clock Uncertainty:      0.035ns  ((TSJ^2 + TIJ^2)^1/2 + DJ) / 2 + PE
    Total System Jitter     (TSJ):    0.071ns
    Total Input Jitter      (TIJ):    0.000ns
    Discrete Jitter          (DJ):    0.000ns
    Phase Error              (PE):    0.000ns

    Location             Delay type                Incr(ns)  Path(ns)    Netlist Resource(s)
  -------------------------------------------------------------------    -------------------
                         (clock sys_clk_pin rise edge)
                                                      0.000     0.000 r  
    W5                                                0.000     0.000 r  clk (IN)
                         net (fo=0)                   0.000     0.000    clk
    W5                   IBUF (Prop_ibuf_I_O)         1.458     1.458 r  clk_IBUF_inst/O
                         net (fo=1, routed)           1.967     3.425    clk_IBUF
    BUFGCTRL_X0Y0        BUFG (Prop_bufg_I_O)         0.096     3.521 r  clk_IBUF_BUFG_inst/O
                         net (fo=58, routed)          1.567     5.088    uart_tx/clk_IBUF_BUFG
    SLICE_X11Y9          FDRE                                         r  uart_tx/cnt_reg[4]/C
  -------------------------------------------------------------------    -------------------
    SLICE_X11Y9          FDRE (Prop_fdre_C_Q)         0.456     5.544 f  uart_tx/cnt_reg[4]/Q
                         net (fo=2, routed)           1.061     6.605    uart_tx/cnt_reg_n_0_[4]
    SLICE_X11Y9          LUT6 (Prop_lut6_I1_O)        0.124     6.729 f  uart_tx/FSM_sequential_state[1]_i_3__0/O
                         net (fo=1, routed)           0.643     7.372    uart_tx/FSM_sequential_state[1]_i_3__0_n_0
    SLICE_X11Y11         LUT6 (Prop_lut6_I0_O)        0.124     7.496 f  uart_tx/FSM_sequential_state[1]_i_2__0/O
                         net (fo=5, routed)           0.473     7.969    uart_tx/FSM_sequential_state[1]_i_2__0_n_0
    SLICE_X8Y10          LUT4 (Prop_lut4_I3_O)        0.124     8.093 r  uart_tx/cnt[13]_i_1/O
                         net (fo=13, routed)          0.654     8.747    uart_tx/cnt[13]_i_1_n_0
    SLICE_X11Y9          FDRE                                         r  uart_tx/cnt_reg[4]/R
  -------------------------------------------------------------------    -------------------

                         (clock sys_clk_pin rise edge)
                                                     10.000    10.000 r  
    W5                                                0.000    10.000 r  clk (IN)
                         net (fo=0)                   0.000    10.000    clk
    W5                   IBUF (Prop_ibuf_I_O)         1.388    11.388 r  clk_IBUF_inst/O
                         net (fo=1, routed)           1.862    13.250    clk_IBUF
    BUFGCTRL_X0Y0        BUFG (Prop_bufg_I_O)         0.091    13.341 r  clk_IBUF_BUFG_inst/O
                         net (fo=58, routed)          1.449    14.790    uart_tx/clk_IBUF_BUFG
    SLICE_X11Y9          FDRE                                         r  uart_tx/cnt_reg[4]/C
                         clock pessimism              0.298    15.088    
                         clock uncertainty           -0.035    15.053    
    SLICE_X11Y9          FDRE (Setup_fdre_C_R)       -0.429    14.624    uart_tx/cnt_reg[4]
  -------------------------------------------------------------------
                         required time                         14.624    
                         arrival time                          -8.747    
  -------------------------------------------------------------------
                         slack                                  5.877    

Slack (MET) :             5.877ns  (required time - arrival time)
  Source:                 uart_tx/cnt_reg[4]/C
                            (rising edge-triggered cell FDRE clocked by sys_clk_pin  {rise@0.000ns fall@5.000ns period=10.000ns})
  Destination:            uart_tx/cnt_reg[6]/R
                            (rising edge-triggered cell FDRE clocked by sys_clk_pin  {rise@0.000ns fall@5.000ns period=10.000ns})
  Path Group:             sys_clk_pin
  Path Type:              Setup (Max at Slow Process Corner)
  Requirement:            10.000ns  (sys_clk_pin rise@10.000ns - sys_clk_pin rise@0.000ns)
  Data Path Delay:        3.659ns  (logic 0.828ns (22.629%)  route 2.831ns (77.371%))
  Logic Levels:           3  (LUT4=1 LUT6=2)
  Clock Path Skew:        0.000ns (DCD - SCD + CPR)
    Destination Clock Delay (DCD):    4.790ns = ( 14.790 - 10.000 ) 
    Source Clock Delay      (SCD):    5.088ns
    Clock Pessimism Removal (CPR):    0.298ns
  Clock Uncertainty:      0.035ns  ((TSJ^2 + TIJ^2)^1/2 + DJ) / 2 + PE
    Total System Jitter     (TSJ):    0.071ns
    Total Input Jitter      (TIJ):    0.000ns
    Discrete Jitter          (DJ):    0.000ns
    Phase Error              (PE):    0.000ns

    Location             Delay type                Incr(ns)  Path(ns)    Netlist Resource(s)
  -------------------------------------------------------------------    -------------------
                         (clock sys_clk_pin rise edge)
                                                      0.000     0.000 r  
    W5                                                0.000     0.000 r  clk (IN)
                         net (fo=0)                   0.000     0.000    clk
    W5                   IBUF (Prop_ibuf_I_O)         1.458     1.458 r  clk_IBUF_inst/O
                         net (fo=1, routed)           1.967     3.425    clk_IBUF
    BUFGCTRL_X0Y0        BUFG (Prop_bufg_I_O)         0.096     3.521 r  clk_IBUF_BUFG_inst/O
                         net (fo=58, routed)          1.567     5.088    uart_tx/clk_IBUF_BUFG
    SLICE_X11Y9          FDRE                                         r  uart_tx/cnt_reg[4]/C
  -------------------------------------------------------------------    -------------------
    SLICE_X11Y9          FDRE (Prop_fdre_C_Q)         0.456     5.544 f  uart_tx/cnt_reg[4]/Q
                         net (fo=2, routed)           1.061     6.605    uart_tx/cnt_reg_n_0_[4]
    SLICE_X11Y9          LUT6 (Prop_lut6_I1_O)        0.124     6.729 f  uart_tx/FSM_sequential_state[1]_i_3__0/O
                         net (fo=1, routed)           0.643     7.372    uart_tx/FSM_sequential_state[1]_i_3__0_n_0
    SLICE_X11Y11         LUT6 (Prop_lut6_I0_O)        0.124     7.496 f  uart_tx/FSM_sequential_state[1]_i_2__0/O
                         net (fo=5, routed)           0.473     7.969    uart_tx/FSM_sequential_state[1]_i_2__0_n_0
    SLICE_X8Y10          LUT4 (Prop_lut4_I3_O)        0.124     8.093 r  uart_tx/cnt[13]_i_1/O
                         net (fo=13, routed)          0.654     8.747    uart_tx/cnt[13]_i_1_n_0
    SLICE_X11Y9          FDRE                                         r  uart_tx/cnt_reg[6]/R
  -------------------------------------------------------------------    -------------------

                         (clock sys_clk_pin rise edge)
                                                     10.000    10.000 r  
    W5                                                0.000    10.000 r  clk (IN)
                         net (fo=0)                   0.000    10.000    clk
    W5                   IBUF (Prop_ibuf_I_O)         1.388    11.388 r  clk_IBUF_inst/O
                         net (fo=1, routed)           1.862    13.250    clk_IBUF
    BUFGCTRL_X0Y0        BUFG (Prop_bufg_I_O)         0.091    13.341 r  clk_IBUF_BUFG_inst/O
                         net (fo=58, routed)          1.449    14.790    uart_tx/clk_IBUF_BUFG
    SLICE_X11Y9          FDRE                                         r  uart_tx/cnt_reg[6]/C
                         clock pessimism              0.298    15.088    
                         clock uncertainty           -0.035    15.053    
    SLICE_X11Y9          FDRE (Setup_fdre_C_R)       -0.429    14.624    uart_tx/cnt_reg[6]
  -------------------------------------------------------------------
                         required time                         14.624    
                         arrival time                          -8.747    
  -------------------------------------------------------------------
                         slack                                  5.877    

Slack (MET) :             5.983ns  (required time - arrival time)
  Source:                 uart_tx/cnt_reg[4]/C
                            (rising edge-triggered cell FDRE clocked by sys_clk_pin  {rise@0.000ns fall@5.000ns period=10.000ns})
  Destination:            uart_tx/cnt_reg[11]/R
                            (rising edge-triggered cell FDRE clocked by sys_clk_pin  {rise@0.000ns fall@5.000ns period=10.000ns})
  Path Group:             sys_clk_pin
  Path Type:              Setup (Max at Slow Process Corner)
  Requirement:            10.000ns  (sys_clk_pin rise@10.000ns - sys_clk_pin rise@0.000ns)
  Data Path Delay:        3.528ns  (logic 0.828ns (23.470%)  route 2.700ns (76.530%))
  Logic Levels:           3  (LUT4=1 LUT6=2)
  Clock Path Skew:        -0.025ns (DCD - SCD + CPR)
    Destination Clock Delay (DCD):    4.790ns = ( 14.790 - 10.000 ) 
    Source Clock Delay      (SCD):    5.088ns
    Clock Pessimism Removal (CPR):    0.273ns
  Clock Uncertainty:      0.035ns  ((TSJ^2 + TIJ^2)^1/2 + DJ) / 2 + PE
    Total System Jitter     (TSJ):    0.071ns
    Total Input Jitter      (TIJ):    0.000ns
    Discrete Jitter          (DJ):    0.000ns
    Phase Error              (PE):    0.000ns

    Location             Delay type                Incr(ns)  Path(ns)    Netlist Resource(s)
  -------------------------------------------------------------------    -------------------
                         (clock sys_clk_pin rise edge)
                                                      0.000     0.000 r  
    W5                                                0.000     0.000 r  clk (IN)
                         net (fo=0)                   0.000     0.000    clk
    W5                   IBUF (Prop_ibuf_I_O)         1.458     1.458 r  clk_IBUF_inst/O
                         net (fo=1, routed)           1.967     3.425    clk_IBUF
    BUFGCTRL_X0Y0        BUFG (Prop_bufg_I_O)         0.096     3.521 r  clk_IBUF_BUFG_inst/O
                         net (fo=58, routed)          1.567     5.088    uart_tx/clk_IBUF_BUFG
    SLICE_X11Y9          FDRE                                         r  uart_tx/cnt_reg[4]/C
  -------------------------------------------------------------------    -------------------
    SLICE_X11Y9          FDRE (Prop_fdre_C_Q)         0.456     5.544 f  uart_tx/cnt_reg[4]/Q
                         net (fo=2, routed)           1.061     6.605    uart_tx/cnt_reg_n_0_[4]
    SLICE_X11Y9          LUT6 (Prop_lut6_I1_O)        0.124     6.729 f  uart_tx/FSM_sequential_state[1]_i_3__0/O
                         net (fo=1, routed)           0.643     7.372    uart_tx/FSM_sequential_state[1]_i_3__0_n_0
    SLICE_X11Y11         LUT6 (Prop_lut6_I0_O)        0.124     7.496 f  uart_tx/FSM_sequential_state[1]_i_2__0/O
                         net (fo=5, routed)           0.473     7.969    uart_tx/FSM_sequential_state[1]_i_2__0_n_0
    SLICE_X8Y10          LUT4 (Prop_lut4_I3_O)        0.124     8.093 r  uart_tx/cnt[13]_i_1/O
                         net (fo=13, routed)          0.523     8.616    uart_tx/cnt[13]_i_1_n_0
    SLICE_X11Y10         FDRE                                         r  uart_tx/cnt_reg[11]/R
  -------------------------------------------------------------------    -------------------

                         (clock sys_clk_pin rise edge)
                                                     10.000    10.000 r  
    W5                                                0.000    10.000 r  clk (IN)
                         net (fo=0)                   0.000    10.000    clk
    W5                   IBUF (Prop_ibuf_I_O)         1.388    11.388 r  clk_IBUF_inst/O
                         net (fo=1, routed)           1.862    13.250    clk_IBUF
    BUFGCTRL_X0Y0        BUFG (Prop_bufg_I_O)         0.091    13.341 r  clk_IBUF_BUFG_inst/O
                         net (fo=58, routed)          1.449    14.790    uart_tx/clk_IBUF_BUFG
    SLICE_X11Y10         FDRE                                         r  uart_tx/cnt_reg[11]/C
                         clock pessimism              0.273    15.063    
                         clock uncertainty           -0.035    15.028    
    SLICE_X11Y10         FDRE (Setup_fdre_C_R)       -0.429    14.599    uart_tx/cnt_reg[11]
  -------------------------------------------------------------------
                         required time                         14.599    
                         arrival time                          -8.616    
  -------------------------------------------------------------------
                         slack                                  5.983    





Min Delay Paths
--------------------------------------------------------------------------------------
Slack (MET) :             0.155ns  (arrival time - required time)
  Source:                 uart_tx/bit_index_reg[1]/C
                            (rising edge-triggered cell FDRE clocked by sys_clk_pin  {rise@0.000ns fall@5.000ns period=10.000ns})
  Destination:            uart_tx/bit_index_reg[3]/D
                            (rising edge-triggered cell FDRE clocked by sys_clk_pin  {rise@0.000ns fall@5.000ns period=10.000ns})
  Path Group:             sys_clk_pin
  Path Type:              Hold (Min at Fast Process Corner)
  Requirement:            0.000ns  (sys_clk_pin rise@0.000ns - sys_clk_pin rise@0.000ns)
  Data Path Delay:        0.299ns  (logic 0.189ns (63.138%)  route 0.110ns (36.862%))
  Logic Levels:           1  (LUT5=1)
  Clock Path Skew:        0.013ns (DCD - SCD - CPR)
    Destination Clock Delay (DCD):    1.961ns
    Source Clock Delay      (SCD):    1.447ns
    Clock Pessimism Removal (CPR):    0.501ns

    Location             Delay type                Incr(ns)  Path(ns)    Netlist Resource(s)
  -------------------------------------------------------------------    -------------------
                         (clock sys_clk_pin rise edge)
                                                      0.000     0.000 r  
    W5                                                0.000     0.000 r  clk (IN)
                         net (fo=0)                   0.000     0.000    clk
    W5                   IBUF (Prop_ibuf_I_O)         0.226     0.226 r  clk_IBUF_inst/O
                         net (fo=1, routed)           0.631     0.858    clk_IBUF
    BUFGCTRL_X0Y0        BUFG (Prop_bufg_I_O)         0.026     0.884 r  clk_IBUF_BUFG_inst/O
                         net (fo=58, routed)          0.564     1.447    uart_tx/clk_IBUF_BUFG
    SLICE_X9Y10          FDRE                                         r  uart_tx/bit_index_reg[1]/C
  -------------------------------------------------------------------    -------------------
    SLICE_X9Y10          FDRE (Prop_fdre_C_Q)         0.141     1.588 r  uart_tx/bit_index_reg[1]/Q
                         net (fo=7, routed)           0.110     1.698    uart_tx/bit_index_reg_n_0_[1]
    SLICE_X8Y10          LUT5 (Prop_lut5_I1_O)        0.048     1.746 r  uart_tx/bit_index[3]_i_2/O
                         net (fo=1, routed)           0.000     1.746    uart_tx/bit_index[3]_i_2_n_0
    SLICE_X8Y10          FDRE                                         r  uart_tx/bit_index_reg[3]/D
  -------------------------------------------------------------------    -------------------

                         (clock sys_clk_pin rise edge)
                                                      0.000     0.000 r  
    W5                                                0.000     0.000 r  clk (IN)
                         net (fo=0)                   0.000     0.000    clk
    W5                   IBUF (Prop_ibuf_I_O)         0.414     0.414 r  clk_IBUF_inst/O
                         net (fo=1, routed)           0.685     1.099    clk_IBUF
    BUFGCTRL_X0Y0        BUFG (Prop_bufg_I_O)         0.029     1.128 r  clk_IBUF_BUFG_inst/O
                         net (fo=58, routed)          0.834     1.961    uart_tx/clk_IBUF_BUFG
    SLICE_X8Y10          FDRE                                         r  uart_tx/bit_index_reg[3]/C
                         clock pessimism             -0.501     1.460    
    SLICE_X8Y10          FDRE (Hold_fdre_C_D)         0.131     1.591    uart_tx/bit_index_reg[3]
  -------------------------------------------------------------------
                         required time                         -1.591    
                         arrival time                           1.746    
  -------------------------------------------------------------------
                         slack                                  0.155    

Slack (MET) :             0.163ns  (arrival time - required time)
  Source:                 uart_tx/bit_index_reg[1]/C
                            (rising edge-triggered cell FDRE clocked by sys_clk_pin  {rise@0.000ns fall@5.000ns period=10.000ns})
  Destination:            uart_tx/bit_index_reg[2]/D
                            (rising edge-triggered cell FDRE clocked by sys_clk_pin  {rise@0.000ns fall@5.000ns period=10.000ns})
  Path Group:             sys_clk_pin
  Path Type:              Hold (Min at Fast Process Corner)
  Requirement:            0.000ns  (sys_clk_pin rise@0.000ns - sys_clk_pin rise@0.000ns)
  Data Path Delay:        0.296ns  (logic 0.186ns (62.765%)  route 0.110ns (37.235%))
  Logic Levels:           1  (LUT4=1)
  Clock Path Skew:        0.013ns (DCD - SCD - CPR)
    Destination Clock Delay (DCD):    1.961ns
    Source Clock Delay      (SCD):    1.447ns
    Clock Pessimism Removal (CPR):    0.501ns

    Location             Delay type                Incr(ns)  Path(ns)    Netlist Resource(s)
  -------------------------------------------------------------------    -------------------
                         (clock sys_clk_pin rise edge)
                                                      0.000     0.000 r  
    W5                                                0.000     0.000 r  clk (IN)
                         net (fo=0)                   0.000     0.000    clk
    W5                   IBUF (Prop_ibuf_I_O)         0.226     0.226 r  clk_IBUF_inst/O
                         net (fo=1, routed)           0.631     0.858    clk_IBUF
    BUFGCTRL_X0Y0        BUFG (Prop_bufg_I_O)         0.026     0.884 r  clk_IBUF_BUFG_inst/O
                         net (fo=58, routed)          0.564     1.447    uart_tx/clk_IBUF_BUFG
    SLICE_X9Y10          FDRE                                         r  uart_tx/bit_index_reg[1]/C
  -------------------------------------------------------------------    -------------------
    SLICE_X9Y10          FDRE (Prop_fdre_C_Q)         0.141     1.588 r  uart_tx/bit_index_reg[1]/Q
                         net (fo=7, routed)           0.110     1.698    uart_tx/bit_index_reg_n_0_[1]
    SLICE_X8Y10          LUT4 (Prop_lut4_I2_O)        0.045     1.743 r  uart_tx/bit_index[2]_i_1/O
                         net (fo=1, routed)           0.000     1.743    uart_tx/bit_index[2]_i_1_n_0
    SLICE_X8Y10          FDRE                                         r  uart_tx/bit_index_reg[2]/D
  -------------------------------------------------------------------    -------------------

                         (clock sys_clk_pin rise edge)
                                                      0.000     0.000 r  
    W5                                                0.000     0.000 r  clk (IN)
                         net (fo=0)                   0.000     0.000    clk
    W5                   IBUF (Prop_ibuf_I_O)         0.414     0.414 r  clk_IBUF_inst/O
                         net (fo=1, routed)           0.685     1.099    clk_IBUF
    BUFGCTRL_X0Y0        BUFG (Prop_bufg_I_O)         0.029     1.128 r  clk_IBUF_BUFG_inst/O
                         net (fo=58, routed)          0.834     1.961    uart_tx/clk_IBUF_BUFG
    SLICE_X8Y10          FDRE                                         r  uart_tx/bit_index_reg[2]/C
                         clock pessimism             -0.501     1.460    
    SLICE_X8Y10          FDRE (Hold_fdre_C_D)         0.120     1.580    uart_tx/bit_index_reg[2]
  -------------------------------------------------------------------
                         required time                         -1.580    
                         arrival time                           1.743    
  -------------------------------------------------------------------
                         slack                                  0.163    

Slack (MET) :             0.180ns  (arrival time - required time)
  Source:                 uart_tx/FSM_sequential_state_reg[0]/C
                            (rising edge-triggered cell FDRE clocked by sys_clk_pin  {rise@0.000ns fall@5.000ns period=10.000ns})
  Destination:            uart_tx/ready_reg/D
                            (rising edge-triggered cell FDRE clocked by sys_clk_pin  {rise@0.000ns fall@5.000ns period=10.000ns})
  Path Group:             sys_clk_pin
  Path Type:              Hold (Min at Fast Process Corner)
  Requirement:            0.000ns  (sys_clk_pin rise@0.000ns - sys_clk_pin rise@0.000ns)
  Data Path Delay:        0.324ns  (logic 0.189ns (58.403%)  route 0.135ns (41.597%))
  Logic Levels:           1  (LUT5=1)
  Clock Path Skew:        0.013ns (DCD - SCD - CPR)
    Destination Clock Delay (DCD):    1.961ns
    Source Clock Delay      (SCD):    1.447ns
    Clock Pessimism Removal (CPR):    0.501ns

    Location             Delay type                Incr(ns)  Path(ns)    Netlist Resource(s)
  -------------------------------------------------------------------    -------------------
                         (clock sys_clk_pin rise edge)
                                                      0.000     0.000 r  
    W5                                                0.000     0.000 r  clk (IN)
                         net (fo=0)                   0.000     0.000    clk
    W5                   IBUF (Prop_ibuf_I_O)         0.226     0.226 r  clk_IBUF_inst/O
                         net (fo=1, routed)           0.631     0.858    clk_IBUF
    BUFGCTRL_X0Y0        BUFG (Prop_bufg_I_O)         0.026     0.884 r  clk_IBUF_BUFG_inst/O
                         net (fo=58, routed)          0.564     1.447    uart_tx/clk_IBUF_BUFG
    SLICE_X9Y11          FDRE                                         r  uart_tx/FSM_sequential_state_reg[0]/C
  -------------------------------------------------------------------    -------------------
    SLICE_X9Y11          FDRE (Prop_fdre_C_Q)         0.141     1.588 r  uart_tx/FSM_sequential_state_reg[0]/Q
                         net (fo=22, routed)          0.135     1.723    uart_tx/state__0[0]
    SLICE_X8Y11          LUT5 (Prop_lut5_I1_O)        0.048     1.771 r  uart_tx/ready_i_1__0/O
                         net (fo=1, routed)           0.000     1.771    uart_tx/ready_i_1__0_n_0
    SLICE_X8Y11          FDRE                                         r  uart_tx/ready_reg/D
  -------------------------------------------------------------------    -------------------

                         (clock sys_clk_pin rise edge)
                                                      0.000     0.000 r  
    W5                                                0.000     0.000 r  clk (IN)
                         net (fo=0)                   0.000     0.000    clk
    W5                   IBUF (Prop_ibuf_I_O)         0.414     0.414 r  clk_IBUF_inst/O
                         net (fo=1, routed)           0.685     1.099    clk_IBUF
    BUFGCTRL_X0Y0        BUFG (Prop_bufg_I_O)         0.029     1.128 r  clk_IBUF_BUFG_inst/O
                         net (fo=58, routed)          0.834     1.961    uart_tx/clk_IBUF_BUFG
    SLICE_X8Y11          FDRE                                         r  uart_tx/ready_reg/C
                         clock pessimism             -0.501     1.460    
    SLICE_X8Y11          FDRE (Hold_fdre_C_D)         0.131     1.591    uart_tx/ready_reg
  -------------------------------------------------------------------
                         required time                         -1.591    
                         arrival time                           1.771    
  -------------------------------------------------------------------
                         slack                                  0.180    

Slack (MET) :             0.188ns  (arrival time - required time)
  Source:                 uart_tx/FSM_sequential_state_reg[0]/C
                            (rising edge-triggered cell FDRE clocked by sys_clk_pin  {rise@0.000ns fall@5.000ns period=10.000ns})
  Destination:            uart_tx/FSM_sequential_state_reg[1]/D
                            (rising edge-triggered cell FDRE clocked by sys_clk_pin  {rise@0.000ns fall@5.000ns period=10.000ns})
  Path Group:             sys_clk_pin
  Path Type:              Hold (Min at Fast Process Corner)
  Requirement:            0.000ns  (sys_clk_pin rise@0.000ns - sys_clk_pin rise@0.000ns)
  Data Path Delay:        0.321ns  (logic 0.186ns (58.014%)  route 0.135ns (41.986%))
  Logic Levels:           1  (LUT3=1)
  Clock Path Skew:        0.013ns (DCD - SCD - CPR)
    Destination Clock Delay (DCD):    1.961ns
    Source Clock Delay      (SCD):    1.447ns
    Clock Pessimism Removal (CPR):    0.501ns

    Location             Delay type                Incr(ns)  Path(ns)    Netlist Resource(s)
  -------------------------------------------------------------------    -------------------
                         (clock sys_clk_pin rise edge)
                                                      0.000     0.000 r  
    W5                                                0.000     0.000 r  clk (IN)
                         net (fo=0)                   0.000     0.000    clk
    W5                   IBUF (Prop_ibuf_I_O)         0.226     0.226 r  clk_IBUF_inst/O
                         net (fo=1, routed)           0.631     0.858    clk_IBUF
    BUFGCTRL_X0Y0        BUFG (Prop_bufg_I_O)         0.026     0.884 r  clk_IBUF_BUFG_inst/O
                         net (fo=58, routed)          0.564     1.447    uart_tx/clk_IBUF_BUFG
    SLICE_X9Y11          FDRE                                         r  uart_tx/FSM_sequential_state_reg[0]/C
  -------------------------------------------------------------------    -------------------
    SLICE_X9Y11          FDRE (Prop_fdre_C_Q)         0.141     1.588 r  uart_tx/FSM_sequential_state_reg[0]/Q
                         net (fo=22, routed)          0.135     1.723    uart_tx/state__0[0]
    SLICE_X8Y11          LUT3 (Prop_lut3_I1_O)        0.045     1.768 r  uart_tx/FSM_sequential_state[1]_i_1__0/O
                         net (fo=1, routed)           0.000     1.768    uart_tx/FSM_sequential_state[1]_i_1__0_n_0
    SLICE_X8Y11          FDRE                                         r  uart_tx/FSM_sequential_state_reg[1]/D
  -------------------------------------------------------------------    -------------------

                         (clock sys_clk_pin rise edge)
                                                      0.000     0.000 r  
    W5                                                0.000     0.000 r  clk (IN)
                         net (fo=0)                   0.000     0.000    clk
    W5                   IBUF (Prop_ibuf_I_O)         0.414     0.414 r  clk_IBUF_inst/O
                         net (fo=1, routed)           0.685     1.099    clk_IBUF
    BUFGCTRL_X0Y0        BUFG (Prop_bufg_I_O)         0.029     1.128 r  clk_IBUF_BUFG_inst/O
                         net (fo=58, routed)          0.834     1.961    uart_tx/clk_IBUF_BUFG
    SLICE_X8Y11          FDRE                                         r  uart_tx/FSM_sequential_state_reg[1]/C
                         clock pessimism             -0.501     1.460    
    SLICE_X8Y11          FDRE (Hold_fdre_C_D)         0.120     1.580    uart_tx/FSM_sequential_state_reg[1]
  -------------------------------------------------------------------
                         required time                         -1.580    
                         arrival time                           1.768    
  -------------------------------------------------------------------
                         slack                                  0.188    

Slack (MET) :             0.219ns  (arrival time - required time)
  Source:                 received_reg[3]/C
                            (rising edge-triggered cell FDRE clocked by sys_clk_pin  {rise@0.000ns fall@5.000ns period=10.000ns})
  Destination:            ledreg_reg[7]/D
                            (rising edge-triggered cell FDRE clocked by sys_clk_pin  {rise@0.000ns fall@5.000ns period=10.000ns})
  Path Group:             sys_clk_pin
  Path Type:              Hold (Min at Fast Process Corner)
  Requirement:            0.000ns  (sys_clk_pin rise@0.000ns - sys_clk_pin rise@0.000ns)
  Data Path Delay:        0.327ns  (logic 0.186ns (56.832%)  route 0.141ns (43.168%))
  Logic Levels:           1  (LUT6=1)
  Clock Path Skew:        0.016ns (DCD - SCD - CPR)
    Destination Clock Delay (DCD):    1.992ns
    Source Clock Delay      (SCD):    1.477ns
    Clock Pessimism Removal (CPR):    0.499ns

    Location             Delay type                Incr(ns)  Path(ns)    Netlist Resource(s)
  -------------------------------------------------------------------    -------------------
                         (clock sys_clk_pin rise edge)
                                                      0.000     0.000 r  
    W5                                                0.000     0.000 r  clk (IN)
                         net (fo=0)                   0.000     0.000    clk
    W5                   IBUF (Prop_ibuf_I_O)         0.226     0.226 r  clk_IBUF_inst/O
                         net (fo=1, routed)           0.631     0.858    clk_IBUF
    BUFGCTRL_X0Y0        BUFG (Prop_bufg_I_O)         0.026     0.884 r  clk_IBUF_BUFG_inst/O
                         net (fo=58, routed)          0.594     1.477    clk_IBUF_BUFG
    SLICE_X3Y9           FDRE                                         r  received_reg[3]/C
  -------------------------------------------------------------------    -------------------
    SLICE_X3Y9           FDRE (Prop_fdre_C_Q)         0.141     1.618 r  received_reg[3]/Q
                         net (fo=8, routed)           0.141     1.759    received_reg_n_0_[3]
    SLICE_X0Y9           LUT6 (Prop_lut6_I4_O)        0.045     1.804 r  ledreg[7]_i_1/O
                         net (fo=1, routed)           0.000     1.804    ledreg[7]_i_1_n_0
    SLICE_X0Y9           FDRE                                         r  ledreg_reg[7]/D
  -------------------------------------------------------------------    -------------------

                         (clock sys_clk_pin rise edge)
                                                      0.000     0.000 r  
    W5                                                0.000     0.000 r  clk (IN)
                         net (fo=0)                   0.000     0.000    clk
    W5                   IBUF (Prop_ibuf_I_O)         0.414     0.414 r  clk_IBUF_inst/O
                         net (fo=1, routed)           0.685     1.099    clk_IBUF
    BUFGCTRL_X0Y0        BUFG (Prop_bufg_I_O)         0.029     1.128 r  clk_IBUF_BUFG_inst/O
                         net (fo=58, routed)          0.865     1.992    clk_IBUF_BUFG
    SLICE_X0Y9           FDRE                                         r  ledreg_reg[7]/C
                         clock pessimism             -0.499     1.493    
    SLICE_X0Y9           FDRE (Hold_fdre_C_D)         0.092     1.585    ledreg_reg[7]
  -------------------------------------------------------------------
                         required time                         -1.585    
                         arrival time                           1.804    
  -------------------------------------------------------------------
                         slack                                  0.219    

Slack (MET) :             0.220ns  (arrival time - required time)
  Source:                 received_reg[3]/C
                            (rising edge-triggered cell FDRE clocked by sys_clk_pin  {rise@0.000ns fall@5.000ns period=10.000ns})
  Destination:            ledreg_reg[5]/D
                            (rising edge-triggered cell FDRE clocked by sys_clk_pin  {rise@0.000ns fall@5.000ns period=10.000ns})
  Path Group:             sys_clk_pin
  Path Type:              Hold (Min at Fast Process Corner)
  Requirement:            0.000ns  (sys_clk_pin rise@0.000ns - sys_clk_pin rise@0.000ns)
  Data Path Delay:        0.327ns  (logic 0.186ns (56.806%)  route 0.141ns (43.194%))
  Logic Levels:           1  (LUT6=1)
  Clock Path Skew:        0.016ns (DCD - SCD - CPR)
    Destination Clock Delay (DCD):    1.992ns
    Source Clock Delay      (SCD):    1.477ns
    Clock Pessimism Removal (CPR):    0.499ns

    Location             Delay type                Incr(ns)  Path(ns)    Netlist Resource(s)
  -------------------------------------------------------------------    -------------------
                         (clock sys_clk_pin rise edge)
                                                      0.000     0.000 r  
    W5                                                0.000     0.000 r  clk (IN)
                         net (fo=0)                   0.000     0.000    clk
    W5                   IBUF (Prop_ibuf_I_O)         0.226     0.226 r  clk_IBUF_inst/O
                         net (fo=1, routed)           0.631     0.858    clk_IBUF
    BUFGCTRL_X0Y0        BUFG (Prop_bufg_I_O)         0.026     0.884 r  clk_IBUF_BUFG_inst/O
                         net (fo=58, routed)          0.594     1.477    clk_IBUF_BUFG
    SLICE_X3Y9           FDRE                                         r  received_reg[3]/C
  -------------------------------------------------------------------    -------------------
    SLICE_X3Y9           FDRE (Prop_fdre_C_Q)         0.141     1.618 r  received_reg[3]/Q
                         net (fo=8, routed)           0.141     1.760    received_reg_n_0_[3]
    SLICE_X0Y9           LUT6 (Prop_lut6_I4_O)        0.045     1.805 r  ledreg[5]_i_1/O
                         net (fo=1, routed)           0.000     1.805    ledreg[5]_i_1_n_0
    SLICE_X0Y9           FDRE                                         r  ledreg_reg[5]/D
  -------------------------------------------------------------------    -------------------

                         (clock sys_clk_pin rise edge)
                                                      0.000     0.000 r  
    W5                                                0.000     0.000 r  clk (IN)
                         net (fo=0)                   0.000     0.000    clk
    W5                   IBUF (Prop_ibuf_I_O)         0.414     0.414 r  clk_IBUF_inst/O
                         net (fo=1, routed)           0.685     1.099    clk_IBUF
    BUFGCTRL_X0Y0        BUFG (Prop_bufg_I_O)         0.029     1.128 r  clk_IBUF_BUFG_inst/O
                         net (fo=58, routed)          0.865     1.992    clk_IBUF_BUFG
    SLICE_X0Y9           FDRE                                         r  ledreg_reg[5]/C
                         clock pessimism             -0.499     1.493    
    SLICE_X0Y9           FDRE (Hold_fdre_C_D)         0.091     1.584    ledreg_reg[5]
  -------------------------------------------------------------------
                         required time                         -1.584    
                         arrival time                           1.805    
  -------------------------------------------------------------------
                         slack                                  0.220    

Slack (MET) :             0.245ns  (arrival time - required time)
  Source:                 uart_tx/FSM_sequential_state_reg[1]/C
                            (rising edge-triggered cell FDRE clocked by sys_clk_pin  {rise@0.000ns fall@5.000ns period=10.000ns})
  Destination:            uart_tx/FSM_sequential_state_reg[0]/D
                            (rising edge-triggered cell FDRE clocked by sys_clk_pin  {rise@0.000ns fall@5.000ns period=10.000ns})
  Path Group:             sys_clk_pin
  Path Type:              Hold (Min at Fast Process Corner)
  Requirement:            0.000ns  (sys_clk_pin rise@0.000ns - sys_clk_pin rise@0.000ns)
  Data Path Delay:        0.349ns  (logic 0.209ns (59.964%)  route 0.140ns (40.036%))
  Logic Levels:           1  (LUT5=1)
  Clock Path Skew:        0.013ns (DCD - SCD - CPR)
    Destination Clock Delay (DCD):    1.961ns
    Source Clock Delay      (SCD):    1.447ns
    Clock Pessimism Removal (CPR):    0.501ns

    Location             Delay type                Incr(ns)  Path(ns)    Netlist Resource(s)
  -------------------------------------------------------------------    -------------------
                         (clock sys_clk_pin rise edge)
                                                      0.000     0.000 r  
    W5                                                0.000     0.000 r  clk (IN)
                         net (fo=0)                   0.000     0.000    clk
    W5                   IBUF (Prop_ibuf_I_O)         0.226     0.226 r  clk_IBUF_inst/O
                         net (fo=1, routed)           0.631     0.858    clk_IBUF
    BUFGCTRL_X0Y0        BUFG (Prop_bufg_I_O)         0.026     0.884 r  clk_IBUF_BUFG_inst/O
                         net (fo=58, routed)          0.564     1.447    uart_tx/clk_IBUF_BUFG
    SLICE_X8Y11          FDRE                                         r  uart_tx/FSM_sequential_state_reg[1]/C
  -------------------------------------------------------------------    -------------------
    SLICE_X8Y11          FDRE (Prop_fdre_C_Q)         0.164     1.611 r  uart_tx/FSM_sequential_state_reg[1]/Q
                         net (fo=26, routed)          0.140     1.751    uart_tx/state__0[1]
    SLICE_X9Y11          LUT5 (Prop_lut5_I1_O)        0.045     1.796 r  uart_tx/FSM_sequential_state[0]_i_1__0/O
                         net (fo=1, routed)           0.000     1.796    uart_tx/FSM_sequential_state[0]_i_1__0_n_0
    SLICE_X9Y11          FDRE                                         r  uart_tx/FSM_sequential_state_reg[0]/D
  -------------------------------------------------------------------    -------------------

                         (clock sys_clk_pin rise edge)
                                                      0.000     0.000 r  
    W5                                                0.000     0.000 r  clk (IN)
                         net (fo=0)                   0.000     0.000    clk
    W5                   IBUF (Prop_ibuf_I_O)         0.414     0.414 r  clk_IBUF_inst/O
                         net (fo=1, routed)           0.685     1.099    clk_IBUF
    BUFGCTRL_X0Y0        BUFG (Prop_bufg_I_O)         0.029     1.128 r  clk_IBUF_BUFG_inst/O
                         net (fo=58, routed)          0.834     1.961    uart_tx/clk_IBUF_BUFG
    SLICE_X9Y11          FDRE                                         r  uart_tx/FSM_sequential_state_reg[0]/C
                         clock pessimism             -0.501     1.460    
    SLICE_X9Y11          FDRE (Hold_fdre_C_D)         0.091     1.551    uart_tx/FSM_sequential_state_reg[0]
  -------------------------------------------------------------------
                         required time                         -1.551    
                         arrival time                           1.796    
  -------------------------------------------------------------------
                         slack                                  0.245    

Slack (MET) :             0.245ns  (arrival time - required time)
  Source:                 uart_tx/FSM_sequential_state_reg[1]/C
                            (rising edge-triggered cell FDRE clocked by sys_clk_pin  {rise@0.000ns fall@5.000ns period=10.000ns})
  Destination:            uart_tx/cnt_reg[0]/D
                            (rising edge-triggered cell FDRE clocked by sys_clk_pin  {rise@0.000ns fall@5.000ns period=10.000ns})
  Path Group:             sys_clk_pin
  Path Type:              Hold (Min at Fast Process Corner)
  Requirement:            0.000ns  (sys_clk_pin rise@0.000ns - sys_clk_pin rise@0.000ns)
  Data Path Delay:        0.350ns  (logic 0.209ns (59.792%)  route 0.141ns (40.208%))
  Logic Levels:           1  (LUT4=1)
  Clock Path Skew:        0.013ns (DCD - SCD - CPR)
    Destination Clock Delay (DCD):    1.961ns
    Source Clock Delay      (SCD):    1.447ns
    Clock Pessimism Removal (CPR):    0.501ns

    Location             Delay type                Incr(ns)  Path(ns)    Netlist Resource(s)
  -------------------------------------------------------------------    -------------------
                         (clock sys_clk_pin rise edge)
                                                      0.000     0.000 r  
    W5                                                0.000     0.000 r  clk (IN)
                         net (fo=0)                   0.000     0.000    clk
    W5                   IBUF (Prop_ibuf_I_O)         0.226     0.226 r  clk_IBUF_inst/O
                         net (fo=1, routed)           0.631     0.858    clk_IBUF
    BUFGCTRL_X0Y0        BUFG (Prop_bufg_I_O)         0.026     0.884 r  clk_IBUF_BUFG_inst/O
                         net (fo=58, routed)          0.564     1.447    uart_tx/clk_IBUF_BUFG
    SLICE_X8Y11          FDRE                                         r  uart_tx/FSM_sequential_state_reg[1]/C
  -------------------------------------------------------------------    -------------------
    SLICE_X8Y11          FDRE (Prop_fdre_C_Q)         0.164     1.611 r  uart_tx/FSM_sequential_state_reg[1]/Q
                         net (fo=26, routed)          0.141     1.752    uart_tx/state__0[1]
    SLICE_X9Y11          LUT4 (Prop_lut4_I2_O)        0.045     1.797 r  uart_tx/cnt[0]_i_1/O
                         net (fo=1, routed)           0.000     1.797    uart_tx/cnt[0]_i_1_n_0
    SLICE_X9Y11          FDRE                                         r  uart_tx/cnt_reg[0]/D
  -------------------------------------------------------------------    -------------------

                         (clock sys_clk_pin rise edge)
                                                      0.000     0.000 r  
    W5                                                0.000     0.000 r  clk (IN)
                         net (fo=0)                   0.000     0.000    clk
    W5                   IBUF (Prop_ibuf_I_O)         0.414     0.414 r  clk_IBUF_inst/O
                         net (fo=1, routed)           0.685     1.099    clk_IBUF
    BUFGCTRL_X0Y0        BUFG (Prop_bufg_I_O)         0.029     1.128 r  clk_IBUF_BUFG_inst/O
                         net (fo=58, routed)          0.834     1.961    uart_tx/clk_IBUF_BUFG
    SLICE_X9Y11          FDRE                                         r  uart_tx/cnt_reg[0]/C
                         clock pessimism             -0.501     1.460    
    SLICE_X9Y11          FDRE (Hold_fdre_C_D)         0.092     1.552    uart_tx/cnt_reg[0]
  -------------------------------------------------------------------
                         required time                         -1.552    
                         arrival time                           1.797    
  -------------------------------------------------------------------
                         slack                                  0.245    

Slack (MET) :             0.263ns  (arrival time - required time)
  Source:                 ledreg_reg[1]/C
                            (rising edge-triggered cell FDRE clocked by sys_clk_pin  {rise@0.000ns fall@5.000ns period=10.000ns})
  Destination:            ledreg_reg[1]/D
                            (rising edge-triggered cell FDRE clocked by sys_clk_pin  {rise@0.000ns fall@5.000ns period=10.000ns})
  Path Group:             sys_clk_pin
  Path Type:              Hold (Min at Fast Process Corner)
  Requirement:            0.000ns  (sys_clk_pin rise@0.000ns - sys_clk_pin rise@0.000ns)
  Data Path Delay:        0.354ns  (logic 0.186ns (52.498%)  route 0.168ns (47.502%))
  Logic Levels:           1  (LUT5=1)
  Clock Path Skew:        0.000ns (DCD - SCD - CPR)
    Destination Clock Delay (DCD):    1.991ns
    Source Clock Delay      (SCD):    1.476ns
    Clock Pessimism Removal (CPR):    0.515ns

    Location             Delay type                Incr(ns)  Path(ns)    Netlist Resource(s)
  -------------------------------------------------------------------    -------------------
                         (clock sys_clk_pin rise edge)
                                                      0.000     0.000 r  
    W5                                                0.000     0.000 r  clk (IN)
                         net (fo=0)                   0.000     0.000    clk
    W5                   IBUF (Prop_ibuf_I_O)         0.226     0.226 r  clk_IBUF_inst/O
                         net (fo=1, routed)           0.631     0.858    clk_IBUF
    BUFGCTRL_X0Y0        BUFG (Prop_bufg_I_O)         0.026     0.884 r  clk_IBUF_BUFG_inst/O
                         net (fo=58, routed)          0.593     1.476    clk_IBUF_BUFG
    SLICE_X1Y11          FDRE                                         r  ledreg_reg[1]/C
  -------------------------------------------------------------------    -------------------
    SLICE_X1Y11          FDRE (Prop_fdre_C_Q)         0.141     1.617 r  ledreg_reg[1]/Q
                         net (fo=2, routed)           0.168     1.785    led_OBUF[1]
    SLICE_X1Y11          LUT5 (Prop_lut5_I4_O)        0.045     1.830 r  ledreg[1]_i_1/O
                         net (fo=1, routed)           0.000     1.830    ledreg[1]_i_1_n_0
    SLICE_X1Y11          FDRE                                         r  ledreg_reg[1]/D
  -------------------------------------------------------------------    -------------------

                         (clock sys_clk_pin rise edge)
                                                      0.000     0.000 r  
    W5                                                0.000     0.000 r  clk (IN)
                         net (fo=0)                   0.000     0.000    clk
    W5                   IBUF (Prop_ibuf_I_O)         0.414     0.414 r  clk_IBUF_inst/O
                         net (fo=1, routed)           0.685     1.099    clk_IBUF
    BUFGCTRL_X0Y0        BUFG (Prop_bufg_I_O)         0.029     1.128 r  clk_IBUF_BUFG_inst/O
                         net (fo=58, routed)          0.864     1.991    clk_IBUF_BUFG
    SLICE_X1Y11          FDRE                                         r  ledreg_reg[1]/C
                         clock pessimism             -0.515     1.476    
    SLICE_X1Y11          FDRE (Hold_fdre_C_D)         0.091     1.567    ledreg_reg[1]
  -------------------------------------------------------------------
                         required time                         -1.567    
                         arrival time                           1.830    
  -------------------------------------------------------------------
                         slack                                  0.263    

Slack (MET) :             0.268ns  (arrival time - required time)
  Source:                 ledreg_reg[6]/C
                            (rising edge-triggered cell FDRE clocked by sys_clk_pin  {rise@0.000ns fall@5.000ns period=10.000ns})
  Destination:            ledreg_reg[6]/D
                            (rising edge-triggered cell FDRE clocked by sys_clk_pin  {rise@0.000ns fall@5.000ns period=10.000ns})
  Path Group:             sys_clk_pin
  Path Type:              Hold (Min at Fast Process Corner)
  Requirement:            0.000ns  (sys_clk_pin rise@0.000ns - sys_clk_pin rise@0.000ns)
  Data Path Delay:        0.360ns  (logic 0.186ns (51.619%)  route 0.174ns (48.381%))
  Logic Levels:           1  (LUT6=1)
  Clock Path Skew:        0.000ns (DCD - SCD - CPR)
    Destination Clock Delay (DCD):    1.992ns
    Source Clock Delay      (SCD):    1.477ns
    Clock Pessimism Removal (CPR):    0.515ns

    Location             Delay type                Incr(ns)  Path(ns)    Netlist Resource(s)
  -------------------------------------------------------------------    -------------------
                         (clock sys_clk_pin rise edge)
                                                      0.000     0.000 r  
    W5                                                0.000     0.000 r  clk (IN)
                         net (fo=0)                   0.000     0.000    clk
    W5                   IBUF (Prop_ibuf_I_O)         0.226     0.226 r  clk_IBUF_inst/O
                         net (fo=1, routed)           0.631     0.858    clk_IBUF
    BUFGCTRL_X0Y0        BUFG (Prop_bufg_I_O)         0.026     0.884 r  clk_IBUF_BUFG_inst/O
                         net (fo=58, routed)          0.594     1.477    clk_IBUF_BUFG
    SLICE_X0Y9           FDRE                                         r  ledreg_reg[6]/C
  -------------------------------------------------------------------    -------------------
    SLICE_X0Y9           FDRE (Prop_fdre_C_Q)         0.141     1.618 r  ledreg_reg[6]/Q
                         net (fo=2, routed)           0.174     1.792    led_OBUF[6]
    SLICE_X0Y9           LUT6 (Prop_lut6_I5_O)        0.045     1.837 r  ledreg[6]_i_1/O
                         net (fo=1, routed)           0.000     1.837    ledreg[6]_i_1_n_0
    SLICE_X0Y9           FDRE                                         r  ledreg_reg[6]/D
  -------------------------------------------------------------------    -------------------

                         (clock sys_clk_pin rise edge)
                                                      0.000     0.000 r  
    W5                                                0.000     0.000 r  clk (IN)
                         net (fo=0)                   0.000     0.000    clk
    W5                   IBUF (Prop_ibuf_I_O)         0.414     0.414 r  clk_IBUF_inst/O
                         net (fo=1, routed)           0.685     1.099    clk_IBUF
    BUFGCTRL_X0Y0        BUFG (Prop_bufg_I_O)         0.029     1.128 r  clk_IBUF_BUFG_inst/O
                         net (fo=58, routed)          0.865     1.992    clk_IBUF_BUFG
    SLICE_X0Y9           FDRE                                         r  ledreg_reg[6]/C
                         clock pessimism             -0.515     1.477    
    SLICE_X0Y9           FDRE (Hold_fdre_C_D)         0.092     1.569    ledreg_reg[6]
  -------------------------------------------------------------------
                         required time                         -1.569    
                         arrival time                           1.837    
  -------------------------------------------------------------------
                         slack                                  0.268    





Pulse Width Checks
--------------------------------------------------------------------------------------
Clock Name:         sys_clk_pin
Waveform(ns):       { 0.000 5.000 }
Period(ns):         10.000
Sources:            { clk }

Check Type        Corner  Lib Pin             Reference Pin  Required(ns)  Actual(ns)  Slack(ns)  Location       Pin
Min Period        n/a     RAMB18E1/CLKARDCLK  n/a            2.576         10.000      7.424      RAMB18_X0Y4    received_reg_rep/CLKARDCLK
Min Period        n/a     BUFG/I              n/a            2.155         10.000      7.845      BUFGCTRL_X0Y0  clk_IBUF_BUFG_inst/I
Min Period        n/a     FDRE/C              n/a            1.000         10.000      9.000      SLICE_X6Y9     FSM_sequential_state_reg[0]/C
Min Period        n/a     FDRE/C              n/a            1.000         10.000      9.000      SLICE_X6Y9     FSM_sequential_state_reg[1]/C
Min Period        n/a     FDRE/C              n/a            1.000         10.000      9.000      SLICE_X6Y9     ready_prev_reg/C
Min Period        n/a     FDRE/C              n/a            1.000         10.000      9.000      SLICE_X3Y9     received_reg[0]/C
Min Period        n/a     FDRE/C              n/a            1.000         10.000      9.000      SLICE_X7Y10    received_reg[10]/C
Min Period        n/a     FDRE/C              n/a            1.000         10.000      9.000      SLICE_X7Y10    received_reg[11]/C
Min Period        n/a     FDRE/C              n/a            1.000         10.000      9.000      SLICE_X7Y10    received_reg[12]/C
Min Period        n/a     FDRE/C              n/a            1.000         10.000      9.000      SLICE_X7Y10    received_reg[13]/C
Low Pulse Width   Slow    FDRE/C              n/a            0.500         5.000       4.500      SLICE_X8Y12    uart_send_reg/C
Low Pulse Width   Slow    FDRE/C              n/a            0.500         5.000       4.500      SLICE_X9Y11    uart_tx/FSM_sequential_state_reg[0]/C
Low Pulse Width   Slow    FDRE/C              n/a            0.500         5.000       4.500      SLICE_X8Y11    uart_tx/FSM_sequential_state_reg[1]/C
Low Pulse Width   Slow    FDRE/C              n/a            0.500         5.000       4.500      SLICE_X11Y11   uart_tx/cnt_reg[10]/C
Low Pulse Width   Slow    FDRE/C              n/a            0.500         5.000       4.500      SLICE_X11Y11   uart_tx/cnt_reg[5]/C
Low Pulse Width   Slow    FDRE/C              n/a            0.500         5.000       4.500      SLICE_X11Y11   uart_tx/cnt_reg[8]/C
Low Pulse Width   Slow    FDRE/C              n/a            0.500         5.000       4.500      SLICE_X11Y11   uart_tx/cnt_reg[9]/C
Low Pulse Width   Slow    FDRE/C              n/a            0.500         5.000       4.500      SLICE_X8Y11    uart_tx/ready_reg/C
Low Pulse Width   Slow    FDRE/C              n/a            0.500         5.000       4.500      SLICE_X9Y11    uart_tx/uart_tx_reg/C
Low Pulse Width   Slow    FDRE/C              n/a            0.500         5.000       4.500      SLICE_X9Y11    uart_tx/cnt_reg[0]/C
High Pulse Width  Slow    FDRE/C              n/a            0.500         5.000       4.500      SLICE_X6Y9     FSM_sequential_state_reg[0]/C
High Pulse Width  Slow    FDRE/C              n/a            0.500         5.000       4.500      SLICE_X6Y9     FSM_sequential_state_reg[1]/C
High Pulse Width  Slow    FDRE/C              n/a            0.500         5.000       4.500      SLICE_X6Y9     ready_prev_reg/C
High Pulse Width  Fast    FDRE/C              n/a            0.500         5.000       4.500      SLICE_X3Y9     received_reg[0]/C
High Pulse Width  Slow    FDRE/C              n/a            0.500         5.000       4.500      SLICE_X7Y10    received_reg[10]/C
High Pulse Width  Fast    FDRE/C              n/a            0.500         5.000       4.500      SLICE_X7Y10    received_reg[10]/C
High Pulse Width  Slow    FDRE/C              n/a            0.500         5.000       4.500      SLICE_X7Y10    received_reg[11]/C
High Pulse Width  Fast    FDRE/C              n/a            0.500         5.000       4.500      SLICE_X7Y10    received_reg[11]/C
High Pulse Width  Slow    FDRE/C              n/a            0.500         5.000       4.500      SLICE_X7Y10    received_reg[12]/C
High Pulse Width  Fast    FDRE/C              n/a            0.500         5.000       4.500      SLICE_X7Y10    received_reg[12]/C



