Copyright 1986-2018 Xilinx, Inc. All Rights Reserved.
-----------------------------------------------------------------------------------------
| Tool Version : Vivado v.2018.3 (win64) Build 2405991 Thu Dec  6 23:38:27 MST 2018
| Date         : Thu Mar 26 21:25:20 2026
| Host         : BH610-DRZVK84 running 64-bit major release  (build 9200)
| Command      : report_control_sets -verbose -file pico_btn_top_control_sets_placed.rpt
| Design       : pico_btn_top
| Device       : xc7a35t
-----------------------------------------------------------------------------------------

Control Set Information

Table of Contents
-----------------
1. Summary
2. Histogram
3. Flip-Flop Distribution
4. Detailed Control Set Information

1. Summary
----------

+----------------------------------------------------------+-------+
|                          Status                          | Count |
+----------------------------------------------------------+-------+
| Number of unique control sets                            |    31 |
| Unused register locations in slices containing registers |    70 |
+----------------------------------------------------------+-------+


2. Histogram
------------

+--------+--------------+
| Fanout | Control Sets |
+--------+--------------+
|      1 |            2 |
|      2 |            1 |
|      4 |            4 |
|      6 |            2 |
|      8 |            9 |
|     12 |            1 |
|     13 |            1 |
|    16+ |           11 |
+--------+--------------+


3. Flip-Flop Distribution
-------------------------

+--------------+-----------------------+------------------------+-----------------+--------------+
| Clock Enable | Synchronous Set/Reset | Asynchronous Set/Reset | Total Registers | Total Slices |
+--------------+-----------------------+------------------------+-----------------+--------------+
| No           | No                    | No                     |              60 |           22 |
| No           | No                    | Yes                    |              22 |            7 |
| No           | Yes                   | No                     |              50 |           16 |
| Yes          | No                    | No                     |             150 |           47 |
| Yes          | No                    | Yes                    |              42 |           11 |
| Yes          | Yes                   | No                     |              22 |            6 |
+--------------+-----------------------+------------------------+-----------------+--------------+


4. Detailed Control Set Information
-----------------------------------

+--------------------------------------------------------------+----------------------------------------------------------------+-----------------------------------------------------------------------------------------------+------------------+----------------+
|                         Clock Signal                         |                          Enable Signal                         |                                        Set/Reset Signal                                       | Slice Load Count | Bel Load Count |
+--------------------------------------------------------------+----------------------------------------------------------------+-----------------------------------------------------------------------------------------------+------------------+----------------+
|  program_rom/instantiate_loader.jtag_loader_6_inst/CLK       |                                                                |                                                                                               |                1 |              1 |
|  program_rom/instantiate_loader.jtag_loader_6_inst/shift_clk |                                                                |                                                                                               |                1 |              1 |
|  clk_IBUF_BUFG                                               | processor/flag_enable                                          | processor/internal_reset                                                                      |                1 |              2 |
|  clk_IBUF_BUFG                                               | processor/write_strobe_flop_0[0]                               |                                                                                               |                1 |              4 |
|  clk_IBUF_BUFG                                               | lcd_idx_rep[3]_i_2_n_0                                         | lcd_idx[3]_i_1_n_0                                                                            |                1 |              4 |
|  clk_IBUF_BUFG                                               | lcd_idx_rep[3]_i_2_n_0                                         | lcd_idx_rep[3]_i_1_n_0                                                                        |                1 |              4 |
|  program_rom/instantiate_loader.jtag_loader_6_inst/CLK       |                                                                | program_rom/instantiate_loader.jtag_loader_6_inst/jtag_loader_gen.control_dout_int[7]_i_1_n_0 |                1 |              4 |
|  clk_IBUF_BUFG                                               |                                                                | processor/internal_reset                                                                      |                3 |              6 |
| ~clk_IBUF_BUFG                                               |                                                                |                                                                                               |                1 |              6 |
|  clk_IBUF_BUFG                                               |                                                                | program_rom/instruction[7]                                                                    |                4 |              8 |
|  clk_IBUF_BUFG                                               | processor/en_d[1]                                              |                                                                                               |                3 |              8 |
|  clk_IBUF_BUFG                                               | processor/en_d[3]                                              |                                                                                               |                3 |              8 |
|  clk_IBUF_BUFG                                               | processor/spm_enable                                           |                                                                                               |                2 |              8 |
|  clk_IBUF_BUFG                                               | processor/en_d[0]                                              |                                                                                               |                3 |              8 |
|  clk_IBUF_BUFG                                               | processor/en_d[2]                                              |                                                                                               |                2 |              8 |
|  clk_IBUF_BUFG                                               | processor/E[0]                                                 |                                                                                               |                5 |              8 |
|  clk_IBUF_BUFG                                               | processor/write_strobe_flop_1[0]                               |                                                                                               |                4 |              8 |
|  clk_IBUF_BUFG                                               | lcd_idx_rep[3]_i_2_n_0                                         |                                                                                               |                2 |              8 |
|  clk_IBUF_BUFG                                               | processor/t_state_0                                            | processor/internal_reset                                                                      |                3 |             12 |
|  program_rom/instantiate_loader.jtag_loader_6_inst/shift_clk | program_rom/instantiate_loader.jtag_loader_6_inst/shift        |                                                                                               |                5 |             13 |
|  clk_IBUF_BUFG                                               | processor/p_0_in                                               |                                                                                               |                2 |             16 |
|  clk_IBUF_BUFG                                               | processor/register_enable                                      |                                                                                               |                2 |             16 |
|  clk_IBUF_BUFG                                               | processor/t_state_0                                            |                                                                                               |                2 |             16 |
|  program_rom/instantiate_loader.jtag_loader_6_inst/shift_clk | program_rom/instantiate_loader.jtag_loader_6_inst/jtag_din_int |                                                                                               |                5 |             17 |
|  clk_IBUF_BUFG                                               | lcd_startup[0]_i_1_n_0                                         |                                                                                               |                5 |             20 |
|  clk_IBUF_BUFG                                               | btns_unit/q_next                                               | btnC_IBUF                                                                                     |                5 |             21 |
|  clk_IBUF_BUFG                                               | btnc_unit/q_next_0                                             | btnC_IBUF                                                                                     |                6 |             21 |
|  clk_IBUF_BUFG                                               |                                                                | btnC_IBUF                                                                                     |                7 |             22 |
|  clk_IBUF_BUFG                                               |                                                                | lcd_cnt[0]_i_1_n_0                                                                            |                8 |             32 |
| ~clk_IBUF_BUFG                                               | lcd_unit/data_out[7]_i_1_n_0                                   |                                                                                               |                9 |             40 |
|  clk_IBUF_BUFG                                               |                                                                |                                                                                               |               19 |             52 |
+--------------------------------------------------------------+----------------------------------------------------------------+-----------------------------------------------------------------------------------------------+------------------+----------------+


