Copyright 1986-2018 Xilinx, Inc. All Rights Reserved.
-----------------------------------------------------------------------------------------------------------------------------------------------------------------------------------------------------------------------------------
| Tool Version : Vivado v.2018.3 (win64) Build 2405991 Thu Dec  6 23:38:27 MST 2018
| Date         : Tue Feb 17 16:14:43 2026
| Host         : SFH0760-CSGBX74 running 64-bit major release  (build 9200)
| Command      : report_timing_summary -max_paths 10 -file translator_topmodule_timing_summary_routed.rpt -pb translator_topmodule_timing_summary_routed.pb -rpx translator_topmodule_timing_summary_routed.rpx -warn_on_violation
| Design       : translator_topmodule
| Device       : 7a35t-cpg236
| Speed File   : -1  PRODUCTION 1.23 2018-06-13
-----------------------------------------------------------------------------------------------------------------------------------------------------------------------------------------------------------------------------------

Timing Summary Report

------------------------------------------------------------------------------------------------
| Timer Settings
| --------------
------------------------------------------------------------------------------------------------

  Enable Multi Corner Analysis               :  Yes
  Enable Pessimism Removal                   :  Yes
  Pessimism Removal Resolution               :  Nearest Common Node
  Enable Input Delay Default Clock           :  No
  Enable Preset / Clear Arcs                 :  No
  Disable Flight Delays                      :  No
  Ignore I/O Paths                           :  No
  Timing Early Launch at Borrowing Latches   :  false

  Corner  Analyze    Analyze    
  Name    Max Paths  Min Paths  
  ------  ---------  ---------  
  Slow    Yes        Yes        
  Fast    Yes        Yes        



check_timing report

Table of Contents
-----------------
1. checking no_clock
2. checking constant_clock
3. checking pulse_width_clock
4. checking unconstrained_internal_endpoints
5. checking no_input_delay
6. checking no_output_delay
7. checking multiple_clock
8. checking generated_clocks
9. checking loops
10. checking partial_input_delay
11. checking partial_output_delay
12. checking latch_loops

1. checking no_clock
--------------------
 There are 0 register/latch pins with no clock.


2. checking constant_clock
--------------------------
 There are 0 register/latch pins with constant_clock.


3. checking pulse_width_clock
-----------------------------
 There are 0 register/latch pins which need pulse_width check


4. checking unconstrained_internal_endpoints
--------------------------------------------
 There are 0 pins that are not constrained for maximum delay.

 There are 0 pins that are not constrained for maximum delay due to constant clock.


5. checking no_input_delay
--------------------------
 There are 9 input ports with no input delay specified. (HIGH)

 There are 0 input ports with no input delay but user has a false path constraint.


6. checking no_output_delay
---------------------------
 There are 9 ports with no output delay specified. (HIGH)

 There are 0 ports with no output delay but user has a false path constraint

 There are 0 ports with no output delay but with a timing clock defined on it or propagating through it


7. checking multiple_clock
--------------------------
 There are 0 register/latch pins with multiple clocks.


8. checking generated_clocks
----------------------------
 There are 0 generated clocks that are not connected to a clock source.


9. checking loops
-----------------
 There are 0 combinational loops in the design.


10. checking partial_input_delay
--------------------------------
 There are 0 input ports with partial input delay specified.


11. checking partial_output_delay
---------------------------------
 There are 0 ports with partial output delay specified.


12. checking latch_loops
------------------------
 There are 0 combinational latch loops in the design through latch input



------------------------------------------------------------------------------------------------
| Design Timing Summary
| ---------------------
------------------------------------------------------------------------------------------------

    WNS(ns)      TNS(ns)  TNS Failing Endpoints  TNS Total Endpoints      WHS(ns)      THS(ns)  THS Failing Endpoints  THS Total Endpoints     WPWS(ns)     TPWS(ns)  TPWS Failing Endpoints  TPWS Total Endpoints  
    -------      -------  ---------------------  -------------------      -------      -------  ---------------------  -------------------     --------     --------  ----------------------  --------------------  
      2.833        0.000                      0                  153        0.168        0.000                      0                  153        4.500        0.000                       0                   136  


All user specified timing constraints are met.


------------------------------------------------------------------------------------------------
| Clock Summary
| -------------
------------------------------------------------------------------------------------------------

Clock        Waveform(ns)       Period(ns)      Frequency(MHz)
-----        ------------       ----------      --------------
sys_clk_pin  {0.000 5.000}      10.000          100.000         


------------------------------------------------------------------------------------------------
| Intra Clock Table
| -----------------
------------------------------------------------------------------------------------------------

Clock             WNS(ns)      TNS(ns)  TNS Failing Endpoints  TNS Total Endpoints      WHS(ns)      THS(ns)  THS Failing Endpoints  THS Total Endpoints     WPWS(ns)     TPWS(ns)  TPWS Failing Endpoints  TPWS Total Endpoints  
-----             -------      -------  ---------------------  -------------------      -------      -------  ---------------------  -------------------     --------     --------  ----------------------  --------------------  
sys_clk_pin         2.833        0.000                      0                  153        0.168        0.000                      0                  153        4.500        0.000                       0                   136  


------------------------------------------------------------------------------------------------
| Inter Clock Table
| -----------------
------------------------------------------------------------------------------------------------

From Clock    To Clock          WNS(ns)      TNS(ns)  TNS Failing Endpoints  TNS Total Endpoints      WHS(ns)      THS(ns)  THS Failing Endpoints  THS Total Endpoints  
----------    --------          -------      -------  ---------------------  -------------------      -------      -------  ---------------------  -------------------  


------------------------------------------------------------------------------------------------
| Other Path Groups Table
| -----------------------
------------------------------------------------------------------------------------------------

Path Group    From Clock    To Clock          WNS(ns)      TNS(ns)  TNS Failing Endpoints  TNS Total Endpoints      WHS(ns)      THS(ns)  THS Failing Endpoints  THS Total Endpoints  
----------    ----------    --------          -------      -------  ---------------------  -------------------      -------      -------  ---------------------  -------------------  


------------------------------------------------------------------------------------------------
| Timing Details
| --------------
------------------------------------------------------------------------------------------------


---------------------------------------------------------------------------------------------------
From Clock:  sys_clk_pin
  To Clock:  sys_clk_pin

Setup :            0  Failing Endpoints,  Worst Slack        2.833ns,  Total Violation        0.000ns
Hold  :            0  Failing Endpoints,  Worst Slack        0.168ns,  Total Violation        0.000ns
PW    :            0  Failing Endpoints,  Worst Slack        4.500ns,  Total Violation        0.000ns
---------------------------------------------------------------------------------------------------


Max Delay Paths
--------------------------------------------------------------------------------------
Slack (MET) :             2.833ns  (required time - arrival time)
  Source:                 wr_en_reg/C
                            (rising edge-triggered cell FDRE clocked by sys_clk_pin  {rise@0.000ns fall@5.000ns period=10.000ns})
  Destination:            lcd1/state_reg[0]/D
                            (falling edge-triggered cell FDRE clocked by sys_clk_pin  {rise@0.000ns fall@5.000ns period=10.000ns})
  Path Group:             sys_clk_pin
  Path Type:              Setup (Max at Slow Process Corner)
  Requirement:            5.000ns  (sys_clk_pin fall@5.000ns - sys_clk_pin rise@0.000ns)
  Data Path Delay:        2.196ns  (logic 0.766ns (34.879%)  route 1.430ns (65.121%))
  Logic Levels:           2  (LUT5=2)
  Clock Path Skew:        0.031ns (DCD - SCD + CPR)
    Destination Clock Delay (DCD):    4.861ns = ( 9.861 - 5.000 ) 
    Source Clock Delay      (SCD):    5.090ns
    Clock Pessimism Removal (CPR):    0.260ns
  Clock Uncertainty:      0.035ns  ((TSJ^2 + TIJ^2)^1/2 + DJ) / 2 + PE
    Total System Jitter     (TSJ):    0.071ns
    Total Input Jitter      (TIJ):    0.000ns
    Discrete Jitter          (DJ):    0.000ns
    Phase Error              (PE):    0.000ns

    Location             Delay type                Incr(ns)  Path(ns)    Netlist Resource(s)
  -------------------------------------------------------------------    -------------------
                         (clock sys_clk_pin rise edge)
                                                      0.000     0.000 r  
    W5                                                0.000     0.000 r  clk (IN)
                         net (fo=0)                   0.000     0.000    clk
    W5                   IBUF (Prop_ibuf_I_O)         1.458     1.458 r  clk_IBUF_inst/O
                         net (fo=1, routed)           1.967     3.425    clk_IBUF
    BUFGCTRL_X0Y0        BUFG (Prop_bufg_I_O)         0.096     3.521 r  clk_IBUF_BUFG_inst/O
                         net (fo=135, routed)         1.569     5.090    clk_IBUF_BUFG
    SLICE_X8Y45          FDRE                                         r  wr_en_reg/C
  -------------------------------------------------------------------    -------------------
    SLICE_X8Y45          FDRE (Prop_fdre_C_Q)         0.518     5.608 r  wr_en_reg/Q
                         net (fo=2, routed)           1.027     6.635    lcd1/state_reg[1]_0
    SLICE_X3Y48          LUT5 (Prop_lut5_I0_O)        0.124     6.759 r  lcd1/state[0]_i_2/O
                         net (fo=1, routed)           0.403     7.162    lcd1/state[0]_i_2_n_0
    SLICE_X3Y48          LUT5 (Prop_lut5_I1_O)        0.124     7.286 r  lcd1/state[0]_i_1/O
                         net (fo=1, routed)           0.000     7.286    lcd1/state[0]_i_1_n_0
    SLICE_X3Y48          FDRE                                         r  lcd1/state_reg[0]/D
  -------------------------------------------------------------------    -------------------

                         (clock sys_clk_pin fall edge)
                                                      5.000     5.000 f  
    W5                                                0.000     5.000 f  clk (IN)
                         net (fo=0)                   0.000     5.000    clk
    W5                   IBUF (Prop_ibuf_I_O)         1.388     6.388 f  clk_IBUF_inst/O
                         net (fo=1, routed)           1.862     8.250    clk_IBUF
    BUFGCTRL_X0Y0        BUFG (Prop_bufg_I_O)         0.091     8.341 f  clk_IBUF_BUFG_inst/O
                         net (fo=135, routed)         1.520     9.861    lcd1/clk_IBUF_BUFG
    SLICE_X3Y48          FDRE                                         r  lcd1/state_reg[0]/C  (IS_INVERTED)
                         clock pessimism              0.260    10.121    
                         clock uncertainty           -0.035    10.086    
    SLICE_X3Y48          FDRE (Setup_fdre_C_D)        0.034    10.120    lcd1/state_reg[0]
  -------------------------------------------------------------------
                         required time                         10.120    
                         arrival time                          -7.286    
  -------------------------------------------------------------------
                         slack                                  2.833    

Slack (MET) :             3.363ns  (required time - arrival time)
  Source:                 wr_en_reg/C
                            (rising edge-triggered cell FDRE clocked by sys_clk_pin  {rise@0.000ns fall@5.000ns period=10.000ns})
  Destination:            lcd1/state_reg[1]/D
                            (falling edge-triggered cell FDRE clocked by sys_clk_pin  {rise@0.000ns fall@5.000ns period=10.000ns})
  Path Group:             sys_clk_pin
  Path Type:              Setup (Max at Slow Process Corner)
  Requirement:            5.000ns  (sys_clk_pin fall@5.000ns - sys_clk_pin rise@0.000ns)
  Data Path Delay:        1.667ns  (logic 0.642ns (38.515%)  route 1.025ns (61.485%))
  Logic Levels:           1  (LUT5=1)
  Clock Path Skew:        0.031ns (DCD - SCD + CPR)
    Destination Clock Delay (DCD):    4.861ns = ( 9.861 - 5.000 ) 
    Source Clock Delay      (SCD):    5.090ns
    Clock Pessimism Removal (CPR):    0.260ns
  Clock Uncertainty:      0.035ns  ((TSJ^2 + TIJ^2)^1/2 + DJ) / 2 + PE
    Total System Jitter     (TSJ):    0.071ns
    Total Input Jitter      (TIJ):    0.000ns
    Discrete Jitter          (DJ):    0.000ns
    Phase Error              (PE):    0.000ns

    Location             Delay type                Incr(ns)  Path(ns)    Netlist Resource(s)
  -------------------------------------------------------------------    -------------------
                         (clock sys_clk_pin rise edge)
                                                      0.000     0.000 r  
    W5                                                0.000     0.000 r  clk (IN)
                         net (fo=0)                   0.000     0.000    clk
    W5                   IBUF (Prop_ibuf_I_O)         1.458     1.458 r  clk_IBUF_inst/O
                         net (fo=1, routed)           1.967     3.425    clk_IBUF
    BUFGCTRL_X0Y0        BUFG (Prop_bufg_I_O)         0.096     3.521 r  clk_IBUF_BUFG_inst/O
                         net (fo=135, routed)         1.569     5.090    clk_IBUF_BUFG
    SLICE_X8Y45          FDRE                                         r  wr_en_reg/C
  -------------------------------------------------------------------    -------------------
    SLICE_X8Y45          FDRE (Prop_fdre_C_Q)         0.518     5.608 r  wr_en_reg/Q
                         net (fo=2, routed)           1.025     6.633    lcd1/state_reg[1]_0
    SLICE_X3Y48          LUT5 (Prop_lut5_I3_O)        0.124     6.757 r  lcd1/state[1]_i_1/O
                         net (fo=1, routed)           0.000     6.757    lcd1/state[1]_i_1_n_0
    SLICE_X3Y48          FDRE                                         r  lcd1/state_reg[1]/D
  -------------------------------------------------------------------    -------------------

                         (clock sys_clk_pin fall edge)
                                                      5.000     5.000 f  
    W5                                                0.000     5.000 f  clk (IN)
                         net (fo=0)                   0.000     5.000    clk
    W5                   IBUF (Prop_ibuf_I_O)         1.388     6.388 f  clk_IBUF_inst/O
                         net (fo=1, routed)           1.862     8.250    clk_IBUF
    BUFGCTRL_X0Y0        BUFG (Prop_bufg_I_O)         0.091     8.341 f  clk_IBUF_BUFG_inst/O
                         net (fo=135, routed)         1.520     9.861    lcd1/clk_IBUF_BUFG
    SLICE_X3Y48          FDRE                                         r  lcd1/state_reg[1]/C  (IS_INVERTED)
                         clock pessimism              0.260    10.121    
                         clock uncertainty           -0.035    10.086    
    SLICE_X3Y48          FDRE (Setup_fdre_C_D)        0.034    10.120    lcd1/state_reg[1]
  -------------------------------------------------------------------
                         required time                         10.120    
                         arrival time                          -6.757    
  -------------------------------------------------------------------
                         slack                                  3.363    

Slack (MET) :             3.616ns  (required time - arrival time)
  Source:                 character_reg[0]/C
                            (rising edge-triggered cell FDRE clocked by sys_clk_pin  {rise@0.000ns fall@5.000ns period=10.000ns})
  Destination:            lcd1/data_out_reg[0]/D
                            (falling edge-triggered cell FDRE clocked by sys_clk_pin  {rise@0.000ns fall@5.000ns period=10.000ns})
  Path Group:             sys_clk_pin
  Path Type:              Setup (Max at Slow Process Corner)
  Requirement:            5.000ns  (sys_clk_pin fall@5.000ns - sys_clk_pin rise@0.000ns)
  Data Path Delay:        1.357ns  (logic 0.580ns (42.738%)  route 0.777ns (57.262%))
  Logic Levels:           1  (LUT3=1)
  Clock Path Skew:        -0.024ns (DCD - SCD + CPR)
    Destination Clock Delay (DCD):    4.859ns = ( 9.859 - 5.000 ) 
    Source Clock Delay      (SCD):    5.156ns
    Clock Pessimism Removal (CPR):    0.273ns
  Clock Uncertainty:      0.035ns  ((TSJ^2 + TIJ^2)^1/2 + DJ) / 2 + PE
    Total System Jitter     (TSJ):    0.071ns
    Total Input Jitter      (TIJ):    0.000ns
    Discrete Jitter          (DJ):    0.000ns
    Phase Error              (PE):    0.000ns

    Location             Delay type                Incr(ns)  Path(ns)    Netlist Resource(s)
  -------------------------------------------------------------------    -------------------
                         (clock sys_clk_pin rise edge)
                                                      0.000     0.000 r  
    W5                                                0.000     0.000 r  clk (IN)
                         net (fo=0)                   0.000     0.000    clk
    W5                   IBUF (Prop_ibuf_I_O)         1.458     1.458 r  clk_IBUF_inst/O
                         net (fo=1, routed)           1.967     3.425    clk_IBUF
    BUFGCTRL_X0Y0        BUFG (Prop_bufg_I_O)         0.096     3.521 r  clk_IBUF_BUFG_inst/O
                         net (fo=135, routed)         1.635     5.156    clk_IBUF_BUFG
    SLICE_X4Y44          FDRE                                         r  character_reg[0]/C
  -------------------------------------------------------------------    -------------------
    SLICE_X4Y44          FDRE (Prop_fdre_C_Q)         0.456     5.612 r  character_reg[0]/Q
                         net (fo=1, routed)           0.777     6.389    lcd1/Q[0]
    SLICE_X5Y47          LUT3 (Prop_lut3_I0_O)        0.124     6.513 r  lcd1/data_out[0]_i_1/O
                         net (fo=1, routed)           0.000     6.513    lcd1/p_0_in[0]
    SLICE_X5Y47          FDRE                                         r  lcd1/data_out_reg[0]/D
  -------------------------------------------------------------------    -------------------

                         (clock sys_clk_pin fall edge)
                                                      5.000     5.000 f  
    W5                                                0.000     5.000 f  clk (IN)
                         net (fo=0)                   0.000     5.000    clk
    W5                   IBUF (Prop_ibuf_I_O)         1.388     6.388 f  clk_IBUF_inst/O
                         net (fo=1, routed)           1.862     8.250    clk_IBUF
    BUFGCTRL_X0Y0        BUFG (Prop_bufg_I_O)         0.091     8.341 f  clk_IBUF_BUFG_inst/O
                         net (fo=135, routed)         1.518     9.859    lcd1/clk_IBUF_BUFG
    SLICE_X5Y47          FDRE                                         r  lcd1/data_out_reg[0]/C  (IS_INVERTED)
                         clock pessimism              0.273    10.132    
                         clock uncertainty           -0.035    10.097    
    SLICE_X5Y47          FDRE (Setup_fdre_C_D)        0.032    10.129    lcd1/data_out_reg[0]
  -------------------------------------------------------------------
                         required time                         10.129    
                         arrival time                          -6.513    
  -------------------------------------------------------------------
                         slack                                  3.616    

Slack (MET) :             3.751ns  (required time - arrival time)
  Source:                 character_reg[5]/C
                            (rising edge-triggered cell FDRE clocked by sys_clk_pin  {rise@0.000ns fall@5.000ns period=10.000ns})
  Destination:            lcd1/data_out_reg[5]/D
                            (falling edge-triggered cell FDRE clocked by sys_clk_pin  {rise@0.000ns fall@5.000ns period=10.000ns})
  Path Group:             sys_clk_pin
  Path Type:              Setup (Max at Slow Process Corner)
  Requirement:            5.000ns  (sys_clk_pin fall@5.000ns - sys_clk_pin rise@0.000ns)
  Data Path Delay:        1.268ns  (logic 0.576ns (45.435%)  route 0.692ns (54.564%))
  Logic Levels:           1  (LUT4=1)
  Clock Path Skew:        -0.024ns (DCD - SCD + CPR)
    Destination Clock Delay (DCD):    4.859ns = ( 9.859 - 5.000 ) 
    Source Clock Delay      (SCD):    5.156ns
    Clock Pessimism Removal (CPR):    0.273ns
  Clock Uncertainty:      0.035ns  ((TSJ^2 + TIJ^2)^1/2 + DJ) / 2 + PE
    Total System Jitter     (TSJ):    0.071ns
    Total Input Jitter      (TIJ):    0.000ns
    Discrete Jitter          (DJ):    0.000ns
    Phase Error              (PE):    0.000ns

    Location             Delay type                Incr(ns)  Path(ns)    Netlist Resource(s)
  -------------------------------------------------------------------    -------------------
                         (clock sys_clk_pin rise edge)
                                                      0.000     0.000 r  
    W5                                                0.000     0.000 r  clk (IN)
                         net (fo=0)                   0.000     0.000    clk
    W5                   IBUF (Prop_ibuf_I_O)         1.458     1.458 r  clk_IBUF_inst/O
                         net (fo=1, routed)           1.967     3.425    clk_IBUF
    BUFGCTRL_X0Y0        BUFG (Prop_bufg_I_O)         0.096     3.521 r  clk_IBUF_BUFG_inst/O
                         net (fo=135, routed)         1.635     5.156    clk_IBUF_BUFG
    SLICE_X4Y44          FDRE                                         r  character_reg[5]/C
  -------------------------------------------------------------------    -------------------
    SLICE_X4Y44          FDRE (Prop_fdre_C_Q)         0.456     5.612 r  character_reg[5]/Q
                         net (fo=1, routed)           0.692     6.304    lcd1/Q[5]
    SLICE_X5Y47          LUT4 (Prop_lut4_I0_O)        0.120     6.424 r  lcd1/data_out[5]_i_1/O
                         net (fo=1, routed)           0.000     6.424    lcd1/p_0_in[5]
    SLICE_X5Y47          FDRE                                         r  lcd1/data_out_reg[5]/D
  -------------------------------------------------------------------    -------------------

                         (clock sys_clk_pin fall edge)
                                                      5.000     5.000 f  
    W5                                                0.000     5.000 f  clk (IN)
                         net (fo=0)                   0.000     5.000    clk
    W5                   IBUF (Prop_ibuf_I_O)         1.388     6.388 f  clk_IBUF_inst/O
                         net (fo=1, routed)           1.862     8.250    clk_IBUF
    BUFGCTRL_X0Y0        BUFG (Prop_bufg_I_O)         0.091     8.341 f  clk_IBUF_BUFG_inst/O
                         net (fo=135, routed)         1.518     9.859    lcd1/clk_IBUF_BUFG
    SLICE_X5Y47          FDRE                                         r  lcd1/data_out_reg[5]/C  (IS_INVERTED)
                         clock pessimism              0.273    10.132    
                         clock uncertainty           -0.035    10.097    
    SLICE_X5Y47          FDRE (Setup_fdre_C_D)        0.078    10.175    lcd1/data_out_reg[5]
  -------------------------------------------------------------------
                         required time                         10.175    
                         arrival time                          -6.424    
  -------------------------------------------------------------------
                         slack                                  3.751    

Slack (MET) :             3.754ns  (required time - arrival time)
  Source:                 character_reg[1]/C
                            (rising edge-triggered cell FDRE clocked by sys_clk_pin  {rise@0.000ns fall@5.000ns period=10.000ns})
  Destination:            lcd1/data_out_reg[1]/D
                            (falling edge-triggered cell FDRE clocked by sys_clk_pin  {rise@0.000ns fall@5.000ns period=10.000ns})
  Path Group:             sys_clk_pin
  Path Type:              Setup (Max at Slow Process Corner)
  Requirement:            5.000ns  (sys_clk_pin fall@5.000ns - sys_clk_pin rise@0.000ns)
  Data Path Delay:        1.220ns  (logic 0.580ns (47.534%)  route 0.640ns (52.466%))
  Logic Levels:           1  (LUT3=1)
  Clock Path Skew:        -0.024ns (DCD - SCD + CPR)
    Destination Clock Delay (DCD):    4.859ns = ( 9.859 - 5.000 ) 
    Source Clock Delay      (SCD):    5.156ns
    Clock Pessimism Removal (CPR):    0.273ns
  Clock Uncertainty:      0.035ns  ((TSJ^2 + TIJ^2)^1/2 + DJ) / 2 + PE
    Total System Jitter     (TSJ):    0.071ns
    Total Input Jitter      (TIJ):    0.000ns
    Discrete Jitter          (DJ):    0.000ns
    Phase Error              (PE):    0.000ns

    Location             Delay type                Incr(ns)  Path(ns)    Netlist Resource(s)
  -------------------------------------------------------------------    -------------------
                         (clock sys_clk_pin rise edge)
                                                      0.000     0.000 r  
    W5                                                0.000     0.000 r  clk (IN)
                         net (fo=0)                   0.000     0.000    clk
    W5                   IBUF (Prop_ibuf_I_O)         1.458     1.458 r  clk_IBUF_inst/O
                         net (fo=1, routed)           1.967     3.425    clk_IBUF
    BUFGCTRL_X0Y0        BUFG (Prop_bufg_I_O)         0.096     3.521 r  clk_IBUF_BUFG_inst/O
                         net (fo=135, routed)         1.635     5.156    clk_IBUF_BUFG
    SLICE_X5Y46          FDRE                                         r  character_reg[1]/C
  -------------------------------------------------------------------    -------------------
    SLICE_X5Y46          FDRE (Prop_fdre_C_Q)         0.456     5.612 r  character_reg[1]/Q
                         net (fo=1, routed)           0.640     6.252    lcd1/Q[1]
    SLICE_X5Y47          LUT3 (Prop_lut3_I0_O)        0.124     6.376 r  lcd1/data_out[1]_i_1/O
                         net (fo=1, routed)           0.000     6.376    lcd1/p_0_in[1]
    SLICE_X5Y47          FDRE                                         r  lcd1/data_out_reg[1]/D
  -------------------------------------------------------------------    -------------------

                         (clock sys_clk_pin fall edge)
                                                      5.000     5.000 f  
    W5                                                0.000     5.000 f  clk (IN)
                         net (fo=0)                   0.000     5.000    clk
    W5                   IBUF (Prop_ibuf_I_O)         1.388     6.388 f  clk_IBUF_inst/O
                         net (fo=1, routed)           1.862     8.250    clk_IBUF
    BUFGCTRL_X0Y0        BUFG (Prop_bufg_I_O)         0.091     8.341 f  clk_IBUF_BUFG_inst/O
                         net (fo=135, routed)         1.518     9.859    lcd1/clk_IBUF_BUFG
    SLICE_X5Y47          FDRE                                         r  lcd1/data_out_reg[1]/C  (IS_INVERTED)
                         clock pessimism              0.273    10.132    
                         clock uncertainty           -0.035    10.097    
    SLICE_X5Y47          FDRE (Setup_fdre_C_D)        0.034    10.131    lcd1/data_out_reg[1]
  -------------------------------------------------------------------
                         required time                         10.131    
                         arrival time                          -6.376    
  -------------------------------------------------------------------
                         slack                                  3.754    

Slack (MET) :             3.821ns  (required time - arrival time)
  Source:                 character_reg[3]/C
                            (rising edge-triggered cell FDRE clocked by sys_clk_pin  {rise@0.000ns fall@5.000ns period=10.000ns})
  Destination:            lcd1/data_out_reg[3]/D
                            (falling edge-triggered cell FDRE clocked by sys_clk_pin  {rise@0.000ns fall@5.000ns period=10.000ns})
  Path Group:             sys_clk_pin
  Path Type:              Setup (Max at Slow Process Corner)
  Requirement:            5.000ns  (sys_clk_pin fall@5.000ns - sys_clk_pin rise@0.000ns)
  Data Path Delay:        1.154ns  (logic 0.580ns (50.259%)  route 0.574ns (49.741%))
  Logic Levels:           1  (LUT4=1)
  Clock Path Skew:        -0.024ns (DCD - SCD + CPR)
    Destination Clock Delay (DCD):    4.859ns = ( 9.859 - 5.000 ) 
    Source Clock Delay      (SCD):    5.156ns
    Clock Pessimism Removal (CPR):    0.273ns
  Clock Uncertainty:      0.035ns  ((TSJ^2 + TIJ^2)^1/2 + DJ) / 2 + PE
    Total System Jitter     (TSJ):    0.071ns
    Total Input Jitter      (TIJ):    0.000ns
    Discrete Jitter          (DJ):    0.000ns
    Phase Error              (PE):    0.000ns

    Location             Delay type                Incr(ns)  Path(ns)    Netlist Resource(s)
  -------------------------------------------------------------------    -------------------
                         (clock sys_clk_pin rise edge)
                                                      0.000     0.000 r  
    W5                                                0.000     0.000 r  clk (IN)
                         net (fo=0)                   0.000     0.000    clk
    W5                   IBUF (Prop_ibuf_I_O)         1.458     1.458 r  clk_IBUF_inst/O
                         net (fo=1, routed)           1.967     3.425    clk_IBUF
    BUFGCTRL_X0Y0        BUFG (Prop_bufg_I_O)         0.096     3.521 r  clk_IBUF_BUFG_inst/O
                         net (fo=135, routed)         1.635     5.156    clk_IBUF_BUFG
    SLICE_X4Y46          FDRE                                         r  character_reg[3]/C
  -------------------------------------------------------------------    -------------------
    SLICE_X4Y46          FDRE (Prop_fdre_C_Q)         0.456     5.612 r  character_reg[3]/Q
                         net (fo=1, routed)           0.574     6.186    lcd1/Q[3]
    SLICE_X5Y47          LUT4 (Prop_lut4_I0_O)        0.124     6.310 r  lcd1/data_out[3]_i_1/O
                         net (fo=1, routed)           0.000     6.310    lcd1/p_0_in[3]
    SLICE_X5Y47          FDRE                                         r  lcd1/data_out_reg[3]/D
  -------------------------------------------------------------------    -------------------

                         (clock sys_clk_pin fall edge)
                                                      5.000     5.000 f  
    W5                                                0.000     5.000 f  clk (IN)
                         net (fo=0)                   0.000     5.000    clk
    W5                   IBUF (Prop_ibuf_I_O)         1.388     6.388 f  clk_IBUF_inst/O
                         net (fo=1, routed)           1.862     8.250    clk_IBUF
    BUFGCTRL_X0Y0        BUFG (Prop_bufg_I_O)         0.091     8.341 f  clk_IBUF_BUFG_inst/O
                         net (fo=135, routed)         1.518     9.859    lcd1/clk_IBUF_BUFG
    SLICE_X5Y47          FDRE                                         r  lcd1/data_out_reg[3]/C  (IS_INVERTED)
                         clock pessimism              0.273    10.132    
                         clock uncertainty           -0.035    10.097    
    SLICE_X5Y47          FDRE (Setup_fdre_C_D)        0.034    10.131    lcd1/data_out_reg[3]
  -------------------------------------------------------------------
                         required time                         10.131    
                         arrival time                          -6.310    
  -------------------------------------------------------------------
                         slack                                  3.821    

Slack (MET) :             3.896ns  (required time - arrival time)
  Source:                 character_reg[2]/C
                            (rising edge-triggered cell FDRE clocked by sys_clk_pin  {rise@0.000ns fall@5.000ns period=10.000ns})
  Destination:            lcd1/data_out_reg[2]/D
                            (falling edge-triggered cell FDRE clocked by sys_clk_pin  {rise@0.000ns fall@5.000ns period=10.000ns})
  Path Group:             sys_clk_pin
  Path Type:              Setup (Max at Slow Process Corner)
  Requirement:            5.000ns  (sys_clk_pin fall@5.000ns - sys_clk_pin rise@0.000ns)
  Data Path Delay:        1.123ns  (logic 0.574ns (51.118%)  route 0.549ns (48.882%))
  Logic Levels:           1  (LUT3=1)
  Clock Path Skew:        -0.024ns (DCD - SCD + CPR)
    Destination Clock Delay (DCD):    4.859ns = ( 9.859 - 5.000 ) 
    Source Clock Delay      (SCD):    5.156ns
    Clock Pessimism Removal (CPR):    0.273ns
  Clock Uncertainty:      0.035ns  ((TSJ^2 + TIJ^2)^1/2 + DJ) / 2 + PE
    Total System Jitter     (TSJ):    0.071ns
    Total Input Jitter      (TIJ):    0.000ns
    Discrete Jitter          (DJ):    0.000ns
    Phase Error              (PE):    0.000ns

    Location             Delay type                Incr(ns)  Path(ns)    Netlist Resource(s)
  -------------------------------------------------------------------    -------------------
                         (clock sys_clk_pin rise edge)
                                                      0.000     0.000 r  
    W5                                                0.000     0.000 r  clk (IN)
                         net (fo=0)                   0.000     0.000    clk
    W5                   IBUF (Prop_ibuf_I_O)         1.458     1.458 r  clk_IBUF_inst/O
                         net (fo=1, routed)           1.967     3.425    clk_IBUF
    BUFGCTRL_X0Y0        BUFG (Prop_bufg_I_O)         0.096     3.521 r  clk_IBUF_BUFG_inst/O
                         net (fo=135, routed)         1.635     5.156    clk_IBUF_BUFG
    SLICE_X4Y46          FDRE                                         r  character_reg[2]/C
  -------------------------------------------------------------------    -------------------
    SLICE_X4Y46          FDRE (Prop_fdre_C_Q)         0.456     5.612 r  character_reg[2]/Q
                         net (fo=1, routed)           0.549     6.161    lcd1/Q[2]
    SLICE_X5Y47          LUT3 (Prop_lut3_I0_O)        0.118     6.279 r  lcd1/data_out[2]_i_1/O
                         net (fo=1, routed)           0.000     6.279    lcd1/p_0_in[2]
    SLICE_X5Y47          FDRE                                         r  lcd1/data_out_reg[2]/D
  -------------------------------------------------------------------    -------------------

                         (clock sys_clk_pin fall edge)
                                                      5.000     5.000 f  
    W5                                                0.000     5.000 f  clk (IN)
                         net (fo=0)                   0.000     5.000    clk
    W5                   IBUF (Prop_ibuf_I_O)         1.388     6.388 f  clk_IBUF_inst/O
                         net (fo=1, routed)           1.862     8.250    clk_IBUF
    BUFGCTRL_X0Y0        BUFG (Prop_bufg_I_O)         0.091     8.341 f  clk_IBUF_BUFG_inst/O
                         net (fo=135, routed)         1.518     9.859    lcd1/clk_IBUF_BUFG
    SLICE_X5Y47          FDRE                                         r  lcd1/data_out_reg[2]/C  (IS_INVERTED)
                         clock pessimism              0.273    10.132    
                         clock uncertainty           -0.035    10.097    
    SLICE_X5Y47          FDRE (Setup_fdre_C_D)        0.078    10.175    lcd1/data_out_reg[2]
  -------------------------------------------------------------------
                         required time                         10.175    
                         arrival time                          -6.279    
  -------------------------------------------------------------------
                         slack                                  3.896    

Slack (MET) :             4.038ns  (required time - arrival time)
  Source:                 character_reg[4]/C
                            (rising edge-triggered cell FDRE clocked by sys_clk_pin  {rise@0.000ns fall@5.000ns period=10.000ns})
  Destination:            lcd1/data_out_reg[4]/D
                            (falling edge-triggered cell FDRE clocked by sys_clk_pin  {rise@0.000ns fall@5.000ns period=10.000ns})
  Path Group:             sys_clk_pin
  Path Type:              Setup (Max at Slow Process Corner)
  Requirement:            5.000ns  (sys_clk_pin fall@5.000ns - sys_clk_pin rise@0.000ns)
  Data Path Delay:        0.980ns  (logic 0.575ns (58.663%)  route 0.405ns (41.337%))
  Logic Levels:           1  (LUT4=1)
  Clock Path Skew:        -0.024ns (DCD - SCD + CPR)
    Destination Clock Delay (DCD):    4.859ns = ( 9.859 - 5.000 ) 
    Source Clock Delay      (SCD):    5.156ns
    Clock Pessimism Removal (CPR):    0.273ns
  Clock Uncertainty:      0.035ns  ((TSJ^2 + TIJ^2)^1/2 + DJ) / 2 + PE
    Total System Jitter     (TSJ):    0.071ns
    Total Input Jitter      (TIJ):    0.000ns
    Discrete Jitter          (DJ):    0.000ns
    Phase Error              (PE):    0.000ns

    Location             Delay type                Incr(ns)  Path(ns)    Netlist Resource(s)
  -------------------------------------------------------------------    -------------------
                         (clock sys_clk_pin rise edge)
                                                      0.000     0.000 r  
    W5                                                0.000     0.000 r  clk (IN)
                         net (fo=0)                   0.000     0.000    clk
    W5                   IBUF (Prop_ibuf_I_O)         1.458     1.458 r  clk_IBUF_inst/O
                         net (fo=1, routed)           1.967     3.425    clk_IBUF
    BUFGCTRL_X0Y0        BUFG (Prop_bufg_I_O)         0.096     3.521 r  clk_IBUF_BUFG_inst/O
                         net (fo=135, routed)         1.635     5.156    clk_IBUF_BUFG
    SLICE_X5Y46          FDRE                                         r  character_reg[4]/C
  -------------------------------------------------------------------    -------------------
    SLICE_X5Y46          FDRE (Prop_fdre_C_Q)         0.456     5.612 r  character_reg[4]/Q
                         net (fo=1, routed)           0.405     6.017    lcd1/Q[4]
    SLICE_X5Y47          LUT4 (Prop_lut4_I0_O)        0.119     6.136 r  lcd1/data_out[4]_i_1/O
                         net (fo=1, routed)           0.000     6.136    lcd1/p_0_in[4]
    SLICE_X5Y47          FDRE                                         r  lcd1/data_out_reg[4]/D
  -------------------------------------------------------------------    -------------------

                         (clock sys_clk_pin fall edge)
                                                      5.000     5.000 f  
    W5                                                0.000     5.000 f  clk (IN)
                         net (fo=0)                   0.000     5.000    clk
    W5                   IBUF (Prop_ibuf_I_O)         1.388     6.388 f  clk_IBUF_inst/O
                         net (fo=1, routed)           1.862     8.250    clk_IBUF
    BUFGCTRL_X0Y0        BUFG (Prop_bufg_I_O)         0.091     8.341 f  clk_IBUF_BUFG_inst/O
                         net (fo=135, routed)         1.518     9.859    lcd1/clk_IBUF_BUFG
    SLICE_X5Y47          FDRE                                         r  lcd1/data_out_reg[4]/C  (IS_INVERTED)
                         clock pessimism              0.273    10.132    
                         clock uncertainty           -0.035    10.097    
    SLICE_X5Y47          FDRE (Setup_fdre_C_D)        0.078    10.175    lcd1/data_out_reg[4]
  -------------------------------------------------------------------
                         required time                         10.175    
                         arrival time                          -6.136    
  -------------------------------------------------------------------
                         slack                                  4.038    

Slack (MET) :             4.099ns  (required time - arrival time)
  Source:                 character_reg[6]/C
                            (rising edge-triggered cell FDRE clocked by sys_clk_pin  {rise@0.000ns fall@5.000ns period=10.000ns})
  Destination:            lcd1/data_out_reg[6]/D
                            (falling edge-triggered cell FDRE clocked by sys_clk_pin  {rise@0.000ns fall@5.000ns period=10.000ns})
  Path Group:             sys_clk_pin
  Path Type:              Setup (Max at Slow Process Corner)
  Requirement:            5.000ns  (sys_clk_pin fall@5.000ns - sys_clk_pin rise@0.000ns)
  Data Path Delay:        0.876ns  (logic 0.580ns (66.197%)  route 0.296ns (33.803%))
  Logic Levels:           1  (LUT2=1)
  Clock Path Skew:        -0.024ns (DCD - SCD + CPR)
    Destination Clock Delay (DCD):    4.859ns = ( 9.859 - 5.000 ) 
    Source Clock Delay      (SCD):    5.156ns
    Clock Pessimism Removal (CPR):    0.273ns
  Clock Uncertainty:      0.035ns  ((TSJ^2 + TIJ^2)^1/2 + DJ) / 2 + PE
    Total System Jitter     (TSJ):    0.071ns
    Total Input Jitter      (TIJ):    0.000ns
    Discrete Jitter          (DJ):    0.000ns
    Phase Error              (PE):    0.000ns

    Location             Delay type                Incr(ns)  Path(ns)    Netlist Resource(s)
  -------------------------------------------------------------------    -------------------
                         (clock sys_clk_pin rise edge)
                                                      0.000     0.000 r  
    W5                                                0.000     0.000 r  clk (IN)
                         net (fo=0)                   0.000     0.000    clk
    W5                   IBUF (Prop_ibuf_I_O)         1.458     1.458 r  clk_IBUF_inst/O
                         net (fo=1, routed)           1.967     3.425    clk_IBUF
    BUFGCTRL_X0Y0        BUFG (Prop_bufg_I_O)         0.096     3.521 r  clk_IBUF_BUFG_inst/O
                         net (fo=135, routed)         1.635     5.156    clk_IBUF_BUFG
    SLICE_X5Y46          FDRE                                         r  character_reg[6]/C
  -------------------------------------------------------------------    -------------------
    SLICE_X5Y46          FDRE (Prop_fdre_C_Q)         0.456     5.612 r  character_reg[6]/Q
                         net (fo=1, routed)           0.296     5.908    lcd1/Q[6]
    SLICE_X5Y47          LUT2 (Prop_lut2_I1_O)        0.124     6.032 r  lcd1/data_out[6]_i_2/O
                         net (fo=1, routed)           0.000     6.032    lcd1/p_0_in[6]
    SLICE_X5Y47          FDRE                                         r  lcd1/data_out_reg[6]/D
  -------------------------------------------------------------------    -------------------

                         (clock sys_clk_pin fall edge)
                                                      5.000     5.000 f  
    W5                                                0.000     5.000 f  clk (IN)
                         net (fo=0)                   0.000     5.000    clk
    W5                   IBUF (Prop_ibuf_I_O)         1.388     6.388 f  clk_IBUF_inst/O
                         net (fo=1, routed)           1.862     8.250    clk_IBUF
    BUFGCTRL_X0Y0        BUFG (Prop_bufg_I_O)         0.091     8.341 f  clk_IBUF_BUFG_inst/O
                         net (fo=135, routed)         1.518     9.859    lcd1/clk_IBUF_BUFG
    SLICE_X5Y47          FDRE                                         r  lcd1/data_out_reg[6]/C  (IS_INVERTED)
                         clock pessimism              0.273    10.132    
                         clock uncertainty           -0.035    10.097    
    SLICE_X5Y47          FDRE (Setup_fdre_C_D)        0.035    10.132    lcd1/data_out_reg[6]
  -------------------------------------------------------------------
                         required time                         10.132    
                         arrival time                          -6.032    
  -------------------------------------------------------------------
                         slack                                  4.099    

Slack (MET) :             5.064ns  (required time - arrival time)
  Source:                 lcd1/limit_count_reg[26]/C
                            (falling edge-triggered cell FDRE clocked by sys_clk_pin  {rise@0.000ns fall@5.000ns period=10.000ns})
  Destination:            lcd1/limit_count_reg[29]/D
                            (falling edge-triggered cell FDRE clocked by sys_clk_pin  {rise@0.000ns fall@5.000ns period=10.000ns})
  Path Group:             sys_clk_pin
  Path Type:              Setup (Max at Slow Process Corner)
  Requirement:            10.000ns  (sys_clk_pin fall@15.000ns - sys_clk_pin fall@5.000ns)
  Data Path Delay:        4.941ns  (logic 2.381ns (48.193%)  route 2.560ns (51.807%))
  Logic Levels:           11  (CARRY4=8 LUT2=1 LUT6=2)
  Clock Path Skew:        -0.025ns (DCD - SCD + CPR)
    Destination Clock Delay (DCD):    4.860ns = ( 19.860 - 15.000 ) 
    Source Clock Delay      (SCD):    5.159ns = ( 10.159 - 5.000 ) 
    Clock Pessimism Removal (CPR):    0.274ns
  Clock Uncertainty:      0.035ns  ((TSJ^2 + TIJ^2)^1/2 + DJ) / 2 + PE
    Total System Jitter     (TSJ):    0.071ns
    Total Input Jitter      (TIJ):    0.000ns
    Discrete Jitter          (DJ):    0.000ns
    Phase Error              (PE):    0.000ns

    Location             Delay type                Incr(ns)  Path(ns)    Netlist Resource(s)
  -------------------------------------------------------------------    -------------------
                         (clock sys_clk_pin fall edge)
                                                      5.000     5.000 f  
    W5                                                0.000     5.000 f  clk (IN)
                         net (fo=0)                   0.000     5.000    clk
    W5                   IBUF (Prop_ibuf_I_O)         1.458     6.458 f  clk_IBUF_inst/O
                         net (fo=1, routed)           1.967     8.425    clk_IBUF
    BUFGCTRL_X0Y0        BUFG (Prop_bufg_I_O)         0.096     8.521 f  clk_IBUF_BUFG_inst/O
                         net (fo=135, routed)         1.638    10.159    lcd1/clk_IBUF_BUFG
    SLICE_X0Y45          FDRE                                         r  lcd1/limit_count_reg[26]/C  (IS_INVERTED)
  -------------------------------------------------------------------    -------------------
    SLICE_X0Y45          FDRE (Prop_fdre_C_Q)         0.459    10.618 r  lcd1/limit_count_reg[26]/Q
                         net (fo=2, routed)           0.858    11.477    lcd1/limit_count_reg[26]
    SLICE_X1Y45          LUT6 (Prop_lut6_I2_O)        0.124    11.601 r  lcd1/init_count[3]_i_4/O
                         net (fo=1, routed)           0.800    12.401    lcd1/init_count[3]_i_4_n_0
    SLICE_X1Y43          LUT6 (Prop_lut6_I0_O)        0.124    12.525 f  lcd1/init_count[3]_i_3/O
                         net (fo=38, routed)          0.901    13.426    lcd1/clear__3
    SLICE_X0Y39          LUT2 (Prop_lut2_I1_O)        0.124    13.550 r  lcd1/limit_count[0]_i_7/O
                         net (fo=1, routed)           0.000    13.550    lcd1/limit_count[0]_i_7_n_0
    SLICE_X0Y39          CARRY4 (Prop_carry4_S[0]_CO[3])
                                                      0.532    14.082 r  lcd1/limit_count_reg[0]_i_2/CO[3]
                         net (fo=1, routed)           0.000    14.082    lcd1/limit_count_reg[0]_i_2_n_0
    SLICE_X0Y40          CARRY4 (Prop_carry4_CI_CO[3])
                                                      0.114    14.196 r  lcd1/limit_count_reg[4]_i_1/CO[3]
                         net (fo=1, routed)           0.000    14.196    lcd1/limit_count_reg[4]_i_1_n_0
    SLICE_X0Y41          CARRY4 (Prop_carry4_CI_CO[3])
                                                      0.114    14.310 r  lcd1/limit_count_reg[8]_i_1/CO[3]
                         net (fo=1, routed)           0.000    14.310    lcd1/limit_count_reg[8]_i_1_n_0
    SLICE_X0Y42          CARRY4 (Prop_carry4_CI_CO[3])
                                                      0.114    14.424 r  lcd1/limit_count_reg[12]_i_1/CO[3]
                         net (fo=1, routed)           0.000    14.424    lcd1/limit_count_reg[12]_i_1_n_0
    SLICE_X0Y43          CARRY4 (Prop_carry4_CI_CO[3])
                                                      0.114    14.538 r  lcd1/limit_count_reg[16]_i_1/CO[3]
                         net (fo=1, routed)           0.000    14.538    lcd1/limit_count_reg[16]_i_1_n_0
    SLICE_X0Y44          CARRY4 (Prop_carry4_CI_CO[3])
                                                      0.114    14.652 r  lcd1/limit_count_reg[20]_i_1/CO[3]
                         net (fo=1, routed)           0.000    14.652    lcd1/limit_count_reg[20]_i_1_n_0
    SLICE_X0Y45          CARRY4 (Prop_carry4_CI_CO[3])
                                                      0.114    14.766 r  lcd1/limit_count_reg[24]_i_1/CO[3]
                         net (fo=1, routed)           0.000    14.766    lcd1/limit_count_reg[24]_i_1_n_0
    SLICE_X0Y46          CARRY4 (Prop_carry4_CI_O[1])
                                                      0.334    15.100 r  lcd1/limit_count_reg[28]_i_1/O[1]
                         net (fo=1, routed)           0.000    15.100    lcd1/limit_count_reg[28]_i_1_n_6
    SLICE_X0Y46          FDRE                                         r  lcd1/limit_count_reg[29]/D
  -------------------------------------------------------------------    -------------------

                         (clock sys_clk_pin fall edge)
                                                     15.000    15.000 f  
    W5                                                0.000    15.000 f  clk (IN)
                         net (fo=0)                   0.000    15.000    clk
    W5                   IBUF (Prop_ibuf_I_O)         1.388    16.388 f  clk_IBUF_inst/O
                         net (fo=1, routed)           1.862    18.250    clk_IBUF
    BUFGCTRL_X0Y0        BUFG (Prop_bufg_I_O)         0.091    18.341 f  clk_IBUF_BUFG_inst/O
                         net (fo=135, routed)         1.519    19.860    lcd1/clk_IBUF_BUFG
    SLICE_X0Y46          FDRE                                         r  lcd1/limit_count_reg[29]/C  (IS_INVERTED)
                         clock pessimism              0.274    20.134    
                         clock uncertainty           -0.035    20.099    
    SLICE_X0Y46          FDRE (Setup_fdre_C_D)        0.065    20.164    lcd1/limit_count_reg[29]
  -------------------------------------------------------------------
                         required time                         20.164    
                         arrival time                         -15.100    
  -------------------------------------------------------------------
                         slack                                  5.064    





Min Delay Paths
--------------------------------------------------------------------------------------
Slack (MET) :             0.168ns  (arrival time - required time)
  Source:                 lcd1/state_reg[0]/C
                            (falling edge-triggered cell FDRE clocked by sys_clk_pin  {rise@0.000ns fall@5.000ns period=10.000ns})
  Destination:            lcd1/en_reg/D
                            (falling edge-triggered cell FDSE clocked by sys_clk_pin  {rise@0.000ns fall@5.000ns period=10.000ns})
  Path Group:             sys_clk_pin
  Path Type:              Hold (Min at Fast Process Corner)
  Requirement:            0.000ns  (sys_clk_pin fall@5.000ns - sys_clk_pin fall@5.000ns)
  Data Path Delay:        0.305ns  (logic 0.191ns (62.717%)  route 0.114ns (37.283%))
  Logic Levels:           1  (LUT2=1)
  Clock Path Skew:        0.013ns (DCD - SCD - CPR)
    Destination Clock Delay (DCD):    1.994ns = ( 6.994 - 5.000 ) 
    Source Clock Delay      (SCD):    1.479ns = ( 6.479 - 5.000 ) 
    Clock Pessimism Removal (CPR):    0.502ns

    Location             Delay type                Incr(ns)  Path(ns)    Netlist Resource(s)
  -------------------------------------------------------------------    -------------------
                         (clock sys_clk_pin fall edge)
                                                      5.000     5.000 f  
    W5                                                0.000     5.000 f  clk (IN)
                         net (fo=0)                   0.000     5.000    clk
    W5                   IBUF (Prop_ibuf_I_O)         0.226     5.226 f  clk_IBUF_inst/O
                         net (fo=1, routed)           0.631     5.858    clk_IBUF
    BUFGCTRL_X0Y0        BUFG (Prop_bufg_I_O)         0.026     5.884 f  clk_IBUF_BUFG_inst/O
                         net (fo=135, routed)         0.596     6.479    lcd1/clk_IBUF_BUFG
    SLICE_X3Y48          FDRE                                         r  lcd1/state_reg[0]/C  (IS_INVERTED)
  -------------------------------------------------------------------    -------------------
    SLICE_X3Y48          FDRE (Prop_fdre_C_Q)         0.146     6.625 r  lcd1/state_reg[0]/Q
                         net (fo=9, routed)           0.114     6.739    lcd1/state[0]
    SLICE_X2Y48          LUT2 (Prop_lut2_I0_O)        0.045     6.784 r  lcd1/en_i_1/O
                         net (fo=1, routed)           0.000     6.784    lcd1/en_i_1_n_0
    SLICE_X2Y48          FDSE                                         r  lcd1/en_reg/D
  -------------------------------------------------------------------    -------------------

                         (clock sys_clk_pin fall edge)
                                                      5.000     5.000 f  
    W5                                                0.000     5.000 f  clk (IN)
                         net (fo=0)                   0.000     5.000    clk
    W5                   IBUF (Prop_ibuf_I_O)         0.414     5.414 f  clk_IBUF_inst/O
                         net (fo=1, routed)           0.685     6.099    clk_IBUF
    BUFGCTRL_X0Y0        BUFG (Prop_bufg_I_O)         0.029     6.128 f  clk_IBUF_BUFG_inst/O
                         net (fo=135, routed)         0.867     6.994    lcd1/clk_IBUF_BUFG
    SLICE_X2Y48          FDSE                                         r  lcd1/en_reg/C  (IS_INVERTED)
                         clock pessimism             -0.502     6.492    
    SLICE_X2Y48          FDSE (Hold_fdse_C_D)         0.124     6.616    lcd1/en_reg
  -------------------------------------------------------------------
                         required time                         -6.616    
                         arrival time                           6.784    
  -------------------------------------------------------------------
                         slack                                  0.168    

Slack (MET) :             0.202ns  (arrival time - required time)
  Source:                 index_reg[3]/C
                            (rising edge-triggered cell FDRE clocked by sys_clk_pin  {rise@0.000ns fall@5.000ns period=10.000ns})
  Destination:            character_reg[5]/D
                            (rising edge-triggered cell FDRE clocked by sys_clk_pin  {rise@0.000ns fall@5.000ns period=10.000ns})
  Path Group:             sys_clk_pin
  Path Type:              Hold (Min at Fast Process Corner)
  Requirement:            0.000ns  (sys_clk_pin rise@0.000ns - sys_clk_pin rise@0.000ns)
  Data Path Delay:        0.306ns  (logic 0.186ns (60.751%)  route 0.120ns (39.249%))
  Logic Levels:           1  (LUT6=1)
  Clock Path Skew:        0.013ns (DCD - SCD - CPR)
    Destination Clock Delay (DCD):    1.991ns
    Source Clock Delay      (SCD):    1.476ns
    Clock Pessimism Removal (CPR):    0.502ns

    Location             Delay type                Incr(ns)  Path(ns)    Netlist Resource(s)
  -------------------------------------------------------------------    -------------------
                         (clock sys_clk_pin rise edge)
                                                      0.000     0.000 r  
    W5                                                0.000     0.000 r  clk (IN)
                         net (fo=0)                   0.000     0.000    clk
    W5                   IBUF (Prop_ibuf_I_O)         0.226     0.226 r  clk_IBUF_inst/O
                         net (fo=1, routed)           0.631     0.858    clk_IBUF
    BUFGCTRL_X0Y0        BUFG (Prop_bufg_I_O)         0.026     0.884 r  clk_IBUF_BUFG_inst/O
                         net (fo=135, routed)         0.593     1.476    clk_IBUF_BUFG
    SLICE_X5Y44          FDRE                                         r  index_reg[3]/C
  -------------------------------------------------------------------    -------------------
    SLICE_X5Y44          FDRE (Prop_fdre_C_Q)         0.141     1.617 r  index_reg[3]/Q
                         net (fo=8, routed)           0.120     1.737    index_reg__0[3]
    SLICE_X4Y44          LUT6 (Prop_lut6_I4_O)        0.045     1.782 r  character[5]_i_1/O
                         net (fo=1, routed)           0.000     1.782    character[5]_i_1_n_0
    SLICE_X4Y44          FDRE                                         r  character_reg[5]/D
  -------------------------------------------------------------------    -------------------

                         (clock sys_clk_pin rise edge)
                                                      0.000     0.000 r  
    W5                                                0.000     0.000 r  clk (IN)
                         net (fo=0)                   0.000     0.000    clk
    W5                   IBUF (Prop_ibuf_I_O)         0.414     0.414 r  clk_IBUF_inst/O
                         net (fo=1, routed)           0.685     1.099    clk_IBUF
    BUFGCTRL_X0Y0        BUFG (Prop_bufg_I_O)         0.029     1.128 r  clk_IBUF_BUFG_inst/O
                         net (fo=135, routed)         0.864     1.991    clk_IBUF_BUFG
    SLICE_X4Y44          FDRE                                         r  character_reg[5]/C
                         clock pessimism             -0.502     1.489    
    SLICE_X4Y44          FDRE (Hold_fdre_C_D)         0.091     1.580    character_reg[5]
  -------------------------------------------------------------------
                         required time                         -1.580    
                         arrival time                           1.782    
  -------------------------------------------------------------------
                         slack                                  0.202    

Slack (MET) :             0.242ns  (arrival time - required time)
  Source:                 lcd1/clear_reg[1]/C
                            (falling edge-triggered cell FDRE clocked by sys_clk_pin  {rise@0.000ns fall@5.000ns period=10.000ns})
  Destination:            lcd1/clear_reg[2]/D
                            (falling edge-triggered cell FDRE clocked by sys_clk_pin  {rise@0.000ns fall@5.000ns period=10.000ns})
  Path Group:             sys_clk_pin
  Path Type:              Hold (Min at Fast Process Corner)
  Requirement:            0.000ns  (sys_clk_pin fall@5.000ns - sys_clk_pin fall@5.000ns)
  Data Path Delay:        0.356ns  (logic 0.188ns (52.774%)  route 0.168ns (47.226%))
  Logic Levels:           1  (LUT3=1)
  Clock Path Skew:        0.000ns (DCD - SCD - CPR)
    Destination Clock Delay (DCD):    1.994ns = ( 6.994 - 5.000 ) 
    Source Clock Delay      (SCD):    1.479ns = ( 6.479 - 5.000 ) 
    Clock Pessimism Removal (CPR):    0.515ns

    Location             Delay type                Incr(ns)  Path(ns)    Netlist Resource(s)
  -------------------------------------------------------------------    -------------------
                         (clock sys_clk_pin fall edge)
                                                      5.000     5.000 f  
    W5                                                0.000     5.000 f  clk (IN)
                         net (fo=0)                   0.000     5.000    clk
    W5                   IBUF (Prop_ibuf_I_O)         0.226     5.226 f  clk_IBUF_inst/O
                         net (fo=1, routed)           0.631     5.858    clk_IBUF
    BUFGCTRL_X0Y0        BUFG (Prop_bufg_I_O)         0.026     5.884 f  clk_IBUF_BUFG_inst/O
                         net (fo=135, routed)         0.596     6.479    lcd1/clk_IBUF_BUFG
    SLICE_X1Y48          FDRE                                         r  lcd1/clear_reg[1]/C  (IS_INVERTED)
  -------------------------------------------------------------------    -------------------
    SLICE_X1Y48          FDRE (Prop_fdre_C_Q)         0.146     6.625 r  lcd1/clear_reg[1]/Q
                         net (fo=4, routed)           0.168     6.793    lcd1/clear_reg_n_0_[1]
    SLICE_X1Y48          LUT3 (Prop_lut3_I0_O)        0.042     6.835 r  lcd1/clear[2]_i_1/O
                         net (fo=1, routed)           0.000     6.835    lcd1/clear[2]_i_1_n_0
    SLICE_X1Y48          FDRE                                         r  lcd1/clear_reg[2]/D
  -------------------------------------------------------------------    -------------------

                         (clock sys_clk_pin fall edge)
                                                      5.000     5.000 f  
    W5                                                0.000     5.000 f  clk (IN)
                         net (fo=0)                   0.000     5.000    clk
    W5                   IBUF (Prop_ibuf_I_O)         0.414     5.414 f  clk_IBUF_inst/O
                         net (fo=1, routed)           0.685     6.099    clk_IBUF
    BUFGCTRL_X0Y0        BUFG (Prop_bufg_I_O)         0.029     6.128 f  clk_IBUF_BUFG_inst/O
                         net (fo=135, routed)         0.867     6.994    lcd1/clk_IBUF_BUFG
    SLICE_X1Y48          FDRE                                         r  lcd1/clear_reg[2]/C  (IS_INVERTED)
                         clock pessimism             -0.515     6.479    
    SLICE_X1Y48          FDRE (Hold_fdre_C_D)         0.114     6.593    lcd1/clear_reg[2]
  -------------------------------------------------------------------
                         required time                         -6.593    
                         arrival time                           6.835    
  -------------------------------------------------------------------
                         slack                                  0.242    

Slack (MET) :             0.253ns  (arrival time - required time)
  Source:                 lcd1/init_count_reg[1]/C
                            (falling edge-triggered cell FDRE clocked by sys_clk_pin  {rise@0.000ns fall@5.000ns period=10.000ns})
  Destination:            lcd1/init_count_reg[3]/D
                            (falling edge-triggered cell FDRE clocked by sys_clk_pin  {rise@0.000ns fall@5.000ns period=10.000ns})
  Path Group:             sys_clk_pin
  Path Type:              Hold (Min at Fast Process Corner)
  Requirement:            0.000ns  (sys_clk_pin fall@5.000ns - sys_clk_pin fall@5.000ns)
  Data Path Delay:        0.367ns  (logic 0.188ns (51.178%)  route 0.179ns (48.822%))
  Logic Levels:           1  (LUT4=1)
  Clock Path Skew:        0.000ns (DCD - SCD - CPR)
    Destination Clock Delay (DCD):    1.994ns = ( 6.994 - 5.000 ) 
    Source Clock Delay      (SCD):    1.479ns = ( 6.479 - 5.000 ) 
    Clock Pessimism Removal (CPR):    0.515ns

    Location             Delay type                Incr(ns)  Path(ns)    Netlist Resource(s)
  -------------------------------------------------------------------    -------------------
                         (clock sys_clk_pin fall edge)
                                                      5.000     5.000 f  
    W5                                                0.000     5.000 f  clk (IN)
                         net (fo=0)                   0.000     5.000    clk
    W5                   IBUF (Prop_ibuf_I_O)         0.226     5.226 f  clk_IBUF_inst/O
                         net (fo=1, routed)           0.631     5.858    clk_IBUF
    BUFGCTRL_X0Y0        BUFG (Prop_bufg_I_O)         0.026     5.884 f  clk_IBUF_BUFG_inst/O
                         net (fo=135, routed)         0.596     6.479    lcd1/clk_IBUF_BUFG
    SLICE_X3Y47          FDRE                                         r  lcd1/init_count_reg[1]/C  (IS_INVERTED)
  -------------------------------------------------------------------    -------------------
    SLICE_X3Y47          FDRE (Prop_fdre_C_Q)         0.146     6.625 r  lcd1/init_count_reg[1]/Q
                         net (fo=9, routed)           0.179     6.804    lcd1/init_count[1]
    SLICE_X3Y47          LUT4 (Prop_lut4_I1_O)        0.042     6.846 r  lcd1/init_count[3]_i_2/O
                         net (fo=1, routed)           0.000     6.846    lcd1/init_count[3]_i_2_n_0
    SLICE_X3Y47          FDRE                                         r  lcd1/init_count_reg[3]/D
  -------------------------------------------------------------------    -------------------

                         (clock sys_clk_pin fall edge)
                                                      5.000     5.000 f  
    W5                                                0.000     5.000 f  clk (IN)
                         net (fo=0)                   0.000     5.000    clk
    W5                   IBUF (Prop_ibuf_I_O)         0.414     5.414 f  clk_IBUF_inst/O
                         net (fo=1, routed)           0.685     6.099    clk_IBUF
    BUFGCTRL_X0Y0        BUFG (Prop_bufg_I_O)         0.029     6.128 f  clk_IBUF_BUFG_inst/O
                         net (fo=135, routed)         0.867     6.994    lcd1/clk_IBUF_BUFG
    SLICE_X3Y47          FDRE                                         r  lcd1/init_count_reg[3]/C  (IS_INVERTED)
                         clock pessimism             -0.515     6.479    
    SLICE_X3Y47          FDRE (Hold_fdre_C_D)         0.114     6.593    lcd1/init_count_reg[3]
  -------------------------------------------------------------------
                         required time                         -6.593    
                         arrival time                           6.846    
  -------------------------------------------------------------------
                         slack                                  0.253    

Slack (MET) :             0.261ns  (arrival time - required time)
  Source:                 lcd1/clear_reg[1]/C
                            (falling edge-triggered cell FDRE clocked by sys_clk_pin  {rise@0.000ns fall@5.000ns period=10.000ns})
  Destination:            lcd1/clear_reg[1]/D
                            (falling edge-triggered cell FDRE clocked by sys_clk_pin  {rise@0.000ns fall@5.000ns period=10.000ns})
  Path Group:             sys_clk_pin
  Path Type:              Hold (Min at Fast Process Corner)
  Requirement:            0.000ns  (sys_clk_pin fall@5.000ns - sys_clk_pin fall@5.000ns)
  Data Path Delay:        0.359ns  (logic 0.191ns (53.168%)  route 0.168ns (46.832%))
  Logic Levels:           1  (LUT2=1)
  Clock Path Skew:        0.000ns (DCD - SCD - CPR)
    Destination Clock Delay (DCD):    1.994ns = ( 6.994 - 5.000 ) 
    Source Clock Delay      (SCD):    1.479ns = ( 6.479 - 5.000 ) 
    Clock Pessimism Removal (CPR):    0.515ns

    Location             Delay type                Incr(ns)  Path(ns)    Netlist Resource(s)
  -------------------------------------------------------------------    -------------------
                         (clock sys_clk_pin fall edge)
                                                      5.000     5.000 f  
    W5                                                0.000     5.000 f  clk (IN)
                         net (fo=0)                   0.000     5.000    clk
    W5                   IBUF (Prop_ibuf_I_O)         0.226     5.226 f  clk_IBUF_inst/O
                         net (fo=1, routed)           0.631     5.858    clk_IBUF
    BUFGCTRL_X0Y0        BUFG (Prop_bufg_I_O)         0.026     5.884 f  clk_IBUF_BUFG_inst/O
                         net (fo=135, routed)         0.596     6.479    lcd1/clk_IBUF_BUFG
    SLICE_X1Y48          FDRE                                         r  lcd1/clear_reg[1]/C  (IS_INVERTED)
  -------------------------------------------------------------------    -------------------
    SLICE_X1Y48          FDRE (Prop_fdre_C_Q)         0.146     6.625 r  lcd1/clear_reg[1]/Q
                         net (fo=4, routed)           0.168     6.793    lcd1/clear_reg_n_0_[1]
    SLICE_X1Y48          LUT2 (Prop_lut2_I0_O)        0.045     6.838 r  lcd1/clear[1]_i_1/O
                         net (fo=1, routed)           0.000     6.838    lcd1/clear[1]_i_1_n_0
    SLICE_X1Y48          FDRE                                         r  lcd1/clear_reg[1]/D
  -------------------------------------------------------------------    -------------------

                         (clock sys_clk_pin fall edge)
                                                      5.000     5.000 f  
    W5                                                0.000     5.000 f  clk (IN)
                         net (fo=0)                   0.000     5.000    clk
    W5                   IBUF (Prop_ibuf_I_O)         0.414     5.414 f  clk_IBUF_inst/O
                         net (fo=1, routed)           0.685     6.099    clk_IBUF
    BUFGCTRL_X0Y0        BUFG (Prop_bufg_I_O)         0.029     6.128 f  clk_IBUF_BUFG_inst/O
                         net (fo=135, routed)         0.867     6.994    lcd1/clk_IBUF_BUFG
    SLICE_X1Y48          FDRE                                         r  lcd1/clear_reg[1]/C  (IS_INVERTED)
                         clock pessimism             -0.515     6.479    
    SLICE_X1Y48          FDRE (Hold_fdre_C_D)         0.098     6.577    lcd1/clear_reg[1]
  -------------------------------------------------------------------
                         required time                         -6.577    
                         arrival time                           6.838    
  -------------------------------------------------------------------
                         slack                                  0.261    

Slack (MET) :             0.272ns  (arrival time - required time)
  Source:                 lcd1/init_count_reg[1]/C
                            (falling edge-triggered cell FDRE clocked by sys_clk_pin  {rise@0.000ns fall@5.000ns period=10.000ns})
  Destination:            lcd1/init_count_reg[1]/D
                            (falling edge-triggered cell FDRE clocked by sys_clk_pin  {rise@0.000ns fall@5.000ns period=10.000ns})
  Path Group:             sys_clk_pin
  Path Type:              Hold (Min at Fast Process Corner)
  Requirement:            0.000ns  (sys_clk_pin fall@5.000ns - sys_clk_pin fall@5.000ns)
  Data Path Delay:        0.370ns  (logic 0.191ns (51.574%)  route 0.179ns (48.426%))
  Logic Levels:           1  (LUT2=1)
  Clock Path Skew:        0.000ns (DCD - SCD - CPR)
    Destination Clock Delay (DCD):    1.994ns = ( 6.994 - 5.000 ) 
    Source Clock Delay      (SCD):    1.479ns = ( 6.479 - 5.000 ) 
    Clock Pessimism Removal (CPR):    0.515ns

    Location             Delay type                Incr(ns)  Path(ns)    Netlist Resource(s)
  -------------------------------------------------------------------    -------------------
                         (clock sys_clk_pin fall edge)
                                                      5.000     5.000 f  
    W5                                                0.000     5.000 f  clk (IN)
                         net (fo=0)                   0.000     5.000    clk
    W5                   IBUF (Prop_ibuf_I_O)         0.226     5.226 f  clk_IBUF_inst/O
                         net (fo=1, routed)           0.631     5.858    clk_IBUF
    BUFGCTRL_X0Y0        BUFG (Prop_bufg_I_O)         0.026     5.884 f  clk_IBUF_BUFG_inst/O
                         net (fo=135, routed)         0.596     6.479    lcd1/clk_IBUF_BUFG
    SLICE_X3Y47          FDRE                                         r  lcd1/init_count_reg[1]/C  (IS_INVERTED)
  -------------------------------------------------------------------    -------------------
    SLICE_X3Y47          FDRE (Prop_fdre_C_Q)         0.146     6.625 r  lcd1/init_count_reg[1]/Q
                         net (fo=9, routed)           0.179     6.804    lcd1/init_count[1]
    SLICE_X3Y47          LUT2 (Prop_lut2_I1_O)        0.045     6.849 r  lcd1/init_count[1]_i_1/O
                         net (fo=1, routed)           0.000     6.849    lcd1/init_count[1]_i_1_n_0
    SLICE_X3Y47          FDRE                                         r  lcd1/init_count_reg[1]/D
  -------------------------------------------------------------------    -------------------

                         (clock sys_clk_pin fall edge)
                                                      5.000     5.000 f  
    W5                                                0.000     5.000 f  clk (IN)
                         net (fo=0)                   0.000     5.000    clk
    W5                   IBUF (Prop_ibuf_I_O)         0.414     5.414 f  clk_IBUF_inst/O
                         net (fo=1, routed)           0.685     6.099    clk_IBUF
    BUFGCTRL_X0Y0        BUFG (Prop_bufg_I_O)         0.029     6.128 f  clk_IBUF_BUFG_inst/O
                         net (fo=135, routed)         0.867     6.994    lcd1/clk_IBUF_BUFG
    SLICE_X3Y47          FDRE                                         r  lcd1/init_count_reg[1]/C  (IS_INVERTED)
                         clock pessimism             -0.515     6.479    
    SLICE_X3Y47          FDRE (Hold_fdre_C_D)         0.098     6.577    lcd1/init_count_reg[1]
  -------------------------------------------------------------------
                         required time                         -6.577    
                         arrival time                           6.849    
  -------------------------------------------------------------------
                         slack                                  0.272    

Slack (MET) :             0.273ns  (arrival time - required time)
  Source:                 lcd1/init_count_reg[1]/C
                            (falling edge-triggered cell FDRE clocked by sys_clk_pin  {rise@0.000ns fall@5.000ns period=10.000ns})
  Destination:            lcd1/init_count_reg[2]/D
                            (falling edge-triggered cell FDRE clocked by sys_clk_pin  {rise@0.000ns fall@5.000ns period=10.000ns})
  Path Group:             sys_clk_pin
  Path Type:              Hold (Min at Fast Process Corner)
  Requirement:            0.000ns  (sys_clk_pin fall@5.000ns - sys_clk_pin fall@5.000ns)
  Data Path Delay:        0.372ns  (logic 0.191ns (51.297%)  route 0.181ns (48.703%))
  Logic Levels:           1  (LUT4=1)
  Clock Path Skew:        0.000ns (DCD - SCD - CPR)
    Destination Clock Delay (DCD):    1.994ns = ( 6.994 - 5.000 ) 
    Source Clock Delay      (SCD):    1.479ns = ( 6.479 - 5.000 ) 
    Clock Pessimism Removal (CPR):    0.515ns

    Location             Delay type                Incr(ns)  Path(ns)    Netlist Resource(s)
  -------------------------------------------------------------------    -------------------
                         (clock sys_clk_pin fall edge)
                                                      5.000     5.000 f  
    W5                                                0.000     5.000 f  clk (IN)
                         net (fo=0)                   0.000     5.000    clk
    W5                   IBUF (Prop_ibuf_I_O)         0.226     5.226 f  clk_IBUF_inst/O
                         net (fo=1, routed)           0.631     5.858    clk_IBUF
    BUFGCTRL_X0Y0        BUFG (Prop_bufg_I_O)         0.026     5.884 f  clk_IBUF_BUFG_inst/O
                         net (fo=135, routed)         0.596     6.479    lcd1/clk_IBUF_BUFG
    SLICE_X3Y47          FDRE                                         r  lcd1/init_count_reg[1]/C  (IS_INVERTED)
  -------------------------------------------------------------------    -------------------
    SLICE_X3Y47          FDRE (Prop_fdre_C_Q)         0.146     6.625 r  lcd1/init_count_reg[1]/Q
                         net (fo=9, routed)           0.181     6.806    lcd1/init_count[1]
    SLICE_X3Y47          LUT4 (Prop_lut4_I1_O)        0.045     6.851 r  lcd1/init_count[2]_i_1/O
                         net (fo=1, routed)           0.000     6.851    lcd1/init_count[2]_i_1_n_0
    SLICE_X3Y47          FDRE                                         r  lcd1/init_count_reg[2]/D
  -------------------------------------------------------------------    -------------------

                         (clock sys_clk_pin fall edge)
                                                      5.000     5.000 f  
    W5                                                0.000     5.000 f  clk (IN)
                         net (fo=0)                   0.000     5.000    clk
    W5                   IBUF (Prop_ibuf_I_O)         0.414     5.414 f  clk_IBUF_inst/O
                         net (fo=1, routed)           0.685     6.099    clk_IBUF
    BUFGCTRL_X0Y0        BUFG (Prop_bufg_I_O)         0.029     6.128 f  clk_IBUF_BUFG_inst/O
                         net (fo=135, routed)         0.867     6.994    lcd1/clk_IBUF_BUFG
    SLICE_X3Y47          FDRE                                         r  lcd1/init_count_reg[2]/C  (IS_INVERTED)
                         clock pessimism             -0.515     6.479    
    SLICE_X3Y47          FDRE (Hold_fdre_C_D)         0.099     6.578    lcd1/init_count_reg[2]
  -------------------------------------------------------------------
                         required time                         -6.578    
                         arrival time                           6.851    
  -------------------------------------------------------------------
                         slack                                  0.273    

Slack (MET) :             0.274ns  (arrival time - required time)
  Source:                 index_reg[3]/C
                            (rising edge-triggered cell FDRE clocked by sys_clk_pin  {rise@0.000ns fall@5.000ns period=10.000ns})
  Destination:            index_reg[3]/D
                            (rising edge-triggered cell FDRE clocked by sys_clk_pin  {rise@0.000ns fall@5.000ns period=10.000ns})
  Path Group:             sys_clk_pin
  Path Type:              Hold (Min at Fast Process Corner)
  Requirement:            0.000ns  (sys_clk_pin rise@0.000ns - sys_clk_pin rise@0.000ns)
  Data Path Delay:        0.365ns  (logic 0.186ns (50.902%)  route 0.179ns (49.098%))
  Logic Levels:           1  (LUT4=1)
  Clock Path Skew:        0.000ns (DCD - SCD - CPR)
    Destination Clock Delay (DCD):    1.991ns
    Source Clock Delay      (SCD):    1.476ns
    Clock Pessimism Removal (CPR):    0.515ns

    Location             Delay type                Incr(ns)  Path(ns)    Netlist Resource(s)
  -------------------------------------------------------------------    -------------------
                         (clock sys_clk_pin rise edge)
                                                      0.000     0.000 r  
    W5                                                0.000     0.000 r  clk (IN)
                         net (fo=0)                   0.000     0.000    clk
    W5                   IBUF (Prop_ibuf_I_O)         0.226     0.226 r  clk_IBUF_inst/O
                         net (fo=1, routed)           0.631     0.858    clk_IBUF
    BUFGCTRL_X0Y0        BUFG (Prop_bufg_I_O)         0.026     0.884 r  clk_IBUF_BUFG_inst/O
                         net (fo=135, routed)         0.593     1.476    clk_IBUF_BUFG
    SLICE_X5Y44          FDRE                                         r  index_reg[3]/C
  -------------------------------------------------------------------    -------------------
    SLICE_X5Y44          FDRE (Prop_fdre_C_Q)         0.141     1.617 r  index_reg[3]/Q
                         net (fo=8, routed)           0.179     1.797    index_reg__0[3]
    SLICE_X5Y44          LUT4 (Prop_lut4_I3_O)        0.045     1.842 r  index[3]_i_1/O
                         net (fo=1, routed)           0.000     1.842    p_0_in__0[3]
    SLICE_X5Y44          FDRE                                         r  index_reg[3]/D
  -------------------------------------------------------------------    -------------------

                         (clock sys_clk_pin rise edge)
                                                      0.000     0.000 r  
    W5                                                0.000     0.000 r  clk (IN)
                         net (fo=0)                   0.000     0.000    clk
    W5                   IBUF (Prop_ibuf_I_O)         0.414     0.414 r  clk_IBUF_inst/O
                         net (fo=1, routed)           0.685     1.099    clk_IBUF
    BUFGCTRL_X0Y0        BUFG (Prop_bufg_I_O)         0.029     1.128 r  clk_IBUF_BUFG_inst/O
                         net (fo=135, routed)         0.864     1.991    clk_IBUF_BUFG
    SLICE_X5Y44          FDRE                                         r  index_reg[3]/C
                         clock pessimism             -0.515     1.476    
    SLICE_X5Y44          FDRE (Hold_fdre_C_D)         0.091     1.567    index_reg[3]
  -------------------------------------------------------------------
                         required time                         -1.567    
                         arrival time                           1.842    
  -------------------------------------------------------------------
                         slack                                  0.274    

Slack (MET) :             0.275ns  (arrival time - required time)
  Source:                 lcd1/init_count_reg[0]/C
                            (falling edge-triggered cell FDRE clocked by sys_clk_pin  {rise@0.000ns fall@5.000ns period=10.000ns})
  Destination:            lcd1/data_out_reg[4]/D
                            (falling edge-triggered cell FDRE clocked by sys_clk_pin  {rise@0.000ns fall@5.000ns period=10.000ns})
  Path Group:             sys_clk_pin
  Path Type:              Hold (Min at Fast Process Corner)
  Requirement:            0.000ns  (sys_clk_pin fall@5.000ns - sys_clk_pin fall@5.000ns)
  Data Path Delay:        0.424ns  (logic 0.191ns (45.026%)  route 0.233ns (54.974%))
  Logic Levels:           1  (LUT4=1)
  Clock Path Skew:        0.035ns (DCD - SCD - CPR)
    Destination Clock Delay (DCD):    1.992ns = ( 6.992 - 5.000 ) 
    Source Clock Delay      (SCD):    1.479ns = ( 6.479 - 5.000 ) 
    Clock Pessimism Removal (CPR):    0.478ns

    Location             Delay type                Incr(ns)  Path(ns)    Netlist Resource(s)
  -------------------------------------------------------------------    -------------------
                         (clock sys_clk_pin fall edge)
                                                      5.000     5.000 f  
    W5                                                0.000     5.000 f  clk (IN)
                         net (fo=0)                   0.000     5.000    clk
    W5                   IBUF (Prop_ibuf_I_O)         0.226     5.226 f  clk_IBUF_inst/O
                         net (fo=1, routed)           0.631     5.858    clk_IBUF
    BUFGCTRL_X0Y0        BUFG (Prop_bufg_I_O)         0.026     5.884 f  clk_IBUF_BUFG_inst/O
                         net (fo=135, routed)         0.596     6.479    lcd1/clk_IBUF_BUFG
    SLICE_X3Y47          FDRE                                         r  lcd1/init_count_reg[0]/C  (IS_INVERTED)
  -------------------------------------------------------------------    -------------------
    SLICE_X3Y47          FDRE (Prop_fdre_C_Q)         0.146     6.625 f  lcd1/init_count_reg[0]/Q
                         net (fo=9, routed)           0.233     6.858    lcd1/init_count[0]
    SLICE_X5Y47          LUT4 (Prop_lut4_I3_O)        0.045     6.903 r  lcd1/data_out[4]_i_1/O
                         net (fo=1, routed)           0.000     6.903    lcd1/p_0_in[4]
    SLICE_X5Y47          FDRE                                         r  lcd1/data_out_reg[4]/D
  -------------------------------------------------------------------    -------------------

                         (clock sys_clk_pin fall edge)
                                                      5.000     5.000 f  
    W5                                                0.000     5.000 f  clk (IN)
                         net (fo=0)                   0.000     5.000    clk
    W5                   IBUF (Prop_ibuf_I_O)         0.414     5.414 f  clk_IBUF_inst/O
                         net (fo=1, routed)           0.685     6.099    clk_IBUF
    BUFGCTRL_X0Y0        BUFG (Prop_bufg_I_O)         0.029     6.128 f  clk_IBUF_BUFG_inst/O
                         net (fo=135, routed)         0.865     6.992    lcd1/clk_IBUF_BUFG
    SLICE_X5Y47          FDRE                                         r  lcd1/data_out_reg[4]/C  (IS_INVERTED)
                         clock pessimism             -0.478     6.514    
    SLICE_X5Y47          FDRE (Hold_fdre_C_D)         0.114     6.628    lcd1/data_out_reg[4]
  -------------------------------------------------------------------
                         required time                         -6.628    
                         arrival time                           6.903    
  -------------------------------------------------------------------
                         slack                                  0.275    

Slack (MET) :             0.275ns  (arrival time - required time)
  Source:                 counter_reg[0]/C
                            (rising edge-triggered cell FDRE clocked by sys_clk_pin  {rise@0.000ns fall@5.000ns period=10.000ns})
  Destination:            counter_reg[0]/D
                            (rising edge-triggered cell FDRE clocked by sys_clk_pin  {rise@0.000ns fall@5.000ns period=10.000ns})
  Path Group:             sys_clk_pin
  Path Type:              Hold (Min at Fast Process Corner)
  Requirement:            0.000ns  (sys_clk_pin rise@0.000ns - sys_clk_pin rise@0.000ns)
  Data Path Delay:        0.366ns  (logic 0.186ns (50.759%)  route 0.180ns (49.241%))
  Logic Levels:           1  (LUT5=1)
  Clock Path Skew:        0.000ns (DCD - SCD - CPR)
    Destination Clock Delay (DCD):    1.989ns
    Source Clock Delay      (SCD):    1.474ns
    Clock Pessimism Removal (CPR):    0.515ns

    Location             Delay type                Incr(ns)  Path(ns)    Netlist Resource(s)
  -------------------------------------------------------------------    -------------------
                         (clock sys_clk_pin rise edge)
                                                      0.000     0.000 r  
    W5                                                0.000     0.000 r  clk (IN)
                         net (fo=0)                   0.000     0.000    clk
    W5                   IBUF (Prop_ibuf_I_O)         0.226     0.226 r  clk_IBUF_inst/O
                         net (fo=1, routed)           0.631     0.858    clk_IBUF
    BUFGCTRL_X0Y0        BUFG (Prop_bufg_I_O)         0.026     0.884 r  clk_IBUF_BUFG_inst/O
                         net (fo=135, routed)         0.591     1.474    clk_IBUF_BUFG
    SLICE_X5Y38          FDRE                                         r  counter_reg[0]/C
  -------------------------------------------------------------------    -------------------
    SLICE_X5Y38          FDRE (Prop_fdre_C_Q)         0.141     1.615 f  counter_reg[0]/Q
                         net (fo=5, routed)           0.180     1.796    counter_reg_n_0_[0]
    SLICE_X5Y38          LUT5 (Prop_lut5_I4_O)        0.045     1.841 r  counter[0]_i_1/O
                         net (fo=1, routed)           0.000     1.841    counter[0]_i_1_n_0
    SLICE_X5Y38          FDRE                                         r  counter_reg[0]/D
  -------------------------------------------------------------------    -------------------

                         (clock sys_clk_pin rise edge)
                                                      0.000     0.000 r  
    W5                                                0.000     0.000 r  clk (IN)
                         net (fo=0)                   0.000     0.000    clk
    W5                   IBUF (Prop_ibuf_I_O)         0.414     0.414 r  clk_IBUF_inst/O
                         net (fo=1, routed)           0.685     1.099    clk_IBUF
    BUFGCTRL_X0Y0        BUFG (Prop_bufg_I_O)         0.029     1.128 r  clk_IBUF_BUFG_inst/O
                         net (fo=135, routed)         0.862     1.989    clk_IBUF_BUFG
    SLICE_X5Y38          FDRE                                         r  counter_reg[0]/C
                         clock pessimism             -0.515     1.474    
    SLICE_X5Y38          FDRE (Hold_fdre_C_D)         0.091     1.565    counter_reg[0]
  -------------------------------------------------------------------
                         required time                         -1.565    
                         arrival time                           1.841    
  -------------------------------------------------------------------
                         slack                                  0.275    





Pulse Width Checks
--------------------------------------------------------------------------------------
Clock Name:         sys_clk_pin
Waveform(ns):       { 0.000 5.000 }
Period(ns):         10.000
Sources:            { clk }

Check Type        Corner  Lib Pin  Reference Pin  Required(ns)  Actual(ns)  Slack(ns)  Location       Pin
Min Period        n/a     BUFG/I   n/a            2.155         10.000      7.845      BUFGCTRL_X0Y0  clk_IBUF_BUFG_inst/I
Min Period        n/a     FDRE/C   n/a            1.000         10.000      9.000      SLICE_X4Y44    character_reg[0]/C
Min Period        n/a     FDRE/C   n/a            1.000         10.000      9.000      SLICE_X5Y46    character_reg[1]/C
Min Period        n/a     FDRE/C   n/a            1.000         10.000      9.000      SLICE_X4Y46    character_reg[2]/C
Min Period        n/a     FDRE/C   n/a            1.000         10.000      9.000      SLICE_X4Y46    character_reg[3]/C
Min Period        n/a     FDRE/C   n/a            1.000         10.000      9.000      SLICE_X5Y46    character_reg[4]/C
Min Period        n/a     FDRE/C   n/a            1.000         10.000      9.000      SLICE_X4Y44    character_reg[5]/C
Min Period        n/a     FDRE/C   n/a            1.000         10.000      9.000      SLICE_X5Y46    character_reg[6]/C
Min Period        n/a     FDRE/C   n/a            1.000         10.000      9.000      SLICE_X7Y41    counter_reg[13]/C
Min Period        n/a     FDRE/C   n/a            1.000         10.000      9.000      SLICE_X5Y41    counter_reg[14]/C
Low Pulse Width   Fast    FDRE/C   n/a            0.500         5.000       4.500      SLICE_X4Y44    character_reg[0]/C
Low Pulse Width   Fast    FDRE/C   n/a            0.500         5.000       4.500      SLICE_X5Y46    character_reg[1]/C
Low Pulse Width   Fast    FDRE/C   n/a            0.500         5.000       4.500      SLICE_X4Y46    character_reg[2]/C
Low Pulse Width   Fast    FDRE/C   n/a            0.500         5.000       4.500      SLICE_X4Y46    character_reg[3]/C
Low Pulse Width   Fast    FDRE/C   n/a            0.500         5.000       4.500      SLICE_X5Y46    character_reg[4]/C
Low Pulse Width   Fast    FDRE/C   n/a            0.500         5.000       4.500      SLICE_X4Y44    character_reg[5]/C
Low Pulse Width   Fast    FDRE/C   n/a            0.500         5.000       4.500      SLICE_X5Y46    character_reg[6]/C
Low Pulse Width   Fast    FDRE/C   n/a            0.500         5.000       4.500      SLICE_X7Y41    counter_reg[13]/C
Low Pulse Width   Fast    FDRE/C   n/a            0.500         5.000       4.500      SLICE_X5Y41    counter_reg[14]/C
Low Pulse Width   Slow    FDRE/C   n/a            0.500         5.000       4.500      SLICE_X3Y41    counter_reg[16]/C
High Pulse Width  Slow    FDRE/C   n/a            0.500         5.000       4.500      SLICE_X8Y41    counter_reg[15]/C
High Pulse Width  Slow    FDRE/C   n/a            0.500         5.000       4.500      SLICE_X8Y42    counter_reg[21]/C
High Pulse Width  Slow    FDRE/C   n/a            0.500         5.000       4.500      SLICE_X8Y42    counter_reg[22]/C
High Pulse Width  Slow    FDRE/C   n/a            0.500         5.000       4.500      SLICE_X8Y42    counter_reg[24]/C
High Pulse Width  Slow    FDRE/C   n/a            0.500         5.000       4.500      SLICE_X8Y42    counter_reg[26]/C
High Pulse Width  Slow    FDSE/C   n/a            0.500         5.000       4.500      SLICE_X2Y43    data_reg[1][0]/C
High Pulse Width  Slow    FDRE/C   n/a            0.500         5.000       4.500      SLICE_X1Y44    data_reg[1][2]/C
High Pulse Width  Slow    FDRE/C   n/a            0.500         5.000       4.500      SLICE_X3Y43    data_reg[1][4]/C
High Pulse Width  Slow    FDSE/C   n/a            0.500         5.000       4.500      SLICE_X2Y43    data_reg[2][0]/C
High Pulse Width  Slow    FDSE/C   n/a            0.500         5.000       4.500      SLICE_X1Y45    data_reg[2][1]/C



