Copyright 1986-2018 Xilinx, Inc. All Rights Reserved.
-------------------------------------------------------------------------------------------------
| Tool Version : Vivado v.2018.3 (win64) Build 2405991 Thu Dec  6 23:38:27 MST 2018
| Date         : Tue Feb 17 16:14:33 2026
| Host         : SFH0760-CSGBX74 running 64-bit major release  (build 9200)
| Command      : report_control_sets -verbose -file translator_topmodule_control_sets_placed.rpt
| Design       : translator_topmodule
| Device       : xc7a35t
-------------------------------------------------------------------------------------------------

Control Set Information

Table of Contents
-----------------
1. Summary
2. Histogram
3. Flip-Flop Distribution
4. Detailed Control Set Information

1. Summary
----------

+----------------------------------------------------------+-------+
|                          Status                          | Count |
+----------------------------------------------------------+-------+
| Number of unique control sets                            |    11 |
| Unused register locations in slices containing registers |    41 |
+----------------------------------------------------------+-------+


2. Histogram
------------

+--------+--------------+
| Fanout | Control Sets |
+--------+--------------+
|      2 |            2 |
|      4 |            3 |
|      7 |            2 |
|     15 |            1 |
|    16+ |            3 |
+--------+--------------+


3. Flip-Flop Distribution
-------------------------

+--------------+-----------------------+------------------------+-----------------+--------------+
| Clock Enable | Synchronous Set/Reset | Asynchronous Set/Reset | Total Registers | Total Slices |
+--------------+-----------------------+------------------------+-----------------+--------------+
| No           | No                    | No                     |              17 |            8 |
| No           | No                    | Yes                    |               0 |            0 |
| No           | Yes                   | No                     |              60 |           27 |
| Yes          | No                    | No                     |              14 |            4 |
| Yes          | No                    | Yes                    |               0 |            0 |
| Yes          | Yes                   | No                     |              44 |           12 |
+--------------+-----------------------+------------------------+-----------------+--------------+


4. Detailed Control Set Information
-----------------------------------

+----------------+-----------------------------+------------------+------------------+----------------+
|  Clock Signal  |        Enable Signal        | Set/Reset Signal | Slice Load Count | Bel Load Count |
+----------------+-----------------------------+------------------+------------------+----------------+
| ~clk_IBUF_BUFG |                             |                  |                1 |              2 |
| ~clk_IBUF_BUFG |                             | btnC_IBUF        |                1 |              2 |
|  clk_IBUF_BUFG | wr_en                       | btnC_IBUF        |                2 |              4 |
| ~clk_IBUF_BUFG | lcd1/clear[3]_i_1_n_0       | btnC_IBUF        |                1 |              4 |
| ~clk_IBUF_BUFG | lcd1/init_count[3]_i_1_n_0  | btnC_IBUF        |                1 |              4 |
|  clk_IBUF_BUFG | character                   |                  |                3 |              7 |
| ~clk_IBUF_BUFG | lcd1/data_out[6]_i_1_n_0    |                  |                1 |              7 |
|  clk_IBUF_BUFG |                             |                  |                7 |             15 |
|  clk_IBUF_BUFG |                             | sw_IBUF[0]       |               10 |             25 |
| ~clk_IBUF_BUFG | lcd1/limit_count[0]_i_1_n_0 | btnC_IBUF        |                8 |             32 |
|  clk_IBUF_BUFG |                             | btnC_IBUF        |               16 |             33 |
+----------------+-----------------------------+------------------+------------------+----------------+


