KCPSM6 Assembler log file for program 'C:\Users\lebray\Vivado-Workflow-Scripts\Lab8\T1\btn_rom.psm'.
Generated by KCPSM6 version v2.70
Ken Chapman - Xilinx Ltd - 16th May 2014

Assembly datestamp: 26 Mar 2026
Assembly timestamp: 20:05:21

Contents
  Assembly listing
  List of PSM files
  List of CONSTANTs
  List of TABLEs
  List of STRINGs
  List of line labels
  Instruction usage statistics


Last occupied address: 0A5 hex
Nominal program memory size: 1K (1024)   address(9:0)
Actual memory size: 4096
  (Default memory size)
Occupied memory locations: 166
Memory locations available: 3930


Assembly listing

 Addr Code                     Instruction

 000                           ;=========================================================
 000                           ; Square circuit with 7-seg LED interface
 000                           ; Lab 8 T1 - Basys 3 / KCPSM6 version
 000                           ;=========================================================
 000                           ; Program operation:
 000                           ;  - read a and b from switch (via btnR)
 000                           ;  - btnL clears and re-initializes
 000                           ;  - calculate a*a + b*b
 000                           ;  - display data on 7-seg LED based on sw[2:0]:
 000                           ;      000: a
 000                           ;      001: b
 000                           ;      010: a^2
 000                           ;      011: b^2
 000                           ;      100: a^2+b^2
 000                           ;
 000                           ; 7-seg patterns are Basys 3 format: {dp, g, f, e, d, c, b, a} active-low
 000                           ;=========================================================
 000                           ; Data ram address alias
 000                           ;=========================================================
 000                           CONSTANT a_lsb, 00
 000                           CONSTANT b_lsb, 02
 000                           CONSTANT aa_lsb, 04
 000                           CONSTANT aa_msb, 05
 000                           CONSTANT bb_lsb, 06
 000                           CONSTANT bb_msb, 07
 000                           CONSTANT aabb_lsb, 08
 000                           CONSTANT aabb_msb, 09
 000                           CONSTANT aabb_cout, 0A
 000                           CONSTANT led0, 10
 000                           CONSTANT led1, 11
 000                           CONSTANT led2, 12
 000                           CONSTANT led3, 13
 000                           ;=========================================================
 000                           ; Register alias
 000                           ;=========================================================
 000                           NAMEREG s0, data                ; temporary data
 000                           NAMEREG s1, addr                ; temporary address
 000                           NAMEREG s2, i                   ; loop index
 000                           NAMEREG sF, switch_a_b          ; ram offset (0=a, 2=b)
 000                           ;=========================================================
 000                           ; Port alias
 000                           ;=========================================================
 000                           CONSTANT rd_flag_port, 00       ; flags: {xxxxxxsc} c=btnL, s=btnR
 000                           CONSTANT sw_port, 01            ; 8-bit switch input
 000                           CONSTANT sseg0_port, 00         ; 7-seg digit 0 (rightmost)
 000                           CONSTANT sseg1_port, 01         ; 7-seg digit 1
 000                           CONSTANT sseg2_port, 02         ; 7-seg digit 2
 000                           CONSTANT sseg3_port, 03         ; 7-seg digit 3 (leftmost)
 000                           ;=========================================================
 000                           ; Main program
 000                           ;=========================================================
 000  20006                    CALL 006[init]
 001                  forever: 
 001  2000D                    CALL 00D[proc_btn]
 002  20088                    CALL 088[square]
 003  2001A                    CALL 01A[load_led_pttn]
 004  2003A                    CALL 03A[disp_led]
 005  22001                    JUMP 001[forever]
 006                           ;=========================================================
 006                           ; routine: init
 006                           ;   clear data ram and switch_a_b register
 006                           ;=========================================================
 006                     init: 
 006  01240                    LOAD s2[i], 40
 007  01000                    LOAD s0[data], 00
 008             clr_mem_loop: 
 008  2E020                    STORE s0[data], (s2[i])
 009  19201                    SUB s2[i], 01
 00A  36008                    JUMP NZ, 008[clr_mem_loop]
 00B  01F00                    LOAD sF[switch_a_b], 00
 00C  25000                    RETURN 
 00D                           ;=========================================================
 00D                           ; routine: proc_btn
 00D                           ;   check btnL (clear) and btnR (store switch value)
 00D                           ;=========================================================
 00D                 proc_btn: 
 00D  09300                    INPUT s3, 00[rd_flag_port]
 00E  0D301                    TEST s3, 01                     ; check btnL flag (bit 0)
 00F  32012                    JUMP Z, 012[chk_btns]
 010  20006                    CALL 006[init]
 011  22019                    JUMP 019[proc_btn_done]
 012                 chk_btns: 
 012  0D302                    TEST s3, 02                     ; check btnR flag (bit 1)
 013  32019                    JUMP Z, 019[proc_btn_done]
 014  09001                    INPUT s0[data], 01[sw_port]
 015  01100                    LOAD s1[addr], 00[a_lsb]
 016  101F0                    ADD s1[addr], sF[switch_a_b]
 017  2E010                    STORE s0[data], (s1[addr])
 018  07F02                    XOR sF[switch_a_b], 02          ; toggle between a (00) and b (02)
 019            proc_btn_done: 
 019  25000                    RETURN 
 01A                           ;=========================================================
 01A                           ; routine: load_led_pttn
 01A                           ;   read sw[2:0], select value, build 4 hex digit patterns
 01A                           ;=========================================================
 01A            load_led_pttn: 
 01A  09601                    INPUT s6, 01[sw_port]
 01B  14606                    SL0 s6                          ; *2 for 2-byte address offset
 01C  1D608                    COMPARE s6, 08                  ; clamp to max offset 8
 01D  3A01F                    JUMP C, 01F[sw_ok]
 01E  01608                    LOAD s6, 08
 01F                    sw_ok: 
 01F  01100                    LOAD s1[addr], 00[a_lsb]
 020  10160                    ADD s1[addr], s6
 021  0A060                    FETCH s0[data], (s6)
 022  20081                    CALL 081[get_lower_nibble]
 023  20043                    CALL 043[hex_to_led]
 024  2F010                    STORE s0[data], 10[led0]
 025  0A010                    FETCH s0[data], (s1[addr])
 026  20083                    CALL 083[get_upper_nibble]
 027  20043                    CALL 043[hex_to_led]
 028  2F011                    STORE s0[data], 11[led1]
 029  11101                    ADD s1[addr], 01
 02A  0A010                    FETCH s0[data], (s1[addr])
 02B  20081                    CALL 081[get_lower_nibble]
 02C  20043                    CALL 043[hex_to_led]
 02D  2F012                    STORE s0[data], 12[led2]
 02E  0A010                    FETCH s0[data], (s1[addr])
 02F  20083                    CALL 083[get_upper_nibble]
 030  20043                    CALL 043[hex_to_led]
 031  1D608                    COMPARE s6, 08                  ; displaying a^2+b^2?
 032  36038                    JUMP NZ, 038[led_done]
 033  11101                    ADD s1[addr], 01
 034  0A610                    FETCH s6, (s1[addr])
 035  0D601                    TEST s6, 01                     ; carry=1?
 036  32038                    JUMP Z, 038[led_done]
 037  0307F                    AND s0[data], 7F                ; assert dp (bit 7 = 0 = on)
 038                 led_done: 
 038  2F013                    STORE s0[data], 13[led3]
 039  25000                    RETURN 
 03A                           ;=========================================================
 03A                           ; routine: disp_led
 03A                           ;   output 4 patterns to 7-seg ports
 03A                           ;=========================================================
 03A                 disp_led: 
 03A  0B010                    FETCH s0[data], 10[led0]
 03B  2D000                    OUTPUT s0[data], 00[sseg0_port]
 03C  0B011                    FETCH s0[data], 11[led1]
 03D  2D001                    OUTPUT s0[data], 01[sseg1_port]
 03E  0B012                    FETCH s0[data], 12[led2]
 03F  2D002                    OUTPUT s0[data], 02[sseg2_port]
 040  0B013                    FETCH s0[data], 13[led3]
 041  2D003                    OUTPUT s0[data], 03[sseg3_port]
 042  25000                    RETURN 
 043                           ;=========================================================
 043                           ; routine: hex_to_led
 043                           ;   convert hex nibble (0-F) to Basys 3 7-seg pattern
 043                           ;   Basys 3 format: {dp, g, f, e, d, c, b, a} active-low
 043                           ;   dp=1 (off) for all digits
 043                           ;=========================================================
 043               hex_to_led: 
 043  1D000                    COMPARE s0[data], 00
 044  36047                    JUMP NZ, 047[comp_hex_1]
 045  010C0                    LOAD s0[data], C0               ; 0: a,b,c,d,e,f on
 046  22080                    JUMP 080[hex_done]
 047               comp_hex_1: 
 047  1D001                    COMPARE s0[data], 01
 048  3604B                    JUMP NZ, 04B[comp_hex_2]
 049  010F9                    LOAD s0[data], F9               ; 1: b,c on
 04A  22080                    JUMP 080[hex_done]
 04B               comp_hex_2: 
 04B  1D002                    COMPARE s0[data], 02
 04C  3604F                    JUMP NZ, 04F[comp_hex_3]
 04D  010A4                    LOAD s0[data], A4               ; 2: a,b,d,e,g on
 04E  22080                    JUMP 080[hex_done]
 04F               comp_hex_3: 
 04F  1D003                    COMPARE s0[data], 03
 050  36053                    JUMP NZ, 053[comp_hex_4]
 051  010B0                    LOAD s0[data], B0               ; 3: a,b,c,d,g on
 052  22080                    JUMP 080[hex_done]
 053               comp_hex_4: 
 053  1D004                    COMPARE s0[data], 04
 054  36057                    JUMP NZ, 057[comp_hex_5]
 055  01099                    LOAD s0[data], 99               ; 4: b,c,f,g on
 056  22080                    JUMP 080[hex_done]
 057               comp_hex_5: 
 057  1D005                    COMPARE s0[data], 05
 058  3605B                    JUMP NZ, 05B[comp_hex_6]
 059  01092                    LOAD s0[data], 92               ; 5: a,c,d,f,g on
 05A  22080                    JUMP 080[hex_done]
 05B               comp_hex_6: 
 05B  1D006                    COMPARE s0[data], 06
 05C  3605F                    JUMP NZ, 05F[comp_hex_7]
 05D  01082                    LOAD s0[data], 82               ; 6: a,c,d,e,f,g on
 05E  22080                    JUMP 080[hex_done]
 05F               comp_hex_7: 
 05F  1D007                    COMPARE s0[data], 07
 060  36063                    JUMP NZ, 063[comp_hex_8]
 061  010F8                    LOAD s0[data], F8               ; 7: a,b,c on
 062  22080                    JUMP 080[hex_done]
 063               comp_hex_8: 
 063  1D008                    COMPARE s0[data], 08
 064  36067                    JUMP NZ, 067[comp_hex_9]
 065  01080                    LOAD s0[data], 80               ; 8: all on
 066  22080                    JUMP 080[hex_done]
 067               comp_hex_9: 
 067  1D009                    COMPARE s0[data], 09
 068  3606B                    JUMP NZ, 06B[comp_hex_a]
 069  01090                    LOAD s0[data], 90               ; 9: a,b,c,d,f,g on
 06A  22080                    JUMP 080[hex_done]
 06B               comp_hex_a: 
 06B  1D00A                    COMPARE s0[data], 0A
 06C  3606F                    JUMP NZ, 06F[comp_hex_b]
 06D  01088                    LOAD s0[data], 88               ; A: a,b,c,e,f,g on
 06E  22080                    JUMP 080[hex_done]
 06F               comp_hex_b: 
 06F  1D00B                    COMPARE s0[data], 0B
 070  36073                    JUMP NZ, 073[comp_hex_c]
 071  01083                    LOAD s0[data], 83               ; b: c,d,e,f,g on
 072  22080                    JUMP 080[hex_done]
 073               comp_hex_c: 
 073  1D00C                    COMPARE s0[data], 0C
 074  36077                    JUMP NZ, 077[comp_hex_d]
 075  010C6                    LOAD s0[data], C6               ; C: a,d,e,f on
 076  22080                    JUMP 080[hex_done]
 077               comp_hex_d: 
 077  1D00D                    COMPARE s0[data], 0D
 078  3607B                    JUMP NZ, 07B[comp_hex_e]
 079  010A1                    LOAD s0[data], A1               ; d: b,c,d,e,g on
 07A  22080                    JUMP 080[hex_done]
 07B               comp_hex_e: 
 07B  1D00E                    COMPARE s0[data], 0E
 07C  3607F                    JUMP NZ, 07F[comp_hex_f]
 07D  01086                    LOAD s0[data], 86               ; E: a,d,e,f,g on
 07E  22080                    JUMP 080[hex_done]
 07F               comp_hex_f: 
 07F  0108E                    LOAD s0[data], 8E               ; F: a,e,f,g on
 080                 hex_done: 
 080  25000                    RETURN 
 081                           ;=========================================================
 081                           ; routine: get_lower_nibble
 081                           ;=========================================================
 081         get_lower_nibble: 
 081  0300F                    AND s0[data], 0F
 082  25000                    RETURN 
 083                           ;=========================================================
 083                           ; routine: get_upper_nibble
 083                           ;=========================================================
 083         get_upper_nibble: 
 083  1400E                    SR0 s0[data]
 084  1400E                    SR0 s0[data]
 085  1400E                    SR0 s0[data]
 086  1400E                    SR0 s0[data]
 087  25000                    RETURN 
 088                           ;=========================================================
 088                           ; routine: square
 088                           ;   calculate a*a, b*b, a*a+b*b and store results in RAM
 088                           ;=========================================================
 088                   square: 
 088  0B300                    FETCH s3, 00[a_lsb]
 089  0B400                    FETCH s4, 00[a_lsb]
 08A  2009C                    CALL 09C[mult_soft]
 08B  2F604                    STORE s6, 04[aa_lsb]
 08C  2F505                    STORE s5, 05[aa_msb]
 08D  0B302                    FETCH s3, 02[b_lsb]
 08E  0B402                    FETCH s4, 02[b_lsb]
 08F  2009C                    CALL 09C[mult_soft]
 090  2F606                    STORE s6, 06[bb_lsb]
 091  2F507                    STORE s5, 07[bb_msb]
 092  0B004                    FETCH s0[data], 04[aa_lsb]
 093  10060                    ADD s0[data], s6
 094  2F008                    STORE s0[data], 08[aabb_lsb]
 095  0B005                    FETCH s0[data], 05[aa_msb]
 096  12050                    ADDCY s0[data], s5
 097  2F009                    STORE s0[data], 09[aabb_msb]
 098  01000                    LOAD s0[data], 00
 099  13000                    ADDCY s0[data], 00
 09A  2F00A                    STORE s0[data], 0A[aabb_cout]
 09B  25000                    RETURN 
 09C                           ;=========================================================
 09C                           ; routine: mult_soft
 09C                           ;   8-bit unsigned multiply: s3 * s4 -> {s5, s6}
 09C                           ;=========================================================
 09C                mult_soft: 
 09C  01500                    LOAD s5, 00
 09D  01208                    LOAD s2[i], 08
 09E                mult_loop: 
 09E  1440E                    SR0 s4
 09F  3E0A1                    JUMP NC, 0A1[shift_prod]
 0A0  10530                    ADD s5, s3
 0A1               shift_prod: 
 0A1  14508                    SRA s5
 0A2  14608                    SRA s6
 0A3  19201                    SUB s2[i], 01
 0A4  3609E                    JUMP NZ, 09E[mult_loop]
 0A5  25000                    RETURN 


All unused memory locations contain zero (equivalent to 'LOAD s0, s0')



List of PSM files that have been assembled

C:\Users\lebray\Vivado-Workflow-Scripts\Lab8\T1\btn_rom.psm



List of defined constants

 CONSTANT name     Value        Source PSM File

 timestamp_hours   20'd         
 timestamp_minutes 05'd         
 timestamp_seconds 21'd         
 datestamp_year    26'd         
 datestamp_month   3'd          
 datestamp_day     26'd         
 NUL               00           
 BEL               07           
 BS                08           
 HT                09           
 LF                0A           
 VT                0B           
 CR                0D           
 ESC               1B           
 DEL               7F           
 DCS               90           
 ST                9C           
 a_lsb             00           btn_rom.psm
 b_lsb             02           btn_rom.psm
 aa_lsb            04           btn_rom.psm
 aa_msb            05           btn_rom.psm
 bb_lsb            06           btn_rom.psm
 bb_msb            07           btn_rom.psm
 aabb_lsb          08           btn_rom.psm
 aabb_msb          09           btn_rom.psm
 aabb_cout         0A           btn_rom.psm
 led0              10           btn_rom.psm
 led1              11           btn_rom.psm
 led2              12           btn_rom.psm
 led3              13           btn_rom.psm
 rd_flag_port      00           btn_rom.psm
 sw_port           01           btn_rom.psm
 sseg0_port        00           btn_rom.psm
 sseg1_port        01           btn_rom.psm
 sseg2_port        02           btn_rom.psm
 sseg3_port        03           btn_rom.psm



No TABLEs defined



List of text strings

 STRING name       String         Source PSM File

 KCPSM6_version$   "v2.70"        
 datestamp$        "26 Mar 2026"  
 timestamp$        "20:05:21"     



List of line labels

   Label              Addr  Source PSM File

   forever            001   btn_rom.psm
   init               006   btn_rom.psm
   clr_mem_loop       008   btn_rom.psm
   proc_btn           00D   btn_rom.psm
   chk_btns           012   btn_rom.psm
   proc_btn_done      019   btn_rom.psm
   load_led_pttn      01A   btn_rom.psm
   sw_ok              01F   btn_rom.psm
   led_done           038   btn_rom.psm
   disp_led           03A   btn_rom.psm
   hex_to_led         043   btn_rom.psm
   comp_hex_1         047   btn_rom.psm
   comp_hex_2         04B   btn_rom.psm
   comp_hex_3         04F   btn_rom.psm
   comp_hex_4         053   btn_rom.psm
   comp_hex_5         057   btn_rom.psm
   comp_hex_6         05B   btn_rom.psm
   comp_hex_7         05F   btn_rom.psm
   comp_hex_8         063   btn_rom.psm
   comp_hex_9         067   btn_rom.psm
   comp_hex_a         06B   btn_rom.psm
   comp_hex_b         06F   btn_rom.psm
   comp_hex_c         073   btn_rom.psm
   comp_hex_d         077   btn_rom.psm
   comp_hex_e         07B   btn_rom.psm
   comp_hex_f         07F   btn_rom.psm
   hex_done           080   btn_rom.psm
   get_lower_nibble   081   btn_rom.psm
   get_upper_nibble   083   btn_rom.psm
   square             088   btn_rom.psm
   mult_soft          09C   btn_rom.psm
   mult_loop          09E   btn_rom.psm
   shift_prod         0A1   btn_rom.psm



Instruction usage statistics

 Instruction    Instances

 LOAD             25
 STAR              -

 AND               2
 OR                -
 XOR               1

 ADD               6
 ADDCY             2
 SUB               2
 SUBCY             -

 TEST              3
 TESTCY            -
 COMPARE          17
 COMPARECY         -

 SL0               1
 SL1               -
 SLX               -
 SLA               -
 RL                -
 SR0               5
 SR1               -
 SRX               -
 SRA               2
 RR                -

 REGBANK           -

 INPUT             3
 OUTPUT            4
 OUTPUTK           -

 STORE            15
 FETCH            15

 DISABLE           -
 ENABLE            -
 RETURNI           -

 JUMP             40
 JUMP@             -
 CALL             16
 CALL@             -
 RETURN            9
 LOAD&RETURN       -

 HWBUILD           -



End of KCPSM6 log file.
