#-----------------------------------------------------------
# Vivado v2018.3 (64-bit)
# SW Build 2405991 on Thu Dec  6 23:38:27 MST 2018
# IP Build 2404404 on Fri Dec  7 01:43:56 MST 2018
# Start of session at: Tue Feb 17 18:18:36 2026
# Process ID: 23612
# Current directory: C:/Users/lebray/Vivado-Workflow-Scripts/HW4T3_1
# Command line: vivado.exe -mode gui -source C:\Users\lebray\Vivado-Workflow-Scripts\HW4T3_1\run_sim_gui.tcl
# Log file: C:/Users/lebray/Vivado-Workflow-Scripts/HW4T3_1/vivado.log
# Journal file: C:/Users/lebray/Vivado-Workflow-Scripts/HW4T3_1\vivado.jou
#-----------------------------------------------------------
start_gui
source {C:\Users\lebray\Vivado-Workflow-Scripts\HW4T3_1\run_sim_gui.tcl}
# create_project HW4T3_1 {C:\Users\lebray\Vivado-Workflow-Scripts\HW4T3_1\vivado_project} -part xc7a35tcpg236-1 -force
INFO: [IP_Flow 19-234] Refreshing IP repositories
INFO: [IP_Flow 19-1704] No user IP repositories specified
INFO: [IP_Flow 19-2313] Loaded Vivado IP repository 'C:/Xilinx/Vivado/2018.3/data/ip'.
create_project: Time (s): cpu = 00:00:07 ; elapsed = 00:00:05 . Memory (MB): peak = 677.254 ; gain = 98.539
# if {[catch {set_property board_part digilentinc.com:basys3:part0:1.2 [current_project]}]} {
#     puts "Note: Board part not available, using part only"
# }
Note: Board part not available, using part only
# set_property target_language Verilog [current_project]
# add_files -norecurse {C:\Users\lebray\Vivado-Workflow-Scripts\HW4T3_1\rom.v}
# add_files -norecurse {C:\Users\lebray\Vivado-Workflow-Scripts\HW4T3_1\memory.mem}
# add_files -fileset sim_1 -norecurse {C:\Users\lebray\Vivado-Workflow-Scripts\HW4T3_1\rom_tb.v}
# add_files -fileset constrs_1 -norecurse {C:\Users\lebray\Vivado-Workflow-Scripts\Basys3_Master.xdc}
# set_property top rom [current_fileset]
# set_property top rom_tb [get_filesets sim_1]
# update_compile_order -fileset sources_1
# update_compile_order -fileset sim_1
# launch_simulation -mode behavioral
INFO: [Vivado 12-5682] Launching behavioral simulation in 'C:/Users/lebray/Vivado-Workflow-Scripts/HW4T3_1/vivado_project/HW4T3_1.sim/sim_1/behav/xsim'
INFO: [SIM-utils-51] Simulation object is 'sim_1'
INFO: [SIM-utils-54] Inspecting design source files for 'rom_tb' in fileset 'sim_1'...
INFO: [SIM-utils-43] Exported 'C:/Users/lebray/Vivado-Workflow-Scripts/HW4T3_1/vivado_project/HW4T3_1.sim/sim_1/behav/xsim/memory.mem'
INFO: [USF-XSim-97] Finding global include files...
INFO: [USF-XSim-98] Fetching design files from 'sim_1'...
INFO: [USF-XSim-2] XSim::Compile design
INFO: [USF-XSim-61] Executing 'COMPILE and ANALYZE' step in 'C:/Users/lebray/Vivado-Workflow-Scripts/HW4T3_1/vivado_project/HW4T3_1.sim/sim_1/behav/xsim'
"xvlog --incr --relax -prj rom_tb_vlog.prj"
INFO: [VRFC 10-2263] Analyzing Verilog file "C:/Users/lebray/Vivado-Workflow-Scripts/HW4T3_1/rom_tb.v" into library xil_defaultlib
INFO: [VRFC 10-311] analyzing module rom_tb
INFO: [VRFC 10-2263] Analyzing Verilog file "C:/Users/lebray/Vivado-Workflow-Scripts/HW4T3_1/vivado_project/HW4T3_1.sim/sim_1/behav/xsim/glbl.v" into library xil_defaultlib
INFO: [VRFC 10-311] analyzing module glbl
INFO: [USF-XSim-69] 'compile' step finished in '1' seconds
INFO: [USF-XSim-3] XSim::Elaborate design
INFO: [USF-XSim-61] Executing 'ELABORATE' step in 'C:/Users/lebray/Vivado-Workflow-Scripts/HW4T3_1/vivado_project/HW4T3_1.sim/sim_1/behav/xsim'
Vivado Simulator 2018.3
Copyright 1986-1999, 2001-2018 Xilinx, Inc. All Rights Reserved.
Running: C:/Xilinx/Vivado/2018.3/bin/unwrapped/win64.o/xelab.exe -wto 86964895d3184a6894e0f6ac1fcc2708 --incr --debug typical --relax --mt 2 -L xil_defaultlib -L unisims_ver -L unimacro_ver -L secureip --snapshot rom_tb_behav xil_defaultlib.rom_tb xil_defaultlib.glbl -log elaborate.log 
Using 2 slave threads.
Starting static elaboration
ERROR: [VRFC 10-2063] Module <rom> not found while processing module instance <U> [C:/Users/lebray/Vivado-Workflow-Scripts/HW4T3_1/rom_tb.v:20]
ERROR: [XSIM 43-3322] Static elaboration of top level Verilog design unit(s) in library work failed.
INFO: [USF-XSim-69] 'elaborate' step finished in '1' seconds
INFO: [USF-XSim-99] Step results log file:'C:/Users/lebray/Vivado-Workflow-Scripts/HW4T3_1/vivado_project/HW4T3_1.sim/sim_1/behav/xsim/elaborate.log'
ERROR: [USF-XSim-62] 'elaborate' step failed with error(s). Please check the Tcl console output or 'C:/Users/lebray/Vivado-Workflow-Scripts/HW4T3_1/vivado_project/HW4T3_1.sim/sim_1/behav/xsim/elaborate.log' file for more information.
ERROR: [Vivado 12-4473] Detected error while running simulation. Please correct the issue and retry this operation.
ERROR: [Common 17-39] 'launch_simulation' failed due to earlier errors.

    while executing
"launch_simulation -mode behavioral"
    (file "C:\Users\lebray\Vivado-Workflow-Scripts\HW4T3_1\run_sim_gui.tcl" line 19)
update_compile_order -fileset sources_1
launch_simulation
INFO: [Vivado 12-5682] Launching behavioral simulation in 'C:/Users/lebray/Vivado-Workflow-Scripts/HW4T3_1/vivado_project/HW4T3_1.sim/sim_1/behav/xsim'
INFO: [SIM-utils-51] Simulation object is 'sim_1'
INFO: [SIM-utils-54] Inspecting design source files for 'rom_tb' in fileset 'sim_1'...
INFO: [SIM-utils-43] Exported 'C:/Users/lebray/Vivado-Workflow-Scripts/HW4T3_1/vivado_project/HW4T3_1.sim/sim_1/behav/xsim/memory.mem'
INFO: [USF-XSim-97] Finding global include files...
INFO: [USF-XSim-98] Fetching design files from 'sim_1'...
INFO: [USF-XSim-2] XSim::Compile design
INFO: [USF-XSim-61] Executing 'COMPILE and ANALYZE' step in 'C:/Users/lebray/Vivado-Workflow-Scripts/HW4T3_1/vivado_project/HW4T3_1.sim/sim_1/behav/xsim'
"xvlog --incr --relax -prj rom_tb_vlog.prj"
INFO: [VRFC 10-2263] Analyzing Verilog file "C:/Users/lebray/Vivado-Workflow-Scripts/HW4T3_1/rom.v" into library xil_defaultlib
INFO: [VRFC 10-311] analyzing module rom
INFO: [USF-XSim-69] 'compile' step finished in '1' seconds
INFO: [USF-XSim-3] XSim::Elaborate design
INFO: [USF-XSim-61] Executing 'ELABORATE' step in 'C:/Users/lebray/Vivado-Workflow-Scripts/HW4T3_1/vivado_project/HW4T3_1.sim/sim_1/behav/xsim'
Vivado Simulator 2018.3
Copyright 1986-1999, 2001-2018 Xilinx, Inc. All Rights Reserved.
Running: C:/Xilinx/Vivado/2018.3/bin/unwrapped/win64.o/xelab.exe -wto 86964895d3184a6894e0f6ac1fcc2708 --incr --debug typical --relax --mt 2 -L xil_defaultlib -L unisims_ver -L unimacro_ver -L secureip --snapshot rom_tb_behav xil_defaultlib.rom_tb xil_defaultlib.glbl -log elaborate.log 
Using 2 slave threads.
Starting static elaboration
Completed static elaboration
Starting simulation data flow analysis
WARNING: [XSIM 43-4100] "C:/Users/lebray/Vivado-Workflow-Scripts/HW4T3_1/rom.v" Line 2. Module rom has a timescale but at least one module in design doesn't have timescale.
WARNING: [XSIM 43-4100] "C:/Users/lebray/Vivado-Workflow-Scripts/HW4T3_1/vivado_project/HW4T3_1.sim/sim_1/behav/xsim/glbl.v" Line 6. Module glbl has a timescale but at least one module in design doesn't have timescale.
Completed simulation data flow analysis
Time Resolution for simulation is 1ps
Compiling module xil_defaultlib.rom
Compiling module xil_defaultlib.rom_tb
Compiling module xil_defaultlib.glbl
Built simulation snapshot rom_tb_behav

****** Webtalk v2018.3 (64-bit)
  **** SW Build 2405991 on Thu Dec  6 23:38:27 MST 2018
  **** IP Build 2404404 on Fri Dec  7 01:43:56 MST 2018
    ** Copyright 1986-2018 Xilinx, Inc. All Rights Reserved.

source C:/Users/lebray/Vivado-Workflow-Scripts/HW4T3_1/vivado_project/HW4T3_1.sim/sim_1/behav/xsim/xsim.dir/rom_tb_behav/webtalk/xsim_webtalk.tcl -notrace
INFO: [Common 17-206] Exiting Webtalk at Tue Feb 17 18:20:34 2026...
INFO: [USF-XSim-69] 'elaborate' step finished in '4' seconds
INFO: [USF-XSim-4] XSim::Simulate design
INFO: [USF-XSim-61] Executing 'SIMULATE' step in 'C:/Users/lebray/Vivado-Workflow-Scripts/HW4T3_1/vivado_project/HW4T3_1.sim/sim_1/behav/xsim'
INFO: [USF-XSim-98] *** Running xsim
   with args "rom_tb_behav -key {Behavioral:sim_1:Functional:rom_tb} -tclbatch {rom_tb.tcl} -log {simulate.log}"
INFO: [USF-XSim-8] Loading simulator feature
Vivado Simulator 2018.3
Time resolution is 1 ps
source rom_tb.tcl
# set curr_wave [current_wave_config]
# if { [string length $curr_wave] == 0 } {
#   if { [llength [get_objects]] > 0} {
#     add_wave /
#     set_property needs_save false [current_wave_config]
#   } else {
#      send_msg_id Add_Wave-1 WARNING "No top level signals found. Simulator will start without a wave window. If you want to open a wave window go to 'File->New Waveform Configuration' or type 'create_wave_config' in the TCL console."
#   }
# }
# run 1000ns
address = 00, data = 00, read_en = 0, ce = 0
address = 00, data = 00, read_en = 1, ce = 1
address = 00, data = 00, read_en = 0, ce = 0
address = 01, data = 01, read_en = 1, ce = 1
address = 00, data = 00, read_en = 0, ce = 0
address = 02, data = 02, read_en = 1, ce = 1
address = 00, data = 00, read_en = 0, ce = 0
address = 03, data = 03, read_en = 1, ce = 1
address = 00, data = 00, read_en = 0, ce = 0
address = 04, data = 04, read_en = 1, ce = 1
address = 00, data = 00, read_en = 0, ce = 0
address = 05, data = 05, read_en = 1, ce = 1
address = 00, data = 00, read_en = 0, ce = 0
address = 06, data = 06, read_en = 1, ce = 1
address = 00, data = 00, read_en = 0, ce = 0
address = 07, data = 07, read_en = 1, ce = 1
address = 00, data = 00, read_en = 0, ce = 0
address = 08, data = 08, read_en = 1, ce = 1
address = 00, data = 00, read_en = 0, ce = 0
address = 09, data = 09, read_en = 1, ce = 1
address = 00, data = 00, read_en = 0, ce = 0
address = 0a, data = 0a, read_en = 1, ce = 1
address = 00, data = 00, read_en = 0, ce = 0
address = 0b, data = 0b, read_en = 1, ce = 1
address = 00, data = 00, read_en = 0, ce = 0
address = 0c, data = 0c, read_en = 1, ce = 1
address = 00, data = 00, read_en = 0, ce = 0
address = 0d, data = 0d, read_en = 1, ce = 1
address = 00, data = 00, read_en = 0, ce = 0
address = 0e, data = 0e, read_en = 1, ce = 1
address = 00, data = 00, read_en = 0, ce = 0
address = 0f, data = 0f, read_en = 1, ce = 1
address = 00, data = 00, read_en = 0, ce = 0
address = 10, data = 10, read_en = 1, ce = 1
address = 00, data = 00, read_en = 0, ce = 0
address = 11, data = 11, read_en = 1, ce = 1
address = 00, data = 00, read_en = 0, ce = 0
address = 12, data = 12, read_en = 1, ce = 1
address = 00, data = 00, read_en = 0, ce = 0
address = 13, data = 13, read_en = 1, ce = 1
address = 00, data = 00, read_en = 0, ce = 0
address = 14, data = 14, read_en = 1, ce = 1
address = 00, data = 00, read_en = 0, ce = 0
address = 15, data = 15, read_en = 1, ce = 1
address = 00, data = 00, read_en = 0, ce = 0
address = 16, data = 16, read_en = 1, ce = 1
address = 00, data = 00, read_en = 0, ce = 0
address = 17, data = 17, read_en = 1, ce = 1
address = 00, data = 00, read_en = 0, ce = 0
address = 18, data = 18, read_en = 1, ce = 1
address = 00, data = 00, read_en = 0, ce = 0
address = 19, data = 19, read_en = 1, ce = 1
address = 00, data = 00, read_en = 0, ce = 0
address = 1a, data = 1a, read_en = 1, ce = 1
address = 00, data = 00, read_en = 0, ce = 0
address = 1b, data = 1b, read_en = 1, ce = 1
address = 00, data = 00, read_en = 0, ce = 0
address = 1c, data = 1c, read_en = 1, ce = 1
address = 00, data = 00, read_en = 0, ce = 0
address = 1d, data = 1d, read_en = 1, ce = 1
address = 00, data = 00, read_en = 0, ce = 0
address = 1e, data = 1e, read_en = 1, ce = 1
address = 00, data = 00, read_en = 0, ce = 0
address = 1f, data = 1f, read_en = 1, ce = 1
address = 00, data = 00, read_en = 0, ce = 0
address = 20, data = 20, read_en = 1, ce = 1
address = 00, data = 00, read_en = 0, ce = 0
address = 21, data = 21, read_en = 1, ce = 1
address = 00, data = 00, read_en = 0, ce = 0
address = 22, data = 22, read_en = 1, ce = 1
address = 00, data = 00, read_en = 0, ce = 0
address = 23, data = 23, read_en = 1, ce = 1
address = 00, data = 00, read_en = 0, ce = 0
address = 24, data = 24, read_en = 1, ce = 1
address = 00, data = 00, read_en = 0, ce = 0
address = 25, data = 25, read_en = 1, ce = 1
address = 00, data = 00, read_en = 0, ce = 0
address = 26, data = 26, read_en = 1, ce = 1
address = 00, data = 00, read_en = 0, ce = 0
address = 27, data = 27, read_en = 1, ce = 1
address = 00, data = 00, read_en = 0, ce = 0
address = 28, data = 28, read_en = 1, ce = 1
address = 00, data = 00, read_en = 0, ce = 0
address = 29, data = 29, read_en = 1, ce = 1
address = 00, data = 00, read_en = 0, ce = 0
address = 2a, data = 2a, read_en = 1, ce = 1
address = 00, data = 00, read_en = 0, ce = 0
address = 2b, data = 2b, read_en = 1, ce = 1
address = 00, data = 00, read_en = 0, ce = 0
address = 2c, data = 2c, read_en = 1, ce = 1
address = 00, data = 00, read_en = 0, ce = 0
address = 2d, data = 2d, read_en = 1, ce = 1
address = 00, data = 00, read_en = 0, ce = 0
address = 2e, data = 2e, read_en = 1, ce = 1
address = 00, data = 00, read_en = 0, ce = 0
address = 2f, data = 2f, read_en = 1, ce = 1
address = 00, data = 00, read_en = 0, ce = 0
address = 30, data = 30, read_en = 1, ce = 1
address = 00, data = 00, read_en = 0, ce = 0
address = 31, data = 31, read_en = 1, ce = 1
address = 00, data = 00, read_en = 0, ce = 0
address = 32, data = 32, read_en = 1, ce = 1
address = 00, data = 00, read_en = 0, ce = 0
address = 33, data = 33, read_en = 1, ce = 1
address = 00, data = 00, read_en = 0, ce = 0
address = 34, data = 34, read_en = 1, ce = 1
address = 00, data = 00, read_en = 0, ce = 0
address = 35, data = 35, read_en = 1, ce = 1
address = 00, data = 00, read_en = 0, ce = 0
address = 36, data = 36, read_en = 1, ce = 1
address = 00, data = 00, read_en = 0, ce = 0
address = 37, data = 37, read_en = 1, ce = 1
address = 00, data = 00, read_en = 0, ce = 0
address = 38, data = 38, read_en = 1, ce = 1
address = 00, data = 00, read_en = 0, ce = 0
address = 39, data = 39, read_en = 1, ce = 1
address = 00, data = 00, read_en = 0, ce = 0
address = 3a, data = 3a, read_en = 1, ce = 1
address = 00, data = 00, read_en = 0, ce = 0
address = 3b, data = 3b, read_en = 1, ce = 1
address = 00, data = 00, read_en = 0, ce = 0
address = 3c, data = 3c, read_en = 1, ce = 1
address = 00, data = 00, read_en = 0, ce = 0
address = 3d, data = 3d, read_en = 1, ce = 1
address = 00, data = 00, read_en = 0, ce = 0
address = 3e, data = 3e, read_en = 1, ce = 1
address = 00, data = 00, read_en = 0, ce = 0
address = 3f, data = 3f, read_en = 1, ce = 1
address = 00, data = 00, read_en = 0, ce = 0
address = 40, data = 40, read_en = 1, ce = 1
address = 00, data = 00, read_en = 0, ce = 0
address = 41, data = 41, read_en = 1, ce = 1
address = 00, data = 00, read_en = 0, ce = 0
address = 42, data = 42, read_en = 1, ce = 1
address = 00, data = 00, read_en = 0, ce = 0
address = 43, data = 43, read_en = 1, ce = 1
address = 00, data = 00, read_en = 0, ce = 0
address = 44, data = 44, read_en = 1, ce = 1
address = 00, data = 00, read_en = 0, ce = 0
address = 45, data = 45, read_en = 1, ce = 1
address = 00, data = 00, read_en = 0, ce = 0
address = 46, data = 46, read_en = 1, ce = 1
address = 00, data = 00, read_en = 0, ce = 0
address = 47, data = 47, read_en = 1, ce = 1
address = 00, data = 00, read_en = 0, ce = 0
address = 48, data = 48, read_en = 1, ce = 1
address = 00, data = 00, read_en = 0, ce = 0
address = 49, data = 49, read_en = 1, ce = 1
address = 00, data = 00, read_en = 0, ce = 0
address = 4a, data = 4a, read_en = 1, ce = 1
address = 00, data = 00, read_en = 0, ce = 0
address = 4b, data = 4b, read_en = 1, ce = 1
address = 00, data = 00, read_en = 0, ce = 0
address = 4c, data = 4c, read_en = 1, ce = 1
address = 00, data = 00, read_en = 0, ce = 0
address = 4d, data = 4d, read_en = 1, ce = 1
address = 00, data = 00, read_en = 0, ce = 0
address = 4e, data = 4e, read_en = 1, ce = 1
address = 00, data = 00, read_en = 0, ce = 0
address = 4f, data = 4f, read_en = 1, ce = 1
address = 00, data = 00, read_en = 0, ce = 0
address = 50, data = 50, read_en = 1, ce = 1
address = 00, data = 00, read_en = 0, ce = 0
address = 51, data = 51, read_en = 1, ce = 1
address = 00, data = 00, read_en = 0, ce = 0
address = 52, data = 52, read_en = 1, ce = 1
address = 00, data = 00, read_en = 0, ce = 0
address = 53, data = 53, read_en = 1, ce = 1
address = 00, data = 00, read_en = 0, ce = 0
address = 54, data = 54, read_en = 1, ce = 1
address = 00, data = 00, read_en = 0, ce = 0
address = 55, data = 55, read_en = 1, ce = 1
address = 00, data = 00, read_en = 0, ce = 0
address = 56, data = 56, read_en = 1, ce = 1
address = 00, data = 00, read_en = 0, ce = 0
address = 57, data = 57, read_en = 1, ce = 1
address = 00, data = 00, read_en = 0, ce = 0
address = 58, data = 58, read_en = 1, ce = 1
address = 00, data = 00, read_en = 0, ce = 0
address = 59, data = 59, read_en = 1, ce = 1
address = 00, data = 00, read_en = 0, ce = 0
address = 5a, data = 5a, read_en = 1, ce = 1
address = 00, data = 00, read_en = 0, ce = 0
address = 5b, data = 5b, read_en = 1, ce = 1
address = 00, data = 00, read_en = 0, ce = 0
address = 5c, data = 5c, read_en = 1, ce = 1
address = 00, data = 00, read_en = 0, ce = 0
address = 5d, data = 5d, read_en = 1, ce = 1
address = 00, data = 00, read_en = 0, ce = 0
address = 5e, data = 5e, read_en = 1, ce = 1
address = 00, data = 00, read_en = 0, ce = 0
address = 5f, data = 5f, read_en = 1, ce = 1
address = 00, data = 00, read_en = 0, ce = 0
address = 60, data = 60, read_en = 1, ce = 1
address = 00, data = 00, read_en = 0, ce = 0
address = 61, data = 61, read_en = 1, ce = 1
address = 00, data = 00, read_en = 0, ce = 0
address = 62, data = 62, read_en = 1, ce = 1
address = 00, data = 00, read_en = 0, ce = 0
INFO: [USF-XSim-96] XSim completed. Design snapshot 'rom_tb_behav' loaded.
INFO: [USF-XSim-97] XSim simulation ran for 1000ns
launch_simulation: Time (s): cpu = 00:00:03 ; elapsed = 00:00:06 . Memory (MB): peak = 712.180 ; gain = 9.352
close_sim
INFO: [Simtcl 6-16] Simulation closed
exit
INFO: [Common 17-206] Exiting Vivado at Tue Feb 17 18:24:13 2026...
