Copyright 1986-2018 Xilinx, Inc. All Rights Reserved.
-------------------------------------------------------------------------------------------------------------------------------------------------------------
| Tool Version     : Vivado v.2018.3 (win64) Build 2405991 Thu Dec  6 23:38:27 MST 2018
| Date             : Tue Apr  7 14:50:17 2026
| Host             : BH610-DRZVK84 running 64-bit major release  (build 9200)
| Command          : report_power -file interrupt_top_power_routed.rpt -pb interrupt_top_power_summary_routed.pb -rpx interrupt_top_power_routed.rpx
| Design           : interrupt_top
| Device           : xc7a35tcpg236-1
| Design State     : routed
| Grade            : commercial
| Process          : typical
| Characterization : Production
-------------------------------------------------------------------------------------------------------------------------------------------------------------

Power Report

Table of Contents
-----------------
1. Summary
1.1 On-Chip Components
1.2 Power Supply Summary
1.3 Confidence Level
2. Settings
2.1 Environment
2.2 Clock Constraints
3. Detailed Reports
3.1 By Hierarchy

1. Summary
----------

+--------------------------+--------------+
| Total On-Chip Power (W)  | 2.442        |
| Design Power Budget (W)  | Unspecified* |
| Power Budget Margin (W)  | NA           |
| Dynamic (W)              | 2.364        |
| Device Static (W)        | 0.078        |
| Effective TJA (C/W)      | 5.0          |
| Max Ambient (C)          | 72.8         |
| Junction Temperature (C) | 37.2         |
| Confidence Level         | Low          |
| Setting File             | ---          |
| Simulation Activity File | ---          |
| Design Nets Matched      | NA           |
+--------------------------+--------------+
* Specify Design Power Budget using, set_operating_conditions -design_power_budget <value in Watts>


1.1 On-Chip Components
----------------------

+--------------------------+-----------+----------+-----------+-----------------+
| On-Chip                  | Power (W) | Used     | Available | Utilization (%) |
+--------------------------+-----------+----------+-----------+-----------------+
| Slice Logic              |     1.144 |      320 |       --- |             --- |
|   LUT as Logic           |     0.868 |       90 |     20800 |            0.43 |
|   LUT as Distributed RAM |     0.169 |       24 |      9600 |            0.25 |
|   CARRY4                 |     0.052 |       15 |      8150 |            0.18 |
|   Register               |     0.049 |      113 |     41600 |            0.27 |
|   BUFG                   |     0.006 |        1 |        32 |            3.13 |
|   Others                 |     0.000 |       21 |       --- |             --- |
| Signals                  |     1.194 |      248 |       --- |             --- |
| Block RAM                |     0.018 |      0.5 |        50 |            1.00 |
| I/O                      |     0.009 |       18 |       106 |           16.98 |
| Static Power             |     0.078 |          |           |                 |
| Total                    |     2.442 |          |           |                 |
+--------------------------+-----------+----------+-----------+-----------------+


1.2 Power Supply Summary
------------------------

+-----------+-------------+-----------+-------------+------------+
| Source    | Voltage (V) | Total (A) | Dynamic (A) | Static (A) |
+-----------+-------------+-----------+-------------+------------+
| Vccint    |       1.000 |     2.377 |       2.362 |      0.015 |
| Vccaux    |       1.800 |     0.013 |       0.000 |      0.013 |
| Vcco33    |       3.300 |     0.001 |       0.000 |      0.001 |
| Vcco25    |       2.500 |     0.000 |       0.000 |      0.000 |
| Vcco18    |       1.800 |     0.000 |       0.000 |      0.000 |
| Vcco15    |       1.500 |     0.000 |       0.000 |      0.000 |
| Vcco135   |       1.350 |     0.000 |       0.000 |      0.000 |
| Vcco12    |       1.200 |     0.000 |       0.000 |      0.000 |
| Vccaux_io |       1.800 |     0.000 |       0.000 |      0.000 |
| Vccbram   |       1.000 |     0.002 |       0.001 |      0.000 |
| MGTAVcc   |       1.000 |     0.000 |       0.000 |      0.000 |
| MGTAVtt   |       1.200 |     0.000 |       0.000 |      0.000 |
| Vccadc    |       1.800 |     0.020 |       0.000 |      0.020 |
+-----------+-------------+-----------+-------------+------------+


1.3 Confidence Level
--------------------

+-----------------------------+------------+--------------------------------------------------------+--------------------------------------------------------------------------------------------------------------------+
| User Input Data             | Confidence | Details                                                | Action                                                                                                             |
+-----------------------------+------------+--------------------------------------------------------+--------------------------------------------------------------------------------------------------------------------+
| Design implementation state | High       | Design is routed                                       |                                                                                                                    |
| Clock nodes activity        | Low        | User specified less than 75% of clocks                 | Provide missing clock activity with a constraint file, simulation results or by editing the "By Clock Domain" view |
| I/O nodes activity          | Low        | More than 75% of inputs are missing user specification | Provide missing input activity with simulation results or by editing the "By Resource Type -> I/Os" view           |
| Internal nodes activity     | Medium     | User specified less than 25% of internal nodes         | Provide missing internal nodes activity with simulation results or by editing the "By Resource Type" views         |
| Device models               | High       | Device models are Production                           |                                                                                                                    |
|                             |            |                                                        |                                                                                                                    |
| Overall confidence level    | Low        |                                                        |                                                                                                                    |
+-----------------------------+------------+--------------------------------------------------------+--------------------------------------------------------------------------------------------------------------------+


2. Settings
-----------

2.1 Environment
---------------

+-----------------------+--------------------------+
| Ambient Temp (C)      | 25.0                     |
| ThetaJA (C/W)         | 5.0                      |
| Airflow (LFM)         | 250                      |
| Heat Sink             | medium (Medium Profile)  |
| ThetaSA (C/W)         | 4.6                      |
| Board Selection       | medium (10"x10")         |
| # of Board Layers     | 12to15 (12 to 15 Layers) |
| Board Temperature (C) | 25.0                     |
+-----------------------+--------------------------+


2.2 Clock Constraints
---------------------

+-------+--------+-----------------+
| Clock | Domain | Constraint (ns) |
+-------+--------+-----------------+


3. Detailed Reports
-------------------

3.1 By Hierarchy
----------------

+---------------------------------------------------------+-----------+
| Name                                                    | Power (W) |
+---------------------------------------------------------+-----------+
| interrupt_top                                           |     2.364 |
|   processor                                             |     2.008 |
|     active_interrupt_lut                                |     0.015 |
|     address_loop[0].output_data.pc_vector_mux_lut       |     0.013 |
|     address_loop[10].output_data.pc_vector_mux_lut      |     0.011 |
|     address_loop[2].output_data.pc_vector_mux_lut       |     0.012 |
|     address_loop[4].output_data.pc_vector_mux_lut       |     0.012 |
|     address_loop[6].output_data.pc_vector_mux_lut       |     0.010 |
|     address_loop[8].output_data.pc_vector_mux_lut       |     0.010 |
|     alu_decode0_lut                                     |     0.021 |
|     alu_decode1_lut                                     |     0.009 |
|     alu_decode2_lut                                     |     0.016 |
|     carry_flag_lut                                      |     0.015 |
|     data_path_loop[0].arith_logical_lut                 |     0.018 |
|     data_path_loop[0].lsb_shift_rotate.shift_rotate_lut |     0.027 |
|     data_path_loop[0].output_data.sy_kk_mux_lut         |     0.052 |
|     data_path_loop[0].second_operand.out_port_lut       |     0.019 |
|     data_path_loop[0].small_spm.small_spm_ram.spm_ram   |     0.026 |
|     data_path_loop[1].arith_logical_lut                 |     0.017 |
|     data_path_loop[2].arith_logical_lut                 |     0.016 |
|     data_path_loop[2].mid_shift_rotate.shift_rotate_lut |     0.023 |
|     data_path_loop[2].output_data.sy_kk_mux_lut         |     0.048 |
|     data_path_loop[2].second_operand.out_port_lut       |     0.019 |
|     data_path_loop[3].arith_logical_lut                 |     0.016 |
|     data_path_loop[4].arith_logical_lut                 |     0.017 |
|     data_path_loop[4].mid_shift_rotate.shift_rotate_lut |     0.025 |
|     data_path_loop[4].output_data.sy_kk_mux_lut         |     0.043 |
|     data_path_loop[4].second_operand.out_port_lut       |     0.020 |
|     data_path_loop[4].small_spm.small_spm_ram.spm_ram   |     0.026 |
|     data_path_loop[5].arith_logical_lut                 |     0.017 |
|     data_path_loop[6].arith_logical_lut                 |     0.017 |
|     data_path_loop[6].msb_shift_rotate.shift_rotate_lut |     0.025 |
|     data_path_loop[6].output_data.sy_kk_mux_lut         |     0.026 |
|     data_path_loop[6].second_operand.out_port_lut       |     0.020 |
|     data_path_loop[7].arith_logical_lut                 |     0.017 |
|     int_enable_type_lut                                 |     0.007 |
|     lower_reg_banks                                     |     0.145 |
|     move_type_lut                                       |     0.014 |
|     pc_mode1_lut                                        |     0.025 |
|     push_pop_lut                                        |     0.011 |
|     register_enable_lut                                 |     0.012 |
|     register_enable_type_lut                            |     0.014 |
|     reset_lut                                           |     0.018 |
|     stack_ram_high                                      |     0.012 |
|     stack_ram_low                                       |     0.019 |
|     t_state_lut                                         |     0.025 |
|     upper_reg_banks                                     |     0.142 |
|     use_zero_flag_lut                                   |     0.012 |
|   program_rom                                           |     0.226 |
+---------------------------------------------------------+-----------+


