Copyright 1986-2018 Xilinx, Inc. All Rights Reserved.
------------------------------------------------------------------------------------------
| Tool Version : Vivado v.2018.3 (win64) Build 2405991 Thu Dec  6 23:38:27 MST 2018
| Date         : Tue Apr  7 14:50:07 2026
| Host         : BH610-DRZVK84 running 64-bit major release  (build 9200)
| Command      : report_control_sets -verbose -file interrupt_top_control_sets_placed.rpt
| Design       : interrupt_top
| Device       : xc7a35t
------------------------------------------------------------------------------------------

Control Set Information

Table of Contents
-----------------
1. Summary
2. Histogram
3. Flip-Flop Distribution
4. Detailed Control Set Information

1. Summary
----------

+----------------------------------------------------------+-------+
|                          Status                          | Count |
+----------------------------------------------------------+-------+
| Number of unique control sets                            |    12 |
| Unused register locations in slices containing registers |    31 |
+----------------------------------------------------------+-------+


2. Histogram
------------

+--------+--------------+
| Fanout | Control Sets |
+--------+--------------+
|      1 |            1 |
|      2 |            1 |
|      4 |            1 |
|      6 |            1 |
|      8 |            3 |
|     12 |            1 |
|    16+ |            4 |
+--------+--------------+


3. Flip-Flop Distribution
-------------------------

+--------------+-----------------------+------------------------+-----------------+--------------+
| Clock Enable | Synchronous Set/Reset | Asynchronous Set/Reset | Total Registers | Total Slices |
+--------------+-----------------------+------------------------+-----------------+--------------+
| No           | No                    | No                     |              52 |           14 |
| No           | No                    | Yes                    |               0 |            0 |
| No           | Yes                   | No                     |              38 |           14 |
| Yes          | No                    | No                     |               9 |            5 |
| Yes          | No                    | Yes                    |               0 |            0 |
| Yes          | Yes                   | No                     |              14 |            4 |
+--------------+-----------------------+------------------------+-----------------+--------------+


4. Detailed Control Set Information
-----------------------------------

+----------------------+---------------------------+----------------------------+------------------+----------------+
|     Clock Signal     |       Enable Signal       |      Set/Reset Signal      | Slice Load Count | Bel Load Count |
+----------------------+---------------------------+----------------------------+------------------+----------------+
|  CLK100MHZ_IBUF_BUFG | btn_clean1_out            |                            |                1 |              1 |
|  CLK100MHZ_IBUF_BUFG | processor/flag_enable     | processor/internal_reset   |                1 |              2 |
|  CLK100MHZ_IBUF_BUFG |                           | processor/active_interrupt |                2 |              4 |
|  CLK100MHZ_IBUF_BUFG |                           | processor/internal_reset   |                3 |              6 |
|  CLK100MHZ_IBUF_BUFG |                           | program_rom/instruction[7] |                4 |              8 |
|  CLK100MHZ_IBUF_BUFG | processor/spm_enable      |                            |                2 |              8 |
|  CLK100MHZ_IBUF_BUFG | processor/E[0]            |                            |                4 |              8 |
|  CLK100MHZ_IBUF_BUFG | processor/t_state_0       | processor/internal_reset   |                3 |             12 |
|  CLK100MHZ_IBUF_BUFG | processor/register_enable |                            |                2 |             16 |
|  CLK100MHZ_IBUF_BUFG | processor/t_state_0       |                            |                2 |             16 |
|  CLK100MHZ_IBUF_BUFG |                           | db_count[0]_i_1_n_0        |                5 |             20 |
|  CLK100MHZ_IBUF_BUFG |                           |                            |               14 |             52 |
+----------------------+---------------------------+----------------------------+------------------+----------------+


