Copyright 1986-2018 Xilinx, Inc. All Rights Reserved.
-------------------------------------------------------------------------------------------
| Tool Version : Vivado v.2018.3 (win64) Build 2405991 Thu Dec  6 23:38:27 MST 2018
| Date         : Mon Feb 23 13:35:53 2026
| Host         : BH610-DRZVK84 running 64-bit major release  (build 9200)
| Command      : report_control_sets -verbose -file LCD_driver_top_control_sets_placed.rpt
| Design       : LCD_driver_top
| Device       : xc7a35t
-------------------------------------------------------------------------------------------

Control Set Information

Table of Contents
-----------------
1. Summary
2. Histogram
3. Flip-Flop Distribution
4. Detailed Control Set Information

1. Summary
----------

+----------------------------------------------------------+-------+
|                          Status                          | Count |
+----------------------------------------------------------+-------+
| Number of unique control sets                            |     7 |
| Unused register locations in slices containing registers |    18 |
+----------------------------------------------------------+-------+


2. Histogram
------------

+--------+--------------+
| Fanout | Control Sets |
+--------+--------------+
|      2 |            1 |
|      4 |            2 |
|      6 |            1 |
|      7 |            1 |
|    16+ |            2 |
+--------+--------------+


3. Flip-Flop Distribution
-------------------------

+--------------+-----------------------+------------------------+-----------------+--------------+
| Clock Enable | Synchronous Set/Reset | Asynchronous Set/Reset | Total Registers | Total Slices |
+--------------+-----------------------+------------------------+-----------------+--------------+
| No           | No                    | No                     |               8 |            3 |
| No           | No                    | Yes                    |               0 |            0 |
| No           | Yes                   | No                     |               0 |            0 |
| Yes          | No                    | No                     |              46 |           10 |
| Yes          | No                    | Yes                    |               0 |            0 |
| Yes          | Yes                   | No                     |              40 |           10 |
+--------------+-----------------------+------------------------+-----------------+--------------+


4. Detailed Control Set Information
-----------------------------------

+----------------+--------------------------+----------------------+------------------+----------------+
|  Clock Signal  |       Enable Signal      |   Set/Reset Signal   | Slice Load Count | Bel Load Count |
+----------------+--------------------------+----------------------+------------------+----------------+
|  clk_IBUF_BUFG |                          |                      |                2 |              2 |
|  clk_IBUF_BUFG | index_rep[3]_i_2_n_0     | index_rep[3]_i_1_n_0 |                1 |              4 |
|  clk_IBUF_BUFG | index_rep[3]_i_2_n_0     | index[3]_i_1_n_0     |                1 |              4 |
| ~clk_IBUF_BUFG |                          |                      |                1 |              6 |
|  clk_IBUF_BUFG | index_rep[3]_i_2_n_0     |                      |                1 |              7 |
|  clk_IBUF_BUFG | counter[0]_i_1_n_0       | index_rep[3]_i_2_n_0 |                8 |             32 |
| ~clk_IBUF_BUFG | lcd1/data_out[6]_i_1_n_0 |                      |                9 |             39 |
+----------------+--------------------------+----------------------+------------------+----------------+


