Copyright 1986-2018 Xilinx, Inc. All Rights Reserved.
-----------------------------------------------------------------------------------------------------------------------------------------------------------------------------------------------------------------
| Tool Version : Vivado v.2018.3 (win64) Build 2405991 Thu Dec  6 23:38:27 MST 2018
| Date         : Mon Feb 23 13:36:02 2026
| Host         : BH610-DRZVK84 running 64-bit major release  (build 9200)
| Command      : report_timing_summary -max_paths 10 -file LCD_driver_top_timing_summary_routed.rpt -pb LCD_driver_top_timing_summary_routed.pb -rpx LCD_driver_top_timing_summary_routed.rpx -warn_on_violation
| Design       : LCD_driver_top
| Device       : 7a35t-cpg236
| Speed File   : -1  PRODUCTION 1.23 2018-06-13
-----------------------------------------------------------------------------------------------------------------------------------------------------------------------------------------------------------------

Timing Summary Report

------------------------------------------------------------------------------------------------
| Timer Settings
| --------------
------------------------------------------------------------------------------------------------

  Enable Multi Corner Analysis               :  Yes
  Enable Pessimism Removal                   :  Yes
  Pessimism Removal Resolution               :  Nearest Common Node
  Enable Input Delay Default Clock           :  No
  Enable Preset / Clear Arcs                 :  No
  Disable Flight Delays                      :  No
  Ignore I/O Paths                           :  No
  Timing Early Launch at Borrowing Latches   :  false

  Corner  Analyze    Analyze    
  Name    Max Paths  Min Paths  
  ------  ---------  ---------  
  Slow    Yes        Yes        
  Fast    Yes        Yes        



check_timing report

Table of Contents
-----------------
1. checking no_clock
2. checking constant_clock
3. checking pulse_width_clock
4. checking unconstrained_internal_endpoints
5. checking no_input_delay
6. checking no_output_delay
7. checking multiple_clock
8. checking generated_clocks
9. checking loops
10. checking partial_input_delay
11. checking partial_output_delay
12. checking latch_loops

1. checking no_clock
--------------------
 There are 0 register/latch pins with no clock.


2. checking constant_clock
--------------------------
 There are 0 register/latch pins with constant_clock.


3. checking pulse_width_clock
-----------------------------
 There are 0 register/latch pins which need pulse_width check


4. checking unconstrained_internal_endpoints
--------------------------------------------
 There are 0 pins that are not constrained for maximum delay.

 There are 0 pins that are not constrained for maximum delay due to constant clock.


5. checking no_input_delay
--------------------------
 There are 0 input ports with no input delay specified.

 There are 0 input ports with no input delay but user has a false path constraint.


6. checking no_output_delay
---------------------------
 There are 9 ports with no output delay specified. (HIGH)

 There are 0 ports with no output delay but user has a false path constraint

 There are 0 ports with no output delay but with a timing clock defined on it or propagating through it


7. checking multiple_clock
--------------------------
 There are 0 register/latch pins with multiple clocks.


8. checking generated_clocks
----------------------------
 There are 0 generated clocks that are not connected to a clock source.


9. checking loops
-----------------
 There are 0 combinational loops in the design.


10. checking partial_input_delay
--------------------------------
 There are 0 input ports with partial input delay specified.


11. checking partial_output_delay
---------------------------------
 There are 0 ports with partial output delay specified.


12. checking latch_loops
------------------------
 There are 0 combinational latch loops in the design through latch input



------------------------------------------------------------------------------------------------
| Design Timing Summary
| ---------------------
------------------------------------------------------------------------------------------------

    WNS(ns)      TNS(ns)  TNS Failing Endpoints  TNS Total Endpoints      WHS(ns)      THS(ns)  THS Failing Endpoints  THS Total Endpoints     WPWS(ns)     TPWS(ns)  TPWS Failing Endpoints  TPWS Total Endpoints  
    -------      -------  ---------------------  -------------------      -------      -------  ---------------------  -------------------     --------     --------  ----------------------  --------------------  
      3.758        0.000                      0                  220        0.212        0.000                      0                  220        4.500        0.000                       0                    95  


All user specified timing constraints are met.


------------------------------------------------------------------------------------------------
| Clock Summary
| -------------
------------------------------------------------------------------------------------------------

Clock        Waveform(ns)       Period(ns)      Frequency(MHz)
-----        ------------       ----------      --------------
sys_clk_pin  {0.000 5.000}      10.000          100.000         


------------------------------------------------------------------------------------------------
| Intra Clock Table
| -----------------
------------------------------------------------------------------------------------------------

Clock             WNS(ns)      TNS(ns)  TNS Failing Endpoints  TNS Total Endpoints      WHS(ns)      THS(ns)  THS Failing Endpoints  THS Total Endpoints     WPWS(ns)     TPWS(ns)  TPWS Failing Endpoints  TPWS Total Endpoints  
-----             -------      -------  ---------------------  -------------------      -------      -------  ---------------------  -------------------     --------     --------  ----------------------  --------------------  
sys_clk_pin         3.758        0.000                      0                  220        0.212        0.000                      0                  220        4.500        0.000                       0                    95  


------------------------------------------------------------------------------------------------
| Inter Clock Table
| -----------------
------------------------------------------------------------------------------------------------

From Clock    To Clock          WNS(ns)      TNS(ns)  TNS Failing Endpoints  TNS Total Endpoints      WHS(ns)      THS(ns)  THS Failing Endpoints  THS Total Endpoints  
----------    --------          -------      -------  ---------------------  -------------------      -------      -------  ---------------------  -------------------  


------------------------------------------------------------------------------------------------
| Other Path Groups Table
| -----------------------
------------------------------------------------------------------------------------------------

Path Group    From Clock    To Clock          WNS(ns)      TNS(ns)  TNS Failing Endpoints  TNS Total Endpoints      WHS(ns)      THS(ns)  THS Failing Endpoints  THS Total Endpoints  
----------    ----------    --------          -------      -------  ---------------------  -------------------      -------      -------  ---------------------  -------------------  


------------------------------------------------------------------------------------------------
| Timing Details
| --------------
------------------------------------------------------------------------------------------------


---------------------------------------------------------------------------------------------------
From Clock:  sys_clk_pin
  To Clock:  sys_clk_pin

Setup :            0  Failing Endpoints,  Worst Slack        3.758ns,  Total Violation        0.000ns
Hold  :            0  Failing Endpoints,  Worst Slack        0.212ns,  Total Violation        0.000ns
PW    :            0  Failing Endpoints,  Worst Slack        4.500ns,  Total Violation        0.000ns
---------------------------------------------------------------------------------------------------


Max Delay Paths
--------------------------------------------------------------------------------------
Slack (MET) :             3.758ns  (required time - arrival time)
  Source:                 data_in_reg[0]/C
                            (rising edge-triggered cell FDRE clocked by sys_clk_pin  {rise@0.000ns fall@5.000ns period=10.000ns})
  Destination:            lcd1/data_out_reg[0]/D
                            (falling edge-triggered cell FDRE clocked by sys_clk_pin  {rise@0.000ns fall@5.000ns period=10.000ns})
  Path Group:             sys_clk_pin
  Path Type:              Setup (Max at Slow Process Corner)
  Requirement:            5.000ns  (sys_clk_pin fall@5.000ns - sys_clk_pin rise@0.000ns)
  Data Path Delay:        1.269ns  (logic 0.580ns (45.702%)  route 0.689ns (54.298%))
  Logic Levels:           1  (LUT3=1)
  Clock Path Skew:        -0.022ns (DCD - SCD + CPR)
    Destination Clock Delay (DCD):    4.851ns = ( 9.851 - 5.000 ) 
    Source Clock Delay      (SCD):    5.148ns
    Clock Pessimism Removal (CPR):    0.275ns
  Clock Uncertainty:      0.035ns  ((TSJ^2 + TIJ^2)^1/2 + DJ) / 2 + PE
    Total System Jitter     (TSJ):    0.071ns
    Total Input Jitter      (TIJ):    0.000ns
    Discrete Jitter          (DJ):    0.000ns
    Phase Error              (PE):    0.000ns

    Location             Delay type                Incr(ns)  Path(ns)    Netlist Resource(s)
  -------------------------------------------------------------------    -------------------
                         (clock sys_clk_pin rise edge)
                                                      0.000     0.000 r  
    W5                                                0.000     0.000 r  clk (IN)
                         net (fo=0)                   0.000     0.000    clk
    W5                   IBUF (Prop_ibuf_I_O)         1.458     1.458 r  clk_IBUF_inst/O
                         net (fo=1, routed)           1.967     3.425    clk_IBUF
    BUFGCTRL_X0Y0        BUFG (Prop_bufg_I_O)         0.096     3.521 r  clk_IBUF_BUFG_inst/O
                         net (fo=94, routed)          1.627     5.148    clk_IBUF_BUFG
    SLICE_X65Y97         FDRE                                         r  data_in_reg[0]/C
  -------------------------------------------------------------------    -------------------
    SLICE_X65Y97         FDRE (Prop_fdre_C_Q)         0.456     5.604 r  data_in_reg[0]/Q
                         net (fo=1, routed)           0.689     6.293    lcd1/Q[0]
    SLICE_X64Y97         LUT3 (Prop_lut3_I0_O)        0.124     6.417 r  lcd1/data_out[0]_i_1/O
                         net (fo=1, routed)           0.000     6.417    lcd1/data_out[0]_i_1_n_0
    SLICE_X64Y97         FDRE                                         r  lcd1/data_out_reg[0]/D
  -------------------------------------------------------------------    -------------------

                         (clock sys_clk_pin fall edge)
                                                      5.000     5.000 f  
    W5                                                0.000     5.000 f  clk (IN)
                         net (fo=0)                   0.000     5.000    clk
    W5                   IBUF (Prop_ibuf_I_O)         1.388     6.388 f  clk_IBUF_inst/O
                         net (fo=1, routed)           1.862     8.250    clk_IBUF
    BUFGCTRL_X0Y0        BUFG (Prop_bufg_I_O)         0.091     8.341 f  clk_IBUF_BUFG_inst/O
                         net (fo=94, routed)          1.510     9.851    lcd1/clk_IBUF_BUFG
    SLICE_X64Y97         FDRE                                         r  lcd1/data_out_reg[0]/C  (IS_INVERTED)
                         clock pessimism              0.275    10.126    
                         clock uncertainty           -0.035    10.091    
    SLICE_X64Y97         FDRE (Setup_fdre_C_D)        0.084    10.175    lcd1/data_out_reg[0]
  -------------------------------------------------------------------
                         required time                         10.175    
                         arrival time                          -6.417    
  -------------------------------------------------------------------
                         slack                                  3.758    

Slack (MET) :             3.779ns  (required time - arrival time)
  Source:                 data_in_reg[2]/C
                            (rising edge-triggered cell FDRE clocked by sys_clk_pin  {rise@0.000ns fall@5.000ns period=10.000ns})
  Destination:            lcd1/data_out_reg[2]/D
                            (falling edge-triggered cell FDRE clocked by sys_clk_pin  {rise@0.000ns fall@5.000ns period=10.000ns})
  Path Group:             sys_clk_pin
  Path Type:              Setup (Max at Slow Process Corner)
  Requirement:            5.000ns  (sys_clk_pin fall@5.000ns - sys_clk_pin rise@0.000ns)
  Data Path Delay:        1.250ns  (logic 0.580ns (46.396%)  route 0.670ns (53.604%))
  Logic Levels:           1  (LUT3=1)
  Clock Path Skew:        -0.022ns (DCD - SCD + CPR)
    Destination Clock Delay (DCD):    4.851ns = ( 9.851 - 5.000 ) 
    Source Clock Delay      (SCD):    5.148ns
    Clock Pessimism Removal (CPR):    0.275ns
  Clock Uncertainty:      0.035ns  ((TSJ^2 + TIJ^2)^1/2 + DJ) / 2 + PE
    Total System Jitter     (TSJ):    0.071ns
    Total Input Jitter      (TIJ):    0.000ns
    Discrete Jitter          (DJ):    0.000ns
    Phase Error              (PE):    0.000ns

    Location             Delay type                Incr(ns)  Path(ns)    Netlist Resource(s)
  -------------------------------------------------------------------    -------------------
                         (clock sys_clk_pin rise edge)
                                                      0.000     0.000 r  
    W5                                                0.000     0.000 r  clk (IN)
                         net (fo=0)                   0.000     0.000    clk
    W5                   IBUF (Prop_ibuf_I_O)         1.458     1.458 r  clk_IBUF_inst/O
                         net (fo=1, routed)           1.967     3.425    clk_IBUF
    BUFGCTRL_X0Y0        BUFG (Prop_bufg_I_O)         0.096     3.521 r  clk_IBUF_BUFG_inst/O
                         net (fo=94, routed)          1.627     5.148    clk_IBUF_BUFG
    SLICE_X65Y97         FDRE                                         r  data_in_reg[2]/C
  -------------------------------------------------------------------    -------------------
    SLICE_X65Y97         FDRE (Prop_fdre_C_Q)         0.456     5.604 r  data_in_reg[2]/Q
                         net (fo=1, routed)           0.670     6.274    lcd1/Q[2]
    SLICE_X64Y97         LUT3 (Prop_lut3_I0_O)        0.124     6.398 r  lcd1/data_out[2]_i_1/O
                         net (fo=1, routed)           0.000     6.398    lcd1/data_out[2]_i_1_n_0
    SLICE_X64Y97         FDRE                                         r  lcd1/data_out_reg[2]/D
  -------------------------------------------------------------------    -------------------

                         (clock sys_clk_pin fall edge)
                                                      5.000     5.000 f  
    W5                                                0.000     5.000 f  clk (IN)
                         net (fo=0)                   0.000     5.000    clk
    W5                   IBUF (Prop_ibuf_I_O)         1.388     6.388 f  clk_IBUF_inst/O
                         net (fo=1, routed)           1.862     8.250    clk_IBUF
    BUFGCTRL_X0Y0        BUFG (Prop_bufg_I_O)         0.091     8.341 f  clk_IBUF_BUFG_inst/O
                         net (fo=94, routed)          1.510     9.851    lcd1/clk_IBUF_BUFG
    SLICE_X64Y97         FDRE                                         r  lcd1/data_out_reg[2]/C  (IS_INVERTED)
                         clock pessimism              0.275    10.126    
                         clock uncertainty           -0.035    10.091    
    SLICE_X64Y97         FDRE (Setup_fdre_C_D)        0.086    10.177    lcd1/data_out_reg[2]
  -------------------------------------------------------------------
                         required time                         10.177    
                         arrival time                          -6.398    
  -------------------------------------------------------------------
                         slack                                  3.779    

Slack (MET) :             3.801ns  (required time - arrival time)
  Source:                 data_in_reg[4]/C
                            (rising edge-triggered cell FDRE clocked by sys_clk_pin  {rise@0.000ns fall@5.000ns period=10.000ns})
  Destination:            lcd1/data_out_reg[4]/D
                            (falling edge-triggered cell FDRE clocked by sys_clk_pin  {rise@0.000ns fall@5.000ns period=10.000ns})
  Path Group:             sys_clk_pin
  Path Type:              Setup (Max at Slow Process Corner)
  Requirement:            5.000ns  (sys_clk_pin fall@5.000ns - sys_clk_pin rise@0.000ns)
  Data Path Delay:        1.265ns  (logic 0.744ns (58.836%)  route 0.521ns (41.164%))
  Logic Levels:           1  (LUT4=1)
  Clock Path Skew:        -0.022ns (DCD - SCD + CPR)
    Destination Clock Delay (DCD):    4.851ns = ( 9.851 - 5.000 ) 
    Source Clock Delay      (SCD):    5.148ns
    Clock Pessimism Removal (CPR):    0.275ns
  Clock Uncertainty:      0.035ns  ((TSJ^2 + TIJ^2)^1/2 + DJ) / 2 + PE
    Total System Jitter     (TSJ):    0.071ns
    Total Input Jitter      (TIJ):    0.000ns
    Discrete Jitter          (DJ):    0.000ns
    Phase Error              (PE):    0.000ns

    Location             Delay type                Incr(ns)  Path(ns)    Netlist Resource(s)
  -------------------------------------------------------------------    -------------------
                         (clock sys_clk_pin rise edge)
                                                      0.000     0.000 r  
    W5                                                0.000     0.000 r  clk (IN)
                         net (fo=0)                   0.000     0.000    clk
    W5                   IBUF (Prop_ibuf_I_O)         1.458     1.458 r  clk_IBUF_inst/O
                         net (fo=1, routed)           1.967     3.425    clk_IBUF
    BUFGCTRL_X0Y0        BUFG (Prop_bufg_I_O)         0.096     3.521 r  clk_IBUF_BUFG_inst/O
                         net (fo=94, routed)          1.627     5.148    clk_IBUF_BUFG
    SLICE_X65Y97         FDRE                                         r  data_in_reg[4]/C
  -------------------------------------------------------------------    -------------------
    SLICE_X65Y97         FDRE (Prop_fdre_C_Q)         0.419     5.567 r  data_in_reg[4]/Q
                         net (fo=1, routed)           0.521     6.087    lcd1/Q[4]
    SLICE_X64Y97         LUT4 (Prop_lut4_I0_O)        0.325     6.412 r  lcd1/data_out[4]_i_1/O
                         net (fo=1, routed)           0.000     6.412    lcd1/data_out[4]_i_1_n_0
    SLICE_X64Y97         FDRE                                         r  lcd1/data_out_reg[4]/D
  -------------------------------------------------------------------    -------------------

                         (clock sys_clk_pin fall edge)
                                                      5.000     5.000 f  
    W5                                                0.000     5.000 f  clk (IN)
                         net (fo=0)                   0.000     5.000    clk
    W5                   IBUF (Prop_ibuf_I_O)         1.388     6.388 f  clk_IBUF_inst/O
                         net (fo=1, routed)           1.862     8.250    clk_IBUF
    BUFGCTRL_X0Y0        BUFG (Prop_bufg_I_O)         0.091     8.341 f  clk_IBUF_BUFG_inst/O
                         net (fo=94, routed)          1.510     9.851    lcd1/clk_IBUF_BUFG
    SLICE_X64Y97         FDRE                                         r  lcd1/data_out_reg[4]/C  (IS_INVERTED)
                         clock pessimism              0.275    10.126    
                         clock uncertainty           -0.035    10.091    
    SLICE_X64Y97         FDRE (Setup_fdre_C_D)        0.123    10.214    lcd1/data_out_reg[4]
  -------------------------------------------------------------------
                         required time                         10.214    
                         arrival time                          -6.412    
  -------------------------------------------------------------------
                         slack                                  3.801    

Slack (MET) :             3.801ns  (required time - arrival time)
  Source:                 data_in_reg[5]/C
                            (rising edge-triggered cell FDRE clocked by sys_clk_pin  {rise@0.000ns fall@5.000ns period=10.000ns})
  Destination:            lcd1/data_out_reg[5]/D
                            (falling edge-triggered cell FDRE clocked by sys_clk_pin  {rise@0.000ns fall@5.000ns period=10.000ns})
  Path Group:             sys_clk_pin
  Path Type:              Setup (Max at Slow Process Corner)
  Requirement:            5.000ns  (sys_clk_pin fall@5.000ns - sys_clk_pin rise@0.000ns)
  Data Path Delay:        1.264ns  (logic 0.740ns (58.535%)  route 0.524ns (41.465%))
  Logic Levels:           1  (LUT4=1)
  Clock Path Skew:        -0.022ns (DCD - SCD + CPR)
    Destination Clock Delay (DCD):    4.851ns = ( 9.851 - 5.000 ) 
    Source Clock Delay      (SCD):    5.148ns
    Clock Pessimism Removal (CPR):    0.275ns
  Clock Uncertainty:      0.035ns  ((TSJ^2 + TIJ^2)^1/2 + DJ) / 2 + PE
    Total System Jitter     (TSJ):    0.071ns
    Total Input Jitter      (TIJ):    0.000ns
    Discrete Jitter          (DJ):    0.000ns
    Phase Error              (PE):    0.000ns

    Location             Delay type                Incr(ns)  Path(ns)    Netlist Resource(s)
  -------------------------------------------------------------------    -------------------
                         (clock sys_clk_pin rise edge)
                                                      0.000     0.000 r  
    W5                                                0.000     0.000 r  clk (IN)
                         net (fo=0)                   0.000     0.000    clk
    W5                   IBUF (Prop_ibuf_I_O)         1.458     1.458 r  clk_IBUF_inst/O
                         net (fo=1, routed)           1.967     3.425    clk_IBUF
    BUFGCTRL_X0Y0        BUFG (Prop_bufg_I_O)         0.096     3.521 r  clk_IBUF_BUFG_inst/O
                         net (fo=94, routed)          1.627     5.148    clk_IBUF_BUFG
    SLICE_X65Y97         FDRE                                         r  data_in_reg[5]/C
  -------------------------------------------------------------------    -------------------
    SLICE_X65Y97         FDRE (Prop_fdre_C_Q)         0.419     5.567 r  data_in_reg[5]/Q
                         net (fo=1, routed)           0.524     6.091    lcd1/Q[5]
    SLICE_X64Y97         LUT4 (Prop_lut4_I0_O)        0.321     6.412 r  lcd1/data_out[5]_i_1/O
                         net (fo=1, routed)           0.000     6.412    lcd1/data_out[5]_i_1_n_0
    SLICE_X64Y97         FDRE                                         r  lcd1/data_out_reg[5]/D
  -------------------------------------------------------------------    -------------------

                         (clock sys_clk_pin fall edge)
                                                      5.000     5.000 f  
    W5                                                0.000     5.000 f  clk (IN)
                         net (fo=0)                   0.000     5.000    clk
    W5                   IBUF (Prop_ibuf_I_O)         1.388     6.388 f  clk_IBUF_inst/O
                         net (fo=1, routed)           1.862     8.250    clk_IBUF
    BUFGCTRL_X0Y0        BUFG (Prop_bufg_I_O)         0.091     8.341 f  clk_IBUF_BUFG_inst/O
                         net (fo=94, routed)          1.510     9.851    lcd1/clk_IBUF_BUFG
    SLICE_X64Y97         FDRE                                         r  lcd1/data_out_reg[5]/C  (IS_INVERTED)
                         clock pessimism              0.275    10.126    
                         clock uncertainty           -0.035    10.091    
    SLICE_X64Y97         FDRE (Setup_fdre_C_D)        0.123    10.214    lcd1/data_out_reg[5]
  -------------------------------------------------------------------
                         required time                         10.214    
                         arrival time                          -6.412    
  -------------------------------------------------------------------
                         slack                                  3.801    

Slack (MET) :             3.915ns  (required time - arrival time)
  Source:                 data_in_reg[6]/C
                            (rising edge-triggered cell FDRE clocked by sys_clk_pin  {rise@0.000ns fall@5.000ns period=10.000ns})
  Destination:            lcd1/data_out_reg[6]/D
                            (falling edge-triggered cell FDRE clocked by sys_clk_pin  {rise@0.000ns fall@5.000ns period=10.000ns})
  Path Group:             sys_clk_pin
  Path Type:              Setup (Max at Slow Process Corner)
  Requirement:            5.000ns  (sys_clk_pin fall@5.000ns - sys_clk_pin rise@0.000ns)
  Data Path Delay:        1.151ns  (logic 0.711ns (61.784%)  route 0.440ns (38.216%))
  Logic Levels:           1  (LUT2=1)
  Clock Path Skew:        -0.022ns (DCD - SCD + CPR)
    Destination Clock Delay (DCD):    4.851ns = ( 9.851 - 5.000 ) 
    Source Clock Delay      (SCD):    5.148ns
    Clock Pessimism Removal (CPR):    0.275ns
  Clock Uncertainty:      0.035ns  ((TSJ^2 + TIJ^2)^1/2 + DJ) / 2 + PE
    Total System Jitter     (TSJ):    0.071ns
    Total Input Jitter      (TIJ):    0.000ns
    Discrete Jitter          (DJ):    0.000ns
    Phase Error              (PE):    0.000ns

    Location             Delay type                Incr(ns)  Path(ns)    Netlist Resource(s)
  -------------------------------------------------------------------    -------------------
                         (clock sys_clk_pin rise edge)
                                                      0.000     0.000 r  
    W5                                                0.000     0.000 r  clk (IN)
                         net (fo=0)                   0.000     0.000    clk
    W5                   IBUF (Prop_ibuf_I_O)         1.458     1.458 r  clk_IBUF_inst/O
                         net (fo=1, routed)           1.967     3.425    clk_IBUF
    BUFGCTRL_X0Y0        BUFG (Prop_bufg_I_O)         0.096     3.521 r  clk_IBUF_BUFG_inst/O
                         net (fo=94, routed)          1.627     5.148    clk_IBUF_BUFG
    SLICE_X65Y97         FDRE                                         r  data_in_reg[6]/C
  -------------------------------------------------------------------    -------------------
    SLICE_X65Y97         FDRE (Prop_fdre_C_Q)         0.419     5.567 r  data_in_reg[6]/Q
                         net (fo=1, routed)           0.440     6.007    lcd1/Q[6]
    SLICE_X64Y97         LUT2 (Prop_lut2_I1_O)        0.292     6.299 r  lcd1/data_out[6]_i_2/O
                         net (fo=1, routed)           0.000     6.299    lcd1/data_out[6]_i_2_n_0
    SLICE_X64Y97         FDRE                                         r  lcd1/data_out_reg[6]/D
  -------------------------------------------------------------------    -------------------

                         (clock sys_clk_pin fall edge)
                                                      5.000     5.000 f  
    W5                                                0.000     5.000 f  clk (IN)
                         net (fo=0)                   0.000     5.000    clk
    W5                   IBUF (Prop_ibuf_I_O)         1.388     6.388 f  clk_IBUF_inst/O
                         net (fo=1, routed)           1.862     8.250    clk_IBUF
    BUFGCTRL_X0Y0        BUFG (Prop_bufg_I_O)         0.091     8.341 f  clk_IBUF_BUFG_inst/O
                         net (fo=94, routed)          1.510     9.851    lcd1/clk_IBUF_BUFG
    SLICE_X64Y97         FDRE                                         r  lcd1/data_out_reg[6]/C  (IS_INVERTED)
                         clock pessimism              0.275    10.126    
                         clock uncertainty           -0.035    10.091    
    SLICE_X64Y97         FDRE (Setup_fdre_C_D)        0.123    10.214    lcd1/data_out_reg[6]
  -------------------------------------------------------------------
                         required time                         10.214    
                         arrival time                          -6.299    
  -------------------------------------------------------------------
                         slack                                  3.915    

Slack (MET) :             3.993ns  (required time - arrival time)
  Source:                 data_in_reg[1]/C
                            (rising edge-triggered cell FDRE clocked by sys_clk_pin  {rise@0.000ns fall@5.000ns period=10.000ns})
  Destination:            lcd1/data_out_reg[1]/D
                            (falling edge-triggered cell FDRE clocked by sys_clk_pin  {rise@0.000ns fall@5.000ns period=10.000ns})
  Path Group:             sys_clk_pin
  Path Type:              Setup (Max at Slow Process Corner)
  Requirement:            5.000ns  (sys_clk_pin fall@5.000ns - sys_clk_pin rise@0.000ns)
  Data Path Delay:        1.032ns  (logic 0.580ns (56.196%)  route 0.452ns (43.804%))
  Logic Levels:           1  (LUT3=1)
  Clock Path Skew:        -0.022ns (DCD - SCD + CPR)
    Destination Clock Delay (DCD):    4.851ns = ( 9.851 - 5.000 ) 
    Source Clock Delay      (SCD):    5.148ns
    Clock Pessimism Removal (CPR):    0.275ns
  Clock Uncertainty:      0.035ns  ((TSJ^2 + TIJ^2)^1/2 + DJ) / 2 + PE
    Total System Jitter     (TSJ):    0.071ns
    Total Input Jitter      (TIJ):    0.000ns
    Discrete Jitter          (DJ):    0.000ns
    Phase Error              (PE):    0.000ns

    Location             Delay type                Incr(ns)  Path(ns)    Netlist Resource(s)
  -------------------------------------------------------------------    -------------------
                         (clock sys_clk_pin rise edge)
                                                      0.000     0.000 r  
    W5                                                0.000     0.000 r  clk (IN)
                         net (fo=0)                   0.000     0.000    clk
    W5                   IBUF (Prop_ibuf_I_O)         1.458     1.458 r  clk_IBUF_inst/O
                         net (fo=1, routed)           1.967     3.425    clk_IBUF
    BUFGCTRL_X0Y0        BUFG (Prop_bufg_I_O)         0.096     3.521 r  clk_IBUF_BUFG_inst/O
                         net (fo=94, routed)          1.627     5.148    clk_IBUF_BUFG
    SLICE_X65Y97         FDRE                                         r  data_in_reg[1]/C
  -------------------------------------------------------------------    -------------------
    SLICE_X65Y97         FDRE (Prop_fdre_C_Q)         0.456     5.604 r  data_in_reg[1]/Q
                         net (fo=1, routed)           0.452     6.056    lcd1/Q[1]
    SLICE_X64Y97         LUT3 (Prop_lut3_I0_O)        0.124     6.180 r  lcd1/data_out[1]_i_1/O
                         net (fo=1, routed)           0.000     6.180    lcd1/data_out[1]_i_1_n_0
    SLICE_X64Y97         FDRE                                         r  lcd1/data_out_reg[1]/D
  -------------------------------------------------------------------    -------------------

                         (clock sys_clk_pin fall edge)
                                                      5.000     5.000 f  
    W5                                                0.000     5.000 f  clk (IN)
                         net (fo=0)                   0.000     5.000    clk
    W5                   IBUF (Prop_ibuf_I_O)         1.388     6.388 f  clk_IBUF_inst/O
                         net (fo=1, routed)           1.862     8.250    clk_IBUF
    BUFGCTRL_X0Y0        BUFG (Prop_bufg_I_O)         0.091     8.341 f  clk_IBUF_BUFG_inst/O
                         net (fo=94, routed)          1.510     9.851    lcd1/clk_IBUF_BUFG
    SLICE_X64Y97         FDRE                                         r  lcd1/data_out_reg[1]/C  (IS_INVERTED)
                         clock pessimism              0.275    10.126    
                         clock uncertainty           -0.035    10.091    
    SLICE_X64Y97         FDRE (Setup_fdre_C_D)        0.082    10.173    lcd1/data_out_reg[1]
  -------------------------------------------------------------------
                         required time                         10.173    
                         arrival time                          -6.180    
  -------------------------------------------------------------------
                         slack                                  3.993    

Slack (MET) :             3.998ns  (required time - arrival time)
  Source:                 data_in_reg[3]/C
                            (rising edge-triggered cell FDRE clocked by sys_clk_pin  {rise@0.000ns fall@5.000ns period=10.000ns})
  Destination:            lcd1/data_out_reg[3]/D
                            (falling edge-triggered cell FDRE clocked by sys_clk_pin  {rise@0.000ns fall@5.000ns period=10.000ns})
  Path Group:             sys_clk_pin
  Path Type:              Setup (Max at Slow Process Corner)
  Requirement:            5.000ns  (sys_clk_pin fall@5.000ns - sys_clk_pin rise@0.000ns)
  Data Path Delay:        1.029ns  (logic 0.580ns (56.360%)  route 0.449ns (43.640%))
  Logic Levels:           1  (LUT4=1)
  Clock Path Skew:        -0.022ns (DCD - SCD + CPR)
    Destination Clock Delay (DCD):    4.851ns = ( 9.851 - 5.000 ) 
    Source Clock Delay      (SCD):    5.148ns
    Clock Pessimism Removal (CPR):    0.275ns
  Clock Uncertainty:      0.035ns  ((TSJ^2 + TIJ^2)^1/2 + DJ) / 2 + PE
    Total System Jitter     (TSJ):    0.071ns
    Total Input Jitter      (TIJ):    0.000ns
    Discrete Jitter          (DJ):    0.000ns
    Phase Error              (PE):    0.000ns

    Location             Delay type                Incr(ns)  Path(ns)    Netlist Resource(s)
  -------------------------------------------------------------------    -------------------
                         (clock sys_clk_pin rise edge)
                                                      0.000     0.000 r  
    W5                                                0.000     0.000 r  clk (IN)
                         net (fo=0)                   0.000     0.000    clk
    W5                   IBUF (Prop_ibuf_I_O)         1.458     1.458 r  clk_IBUF_inst/O
                         net (fo=1, routed)           1.967     3.425    clk_IBUF
    BUFGCTRL_X0Y0        BUFG (Prop_bufg_I_O)         0.096     3.521 r  clk_IBUF_BUFG_inst/O
                         net (fo=94, routed)          1.627     5.148    clk_IBUF_BUFG
    SLICE_X65Y97         FDRE                                         r  data_in_reg[3]/C
  -------------------------------------------------------------------    -------------------
    SLICE_X65Y97         FDRE (Prop_fdre_C_Q)         0.456     5.604 r  data_in_reg[3]/Q
                         net (fo=1, routed)           0.449     6.053    lcd1/Q[3]
    SLICE_X64Y97         LUT4 (Prop_lut4_I0_O)        0.124     6.177 r  lcd1/data_out[3]_i_1/O
                         net (fo=1, routed)           0.000     6.177    lcd1/data_out[3]_i_1_n_0
    SLICE_X64Y97         FDRE                                         r  lcd1/data_out_reg[3]/D
  -------------------------------------------------------------------    -------------------

                         (clock sys_clk_pin fall edge)
                                                      5.000     5.000 f  
    W5                                                0.000     5.000 f  clk (IN)
                         net (fo=0)                   0.000     5.000    clk
    W5                   IBUF (Prop_ibuf_I_O)         1.388     6.388 f  clk_IBUF_inst/O
                         net (fo=1, routed)           1.862     8.250    clk_IBUF
    BUFGCTRL_X0Y0        BUFG (Prop_bufg_I_O)         0.091     8.341 f  clk_IBUF_BUFG_inst/O
                         net (fo=94, routed)          1.510     9.851    lcd1/clk_IBUF_BUFG
    SLICE_X64Y97         FDRE                                         r  lcd1/data_out_reg[3]/C  (IS_INVERTED)
                         clock pessimism              0.275    10.126    
                         clock uncertainty           -0.035    10.091    
    SLICE_X64Y97         FDRE (Setup_fdre_C_D)        0.084    10.175    lcd1/data_out_reg[3]
  -------------------------------------------------------------------
                         required time                         10.175    
                         arrival time                          -6.177    
  -------------------------------------------------------------------
                         slack                                  3.998    

Slack (MET) :             4.106ns  (required time - arrival time)
  Source:                 wr_en_reg/C
                            (rising edge-triggered cell FDRE clocked by sys_clk_pin  {rise@0.000ns fall@5.000ns period=10.000ns})
  Destination:            lcd1/FSM_sequential_state_reg[0]/D
                            (falling edge-triggered cell FDRE clocked by sys_clk_pin  {rise@0.000ns fall@5.000ns period=10.000ns})
  Path Group:             sys_clk_pin
  Path Type:              Setup (Max at Slow Process Corner)
  Requirement:            5.000ns  (sys_clk_pin fall@5.000ns - sys_clk_pin rise@0.000ns)
  Data Path Delay:        0.871ns  (logic 0.580ns (66.592%)  route 0.291ns (33.408%))
  Logic Levels:           1  (LUT6=1)
  Clock Path Skew:        -0.022ns (DCD - SCD + CPR)
    Destination Clock Delay (DCD):    4.851ns = ( 9.851 - 5.000 ) 
    Source Clock Delay      (SCD):    5.148ns
    Clock Pessimism Removal (CPR):    0.275ns
  Clock Uncertainty:      0.035ns  ((TSJ^2 + TIJ^2)^1/2 + DJ) / 2 + PE
    Total System Jitter     (TSJ):    0.071ns
    Total Input Jitter      (TIJ):    0.000ns
    Discrete Jitter          (DJ):    0.000ns
    Phase Error              (PE):    0.000ns

    Location             Delay type                Incr(ns)  Path(ns)    Netlist Resource(s)
  -------------------------------------------------------------------    -------------------
                         (clock sys_clk_pin rise edge)
                                                      0.000     0.000 r  
    W5                                                0.000     0.000 r  clk (IN)
                         net (fo=0)                   0.000     0.000    clk
    W5                   IBUF (Prop_ibuf_I_O)         1.458     1.458 r  clk_IBUF_inst/O
                         net (fo=1, routed)           1.967     3.425    clk_IBUF
    BUFGCTRL_X0Y0        BUFG (Prop_bufg_I_O)         0.096     3.521 r  clk_IBUF_BUFG_inst/O
                         net (fo=94, routed)          1.627     5.148    clk_IBUF_BUFG
    SLICE_X63Y97         FDRE                                         r  wr_en_reg/C
  -------------------------------------------------------------------    -------------------
    SLICE_X63Y97         FDRE (Prop_fdre_C_Q)         0.456     5.604 f  wr_en_reg/Q
                         net (fo=2, routed)           0.291     5.895    lcd1/wr_en
    SLICE_X62Y97         LUT6 (Prop_lut6_I0_O)        0.124     6.019 r  lcd1/FSM_sequential_state[0]_i_1/O
                         net (fo=1, routed)           0.000     6.019    lcd1/FSM_sequential_state[0]_i_1_n_0
    SLICE_X62Y97         FDRE                                         r  lcd1/FSM_sequential_state_reg[0]/D
  -------------------------------------------------------------------    -------------------

                         (clock sys_clk_pin fall edge)
                                                      5.000     5.000 f  
    W5                                                0.000     5.000 f  clk (IN)
                         net (fo=0)                   0.000     5.000    clk
    W5                   IBUF (Prop_ibuf_I_O)         1.388     6.388 f  clk_IBUF_inst/O
                         net (fo=1, routed)           1.862     8.250    clk_IBUF
    BUFGCTRL_X0Y0        BUFG (Prop_bufg_I_O)         0.091     8.341 f  clk_IBUF_BUFG_inst/O
                         net (fo=94, routed)          1.510     9.851    lcd1/clk_IBUF_BUFG
    SLICE_X62Y97         FDRE                                         r  lcd1/FSM_sequential_state_reg[0]/C  (IS_INVERTED)
                         clock pessimism              0.275    10.126    
                         clock uncertainty           -0.035    10.091    
    SLICE_X62Y97         FDRE (Setup_fdre_C_D)        0.034    10.125    lcd1/FSM_sequential_state_reg[0]
  -------------------------------------------------------------------
                         required time                         10.125    
                         arrival time                          -6.019    
  -------------------------------------------------------------------
                         slack                                  4.106    

Slack (MET) :             4.108ns  (required time - arrival time)
  Source:                 wr_en_reg/C
                            (rising edge-triggered cell FDRE clocked by sys_clk_pin  {rise@0.000ns fall@5.000ns period=10.000ns})
  Destination:            lcd1/FSM_sequential_state_reg[1]/D
                            (falling edge-triggered cell FDRE clocked by sys_clk_pin  {rise@0.000ns fall@5.000ns period=10.000ns})
  Path Group:             sys_clk_pin
  Path Type:              Setup (Max at Slow Process Corner)
  Requirement:            5.000ns  (sys_clk_pin fall@5.000ns - sys_clk_pin rise@0.000ns)
  Data Path Delay:        0.867ns  (logic 0.580ns (66.900%)  route 0.287ns (33.100%))
  Logic Levels:           1  (LUT4=1)
  Clock Path Skew:        -0.022ns (DCD - SCD + CPR)
    Destination Clock Delay (DCD):    4.851ns = ( 9.851 - 5.000 ) 
    Source Clock Delay      (SCD):    5.148ns
    Clock Pessimism Removal (CPR):    0.275ns
  Clock Uncertainty:      0.035ns  ((TSJ^2 + TIJ^2)^1/2 + DJ) / 2 + PE
    Total System Jitter     (TSJ):    0.071ns
    Total Input Jitter      (TIJ):    0.000ns
    Discrete Jitter          (DJ):    0.000ns
    Phase Error              (PE):    0.000ns

    Location             Delay type                Incr(ns)  Path(ns)    Netlist Resource(s)
  -------------------------------------------------------------------    -------------------
                         (clock sys_clk_pin rise edge)
                                                      0.000     0.000 r  
    W5                                                0.000     0.000 r  clk (IN)
                         net (fo=0)                   0.000     0.000    clk
    W5                   IBUF (Prop_ibuf_I_O)         1.458     1.458 r  clk_IBUF_inst/O
                         net (fo=1, routed)           1.967     3.425    clk_IBUF
    BUFGCTRL_X0Y0        BUFG (Prop_bufg_I_O)         0.096     3.521 r  clk_IBUF_BUFG_inst/O
                         net (fo=94, routed)          1.627     5.148    clk_IBUF_BUFG
    SLICE_X63Y97         FDRE                                         r  wr_en_reg/C
  -------------------------------------------------------------------    -------------------
    SLICE_X63Y97         FDRE (Prop_fdre_C_Q)         0.456     5.604 r  wr_en_reg/Q
                         net (fo=2, routed)           0.287     5.891    lcd1/wr_en
    SLICE_X62Y97         LUT4 (Prop_lut4_I3_O)        0.124     6.015 r  lcd1/FSM_sequential_state[1]_i_1/O
                         net (fo=1, routed)           0.000     6.015    lcd1/FSM_sequential_state[1]_i_1_n_0
    SLICE_X62Y97         FDRE                                         r  lcd1/FSM_sequential_state_reg[1]/D
  -------------------------------------------------------------------    -------------------

                         (clock sys_clk_pin fall edge)
                                                      5.000     5.000 f  
    W5                                                0.000     5.000 f  clk (IN)
                         net (fo=0)                   0.000     5.000    clk
    W5                   IBUF (Prop_ibuf_I_O)         1.388     6.388 f  clk_IBUF_inst/O
                         net (fo=1, routed)           1.862     8.250    clk_IBUF
    BUFGCTRL_X0Y0        BUFG (Prop_bufg_I_O)         0.091     8.341 f  clk_IBUF_BUFG_inst/O
                         net (fo=94, routed)          1.510     9.851    lcd1/clk_IBUF_BUFG
    SLICE_X62Y97         FDRE                                         r  lcd1/FSM_sequential_state_reg[1]/C  (IS_INVERTED)
                         clock pessimism              0.275    10.126    
                         clock uncertainty           -0.035    10.091    
    SLICE_X62Y97         FDRE (Setup_fdre_C_D)        0.032    10.123    lcd1/FSM_sequential_state_reg[1]
  -------------------------------------------------------------------
                         required time                         10.123    
                         arrival time                          -6.015    
  -------------------------------------------------------------------
                         slack                                  4.108    

Slack (MET) :             4.325ns  (required time - arrival time)
  Source:                 lcd1/cnt_setup_reg[5]/C
                            (falling edge-triggered cell FDRE clocked by sys_clk_pin  {rise@0.000ns fall@5.000ns period=10.000ns})
  Destination:            lcd1/cnt_setup_reg[29]/D
                            (falling edge-triggered cell FDRE clocked by sys_clk_pin  {rise@0.000ns fall@5.000ns period=10.000ns})
  Path Group:             sys_clk_pin
  Path Type:              Setup (Max at Slow Process Corner)
  Requirement:            10.000ns  (sys_clk_pin fall@15.000ns - sys_clk_pin fall@5.000ns)
  Data Path Delay:        5.731ns  (logic 3.050ns (53.222%)  route 2.681ns (46.778%))
  Logic Levels:           14  (CARRY4=12 LUT2=2)
  Clock Path Skew:        -0.023ns (DCD - SCD + CPR)
    Destination Clock Delay (DCD):    4.850ns = ( 19.850 - 15.000 ) 
    Source Clock Delay      (SCD):    5.145ns = ( 10.145 - 5.000 ) 
    Clock Pessimism Removal (CPR):    0.272ns
  Clock Uncertainty:      0.035ns  ((TSJ^2 + TIJ^2)^1/2 + DJ) / 2 + PE
    Total System Jitter     (TSJ):    0.071ns
    Total Input Jitter      (TIJ):    0.000ns
    Discrete Jitter          (DJ):    0.000ns
    Phase Error              (PE):    0.000ns

    Location             Delay type                Incr(ns)  Path(ns)    Netlist Resource(s)
  -------------------------------------------------------------------    -------------------
                         (clock sys_clk_pin fall edge)
                                                      5.000     5.000 f  
    W5                                                0.000     5.000 f  clk (IN)
                         net (fo=0)                   0.000     5.000    clk
    W5                   IBUF (Prop_ibuf_I_O)         1.458     6.458 f  clk_IBUF_inst/O
                         net (fo=1, routed)           1.967     8.425    clk_IBUF
    BUFGCTRL_X0Y0        BUFG (Prop_bufg_I_O)         0.096     8.521 f  clk_IBUF_BUFG_inst/O
                         net (fo=94, routed)          1.624    10.145    lcd1/clk_IBUF_BUFG
    SLICE_X60Y92         FDRE                                         r  lcd1/cnt_setup_reg[5]/C  (IS_INVERTED)
  -------------------------------------------------------------------    -------------------
    SLICE_X60Y92         FDRE (Prop_fdre_C_Q)         0.524    10.669 r  lcd1/cnt_setup_reg[5]/Q
                         net (fo=3, routed)           0.975    11.644    lcd1/cnt_setup_reg[5]
    SLICE_X61Y93         LUT2 (Prop_lut2_I0_O)        0.124    11.768 r  lcd1/en1_carry_i_6/O
                         net (fo=1, routed)           0.000    11.768    lcd1/en1_carry_i_6_n_0
    SLICE_X61Y93         CARRY4 (Prop_carry4_S[2]_CO[3])
                                                      0.398    12.166 r  lcd1/en1_carry/CO[3]
                         net (fo=1, routed)           0.000    12.166    lcd1/en1_carry_n_0
    SLICE_X61Y94         CARRY4 (Prop_carry4_CI_CO[3])
                                                      0.114    12.280 r  lcd1/en1_carry__0/CO[3]
                         net (fo=1, routed)           0.000    12.280    lcd1/en1_carry__0_n_0
    SLICE_X61Y95         CARRY4 (Prop_carry4_CI_CO[3])
                                                      0.114    12.394 r  lcd1/en1_carry__1/CO[3]
                         net (fo=1, routed)           0.000    12.394    lcd1/en1_carry__1_n_0
    SLICE_X61Y96         CARRY4 (Prop_carry4_CI_CO[3])
                                                      0.114    12.508 f  lcd1/en1_carry__2/CO[3]
                         net (fo=38, routed)          1.706    14.214    lcd1/en1_carry__2_n_0
    SLICE_X60Y91         LUT2 (Prop_lut2_I1_O)        0.124    14.338 r  lcd1/cnt_setup[0]_i_6/O
                         net (fo=1, routed)           0.000    14.338    lcd1/cnt_setup[0]_i_6_n_0
    SLICE_X60Y91         CARRY4 (Prop_carry4_S[0]_CO[3])
                                                      0.513    14.851 r  lcd1/cnt_setup_reg[0]_i_1/CO[3]
                         net (fo=1, routed)           0.000    14.851    lcd1/cnt_setup_reg[0]_i_1_n_0
    SLICE_X60Y92         CARRY4 (Prop_carry4_CI_CO[3])
                                                      0.117    14.968 r  lcd1/cnt_setup_reg[4]_i_1/CO[3]
                         net (fo=1, routed)           0.000    14.968    lcd1/cnt_setup_reg[4]_i_1_n_0
    SLICE_X60Y93         CARRY4 (Prop_carry4_CI_CO[3])
                                                      0.117    15.085 r  lcd1/cnt_setup_reg[8]_i_1/CO[3]
                         net (fo=1, routed)           0.000    15.085    lcd1/cnt_setup_reg[8]_i_1_n_0
    SLICE_X60Y94         CARRY4 (Prop_carry4_CI_CO[3])
                                                      0.117    15.202 r  lcd1/cnt_setup_reg[12]_i_1/CO[3]
                         net (fo=1, routed)           0.000    15.202    lcd1/cnt_setup_reg[12]_i_1_n_0
    SLICE_X60Y95         CARRY4 (Prop_carry4_CI_CO[3])
                                                      0.117    15.319 r  lcd1/cnt_setup_reg[16]_i_1/CO[3]
                         net (fo=1, routed)           0.000    15.319    lcd1/cnt_setup_reg[16]_i_1_n_0
    SLICE_X60Y96         CARRY4 (Prop_carry4_CI_CO[3])
                                                      0.117    15.436 r  lcd1/cnt_setup_reg[20]_i_1/CO[3]
                         net (fo=1, routed)           0.000    15.436    lcd1/cnt_setup_reg[20]_i_1_n_0
    SLICE_X60Y97         CARRY4 (Prop_carry4_CI_CO[3])
                                                      0.117    15.553 r  lcd1/cnt_setup_reg[24]_i_1/CO[3]
                         net (fo=1, routed)           0.000    15.553    lcd1/cnt_setup_reg[24]_i_1_n_0
    SLICE_X60Y98         CARRY4 (Prop_carry4_CI_O[1])
                                                      0.323    15.876 r  lcd1/cnt_setup_reg[28]_i_1/O[1]
                         net (fo=1, routed)           0.000    15.876    lcd1/cnt_setup_reg[28]_i_1_n_6
    SLICE_X60Y98         FDRE                                         r  lcd1/cnt_setup_reg[29]/D
  -------------------------------------------------------------------    -------------------

                         (clock sys_clk_pin fall edge)
                                                     15.000    15.000 f  
    W5                                                0.000    15.000 f  clk (IN)
                         net (fo=0)                   0.000    15.000    clk
    W5                   IBUF (Prop_ibuf_I_O)         1.388    16.388 f  clk_IBUF_inst/O
                         net (fo=1, routed)           1.862    18.250    clk_IBUF
    BUFGCTRL_X0Y0        BUFG (Prop_bufg_I_O)         0.091    18.341 f  clk_IBUF_BUFG_inst/O
                         net (fo=94, routed)          1.509    19.850    lcd1/clk_IBUF_BUFG
    SLICE_X60Y98         FDRE                                         r  lcd1/cnt_setup_reg[29]/C  (IS_INVERTED)
                         clock pessimism              0.272    20.122    
                         clock uncertainty           -0.035    20.087    
    SLICE_X60Y98         FDRE (Setup_fdre_C_D)        0.114    20.201    lcd1/cnt_setup_reg[29]
  -------------------------------------------------------------------
                         required time                         20.201    
                         arrival time                         -15.876    
  -------------------------------------------------------------------
                         slack                                  4.325    





Min Delay Paths
--------------------------------------------------------------------------------------
Slack (MET) :             0.212ns  (arrival time - required time)
  Source:                 index_reg_rep[1]/C
                            (rising edge-triggered cell FDRE clocked by sys_clk_pin  {rise@0.000ns fall@5.000ns period=10.000ns})
  Destination:            data_in_reg[2]/D
                            (rising edge-triggered cell FDRE clocked by sys_clk_pin  {rise@0.000ns fall@5.000ns period=10.000ns})
  Path Group:             sys_clk_pin
  Path Type:              Hold (Min at Fast Process Corner)
  Requirement:            0.000ns  (sys_clk_pin rise@0.000ns - sys_clk_pin rise@0.000ns)
  Data Path Delay:        0.321ns  (logic 0.186ns (57.941%)  route 0.135ns (42.059%))
  Logic Levels:           1  (LUT4=1)
  Clock Path Skew:        0.017ns (DCD - SCD - CPR)
    Destination Clock Delay (DCD):    1.992ns
    Source Clock Delay      (SCD):    1.476ns
    Clock Pessimism Removal (CPR):    0.499ns

    Location             Delay type                Incr(ns)  Path(ns)    Netlist Resource(s)
  -------------------------------------------------------------------    -------------------
                         (clock sys_clk_pin rise edge)
                                                      0.000     0.000 r  
    W5                                                0.000     0.000 r  clk (IN)
                         net (fo=0)                   0.000     0.000    clk
    W5                   IBUF (Prop_ibuf_I_O)         0.226     0.226 r  clk_IBUF_inst/O
                         net (fo=1, routed)           0.631     0.858    clk_IBUF
    BUFGCTRL_X0Y0        BUFG (Prop_bufg_I_O)         0.026     0.884 r  clk_IBUF_BUFG_inst/O
                         net (fo=94, routed)          0.593     1.476    clk_IBUF_BUFG
    SLICE_X65Y96         FDRE                                         r  index_reg_rep[1]/C
  -------------------------------------------------------------------    -------------------
    SLICE_X65Y96         FDRE (Prop_fdre_C_Q)         0.141     1.617 r  index_reg_rep[1]/Q
                         net (fo=7, routed)           0.135     1.752    index[1]
    SLICE_X65Y97         LUT4 (Prop_lut4_I1_O)        0.045     1.797 r  data_in[2]_i_1/O
                         net (fo=1, routed)           0.000     1.797    data_in[2]_i_1_n_0
    SLICE_X65Y97         FDRE                                         r  data_in_reg[2]/D
  -------------------------------------------------------------------    -------------------

                         (clock sys_clk_pin rise edge)
                                                      0.000     0.000 r  
    W5                                                0.000     0.000 r  clk (IN)
                         net (fo=0)                   0.000     0.000    clk
    W5                   IBUF (Prop_ibuf_I_O)         0.414     0.414 r  clk_IBUF_inst/O
                         net (fo=1, routed)           0.685     1.099    clk_IBUF
    BUFGCTRL_X0Y0        BUFG (Prop_bufg_I_O)         0.029     1.128 r  clk_IBUF_BUFG_inst/O
                         net (fo=94, routed)          0.864     1.992    clk_IBUF_BUFG
    SLICE_X65Y97         FDRE                                         r  data_in_reg[2]/C
                         clock pessimism             -0.499     1.493    
    SLICE_X65Y97         FDRE (Hold_fdre_C_D)         0.092     1.585    data_in_reg[2]
  -------------------------------------------------------------------
                         required time                         -1.585    
                         arrival time                           1.797    
  -------------------------------------------------------------------
                         slack                                  0.212    

Slack (MET) :             0.214ns  (arrival time - required time)
  Source:                 index_reg[2]/C
                            (rising edge-triggered cell FDRE clocked by sys_clk_pin  {rise@0.000ns fall@5.000ns period=10.000ns})
  Destination:            done_reg/D
                            (rising edge-triggered cell FDRE clocked by sys_clk_pin  {rise@0.000ns fall@5.000ns period=10.000ns})
  Path Group:             sys_clk_pin
  Path Type:              Hold (Min at Fast Process Corner)
  Requirement:            0.000ns  (sys_clk_pin rise@0.000ns - sys_clk_pin rise@0.000ns)
  Data Path Delay:        0.350ns  (logic 0.209ns (59.678%)  route 0.141ns (40.322%))
  Logic Levels:           1  (LUT6=1)
  Clock Path Skew:        0.016ns (DCD - SCD - CPR)
    Destination Clock Delay (DCD):    1.991ns
    Source Clock Delay      (SCD):    1.476ns
    Clock Pessimism Removal (CPR):    0.499ns

    Location             Delay type                Incr(ns)  Path(ns)    Netlist Resource(s)
  -------------------------------------------------------------------    -------------------
                         (clock sys_clk_pin rise edge)
                                                      0.000     0.000 r  
    W5                                                0.000     0.000 r  clk (IN)
                         net (fo=0)                   0.000     0.000    clk
    W5                   IBUF (Prop_ibuf_I_O)         0.226     0.226 r  clk_IBUF_inst/O
                         net (fo=1, routed)           0.631     0.858    clk_IBUF
    BUFGCTRL_X0Y0        BUFG (Prop_bufg_I_O)         0.026     0.884 r  clk_IBUF_BUFG_inst/O
                         net (fo=94, routed)          0.593     1.476    clk_IBUF_BUFG
    SLICE_X64Y96         FDRE                                         r  index_reg[2]/C
  -------------------------------------------------------------------    -------------------
    SLICE_X64Y96         FDRE (Prop_fdre_C_Q)         0.164     1.640 r  index_reg[2]/Q
                         net (fo=5, routed)           0.141     1.781    index_reg_n_0_[2]
    SLICE_X64Y95         LUT6 (Prop_lut6_I3_O)        0.045     1.826 r  done_i_1/O
                         net (fo=1, routed)           0.000     1.826    done_i_1_n_0
    SLICE_X64Y95         FDRE                                         r  done_reg/D
  -------------------------------------------------------------------    -------------------

                         (clock sys_clk_pin rise edge)
                                                      0.000     0.000 r  
    W5                                                0.000     0.000 r  clk (IN)
                         net (fo=0)                   0.000     0.000    clk
    W5                   IBUF (Prop_ibuf_I_O)         0.414     0.414 r  clk_IBUF_inst/O
                         net (fo=1, routed)           0.685     1.099    clk_IBUF
    BUFGCTRL_X0Y0        BUFG (Prop_bufg_I_O)         0.029     1.128 r  clk_IBUF_BUFG_inst/O
                         net (fo=94, routed)          0.863     1.991    clk_IBUF_BUFG
    SLICE_X64Y95         FDRE                                         r  done_reg/C
                         clock pessimism             -0.499     1.492    
    SLICE_X64Y95         FDRE (Hold_fdre_C_D)         0.120     1.612    done_reg
  -------------------------------------------------------------------
                         required time                         -1.612    
                         arrival time                           1.826    
  -------------------------------------------------------------------
                         slack                                  0.214    

Slack (MET) :             0.224ns  (arrival time - required time)
  Source:                 index_reg_rep[2]/C
                            (rising edge-triggered cell FDRE clocked by sys_clk_pin  {rise@0.000ns fall@5.000ns period=10.000ns})
  Destination:            data_in_reg[4]/D
                            (rising edge-triggered cell FDRE clocked by sys_clk_pin  {rise@0.000ns fall@5.000ns period=10.000ns})
  Path Group:             sys_clk_pin
  Path Type:              Hold (Min at Fast Process Corner)
  Requirement:            0.000ns  (sys_clk_pin rise@0.000ns - sys_clk_pin rise@0.000ns)
  Data Path Delay:        0.348ns  (logic 0.190ns (54.544%)  route 0.158ns (45.456%))
  Logic Levels:           1  (LUT4=1)
  Clock Path Skew:        0.017ns (DCD - SCD - CPR)
    Destination Clock Delay (DCD):    1.992ns
    Source Clock Delay      (SCD):    1.476ns
    Clock Pessimism Removal (CPR):    0.499ns

    Location             Delay type                Incr(ns)  Path(ns)    Netlist Resource(s)
  -------------------------------------------------------------------    -------------------
                         (clock sys_clk_pin rise edge)
                                                      0.000     0.000 r  
    W5                                                0.000     0.000 r  clk (IN)
                         net (fo=0)                   0.000     0.000    clk
    W5                   IBUF (Prop_ibuf_I_O)         0.226     0.226 r  clk_IBUF_inst/O
                         net (fo=1, routed)           0.631     0.858    clk_IBUF
    BUFGCTRL_X0Y0        BUFG (Prop_bufg_I_O)         0.026     0.884 r  clk_IBUF_BUFG_inst/O
                         net (fo=94, routed)          0.593     1.476    clk_IBUF_BUFG
    SLICE_X65Y96         FDRE                                         r  index_reg_rep[2]/C
  -------------------------------------------------------------------    -------------------
    SLICE_X65Y96         FDRE (Prop_fdre_C_Q)         0.141     1.617 r  index_reg_rep[2]/Q
                         net (fo=7, routed)           0.158     1.776    index[2]
    SLICE_X65Y97         LUT4 (Prop_lut4_I3_O)        0.049     1.825 r  data_in[4]_i_1/O
                         net (fo=1, routed)           0.000     1.825    data_in[4]_i_1_n_0
    SLICE_X65Y97         FDRE                                         r  data_in_reg[4]/D
  -------------------------------------------------------------------    -------------------

                         (clock sys_clk_pin rise edge)
                                                      0.000     0.000 r  
    W5                                                0.000     0.000 r  clk (IN)
                         net (fo=0)                   0.000     0.000    clk
    W5                   IBUF (Prop_ibuf_I_O)         0.414     0.414 r  clk_IBUF_inst/O
                         net (fo=1, routed)           0.685     1.099    clk_IBUF
    BUFGCTRL_X0Y0        BUFG (Prop_bufg_I_O)         0.029     1.128 r  clk_IBUF_BUFG_inst/O
                         net (fo=94, routed)          0.864     1.992    clk_IBUF_BUFG
    SLICE_X65Y97         FDRE                                         r  data_in_reg[4]/C
                         clock pessimism             -0.499     1.493    
    SLICE_X65Y97         FDRE (Hold_fdre_C_D)         0.107     1.600    data_in_reg[4]
  -------------------------------------------------------------------
                         required time                         -1.600    
                         arrival time                           1.825    
  -------------------------------------------------------------------
                         slack                                  0.224    

Slack (MET) :             0.225ns  (arrival time - required time)
  Source:                 lcd1/init_cnt_reg[0]/C
                            (falling edge-triggered cell FDRE clocked by sys_clk_pin  {rise@0.000ns fall@5.000ns period=10.000ns})
  Destination:            lcd1/data_out_reg[4]/D
                            (falling edge-triggered cell FDRE clocked by sys_clk_pin  {rise@0.000ns fall@5.000ns period=10.000ns})
  Path Group:             sys_clk_pin
  Path Type:              Hold (Min at Fast Process Corner)
  Requirement:            0.000ns  (sys_clk_pin fall@5.000ns - sys_clk_pin fall@5.000ns)
  Data Path Delay:        0.376ns  (logic 0.195ns (51.835%)  route 0.181ns (48.165%))
  Logic Levels:           1  (LUT4=1)
  Clock Path Skew:        0.016ns (DCD - SCD - CPR)
    Destination Clock Delay (DCD):    1.992ns = ( 6.992 - 5.000 ) 
    Source Clock Delay      (SCD):    1.477ns = ( 6.477 - 5.000 ) 
    Clock Pessimism Removal (CPR):    0.499ns

    Location             Delay type                Incr(ns)  Path(ns)    Netlist Resource(s)
  -------------------------------------------------------------------    -------------------
                         (clock sys_clk_pin fall edge)
                                                      5.000     5.000 f  
    W5                                                0.000     5.000 f  clk (IN)
                         net (fo=0)                   0.000     5.000    clk
    W5                   IBUF (Prop_ibuf_I_O)         0.226     5.226 f  clk_IBUF_inst/O
                         net (fo=1, routed)           0.631     5.858    clk_IBUF
    BUFGCTRL_X0Y0        BUFG (Prop_bufg_I_O)         0.026     5.884 f  clk_IBUF_BUFG_inst/O
                         net (fo=94, routed)          0.594     6.477    lcd1/clk_IBUF_BUFG
    SLICE_X62Y97         FDRE                                         r  lcd1/init_cnt_reg[0]/C  (IS_INVERTED)
  -------------------------------------------------------------------    -------------------
    SLICE_X62Y97         FDRE (Prop_fdre_C_Q)         0.146     6.623 f  lcd1/init_cnt_reg[0]/Q
                         net (fo=7, routed)           0.181     6.804    lcd1/init_cnt[0]
    SLICE_X64Y97         LUT4 (Prop_lut4_I3_O)        0.049     6.853 r  lcd1/data_out[4]_i_1/O
                         net (fo=1, routed)           0.000     6.853    lcd1/data_out[4]_i_1_n_0
    SLICE_X64Y97         FDRE                                         r  lcd1/data_out_reg[4]/D
  -------------------------------------------------------------------    -------------------

                         (clock sys_clk_pin fall edge)
                                                      5.000     5.000 f  
    W5                                                0.000     5.000 f  clk (IN)
                         net (fo=0)                   0.000     5.000    clk
    W5                   IBUF (Prop_ibuf_I_O)         0.414     5.414 f  clk_IBUF_inst/O
                         net (fo=1, routed)           0.685     6.099    clk_IBUF
    BUFGCTRL_X0Y0        BUFG (Prop_bufg_I_O)         0.029     6.128 f  clk_IBUF_BUFG_inst/O
                         net (fo=94, routed)          0.864     6.992    lcd1/clk_IBUF_BUFG
    SLICE_X64Y97         FDRE                                         r  lcd1/data_out_reg[4]/C  (IS_INVERTED)
                         clock pessimism             -0.499     6.493    
    SLICE_X64Y97         FDRE (Hold_fdre_C_D)         0.135     6.628    lcd1/data_out_reg[4]
  -------------------------------------------------------------------
                         required time                         -6.628    
                         arrival time                           6.853    
  -------------------------------------------------------------------
                         slack                                  0.225    

Slack (MET) :             0.230ns  (arrival time - required time)
  Source:                 index_reg_rep[0]/C
                            (rising edge-triggered cell FDRE clocked by sys_clk_pin  {rise@0.000ns fall@5.000ns period=10.000ns})
  Destination:            data_in_reg[6]/D
                            (rising edge-triggered cell FDRE clocked by sys_clk_pin  {rise@0.000ns fall@5.000ns period=10.000ns})
  Path Group:             sys_clk_pin
  Path Type:              Hold (Min at Fast Process Corner)
  Requirement:            0.000ns  (sys_clk_pin rise@0.000ns - sys_clk_pin rise@0.000ns)
  Data Path Delay:        0.354ns  (logic 0.189ns (53.347%)  route 0.165ns (46.653%))
  Logic Levels:           1  (LUT4=1)
  Clock Path Skew:        0.017ns (DCD - SCD - CPR)
    Destination Clock Delay (DCD):    1.992ns
    Source Clock Delay      (SCD):    1.476ns
    Clock Pessimism Removal (CPR):    0.499ns

    Location             Delay type                Incr(ns)  Path(ns)    Netlist Resource(s)
  -------------------------------------------------------------------    -------------------
                         (clock sys_clk_pin rise edge)
                                                      0.000     0.000 r  
    W5                                                0.000     0.000 r  clk (IN)
                         net (fo=0)                   0.000     0.000    clk
    W5                   IBUF (Prop_ibuf_I_O)         0.226     0.226 r  clk_IBUF_inst/O
                         net (fo=1, routed)           0.631     0.858    clk_IBUF
    BUFGCTRL_X0Y0        BUFG (Prop_bufg_I_O)         0.026     0.884 r  clk_IBUF_BUFG_inst/O
                         net (fo=94, routed)          0.593     1.476    clk_IBUF_BUFG
    SLICE_X65Y96         FDRE                                         r  index_reg_rep[0]/C
  -------------------------------------------------------------------    -------------------
    SLICE_X65Y96         FDRE (Prop_fdre_C_Q)         0.141     1.617 f  index_reg_rep[0]/Q
                         net (fo=7, routed)           0.165     1.783    index[0]
    SLICE_X65Y97         LUT4 (Prop_lut4_I1_O)        0.048     1.831 r  data_in[6]_i_1/O
                         net (fo=1, routed)           0.000     1.831    data_in[6]_i_1_n_0
    SLICE_X65Y97         FDRE                                         r  data_in_reg[6]/D
  -------------------------------------------------------------------    -------------------

                         (clock sys_clk_pin rise edge)
                                                      0.000     0.000 r  
    W5                                                0.000     0.000 r  clk (IN)
                         net (fo=0)                   0.000     0.000    clk
    W5                   IBUF (Prop_ibuf_I_O)         0.414     0.414 r  clk_IBUF_inst/O
                         net (fo=1, routed)           0.685     1.099    clk_IBUF
    BUFGCTRL_X0Y0        BUFG (Prop_bufg_I_O)         0.029     1.128 r  clk_IBUF_BUFG_inst/O
                         net (fo=94, routed)          0.864     1.992    clk_IBUF_BUFG
    SLICE_X65Y97         FDRE                                         r  data_in_reg[6]/C
                         clock pessimism             -0.499     1.493    
    SLICE_X65Y97         FDRE (Hold_fdre_C_D)         0.107     1.600    data_in_reg[6]
  -------------------------------------------------------------------
                         required time                         -1.600    
                         arrival time                           1.831    
  -------------------------------------------------------------------
                         slack                                  0.230    

Slack (MET) :             0.231ns  (arrival time - required time)
  Source:                 lcd1/init_cnt_reg[0]/C
                            (falling edge-triggered cell FDRE clocked by sys_clk_pin  {rise@0.000ns fall@5.000ns period=10.000ns})
  Destination:            lcd1/data_out_reg[3]/D
                            (falling edge-triggered cell FDRE clocked by sys_clk_pin  {rise@0.000ns fall@5.000ns period=10.000ns})
  Path Group:             sys_clk_pin
  Path Type:              Hold (Min at Fast Process Corner)
  Requirement:            0.000ns  (sys_clk_pin fall@5.000ns - sys_clk_pin fall@5.000ns)
  Data Path Delay:        0.372ns  (logic 0.191ns (51.317%)  route 0.181ns (48.683%))
  Logic Levels:           1  (LUT4=1)
  Clock Path Skew:        0.016ns (DCD - SCD - CPR)
    Destination Clock Delay (DCD):    1.992ns = ( 6.992 - 5.000 ) 
    Source Clock Delay      (SCD):    1.477ns = ( 6.477 - 5.000 ) 
    Clock Pessimism Removal (CPR):    0.499ns

    Location             Delay type                Incr(ns)  Path(ns)    Netlist Resource(s)
  -------------------------------------------------------------------    -------------------
                         (clock sys_clk_pin fall edge)
                                                      5.000     5.000 f  
    W5                                                0.000     5.000 f  clk (IN)
                         net (fo=0)                   0.000     5.000    clk
    W5                   IBUF (Prop_ibuf_I_O)         0.226     5.226 f  clk_IBUF_inst/O
                         net (fo=1, routed)           0.631     5.858    clk_IBUF
    BUFGCTRL_X0Y0        BUFG (Prop_bufg_I_O)         0.026     5.884 f  clk_IBUF_BUFG_inst/O
                         net (fo=94, routed)          0.594     6.477    lcd1/clk_IBUF_BUFG
    SLICE_X62Y97         FDRE                                         r  lcd1/init_cnt_reg[0]/C  (IS_INVERTED)
  -------------------------------------------------------------------    -------------------
    SLICE_X62Y97         FDRE (Prop_fdre_C_Q)         0.146     6.623 r  lcd1/init_cnt_reg[0]/Q
                         net (fo=7, routed)           0.181     6.804    lcd1/init_cnt[0]
    SLICE_X64Y97         LUT4 (Prop_lut4_I3_O)        0.045     6.849 r  lcd1/data_out[3]_i_1/O
                         net (fo=1, routed)           0.000     6.849    lcd1/data_out[3]_i_1_n_0
    SLICE_X64Y97         FDRE                                         r  lcd1/data_out_reg[3]/D
  -------------------------------------------------------------------    -------------------

                         (clock sys_clk_pin fall edge)
                                                      5.000     5.000 f  
    W5                                                0.000     5.000 f  clk (IN)
                         net (fo=0)                   0.000     5.000    clk
    W5                   IBUF (Prop_ibuf_I_O)         0.414     5.414 f  clk_IBUF_inst/O
                         net (fo=1, routed)           0.685     6.099    clk_IBUF
    BUFGCTRL_X0Y0        BUFG (Prop_bufg_I_O)         0.029     6.128 f  clk_IBUF_BUFG_inst/O
                         net (fo=94, routed)          0.864     6.992    lcd1/clk_IBUF_BUFG
    SLICE_X64Y97         FDRE                                         r  lcd1/data_out_reg[3]/C  (IS_INVERTED)
                         clock pessimism             -0.499     6.493    
    SLICE_X64Y97         FDRE (Hold_fdre_C_D)         0.125     6.618    lcd1/data_out_reg[3]
  -------------------------------------------------------------------
                         required time                         -6.618    
                         arrival time                           6.849    
  -------------------------------------------------------------------
                         slack                                  0.231    

Slack (MET) :             0.235ns  (arrival time - required time)
  Source:                 index_reg_rep[2]/C
                            (rising edge-triggered cell FDRE clocked by sys_clk_pin  {rise@0.000ns fall@5.000ns period=10.000ns})
  Destination:            data_in_reg[1]/D
                            (rising edge-triggered cell FDRE clocked by sys_clk_pin  {rise@0.000ns fall@5.000ns period=10.000ns})
  Path Group:             sys_clk_pin
  Path Type:              Hold (Min at Fast Process Corner)
  Requirement:            0.000ns  (sys_clk_pin rise@0.000ns - sys_clk_pin rise@0.000ns)
  Data Path Delay:        0.344ns  (logic 0.186ns (54.016%)  route 0.158ns (45.984%))
  Logic Levels:           1  (LUT4=1)
  Clock Path Skew:        0.017ns (DCD - SCD - CPR)
    Destination Clock Delay (DCD):    1.992ns
    Source Clock Delay      (SCD):    1.476ns
    Clock Pessimism Removal (CPR):    0.499ns

    Location             Delay type                Incr(ns)  Path(ns)    Netlist Resource(s)
  -------------------------------------------------------------------    -------------------
                         (clock sys_clk_pin rise edge)
                                                      0.000     0.000 r  
    W5                                                0.000     0.000 r  clk (IN)
                         net (fo=0)                   0.000     0.000    clk
    W5                   IBUF (Prop_ibuf_I_O)         0.226     0.226 r  clk_IBUF_inst/O
                         net (fo=1, routed)           0.631     0.858    clk_IBUF
    BUFGCTRL_X0Y0        BUFG (Prop_bufg_I_O)         0.026     0.884 r  clk_IBUF_BUFG_inst/O
                         net (fo=94, routed)          0.593     1.476    clk_IBUF_BUFG
    SLICE_X65Y96         FDRE                                         r  index_reg_rep[2]/C
  -------------------------------------------------------------------    -------------------
    SLICE_X65Y96         FDRE (Prop_fdre_C_Q)         0.141     1.617 r  index_reg_rep[2]/Q
                         net (fo=7, routed)           0.158     1.776    index[2]
    SLICE_X65Y97         LUT4 (Prop_lut4_I3_O)        0.045     1.821 r  data_in[1]_i_1/O
                         net (fo=1, routed)           0.000     1.821    data_in[1]_i_1_n_0
    SLICE_X65Y97         FDRE                                         r  data_in_reg[1]/D
  -------------------------------------------------------------------    -------------------

                         (clock sys_clk_pin rise edge)
                                                      0.000     0.000 r  
    W5                                                0.000     0.000 r  clk (IN)
                         net (fo=0)                   0.000     0.000    clk
    W5                   IBUF (Prop_ibuf_I_O)         0.414     0.414 r  clk_IBUF_inst/O
                         net (fo=1, routed)           0.685     1.099    clk_IBUF
    BUFGCTRL_X0Y0        BUFG (Prop_bufg_I_O)         0.029     1.128 r  clk_IBUF_BUFG_inst/O
                         net (fo=94, routed)          0.864     1.992    clk_IBUF_BUFG
    SLICE_X65Y97         FDRE                                         r  data_in_reg[1]/C
                         clock pessimism             -0.499     1.493    
    SLICE_X65Y97         FDRE (Hold_fdre_C_D)         0.092     1.585    data_in_reg[1]
  -------------------------------------------------------------------
                         required time                         -1.585    
                         arrival time                           1.821    
  -------------------------------------------------------------------
                         slack                                  0.235    

Slack (MET) :             0.243ns  (arrival time - required time)
  Source:                 index_reg_rep[0]/C
                            (rising edge-triggered cell FDRE clocked by sys_clk_pin  {rise@0.000ns fall@5.000ns period=10.000ns})
  Destination:            data_in_reg[0]/D
                            (rising edge-triggered cell FDRE clocked by sys_clk_pin  {rise@0.000ns fall@5.000ns period=10.000ns})
  Path Group:             sys_clk_pin
  Path Type:              Hold (Min at Fast Process Corner)
  Requirement:            0.000ns  (sys_clk_pin rise@0.000ns - sys_clk_pin rise@0.000ns)
  Data Path Delay:        0.351ns  (logic 0.186ns (52.948%)  route 0.165ns (47.052%))
  Logic Levels:           1  (LUT4=1)
  Clock Path Skew:        0.017ns (DCD - SCD - CPR)
    Destination Clock Delay (DCD):    1.992ns
    Source Clock Delay      (SCD):    1.476ns
    Clock Pessimism Removal (CPR):    0.499ns

    Location             Delay type                Incr(ns)  Path(ns)    Netlist Resource(s)
  -------------------------------------------------------------------    -------------------
                         (clock sys_clk_pin rise edge)
                                                      0.000     0.000 r  
    W5                                                0.000     0.000 r  clk (IN)
                         net (fo=0)                   0.000     0.000    clk
    W5                   IBUF (Prop_ibuf_I_O)         0.226     0.226 r  clk_IBUF_inst/O
                         net (fo=1, routed)           0.631     0.858    clk_IBUF
    BUFGCTRL_X0Y0        BUFG (Prop_bufg_I_O)         0.026     0.884 r  clk_IBUF_BUFG_inst/O
                         net (fo=94, routed)          0.593     1.476    clk_IBUF_BUFG
    SLICE_X65Y96         FDRE                                         r  index_reg_rep[0]/C
  -------------------------------------------------------------------    -------------------
    SLICE_X65Y96         FDRE (Prop_fdre_C_Q)         0.141     1.617 r  index_reg_rep[0]/Q
                         net (fo=7, routed)           0.165     1.783    index[0]
    SLICE_X65Y97         LUT4 (Prop_lut4_I3_O)        0.045     1.828 r  data_in[0]_i_1/O
                         net (fo=1, routed)           0.000     1.828    data_in[0]_i_1_n_0
    SLICE_X65Y97         FDRE                                         r  data_in_reg[0]/D
  -------------------------------------------------------------------    -------------------

                         (clock sys_clk_pin rise edge)
                                                      0.000     0.000 r  
    W5                                                0.000     0.000 r  clk (IN)
                         net (fo=0)                   0.000     0.000    clk
    W5                   IBUF (Prop_ibuf_I_O)         0.414     0.414 r  clk_IBUF_inst/O
                         net (fo=1, routed)           0.685     1.099    clk_IBUF
    BUFGCTRL_X0Y0        BUFG (Prop_bufg_I_O)         0.029     1.128 r  clk_IBUF_BUFG_inst/O
                         net (fo=94, routed)          0.864     1.992    clk_IBUF_BUFG
    SLICE_X65Y97         FDRE                                         r  data_in_reg[0]/C
                         clock pessimism             -0.499     1.493    
    SLICE_X65Y97         FDRE (Hold_fdre_C_D)         0.091     1.584    data_in_reg[0]
  -------------------------------------------------------------------
                         required time                         -1.584    
                         arrival time                           1.828    
  -------------------------------------------------------------------
                         slack                                  0.243    

Slack (MET) :             0.254ns  (arrival time - required time)
  Source:                 lcd1/FSM_sequential_state_reg[1]/C
                            (falling edge-triggered cell FDRE clocked by sys_clk_pin  {rise@0.000ns fall@5.000ns period=10.000ns})
  Destination:            lcd1/data_out_reg[0]/D
                            (falling edge-triggered cell FDRE clocked by sys_clk_pin  {rise@0.000ns fall@5.000ns period=10.000ns})
  Path Group:             sys_clk_pin
  Path Type:              Hold (Min at Fast Process Corner)
  Requirement:            0.000ns  (sys_clk_pin fall@5.000ns - sys_clk_pin fall@5.000ns)
  Data Path Delay:        0.395ns  (logic 0.191ns (48.402%)  route 0.204ns (51.598%))
  Logic Levels:           1  (LUT3=1)
  Clock Path Skew:        0.016ns (DCD - SCD - CPR)
    Destination Clock Delay (DCD):    1.992ns = ( 6.992 - 5.000 ) 
    Source Clock Delay      (SCD):    1.477ns = ( 6.477 - 5.000 ) 
    Clock Pessimism Removal (CPR):    0.499ns

    Location             Delay type                Incr(ns)  Path(ns)    Netlist Resource(s)
  -------------------------------------------------------------------    -------------------
                         (clock sys_clk_pin fall edge)
                                                      5.000     5.000 f  
    W5                                                0.000     5.000 f  clk (IN)
                         net (fo=0)                   0.000     5.000    clk
    W5                   IBUF (Prop_ibuf_I_O)         0.226     5.226 f  clk_IBUF_inst/O
                         net (fo=1, routed)           0.631     5.858    clk_IBUF
    BUFGCTRL_X0Y0        BUFG (Prop_bufg_I_O)         0.026     5.884 f  clk_IBUF_BUFG_inst/O
                         net (fo=94, routed)          0.594     6.477    lcd1/clk_IBUF_BUFG
    SLICE_X62Y97         FDRE                                         r  lcd1/FSM_sequential_state_reg[1]/C  (IS_INVERTED)
  -------------------------------------------------------------------    -------------------
    SLICE_X62Y97         FDRE (Prop_fdre_C_Q)         0.146     6.623 r  lcd1/FSM_sequential_state_reg[1]/Q
                         net (fo=13, routed)          0.204     6.827    lcd1/state__0[1]
    SLICE_X64Y97         LUT3 (Prop_lut3_I1_O)        0.045     6.872 r  lcd1/data_out[0]_i_1/O
                         net (fo=1, routed)           0.000     6.872    lcd1/data_out[0]_i_1_n_0
    SLICE_X64Y97         FDRE                                         r  lcd1/data_out_reg[0]/D
  -------------------------------------------------------------------    -------------------

                         (clock sys_clk_pin fall edge)
                                                      5.000     5.000 f  
    W5                                                0.000     5.000 f  clk (IN)
                         net (fo=0)                   0.000     5.000    clk
    W5                   IBUF (Prop_ibuf_I_O)         0.414     5.414 f  clk_IBUF_inst/O
                         net (fo=1, routed)           0.685     6.099    clk_IBUF
    BUFGCTRL_X0Y0        BUFG (Prop_bufg_I_O)         0.029     6.128 f  clk_IBUF_BUFG_inst/O
                         net (fo=94, routed)          0.864     6.992    lcd1/clk_IBUF_BUFG
    SLICE_X64Y97         FDRE                                         r  lcd1/data_out_reg[0]/C  (IS_INVERTED)
                         clock pessimism             -0.499     6.493    
    SLICE_X64Y97         FDRE (Hold_fdre_C_D)         0.125     6.618    lcd1/data_out_reg[0]
  -------------------------------------------------------------------
                         required time                         -6.618    
                         arrival time                           6.872    
  -------------------------------------------------------------------
                         slack                                  0.254    

Slack (MET) :             0.263ns  (arrival time - required time)
  Source:                 counter_reg[23]/C
                            (rising edge-triggered cell FDRE clocked by sys_clk_pin  {rise@0.000ns fall@5.000ns period=10.000ns})
  Destination:            counter_reg[23]/D
                            (rising edge-triggered cell FDRE clocked by sys_clk_pin  {rise@0.000ns fall@5.000ns period=10.000ns})
  Path Group:             sys_clk_pin
  Path Type:              Hold (Min at Fast Process Corner)
  Requirement:            0.000ns  (sys_clk_pin rise@0.000ns - sys_clk_pin rise@0.000ns)
  Data Path Delay:        0.368ns  (logic 0.249ns (67.612%)  route 0.119ns (32.388%))
  Logic Levels:           1  (CARRY4=1)
  Clock Path Skew:        0.000ns (DCD - SCD - CPR)
    Destination Clock Delay (DCD):    1.991ns
    Source Clock Delay      (SCD):    1.476ns
    Clock Pessimism Removal (CPR):    0.515ns

    Location             Delay type                Incr(ns)  Path(ns)    Netlist Resource(s)
  -------------------------------------------------------------------    -------------------
                         (clock sys_clk_pin rise edge)
                                                      0.000     0.000 r  
    W5                                                0.000     0.000 r  clk (IN)
                         net (fo=0)                   0.000     0.000    clk
    W5                   IBUF (Prop_ibuf_I_O)         0.226     0.226 r  clk_IBUF_inst/O
                         net (fo=1, routed)           0.631     0.858    clk_IBUF
    BUFGCTRL_X0Y0        BUFG (Prop_bufg_I_O)         0.026     0.884 r  clk_IBUF_BUFG_inst/O
                         net (fo=94, routed)          0.593     1.476    clk_IBUF_BUFG
    SLICE_X63Y94         FDRE                                         r  counter_reg[23]/C
  -------------------------------------------------------------------    -------------------
    SLICE_X63Y94         FDRE (Prop_fdre_C_Q)         0.141     1.617 r  counter_reg[23]/Q
                         net (fo=2, routed)           0.119     1.737    counter_reg[23]
    SLICE_X63Y94         CARRY4 (Prop_carry4_S[3]_O[3])
                                                      0.108     1.845 r  counter_reg[20]_i_1/O[3]
                         net (fo=1, routed)           0.000     1.845    counter_reg[20]_i_1_n_4
    SLICE_X63Y94         FDRE                                         r  counter_reg[23]/D
  -------------------------------------------------------------------    -------------------

                         (clock sys_clk_pin rise edge)
                                                      0.000     0.000 r  
    W5                                                0.000     0.000 r  clk (IN)
                         net (fo=0)                   0.000     0.000    clk
    W5                   IBUF (Prop_ibuf_I_O)         0.414     0.414 r  clk_IBUF_inst/O
                         net (fo=1, routed)           0.685     1.099    clk_IBUF
    BUFGCTRL_X0Y0        BUFG (Prop_bufg_I_O)         0.029     1.128 r  clk_IBUF_BUFG_inst/O
                         net (fo=94, routed)          0.863     1.991    clk_IBUF_BUFG
    SLICE_X63Y94         FDRE                                         r  counter_reg[23]/C
                         clock pessimism             -0.515     1.476    
    SLICE_X63Y94         FDRE (Hold_fdre_C_D)         0.105     1.581    counter_reg[23]
  -------------------------------------------------------------------
                         required time                         -1.581    
                         arrival time                           1.845    
  -------------------------------------------------------------------
                         slack                                  0.263    





Pulse Width Checks
--------------------------------------------------------------------------------------
Clock Name:         sys_clk_pin
Waveform(ns):       { 0.000 5.000 }
Period(ns):         10.000
Sources:            { clk }

Check Type        Corner  Lib Pin  Reference Pin  Required(ns)  Actual(ns)  Slack(ns)  Location       Pin
Min Period        n/a     BUFG/I   n/a            2.155         10.000      7.845      BUFGCTRL_X0Y0  clk_IBUF_BUFG_inst/I
Min Period        n/a     FDRE/C   n/a            1.000         10.000      9.000      SLICE_X63Y89   counter_reg[0]/C
Min Period        n/a     FDRE/C   n/a            1.000         10.000      9.000      SLICE_X63Y91   counter_reg[10]/C
Min Period        n/a     FDRE/C   n/a            1.000         10.000      9.000      SLICE_X63Y91   counter_reg[11]/C
Min Period        n/a     FDRE/C   n/a            1.000         10.000      9.000      SLICE_X63Y92   counter_reg[12]/C
Min Period        n/a     FDRE/C   n/a            1.000         10.000      9.000      SLICE_X63Y92   counter_reg[13]/C
Min Period        n/a     FDRE/C   n/a            1.000         10.000      9.000      SLICE_X63Y92   counter_reg[14]/C
Min Period        n/a     FDRE/C   n/a            1.000         10.000      9.000      SLICE_X63Y92   counter_reg[15]/C
Min Period        n/a     FDRE/C   n/a            1.000         10.000      9.000      SLICE_X63Y93   counter_reg[16]/C
Min Period        n/a     FDRE/C   n/a            1.000         10.000      9.000      SLICE_X63Y93   counter_reg[17]/C
Low Pulse Width   Slow    FDRE/C   n/a            0.500         5.000       4.500      SLICE_X63Y89   counter_reg[0]/C
Low Pulse Width   Slow    FDRE/C   n/a            0.500         5.000       4.500      SLICE_X63Y89   counter_reg[1]/C
Low Pulse Width   Slow    FDRE/C   n/a            0.500         5.000       4.500      SLICE_X63Y89   counter_reg[2]/C
Low Pulse Width   Slow    FDRE/C   n/a            0.500         5.000       4.500      SLICE_X63Y89   counter_reg[3]/C
Low Pulse Width   Slow    FDRE/C   n/a            0.500         5.000       4.500      SLICE_X63Y90   counter_reg[4]/C
Low Pulse Width   Slow    FDRE/C   n/a            0.500         5.000       4.500      SLICE_X63Y90   counter_reg[5]/C
Low Pulse Width   Slow    FDRE/C   n/a            0.500         5.000       4.500      SLICE_X63Y90   counter_reg[6]/C
Low Pulse Width   Slow    FDRE/C   n/a            0.500         5.000       4.500      SLICE_X63Y90   counter_reg[7]/C
Low Pulse Width   Slow    FDRE/C   n/a            0.500         5.000       4.500      SLICE_X60Y94   lcd1/cnt_setup_reg[12]/C
Low Pulse Width   Slow    FDRE/C   n/a            0.500         5.000       4.500      SLICE_X60Y94   lcd1/cnt_setup_reg[13]/C
High Pulse Width  Slow    FDRE/C   n/a            0.500         5.000       4.500      SLICE_X63Y91   counter_reg[10]/C
High Pulse Width  Slow    FDRE/C   n/a            0.500         5.000       4.500      SLICE_X63Y91   counter_reg[11]/C
High Pulse Width  Slow    FDRE/C   n/a            0.500         5.000       4.500      SLICE_X63Y92   counter_reg[12]/C
High Pulse Width  Slow    FDRE/C   n/a            0.500         5.000       4.500      SLICE_X63Y92   counter_reg[13]/C
High Pulse Width  Slow    FDRE/C   n/a            0.500         5.000       4.500      SLICE_X63Y92   counter_reg[14]/C
High Pulse Width  Slow    FDRE/C   n/a            0.500         5.000       4.500      SLICE_X63Y92   counter_reg[15]/C
High Pulse Width  Slow    FDRE/C   n/a            0.500         5.000       4.500      SLICE_X63Y93   counter_reg[16]/C
High Pulse Width  Slow    FDRE/C   n/a            0.500         5.000       4.500      SLICE_X63Y93   counter_reg[17]/C
High Pulse Width  Slow    FDRE/C   n/a            0.500         5.000       4.500      SLICE_X63Y93   counter_reg[18]/C
High Pulse Width  Slow    FDRE/C   n/a            0.500         5.000       4.500      SLICE_X63Y93   counter_reg[19]/C



