KCPSM6 Assembler log file for program 'C:\Users\lebray\Vivado-Workflow-Scripts\HW6\T9\prog.psm'.
Generated by KCPSM6 version v2.70
Ken Chapman - Xilinx Ltd - 16th May 2014

Assembly datestamp: 24 Mar 2026
Assembly timestamp: 16:24:29

Contents
  Assembly listing
  List of PSM files
  List of CONSTANTs
  List of TABLEs
  List of STRINGs
  List of line labels
  Instruction usage statistics


Last occupied address: 009 hex
Nominal program memory size: 1K (1024)   address(9:0)
Actual memory size: 4096
  (Default memory size)
Occupied memory locations: 10
Memory locations available: 4086


Assembly listing

 Addr Code            Instruction

 000                  ; Section 9 - Multiple subroutines: counter s2 decrements from 8 to 0,
 000                  ; s3 increments by 1 each step. When s2 reaches 0, output s3 to LEDs.
 000                  ; Uses TEST to check if s2 == 0 (test s2, FF -> Z=1 when s2=0)
 000                  ; Compile: kcpsm6.exe prog.psm -> generates prog.v
 000  01208           LOAD s2, 08        ; s2 = counter (starts at 8)
 001  01300           LOAD s3, 00        ; s3 = LED value (starts at 0)
 002         FOREVER: 
 002  0D2FF           TEST s2, FF        ; AND s2 with 0xFF; Z=1 if s2==0
 003  36005           JUMP NZ, 005[NOTZ] ; s2 != 0: go decrement
 004  32008           JUMP Z, 008[ISZ]   ; s2 == 0: go output
 005            NOTZ: 
 005  19201           SUB s2, 01         ; decrement counter
 006  11301           ADD s3, 01         ; increment LED value
 007  22002           JUMP 002[FOREVER]
 008             ISZ: 
 008  2D300           OUTPUT s3, 00      ; output LED count to port 0
 009  22002           JUMP 002[FOREVER]


All unused memory locations contain zero (equivalent to 'LOAD s0, s0')



List of PSM files that have been assembled

C:\Users\lebray\Vivado-Workflow-Scripts\HW6\T9\prog.psm



List of defined constants

 CONSTANT name     Value        Source PSM File

 timestamp_hours   16'd         
 timestamp_minutes 24'd         
 timestamp_seconds 29'd         
 datestamp_year    26'd         
 datestamp_month   3'd          
 datestamp_day     24'd         
 NUL               00           
 BEL               07           
 BS                08           
 HT                09           
 LF                0A           
 VT                0B           
 CR                0D           
 ESC               1B           
 DEL               7F           
 DCS               90           
 ST                9C           



No TABLEs defined



List of text strings

 STRING name       String         Source PSM File

 KCPSM6_version$   "v2.70"        
 datestamp$        "24 Mar 2026"  
 timestamp$        "16:24:29"     



List of line labels

   Label     Addr  Source PSM File

   FOREVER   002   prog.psm
   NOTZ      005   prog.psm
   ISZ       008   prog.psm



Instruction usage statistics

 Instruction    Instances

 LOAD              2
 STAR              -

 AND               -
 OR                -
 XOR               -

 ADD               1
 ADDCY             -
 SUB               1
 SUBCY             -

 TEST              1
 TESTCY            -
 COMPARE           -
 COMPARECY         -

 SL0               -
 SL1               -
 SLX               -
 SLA               -
 RL                -
 SR0               -
 SR1               -
 SRX               -
 SRA               -
 RR                -

 REGBANK           -

 INPUT             -
 OUTPUT            1
 OUTPUTK           -

 STORE             -
 FETCH             -

 DISABLE           -
 ENABLE            -
 RETURNI           -

 JUMP              4
 JUMP@             -
 CALL              -
 CALL@             -
 RETURN            -
 LOAD&RETURN       -

 HWBUILD           -



End of KCPSM6 log file.
