KCPSM6 Assembler log file for program 'C:\Users\lebray\Vivado-Workflow-Scripts\HW6\T4\list_ch16_02_sio_rom.psm'.
Generated by KCPSM6 version v2.70
Ken Chapman - Xilinx Ltd - 16th May 2014

Assembly datestamp: 24 Mar 2026
Assembly timestamp: 16:18:11

Contents
  Assembly listing
  List of PSM files
  List of CONSTANTs
  List of TABLEs
  List of STRINGs
  List of line labels
  Instruction usage statistics


Last occupied address: 039 hex
Nominal program memory size: 1K (1024)   address(9:0)
Actual memory size: 4096
  (Default memory size)
Occupied memory locations: 58
Memory locations available: 4038


Assembly listing

 Addr Code                     Instruction

 000                           ;=========================================================
 000                           ; Square circuit with simple I/O interface
 000                           ;=========================================================
 000                           ;Program operation:
 000                           ;  - read switch to a (4 MSBs) and b (4 LSBs)
 000                           ;  - calculate a*a + b*b
 000                           ;  - display data on 8 leds
 000                           ;=========================================================
 000                           ; Dataconstant
 000                           ;=========================================================
 000                           CONSTANT UP_NIBBLE_MASK, 0F      ;00001111
 000                           ;=========================================================
 000                           ; Dataram address alias
 000                           ;=========================================================
 000                           CONSTANT a_lsb, 00
 000                           CONSTANT b_lsb, 02
 000                           CONSTANT aa_lsb, 04
 000                           CONSTANT aa_msb, 05
 000                           CONSTANT bb_lsb, 06
 000                           CONSTANT bb_msb, 07
 000                           CONSTANT aabb_lsb, 08
 000                           CONSTANT aabb_msb, 09
 000                           CONSTANT aabb_cout, 0A
 000                           ;=========================================================
 000                           ; Register alias
 000                           ;=========================================================
 000                           ;commonly used local variables
 000                           NAMEREG s0, data                 ;reg for temporary data
 000                           NAMEREG s1, addr                 ;reg for temporary mem & i/o port addr
 000                           NAMEREG s2, i                    ;general-purpose loop index
 000                           ;global variables
 000                           NAMEREG sF, sw_in
 000                           ;=========================================================
 000                           ; Port alias
 000                           ;=========================================================
 000                           ;------------input port definitions---------------------
 000                           CONSTANT sw_port, 01             ;8-bit switches
 000                           ;------------output port definitions---------------------
 000                           CONSTANT led_port, 05
 000                           ;=========================================================
 000                           ; Main program
 000                           ;=========================================================
 000                           ;Calling hierarchy:
 000                           ;
 000                           ;main
 000                           ;  - clr_data_mem
 000                           ;  - read_switch
 000                           ;      - get_upper_nibble
 000                           ;      - get_lower_nibble
 000                           ;  - square
 000                           ;      - mult_soft
 000                           ;  - write_led
 000                           ;
 000  20005                    CALL 005[clr_data_mem]
 001                  forever: 
 001  2000B                    CALL 00B[read_switch]
 002  2001C                    CALL 01C[square]
 003  20019                    CALL 019[write_led]
 004  22001                    JUMP 001[forever]
 005                           ;=========================================================
 005                           ;routine: clr_data_mem
 005                           ;  function: clear data ram
 005                           ;  temp register: data, i
 005                           ;=========================================================
 005             clr_data_mem: 
 005  01240                    LOAD s2[i], 40                   ;unitize loop index to 64
 006  01000                    LOAD s0[data], 00
 007             clr_mem_loop: 
 007  2E020                    STORE s0[data], (s2[i])
 008  19201                    SUB s2[i], 01                    ;dec loop index
 009  36007                    JUMP NZ, 007[clr_mem_loop]       ;repeat until i=0
 00A  25000                    RETURN 
 00B                           ;=========================================================
 00B                           ;routine: read switch
 00B                           ;  function: obatin two nibbles from input
 00B                           ;  input register: sw_in
 00B                           ;  temp register: data
 00B                           ;=========================================================
 00B              read_switch: 
 00B  09F01                    INPUT sF[sw_in], 01[sw_port]     ;read switch input
 00C  000F0                    LOAD s0[data], sF[sw_in]
 00D  20012                    CALL 012[get_lower_nibble]
 00E  2F000                    STORE s0[data], 00[a_lsb]        ;store a to data ram
 00F  000F0                    LOAD s0[data], sF[sw_in]
 010  20014                    CALL 014[get_upper_nibble]
 011  2F002                    STORE s0[data], 02[b_lsb]        ;store b to data ram
 012                           ;=========================================================
 012                           ;routine: get_lower_nibble
 012                           ;  function: get lower 4-bit of data
 012                           ;  input register: data
 012                           ;  output register: data
 012                           ;=========================================================
 012         get_lower_nibble: 
 012  0300F                    AND s0[data], 0F[UP_NIBBLE_MASK] ;clear upper nibble
 013  25000                    RETURN 
 014                           ;=========================================================
 014                           ;routine: get_lupper_nible
 014                           ;  function: get upper 4-bit of in_data
 014                           ;  input register: data
 014                           ;  output register: data
 014                           ;=========================================================
 014         get_upper_nibble: 
 014  1400E                    SR0 s0[data]                     ;right shift 4 times
 015  1400E                    SR0 s0[data]
 016  1400E                    SR0 s0[data]
 017  1400E                    SR0 s0[data]
 018  25000                    RETURN 
 019                           ;=========================================================
 019                           ;routine: write_led
 019                           ;  function: output 8 LSBs of result to 8 leds
 019                           ;  temp register: data
 019                           ;=========================================================
 019                write_led: 
 019  0B008                    FETCH s0[data], 08[aabb_lsb]
 01A  2D005                    OUTPUT s0[data], 05[led_port]
 01B  25000                    RETURN 
 01C                           ;=========================================================
 01C                           ;routine: square
 01C                           ;  function: calculate a*a + b*b
 01C                           ;     data/result stored in ram started w/ SQ_BASE_ADDR
 01C                           ;  temp register: s3, s4, s5, s6, data
 01C                           ;=========================================================
 01C                   square: 
 01C                           ;calculate a*a
 01C  0B300                    FETCH s3, 00[a_lsb]              ;load a
 01D  0B400                    FETCH s4, 00[a_lsb]              ;load a
 01E  20030                    CALL 030[mult_soft]              ;calculate a*a
 01F  2F604                    STORE s6, 04[aa_lsb]             ;store lower byte of a*a
 020  2F505                    STORE s5, 05[aa_msb]             ;store upper byte of a*a
 021                           ;calculate b*b
 021  0B302                    FETCH s3, 02[b_lsb]              ;load b
 022  0B402                    FETCH s4, 02[b_lsb]              ;load b
 023  20030                    CALL 030[mult_soft]              ;calculate b*b
 024  2F606                    STORE s6, 06[bb_lsb]             ;store lower byte of b*b
 025  2F507                    STORE s5, 07                     ;store upper byte of b*b
 026                           ;calculate a*a+b*b
 026  0B004                    FETCH s0[data], 04[aa_lsb]       ;get lower byte of a*a
 027  10060                    ADD s0[data], s6                 ;add lower byte of a*a+b*b
 028  2F008                    STORE s0[data], 08[aabb_lsb]     ;store lower byte of a*a+b*b
 029  0B005                    FETCH s0[data], 05[aa_msb]       ;get upper byte of a*a
 02A  12050                    ADDCY s0[data], s5               ;add upper byte of a*a+b*b
 02B  2F009                    STORE s0[data], 09[aabb_msb]     ;store upper byte of a*a+b*b
 02C  01000                    LOAD s0[data], 00                ;clear data, but keep carry
 02D  13000                    ADDCY s0[data], 00               ;get carry-out from previous +
 02E  2F00A                    STORE s0[data], 0A[aabb_cout]    ;store carry-out of a*a+b*b
 02F  25000                    RETURN 
 030                           ;=========================================================
 030                           ;routine: mult_soft
 030                           ;  function: 8-bit unsigned multiplier using
 030                           ;           shift-and-add algorithm
 030                           ;  input register:
 030                           ;     s3: multiplicand
 030                           ;     s4: multiplier
 030                           ;  output register:
 030                           ;     s5: upper byte of product
 030                           ;     s6: lower byte of product
 030                           ;  temp register: i
 030                           ;=========================================================
 030                mult_soft: 
 030  01500                    LOAD s5, 00                      ;clear s5
 031  01208                    LOAD s2[i], 08                   ;initialize loop index
 032                mult_loop: 
 032  1440E                    SR0 s4                           ;shift lsb to carry
 033  3E035                    JUMP NC, 035[shift_prod]         ;lsb is 0
 034  10530                    ADD s5, s3                       ;lsb is 1
 035               shift_prod: 
 035  14508                    SRA s5                           ;shift upper byte right,
 036                           ;carry to MSB, LSB to carry
 036  14608                    SRA s6                           ;shift lower byte right,
 037                           ;lsb of s5 to MSB of s6
 037  19201                    SUB s2[i], 01                    ;dec loop index
 038  36032                    JUMP NZ, 032[mult_loop]          ;repeat until i=0
 039  25000                    RETURN 


All unused memory locations contain zero (equivalent to 'LOAD s0, s0')



List of PSM files that have been assembled

C:\Users\lebray\Vivado-Workflow-Scripts\HW6\T4\list_ch16_02_sio_rom.psm



List of defined constants

 CONSTANT name     Value        Source PSM File

 timestamp_hours   16'd         
 timestamp_minutes 18'd         
 timestamp_seconds 11'd         
 datestamp_year    26'd         
 datestamp_month   3'd          
 datestamp_day     24'd         
 NUL               00           
 BEL               07           
 BS                08           
 HT                09           
 LF                0A           
 VT                0B           
 CR                0D           
 ESC               1B           
 DEL               7F           
 DCS               90           
 ST                9C           
 UP_NIBBLE_MASK    0F           list_ch16_02_sio_rom.psm
 a_lsb             00           list_ch16_02_sio_rom.psm
 b_lsb             02           list_ch16_02_sio_rom.psm
 aa_lsb            04           list_ch16_02_sio_rom.psm
 aa_msb            05           list_ch16_02_sio_rom.psm
 bb_lsb            06           list_ch16_02_sio_rom.psm
 bb_msb            07           list_ch16_02_sio_rom.psm
 aabb_lsb          08           list_ch16_02_sio_rom.psm
 aabb_msb          09           list_ch16_02_sio_rom.psm
 aabb_cout         0A           list_ch16_02_sio_rom.psm
 sw_port           01           list_ch16_02_sio_rom.psm
 led_port          05           list_ch16_02_sio_rom.psm



No TABLEs defined



List of text strings

 STRING name       String         Source PSM File

 KCPSM6_version$   "v2.70"        
 datestamp$        "24 Mar 2026"  
 timestamp$        "16:18:11"     



List of line labels

   Label              Addr  Source PSM File

   forever            001   list_ch16_02_sio_rom.psm
   clr_data_mem       005   list_ch16_02_sio_rom.psm
   clr_mem_loop       007   list_ch16_02_sio_rom.psm
   read_switch        00B   list_ch16_02_sio_rom.psm
   get_lower_nibble   012   list_ch16_02_sio_rom.psm
   get_upper_nibble   014   list_ch16_02_sio_rom.psm
   write_led          019   list_ch16_02_sio_rom.psm
   square             01C   list_ch16_02_sio_rom.psm
   mult_soft          030   list_ch16_02_sio_rom.psm
   mult_loop          032   list_ch16_02_sio_rom.psm
   shift_prod         035   list_ch16_02_sio_rom.psm



Instruction usage statistics

 Instruction    Instances

 LOAD              7
 STAR              -

 AND               1
 OR                -
 XOR               -

 ADD               2
 ADDCY             2
 SUB               2
 SUBCY             -

 TEST              -
 TESTCY            -
 COMPARE           -
 COMPARECY         -

 SL0               -
 SL1               -
 SLX               -
 SLA               -
 RL                -
 SR0               5
 SR1               -
 SRX               -
 SRA               2
 RR                -

 REGBANK           -

 INPUT             1
 OUTPUT            1
 OUTPUTK           -

 STORE             7
 FETCH             7

 DISABLE           -
 ENABLE            -
 RETURNI           -

 JUMP              4
 JUMP@             -
 CALL              8
 CALL@             -
 RETURN            6
 LOAD&RETURN       -

 HWBUILD           -



End of KCPSM6 log file.
