Copyright 1986-2018 Xilinx, Inc. All Rights Reserved.
-----------------------------------------------------------------------------------------------------------------------------------------------------------------------------------------------
| Tool Version : Vivado v.2018.3 (win64) Build 2405991 Thu Dec  6 23:38:27 MST 2018
| Date         : Fri Apr  3 20:05:35 2026
| Host         : BH610-DRZVK84 running 64-bit major release  (build 9200)
| Command      : report_timing_summary -max_paths 10 -file XADCdemo_timing_summary_routed.rpt -pb XADCdemo_timing_summary_routed.pb -rpx XADCdemo_timing_summary_routed.rpx -warn_on_violation
| Design       : XADCdemo
| Device       : 7a35t-cpg236
| Speed File   : -1  PRODUCTION 1.23 2018-06-13
-----------------------------------------------------------------------------------------------------------------------------------------------------------------------------------------------

Timing Summary Report

------------------------------------------------------------------------------------------------
| Timer Settings
| --------------
------------------------------------------------------------------------------------------------

  Enable Multi Corner Analysis               :  Yes
  Enable Pessimism Removal                   :  Yes
  Pessimism Removal Resolution               :  Nearest Common Node
  Enable Input Delay Default Clock           :  No
  Enable Preset / Clear Arcs                 :  No
  Disable Flight Delays                      :  No
  Ignore I/O Paths                           :  No
  Timing Early Launch at Borrowing Latches   :  false

  Corner  Analyze    Analyze    
  Name    Max Paths  Min Paths  
  ------  ---------  ---------  
  Slow    Yes        Yes        
  Fast    Yes        Yes        



check_timing report

Table of Contents
-----------------
1. checking no_clock
2. checking constant_clock
3. checking pulse_width_clock
4. checking unconstrained_internal_endpoints
5. checking no_input_delay
6. checking no_output_delay
7. checking multiple_clock
8. checking generated_clocks
9. checking loops
10. checking partial_input_delay
11. checking partial_output_delay
12. checking latch_loops

1. checking no_clock
--------------------
 There are 15 register/latch pins with no clock driven by root clock pin: nolabel_line38/sck_reg/Q (HIGH)


2. checking constant_clock
--------------------------
 There are 0 register/latch pins with constant_clock.


3. checking pulse_width_clock
-----------------------------
 There are 0 register/latch pins which need pulse_width check


4. checking unconstrained_internal_endpoints
--------------------------------------------
 There are 29 pins that are not constrained for maximum delay. (HIGH)

 There are 0 pins that are not constrained for maximum delay due to constant clock.


5. checking no_input_delay
--------------------------
 There are 0 input ports with no input delay specified.

 There are 0 input ports with no input delay but user has a false path constraint.


6. checking no_output_delay
---------------------------
 There are 11 ports with no output delay specified. (HIGH)

 There are 0 ports with no output delay but user has a false path constraint

 There are 0 ports with no output delay but with a timing clock defined on it or propagating through it


7. checking multiple_clock
--------------------------
 There are 0 register/latch pins with multiple clocks.


8. checking generated_clocks
----------------------------
 There are 0 generated clocks that are not connected to a clock source.


9. checking loops
-----------------
 There are 0 combinational loops in the design.


10. checking partial_input_delay
--------------------------------
 There are 0 input ports with partial input delay specified.


11. checking partial_output_delay
---------------------------------
 There are 0 ports with partial output delay specified.


12. checking latch_loops
------------------------
 There are 0 combinational latch loops in the design through latch input



------------------------------------------------------------------------------------------------
| Design Timing Summary
| ---------------------
------------------------------------------------------------------------------------------------

    WNS(ns)      TNS(ns)  TNS Failing Endpoints  TNS Total Endpoints      WHS(ns)      THS(ns)  THS Failing Endpoints  THS Total Endpoints     WPWS(ns)     TPWS(ns)  TPWS Failing Endpoints  TPWS Total Endpoints  
    -------      -------  ---------------------  -------------------      -------      -------  ---------------------  -------------------     --------     --------  ----------------------  --------------------  
      6.639        0.000                      0                   51        0.263        0.000                      0                   51        4.500        0.000                       0                    29  


All user specified timing constraints are met.


------------------------------------------------------------------------------------------------
| Clock Summary
| -------------
------------------------------------------------------------------------------------------------

Clock        Waveform(ns)       Period(ns)      Frequency(MHz)
-----        ------------       ----------      --------------
sys_clk_pin  {0.000 5.000}      10.000          100.000         


------------------------------------------------------------------------------------------------
| Intra Clock Table
| -----------------
------------------------------------------------------------------------------------------------

Clock             WNS(ns)      TNS(ns)  TNS Failing Endpoints  TNS Total Endpoints      WHS(ns)      THS(ns)  THS Failing Endpoints  THS Total Endpoints     WPWS(ns)     TPWS(ns)  TPWS Failing Endpoints  TPWS Total Endpoints  
-----             -------      -------  ---------------------  -------------------      -------      -------  ---------------------  -------------------     --------     --------  ----------------------  --------------------  
sys_clk_pin         6.639        0.000                      0                   51        0.263        0.000                      0                   51        4.500        0.000                       0                    29  


------------------------------------------------------------------------------------------------
| Inter Clock Table
| -----------------
------------------------------------------------------------------------------------------------

From Clock    To Clock          WNS(ns)      TNS(ns)  TNS Failing Endpoints  TNS Total Endpoints      WHS(ns)      THS(ns)  THS Failing Endpoints  THS Total Endpoints  
----------    --------          -------      -------  ---------------------  -------------------      -------      -------  ---------------------  -------------------  


------------------------------------------------------------------------------------------------
| Other Path Groups Table
| -----------------------
------------------------------------------------------------------------------------------------

Path Group    From Clock    To Clock          WNS(ns)      TNS(ns)  TNS Failing Endpoints  TNS Total Endpoints      WHS(ns)      THS(ns)  THS Failing Endpoints  THS Total Endpoints  
----------    ----------    --------          -------      -------  ---------------------  -------------------      -------      -------  ---------------------  -------------------  


------------------------------------------------------------------------------------------------
| Timing Details
| --------------
------------------------------------------------------------------------------------------------


---------------------------------------------------------------------------------------------------
From Clock:  sys_clk_pin
  To Clock:  sys_clk_pin

Setup :            0  Failing Endpoints,  Worst Slack        6.639ns,  Total Violation        0.000ns
Hold  :            0  Failing Endpoints,  Worst Slack        0.263ns,  Total Violation        0.000ns
PW    :            0  Failing Endpoints,  Worst Slack        4.500ns,  Total Violation        0.000ns
---------------------------------------------------------------------------------------------------


Max Delay Paths
--------------------------------------------------------------------------------------
Slack (MET) :             6.639ns  (required time - arrival time)
  Source:                 nolabel_line38/clkdiv_reg[8]/C
                            (rising edge-triggered cell FDRE clocked by sys_clk_pin  {rise@0.000ns fall@5.000ns period=10.000ns})
  Destination:            nolabel_line38/clkdiv_reg[13]/R
                            (rising edge-triggered cell FDRE clocked by sys_clk_pin  {rise@0.000ns fall@5.000ns period=10.000ns})
  Path Group:             sys_clk_pin
  Path Type:              Setup (Max at Slow Process Corner)
  Requirement:            10.000ns  (sys_clk_pin rise@10.000ns - sys_clk_pin rise@0.000ns)
  Data Path Delay:        2.874ns  (logic 0.704ns (24.498%)  route 2.170ns (75.502%))
  Logic Levels:           2  (LUT4=1 LUT5=1)
  Clock Path Skew:        -0.023ns (DCD - SCD + CPR)
    Destination Clock Delay (DCD):    5.022ns = ( 15.022 - 10.000 ) 
    Source Clock Delay      (SCD):    5.326ns
    Clock Pessimism Removal (CPR):    0.281ns
  Clock Uncertainty:      0.035ns  ((TSJ^2 + TIJ^2)^1/2 + DJ) / 2 + PE
    Total System Jitter     (TSJ):    0.071ns
    Total Input Jitter      (TIJ):    0.000ns
    Discrete Jitter          (DJ):    0.000ns
    Phase Error              (PE):    0.000ns

    Location             Delay type                Incr(ns)  Path(ns)    Netlist Resource(s)
  -------------------------------------------------------------------    -------------------
                         (clock sys_clk_pin rise edge)
                                                      0.000     0.000 r  
    W5                                                0.000     0.000 r  CLK100MHZ (IN)
                         net (fo=0)                   0.000     0.000    CLK100MHZ
    W5                   IBUF (Prop_ibuf_I_O)         1.458     1.458 r  CLK100MHZ_IBUF_inst/O
                         net (fo=1, routed)           1.967     3.425    CLK100MHZ_IBUF
    BUFGCTRL_X0Y0        BUFG (Prop_bufg_I_O)         0.096     3.521 r  CLK100MHZ_IBUF_BUFG_inst/O
                         net (fo=28, routed)          1.805     5.326    nolabel_line38/CLK100MHZ_IBUF_BUFG
    SLICE_X3Y137         FDRE                                         r  nolabel_line38/clkdiv_reg[8]/C
  -------------------------------------------------------------------    -------------------
    SLICE_X3Y137         FDRE (Prop_fdre_C_Q)         0.456     5.782 f  nolabel_line38/clkdiv_reg[8]/Q
                         net (fo=2, routed)           0.692     6.475    nolabel_line38/clkdiv[8]
    SLICE_X2Y137         LUT4 (Prop_lut4_I3_O)        0.124     6.599 f  nolabel_line38/clkdiv[0]_i_5/O
                         net (fo=3, routed)           0.830     7.428    nolabel_line38/clkdiv[0]_i_5_n_0
    SLICE_X2Y136         LUT5 (Prop_lut5_I1_O)        0.124     7.552 r  nolabel_line38/clkdiv[16]_i_1/O
                         net (fo=16, routed)          0.648     8.200    nolabel_line38/sck
    SLICE_X3Y139         FDRE                                         r  nolabel_line38/clkdiv_reg[13]/R
  -------------------------------------------------------------------    -------------------

                         (clock sys_clk_pin rise edge)
                                                     10.000    10.000 r  
    W5                                                0.000    10.000 r  CLK100MHZ (IN)
                         net (fo=0)                   0.000    10.000    CLK100MHZ
    W5                   IBUF (Prop_ibuf_I_O)         1.388    11.388 r  CLK100MHZ_IBUF_inst/O
                         net (fo=1, routed)           1.862    13.250    CLK100MHZ_IBUF
    BUFGCTRL_X0Y0        BUFG (Prop_bufg_I_O)         0.091    13.341 r  CLK100MHZ_IBUF_BUFG_inst/O
                         net (fo=28, routed)          1.681    15.022    nolabel_line38/CLK100MHZ_IBUF_BUFG
    SLICE_X3Y139         FDRE                                         r  nolabel_line38/clkdiv_reg[13]/C
                         clock pessimism              0.281    15.303    
                         clock uncertainty           -0.035    15.268    
    SLICE_X3Y139         FDRE (Setup_fdre_C_R)       -0.429    14.839    nolabel_line38/clkdiv_reg[13]
  -------------------------------------------------------------------
                         required time                         14.839    
                         arrival time                          -8.200    
  -------------------------------------------------------------------
                         slack                                  6.639    

Slack (MET) :             6.639ns  (required time - arrival time)
  Source:                 nolabel_line38/clkdiv_reg[8]/C
                            (rising edge-triggered cell FDRE clocked by sys_clk_pin  {rise@0.000ns fall@5.000ns period=10.000ns})
  Destination:            nolabel_line38/clkdiv_reg[14]/R
                            (rising edge-triggered cell FDRE clocked by sys_clk_pin  {rise@0.000ns fall@5.000ns period=10.000ns})
  Path Group:             sys_clk_pin
  Path Type:              Setup (Max at Slow Process Corner)
  Requirement:            10.000ns  (sys_clk_pin rise@10.000ns - sys_clk_pin rise@0.000ns)
  Data Path Delay:        2.874ns  (logic 0.704ns (24.498%)  route 2.170ns (75.502%))
  Logic Levels:           2  (LUT4=1 LUT5=1)
  Clock Path Skew:        -0.023ns (DCD - SCD + CPR)
    Destination Clock Delay (DCD):    5.022ns = ( 15.022 - 10.000 ) 
    Source Clock Delay      (SCD):    5.326ns
    Clock Pessimism Removal (CPR):    0.281ns
  Clock Uncertainty:      0.035ns  ((TSJ^2 + TIJ^2)^1/2 + DJ) / 2 + PE
    Total System Jitter     (TSJ):    0.071ns
    Total Input Jitter      (TIJ):    0.000ns
    Discrete Jitter          (DJ):    0.000ns
    Phase Error              (PE):    0.000ns

    Location             Delay type                Incr(ns)  Path(ns)    Netlist Resource(s)
  -------------------------------------------------------------------    -------------------
                         (clock sys_clk_pin rise edge)
                                                      0.000     0.000 r  
    W5                                                0.000     0.000 r  CLK100MHZ (IN)
                         net (fo=0)                   0.000     0.000    CLK100MHZ
    W5                   IBUF (Prop_ibuf_I_O)         1.458     1.458 r  CLK100MHZ_IBUF_inst/O
                         net (fo=1, routed)           1.967     3.425    CLK100MHZ_IBUF
    BUFGCTRL_X0Y0        BUFG (Prop_bufg_I_O)         0.096     3.521 r  CLK100MHZ_IBUF_BUFG_inst/O
                         net (fo=28, routed)          1.805     5.326    nolabel_line38/CLK100MHZ_IBUF_BUFG
    SLICE_X3Y137         FDRE                                         r  nolabel_line38/clkdiv_reg[8]/C
  -------------------------------------------------------------------    -------------------
    SLICE_X3Y137         FDRE (Prop_fdre_C_Q)         0.456     5.782 f  nolabel_line38/clkdiv_reg[8]/Q
                         net (fo=2, routed)           0.692     6.475    nolabel_line38/clkdiv[8]
    SLICE_X2Y137         LUT4 (Prop_lut4_I3_O)        0.124     6.599 f  nolabel_line38/clkdiv[0]_i_5/O
                         net (fo=3, routed)           0.830     7.428    nolabel_line38/clkdiv[0]_i_5_n_0
    SLICE_X2Y136         LUT5 (Prop_lut5_I1_O)        0.124     7.552 r  nolabel_line38/clkdiv[16]_i_1/O
                         net (fo=16, routed)          0.648     8.200    nolabel_line38/sck
    SLICE_X3Y139         FDRE                                         r  nolabel_line38/clkdiv_reg[14]/R
  -------------------------------------------------------------------    -------------------

                         (clock sys_clk_pin rise edge)
                                                     10.000    10.000 r  
    W5                                                0.000    10.000 r  CLK100MHZ (IN)
                         net (fo=0)                   0.000    10.000    CLK100MHZ
    W5                   IBUF (Prop_ibuf_I_O)         1.388    11.388 r  CLK100MHZ_IBUF_inst/O
                         net (fo=1, routed)           1.862    13.250    CLK100MHZ_IBUF
    BUFGCTRL_X0Y0        BUFG (Prop_bufg_I_O)         0.091    13.341 r  CLK100MHZ_IBUF_BUFG_inst/O
                         net (fo=28, routed)          1.681    15.022    nolabel_line38/CLK100MHZ_IBUF_BUFG
    SLICE_X3Y139         FDRE                                         r  nolabel_line38/clkdiv_reg[14]/C
                         clock pessimism              0.281    15.303    
                         clock uncertainty           -0.035    15.268    
    SLICE_X3Y139         FDRE (Setup_fdre_C_R)       -0.429    14.839    nolabel_line38/clkdiv_reg[14]
  -------------------------------------------------------------------
                         required time                         14.839    
                         arrival time                          -8.200    
  -------------------------------------------------------------------
                         slack                                  6.639    

Slack (MET) :             6.639ns  (required time - arrival time)
  Source:                 nolabel_line38/clkdiv_reg[8]/C
                            (rising edge-triggered cell FDRE clocked by sys_clk_pin  {rise@0.000ns fall@5.000ns period=10.000ns})
  Destination:            nolabel_line38/clkdiv_reg[15]/R
                            (rising edge-triggered cell FDRE clocked by sys_clk_pin  {rise@0.000ns fall@5.000ns period=10.000ns})
  Path Group:             sys_clk_pin
  Path Type:              Setup (Max at Slow Process Corner)
  Requirement:            10.000ns  (sys_clk_pin rise@10.000ns - sys_clk_pin rise@0.000ns)
  Data Path Delay:        2.874ns  (logic 0.704ns (24.498%)  route 2.170ns (75.502%))
  Logic Levels:           2  (LUT4=1 LUT5=1)
  Clock Path Skew:        -0.023ns (DCD - SCD + CPR)
    Destination Clock Delay (DCD):    5.022ns = ( 15.022 - 10.000 ) 
    Source Clock Delay      (SCD):    5.326ns
    Clock Pessimism Removal (CPR):    0.281ns
  Clock Uncertainty:      0.035ns  ((TSJ^2 + TIJ^2)^1/2 + DJ) / 2 + PE
    Total System Jitter     (TSJ):    0.071ns
    Total Input Jitter      (TIJ):    0.000ns
    Discrete Jitter          (DJ):    0.000ns
    Phase Error              (PE):    0.000ns

    Location             Delay type                Incr(ns)  Path(ns)    Netlist Resource(s)
  -------------------------------------------------------------------    -------------------
                         (clock sys_clk_pin rise edge)
                                                      0.000     0.000 r  
    W5                                                0.000     0.000 r  CLK100MHZ (IN)
                         net (fo=0)                   0.000     0.000    CLK100MHZ
    W5                   IBUF (Prop_ibuf_I_O)         1.458     1.458 r  CLK100MHZ_IBUF_inst/O
                         net (fo=1, routed)           1.967     3.425    CLK100MHZ_IBUF
    BUFGCTRL_X0Y0        BUFG (Prop_bufg_I_O)         0.096     3.521 r  CLK100MHZ_IBUF_BUFG_inst/O
                         net (fo=28, routed)          1.805     5.326    nolabel_line38/CLK100MHZ_IBUF_BUFG
    SLICE_X3Y137         FDRE                                         r  nolabel_line38/clkdiv_reg[8]/C
  -------------------------------------------------------------------    -------------------
    SLICE_X3Y137         FDRE (Prop_fdre_C_Q)         0.456     5.782 f  nolabel_line38/clkdiv_reg[8]/Q
                         net (fo=2, routed)           0.692     6.475    nolabel_line38/clkdiv[8]
    SLICE_X2Y137         LUT4 (Prop_lut4_I3_O)        0.124     6.599 f  nolabel_line38/clkdiv[0]_i_5/O
                         net (fo=3, routed)           0.830     7.428    nolabel_line38/clkdiv[0]_i_5_n_0
    SLICE_X2Y136         LUT5 (Prop_lut5_I1_O)        0.124     7.552 r  nolabel_line38/clkdiv[16]_i_1/O
                         net (fo=16, routed)          0.648     8.200    nolabel_line38/sck
    SLICE_X3Y139         FDRE                                         r  nolabel_line38/clkdiv_reg[15]/R
  -------------------------------------------------------------------    -------------------

                         (clock sys_clk_pin rise edge)
                                                     10.000    10.000 r  
    W5                                                0.000    10.000 r  CLK100MHZ (IN)
                         net (fo=0)                   0.000    10.000    CLK100MHZ
    W5                   IBUF (Prop_ibuf_I_O)         1.388    11.388 r  CLK100MHZ_IBUF_inst/O
                         net (fo=1, routed)           1.862    13.250    CLK100MHZ_IBUF
    BUFGCTRL_X0Y0        BUFG (Prop_bufg_I_O)         0.091    13.341 r  CLK100MHZ_IBUF_BUFG_inst/O
                         net (fo=28, routed)          1.681    15.022    nolabel_line38/CLK100MHZ_IBUF_BUFG
    SLICE_X3Y139         FDRE                                         r  nolabel_line38/clkdiv_reg[15]/C
                         clock pessimism              0.281    15.303    
                         clock uncertainty           -0.035    15.268    
    SLICE_X3Y139         FDRE (Setup_fdre_C_R)       -0.429    14.839    nolabel_line38/clkdiv_reg[15]
  -------------------------------------------------------------------
                         required time                         14.839    
                         arrival time                          -8.200    
  -------------------------------------------------------------------
                         slack                                  6.639    

Slack (MET) :             6.639ns  (required time - arrival time)
  Source:                 nolabel_line38/clkdiv_reg[8]/C
                            (rising edge-triggered cell FDRE clocked by sys_clk_pin  {rise@0.000ns fall@5.000ns period=10.000ns})
  Destination:            nolabel_line38/clkdiv_reg[16]/R
                            (rising edge-triggered cell FDRE clocked by sys_clk_pin  {rise@0.000ns fall@5.000ns period=10.000ns})
  Path Group:             sys_clk_pin
  Path Type:              Setup (Max at Slow Process Corner)
  Requirement:            10.000ns  (sys_clk_pin rise@10.000ns - sys_clk_pin rise@0.000ns)
  Data Path Delay:        2.874ns  (logic 0.704ns (24.498%)  route 2.170ns (75.502%))
  Logic Levels:           2  (LUT4=1 LUT5=1)
  Clock Path Skew:        -0.023ns (DCD - SCD + CPR)
    Destination Clock Delay (DCD):    5.022ns = ( 15.022 - 10.000 ) 
    Source Clock Delay      (SCD):    5.326ns
    Clock Pessimism Removal (CPR):    0.281ns
  Clock Uncertainty:      0.035ns  ((TSJ^2 + TIJ^2)^1/2 + DJ) / 2 + PE
    Total System Jitter     (TSJ):    0.071ns
    Total Input Jitter      (TIJ):    0.000ns
    Discrete Jitter          (DJ):    0.000ns
    Phase Error              (PE):    0.000ns

    Location             Delay type                Incr(ns)  Path(ns)    Netlist Resource(s)
  -------------------------------------------------------------------    -------------------
                         (clock sys_clk_pin rise edge)
                                                      0.000     0.000 r  
    W5                                                0.000     0.000 r  CLK100MHZ (IN)
                         net (fo=0)                   0.000     0.000    CLK100MHZ
    W5                   IBUF (Prop_ibuf_I_O)         1.458     1.458 r  CLK100MHZ_IBUF_inst/O
                         net (fo=1, routed)           1.967     3.425    CLK100MHZ_IBUF
    BUFGCTRL_X0Y0        BUFG (Prop_bufg_I_O)         0.096     3.521 r  CLK100MHZ_IBUF_BUFG_inst/O
                         net (fo=28, routed)          1.805     5.326    nolabel_line38/CLK100MHZ_IBUF_BUFG
    SLICE_X3Y137         FDRE                                         r  nolabel_line38/clkdiv_reg[8]/C
  -------------------------------------------------------------------    -------------------
    SLICE_X3Y137         FDRE (Prop_fdre_C_Q)         0.456     5.782 f  nolabel_line38/clkdiv_reg[8]/Q
                         net (fo=2, routed)           0.692     6.475    nolabel_line38/clkdiv[8]
    SLICE_X2Y137         LUT4 (Prop_lut4_I3_O)        0.124     6.599 f  nolabel_line38/clkdiv[0]_i_5/O
                         net (fo=3, routed)           0.830     7.428    nolabel_line38/clkdiv[0]_i_5_n_0
    SLICE_X2Y136         LUT5 (Prop_lut5_I1_O)        0.124     7.552 r  nolabel_line38/clkdiv[16]_i_1/O
                         net (fo=16, routed)          0.648     8.200    nolabel_line38/sck
    SLICE_X3Y139         FDRE                                         r  nolabel_line38/clkdiv_reg[16]/R
  -------------------------------------------------------------------    -------------------

                         (clock sys_clk_pin rise edge)
                                                     10.000    10.000 r  
    W5                                                0.000    10.000 r  CLK100MHZ (IN)
                         net (fo=0)                   0.000    10.000    CLK100MHZ
    W5                   IBUF (Prop_ibuf_I_O)         1.388    11.388 r  CLK100MHZ_IBUF_inst/O
                         net (fo=1, routed)           1.862    13.250    CLK100MHZ_IBUF
    BUFGCTRL_X0Y0        BUFG (Prop_bufg_I_O)         0.091    13.341 r  CLK100MHZ_IBUF_BUFG_inst/O
                         net (fo=28, routed)          1.681    15.022    nolabel_line38/CLK100MHZ_IBUF_BUFG
    SLICE_X3Y139         FDRE                                         r  nolabel_line38/clkdiv_reg[16]/C
                         clock pessimism              0.281    15.303    
                         clock uncertainty           -0.035    15.268    
    SLICE_X3Y139         FDRE (Setup_fdre_C_R)       -0.429    14.839    nolabel_line38/clkdiv_reg[16]
  -------------------------------------------------------------------
                         required time                         14.839    
                         arrival time                          -8.200    
  -------------------------------------------------------------------
                         slack                                  6.639    

Slack (MET) :             6.651ns  (required time - arrival time)
  Source:                 nolabel_line38/clkdiv_reg[8]/C
                            (rising edge-triggered cell FDRE clocked by sys_clk_pin  {rise@0.000ns fall@5.000ns period=10.000ns})
  Destination:            nolabel_line38/clkdiv_reg[1]/R
                            (rising edge-triggered cell FDRE clocked by sys_clk_pin  {rise@0.000ns fall@5.000ns period=10.000ns})
  Path Group:             sys_clk_pin
  Path Type:              Setup (Max at Slow Process Corner)
  Requirement:            10.000ns  (sys_clk_pin rise@10.000ns - sys_clk_pin rise@0.000ns)
  Data Path Delay:        2.859ns  (logic 0.704ns (24.624%)  route 2.155ns (75.376%))
  Logic Levels:           2  (LUT4=1 LUT5=1)
  Clock Path Skew:        -0.026ns (DCD - SCD + CPR)
    Destination Clock Delay (DCD):    5.019ns = ( 15.019 - 10.000 ) 
    Source Clock Delay      (SCD):    5.326ns
    Clock Pessimism Removal (CPR):    0.281ns
  Clock Uncertainty:      0.035ns  ((TSJ^2 + TIJ^2)^1/2 + DJ) / 2 + PE
    Total System Jitter     (TSJ):    0.071ns
    Total Input Jitter      (TIJ):    0.000ns
    Discrete Jitter          (DJ):    0.000ns
    Phase Error              (PE):    0.000ns

    Location             Delay type                Incr(ns)  Path(ns)    Netlist Resource(s)
  -------------------------------------------------------------------    -------------------
                         (clock sys_clk_pin rise edge)
                                                      0.000     0.000 r  
    W5                                                0.000     0.000 r  CLK100MHZ (IN)
                         net (fo=0)                   0.000     0.000    CLK100MHZ
    W5                   IBUF (Prop_ibuf_I_O)         1.458     1.458 r  CLK100MHZ_IBUF_inst/O
                         net (fo=1, routed)           1.967     3.425    CLK100MHZ_IBUF
    BUFGCTRL_X0Y0        BUFG (Prop_bufg_I_O)         0.096     3.521 r  CLK100MHZ_IBUF_BUFG_inst/O
                         net (fo=28, routed)          1.805     5.326    nolabel_line38/CLK100MHZ_IBUF_BUFG
    SLICE_X3Y137         FDRE                                         r  nolabel_line38/clkdiv_reg[8]/C
  -------------------------------------------------------------------    -------------------
    SLICE_X3Y137         FDRE (Prop_fdre_C_Q)         0.456     5.782 f  nolabel_line38/clkdiv_reg[8]/Q
                         net (fo=2, routed)           0.692     6.475    nolabel_line38/clkdiv[8]
    SLICE_X2Y137         LUT4 (Prop_lut4_I3_O)        0.124     6.599 f  nolabel_line38/clkdiv[0]_i_5/O
                         net (fo=3, routed)           0.830     7.428    nolabel_line38/clkdiv[0]_i_5_n_0
    SLICE_X2Y136         LUT5 (Prop_lut5_I1_O)        0.124     7.552 r  nolabel_line38/clkdiv[16]_i_1/O
                         net (fo=16, routed)          0.633     8.185    nolabel_line38/sck
    SLICE_X3Y136         FDRE                                         r  nolabel_line38/clkdiv_reg[1]/R
  -------------------------------------------------------------------    -------------------

                         (clock sys_clk_pin rise edge)
                                                     10.000    10.000 r  
    W5                                                0.000    10.000 r  CLK100MHZ (IN)
                         net (fo=0)                   0.000    10.000    CLK100MHZ
    W5                   IBUF (Prop_ibuf_I_O)         1.388    11.388 r  CLK100MHZ_IBUF_inst/O
                         net (fo=1, routed)           1.862    13.250    CLK100MHZ_IBUF
    BUFGCTRL_X0Y0        BUFG (Prop_bufg_I_O)         0.091    13.341 r  CLK100MHZ_IBUF_BUFG_inst/O
                         net (fo=28, routed)          1.678    15.019    nolabel_line38/CLK100MHZ_IBUF_BUFG
    SLICE_X3Y136         FDRE                                         r  nolabel_line38/clkdiv_reg[1]/C
                         clock pessimism              0.281    15.300    
                         clock uncertainty           -0.035    15.265    
    SLICE_X3Y136         FDRE (Setup_fdre_C_R)       -0.429    14.836    nolabel_line38/clkdiv_reg[1]
  -------------------------------------------------------------------
                         required time                         14.836    
                         arrival time                          -8.185    
  -------------------------------------------------------------------
                         slack                                  6.651    

Slack (MET) :             6.651ns  (required time - arrival time)
  Source:                 nolabel_line38/clkdiv_reg[8]/C
                            (rising edge-triggered cell FDRE clocked by sys_clk_pin  {rise@0.000ns fall@5.000ns period=10.000ns})
  Destination:            nolabel_line38/clkdiv_reg[2]/R
                            (rising edge-triggered cell FDRE clocked by sys_clk_pin  {rise@0.000ns fall@5.000ns period=10.000ns})
  Path Group:             sys_clk_pin
  Path Type:              Setup (Max at Slow Process Corner)
  Requirement:            10.000ns  (sys_clk_pin rise@10.000ns - sys_clk_pin rise@0.000ns)
  Data Path Delay:        2.859ns  (logic 0.704ns (24.624%)  route 2.155ns (75.376%))
  Logic Levels:           2  (LUT4=1 LUT5=1)
  Clock Path Skew:        -0.026ns (DCD - SCD + CPR)
    Destination Clock Delay (DCD):    5.019ns = ( 15.019 - 10.000 ) 
    Source Clock Delay      (SCD):    5.326ns
    Clock Pessimism Removal (CPR):    0.281ns
  Clock Uncertainty:      0.035ns  ((TSJ^2 + TIJ^2)^1/2 + DJ) / 2 + PE
    Total System Jitter     (TSJ):    0.071ns
    Total Input Jitter      (TIJ):    0.000ns
    Discrete Jitter          (DJ):    0.000ns
    Phase Error              (PE):    0.000ns

    Location             Delay type                Incr(ns)  Path(ns)    Netlist Resource(s)
  -------------------------------------------------------------------    -------------------
                         (clock sys_clk_pin rise edge)
                                                      0.000     0.000 r  
    W5                                                0.000     0.000 r  CLK100MHZ (IN)
                         net (fo=0)                   0.000     0.000    CLK100MHZ
    W5                   IBUF (Prop_ibuf_I_O)         1.458     1.458 r  CLK100MHZ_IBUF_inst/O
                         net (fo=1, routed)           1.967     3.425    CLK100MHZ_IBUF
    BUFGCTRL_X0Y0        BUFG (Prop_bufg_I_O)         0.096     3.521 r  CLK100MHZ_IBUF_BUFG_inst/O
                         net (fo=28, routed)          1.805     5.326    nolabel_line38/CLK100MHZ_IBUF_BUFG
    SLICE_X3Y137         FDRE                                         r  nolabel_line38/clkdiv_reg[8]/C
  -------------------------------------------------------------------    -------------------
    SLICE_X3Y137         FDRE (Prop_fdre_C_Q)         0.456     5.782 f  nolabel_line38/clkdiv_reg[8]/Q
                         net (fo=2, routed)           0.692     6.475    nolabel_line38/clkdiv[8]
    SLICE_X2Y137         LUT4 (Prop_lut4_I3_O)        0.124     6.599 f  nolabel_line38/clkdiv[0]_i_5/O
                         net (fo=3, routed)           0.830     7.428    nolabel_line38/clkdiv[0]_i_5_n_0
    SLICE_X2Y136         LUT5 (Prop_lut5_I1_O)        0.124     7.552 r  nolabel_line38/clkdiv[16]_i_1/O
                         net (fo=16, routed)          0.633     8.185    nolabel_line38/sck
    SLICE_X3Y136         FDRE                                         r  nolabel_line38/clkdiv_reg[2]/R
  -------------------------------------------------------------------    -------------------

                         (clock sys_clk_pin rise edge)
                                                     10.000    10.000 r  
    W5                                                0.000    10.000 r  CLK100MHZ (IN)
                         net (fo=0)                   0.000    10.000    CLK100MHZ
    W5                   IBUF (Prop_ibuf_I_O)         1.388    11.388 r  CLK100MHZ_IBUF_inst/O
                         net (fo=1, routed)           1.862    13.250    CLK100MHZ_IBUF
    BUFGCTRL_X0Y0        BUFG (Prop_bufg_I_O)         0.091    13.341 r  CLK100MHZ_IBUF_BUFG_inst/O
                         net (fo=28, routed)          1.678    15.019    nolabel_line38/CLK100MHZ_IBUF_BUFG
    SLICE_X3Y136         FDRE                                         r  nolabel_line38/clkdiv_reg[2]/C
                         clock pessimism              0.281    15.300    
                         clock uncertainty           -0.035    15.265    
    SLICE_X3Y136         FDRE (Setup_fdre_C_R)       -0.429    14.836    nolabel_line38/clkdiv_reg[2]
  -------------------------------------------------------------------
                         required time                         14.836    
                         arrival time                          -8.185    
  -------------------------------------------------------------------
                         slack                                  6.651    

Slack (MET) :             6.651ns  (required time - arrival time)
  Source:                 nolabel_line38/clkdiv_reg[8]/C
                            (rising edge-triggered cell FDRE clocked by sys_clk_pin  {rise@0.000ns fall@5.000ns period=10.000ns})
  Destination:            nolabel_line38/clkdiv_reg[3]/R
                            (rising edge-triggered cell FDRE clocked by sys_clk_pin  {rise@0.000ns fall@5.000ns period=10.000ns})
  Path Group:             sys_clk_pin
  Path Type:              Setup (Max at Slow Process Corner)
  Requirement:            10.000ns  (sys_clk_pin rise@10.000ns - sys_clk_pin rise@0.000ns)
  Data Path Delay:        2.859ns  (logic 0.704ns (24.624%)  route 2.155ns (75.376%))
  Logic Levels:           2  (LUT4=1 LUT5=1)
  Clock Path Skew:        -0.026ns (DCD - SCD + CPR)
    Destination Clock Delay (DCD):    5.019ns = ( 15.019 - 10.000 ) 
    Source Clock Delay      (SCD):    5.326ns
    Clock Pessimism Removal (CPR):    0.281ns
  Clock Uncertainty:      0.035ns  ((TSJ^2 + TIJ^2)^1/2 + DJ) / 2 + PE
    Total System Jitter     (TSJ):    0.071ns
    Total Input Jitter      (TIJ):    0.000ns
    Discrete Jitter          (DJ):    0.000ns
    Phase Error              (PE):    0.000ns

    Location             Delay type                Incr(ns)  Path(ns)    Netlist Resource(s)
  -------------------------------------------------------------------    -------------------
                         (clock sys_clk_pin rise edge)
                                                      0.000     0.000 r  
    W5                                                0.000     0.000 r  CLK100MHZ (IN)
                         net (fo=0)                   0.000     0.000    CLK100MHZ
    W5                   IBUF (Prop_ibuf_I_O)         1.458     1.458 r  CLK100MHZ_IBUF_inst/O
                         net (fo=1, routed)           1.967     3.425    CLK100MHZ_IBUF
    BUFGCTRL_X0Y0        BUFG (Prop_bufg_I_O)         0.096     3.521 r  CLK100MHZ_IBUF_BUFG_inst/O
                         net (fo=28, routed)          1.805     5.326    nolabel_line38/CLK100MHZ_IBUF_BUFG
    SLICE_X3Y137         FDRE                                         r  nolabel_line38/clkdiv_reg[8]/C
  -------------------------------------------------------------------    -------------------
    SLICE_X3Y137         FDRE (Prop_fdre_C_Q)         0.456     5.782 f  nolabel_line38/clkdiv_reg[8]/Q
                         net (fo=2, routed)           0.692     6.475    nolabel_line38/clkdiv[8]
    SLICE_X2Y137         LUT4 (Prop_lut4_I3_O)        0.124     6.599 f  nolabel_line38/clkdiv[0]_i_5/O
                         net (fo=3, routed)           0.830     7.428    nolabel_line38/clkdiv[0]_i_5_n_0
    SLICE_X2Y136         LUT5 (Prop_lut5_I1_O)        0.124     7.552 r  nolabel_line38/clkdiv[16]_i_1/O
                         net (fo=16, routed)          0.633     8.185    nolabel_line38/sck
    SLICE_X3Y136         FDRE                                         r  nolabel_line38/clkdiv_reg[3]/R
  -------------------------------------------------------------------    -------------------

                         (clock sys_clk_pin rise edge)
                                                     10.000    10.000 r  
    W5                                                0.000    10.000 r  CLK100MHZ (IN)
                         net (fo=0)                   0.000    10.000    CLK100MHZ
    W5                   IBUF (Prop_ibuf_I_O)         1.388    11.388 r  CLK100MHZ_IBUF_inst/O
                         net (fo=1, routed)           1.862    13.250    CLK100MHZ_IBUF
    BUFGCTRL_X0Y0        BUFG (Prop_bufg_I_O)         0.091    13.341 r  CLK100MHZ_IBUF_BUFG_inst/O
                         net (fo=28, routed)          1.678    15.019    nolabel_line38/CLK100MHZ_IBUF_BUFG
    SLICE_X3Y136         FDRE                                         r  nolabel_line38/clkdiv_reg[3]/C
                         clock pessimism              0.281    15.300    
                         clock uncertainty           -0.035    15.265    
    SLICE_X3Y136         FDRE (Setup_fdre_C_R)       -0.429    14.836    nolabel_line38/clkdiv_reg[3]
  -------------------------------------------------------------------
                         required time                         14.836    
                         arrival time                          -8.185    
  -------------------------------------------------------------------
                         slack                                  6.651    

Slack (MET) :             6.651ns  (required time - arrival time)
  Source:                 nolabel_line38/clkdiv_reg[8]/C
                            (rising edge-triggered cell FDRE clocked by sys_clk_pin  {rise@0.000ns fall@5.000ns period=10.000ns})
  Destination:            nolabel_line38/clkdiv_reg[4]/R
                            (rising edge-triggered cell FDRE clocked by sys_clk_pin  {rise@0.000ns fall@5.000ns period=10.000ns})
  Path Group:             sys_clk_pin
  Path Type:              Setup (Max at Slow Process Corner)
  Requirement:            10.000ns  (sys_clk_pin rise@10.000ns - sys_clk_pin rise@0.000ns)
  Data Path Delay:        2.859ns  (logic 0.704ns (24.624%)  route 2.155ns (75.376%))
  Logic Levels:           2  (LUT4=1 LUT5=1)
  Clock Path Skew:        -0.026ns (DCD - SCD + CPR)
    Destination Clock Delay (DCD):    5.019ns = ( 15.019 - 10.000 ) 
    Source Clock Delay      (SCD):    5.326ns
    Clock Pessimism Removal (CPR):    0.281ns
  Clock Uncertainty:      0.035ns  ((TSJ^2 + TIJ^2)^1/2 + DJ) / 2 + PE
    Total System Jitter     (TSJ):    0.071ns
    Total Input Jitter      (TIJ):    0.000ns
    Discrete Jitter          (DJ):    0.000ns
    Phase Error              (PE):    0.000ns

    Location             Delay type                Incr(ns)  Path(ns)    Netlist Resource(s)
  -------------------------------------------------------------------    -------------------
                         (clock sys_clk_pin rise edge)
                                                      0.000     0.000 r  
    W5                                                0.000     0.000 r  CLK100MHZ (IN)
                         net (fo=0)                   0.000     0.000    CLK100MHZ
    W5                   IBUF (Prop_ibuf_I_O)         1.458     1.458 r  CLK100MHZ_IBUF_inst/O
                         net (fo=1, routed)           1.967     3.425    CLK100MHZ_IBUF
    BUFGCTRL_X0Y0        BUFG (Prop_bufg_I_O)         0.096     3.521 r  CLK100MHZ_IBUF_BUFG_inst/O
                         net (fo=28, routed)          1.805     5.326    nolabel_line38/CLK100MHZ_IBUF_BUFG
    SLICE_X3Y137         FDRE                                         r  nolabel_line38/clkdiv_reg[8]/C
  -------------------------------------------------------------------    -------------------
    SLICE_X3Y137         FDRE (Prop_fdre_C_Q)         0.456     5.782 f  nolabel_line38/clkdiv_reg[8]/Q
                         net (fo=2, routed)           0.692     6.475    nolabel_line38/clkdiv[8]
    SLICE_X2Y137         LUT4 (Prop_lut4_I3_O)        0.124     6.599 f  nolabel_line38/clkdiv[0]_i_5/O
                         net (fo=3, routed)           0.830     7.428    nolabel_line38/clkdiv[0]_i_5_n_0
    SLICE_X2Y136         LUT5 (Prop_lut5_I1_O)        0.124     7.552 r  nolabel_line38/clkdiv[16]_i_1/O
                         net (fo=16, routed)          0.633     8.185    nolabel_line38/sck
    SLICE_X3Y136         FDRE                                         r  nolabel_line38/clkdiv_reg[4]/R
  -------------------------------------------------------------------    -------------------

                         (clock sys_clk_pin rise edge)
                                                     10.000    10.000 r  
    W5                                                0.000    10.000 r  CLK100MHZ (IN)
                         net (fo=0)                   0.000    10.000    CLK100MHZ
    W5                   IBUF (Prop_ibuf_I_O)         1.388    11.388 r  CLK100MHZ_IBUF_inst/O
                         net (fo=1, routed)           1.862    13.250    CLK100MHZ_IBUF
    BUFGCTRL_X0Y0        BUFG (Prop_bufg_I_O)         0.091    13.341 r  CLK100MHZ_IBUF_BUFG_inst/O
                         net (fo=28, routed)          1.678    15.019    nolabel_line38/CLK100MHZ_IBUF_BUFG
    SLICE_X3Y136         FDRE                                         r  nolabel_line38/clkdiv_reg[4]/C
                         clock pessimism              0.281    15.300    
                         clock uncertainty           -0.035    15.265    
    SLICE_X3Y136         FDRE (Setup_fdre_C_R)       -0.429    14.836    nolabel_line38/clkdiv_reg[4]
  -------------------------------------------------------------------
                         required time                         14.836    
                         arrival time                          -8.185    
  -------------------------------------------------------------------
                         slack                                  6.651    

Slack (MET) :             6.776ns  (required time - arrival time)
  Source:                 nolabel_line38/clkdiv_reg[8]/C
                            (rising edge-triggered cell FDRE clocked by sys_clk_pin  {rise@0.000ns fall@5.000ns period=10.000ns})
  Destination:            nolabel_line38/clkdiv_reg[10]/R
                            (rising edge-triggered cell FDRE clocked by sys_clk_pin  {rise@0.000ns fall@5.000ns period=10.000ns})
  Path Group:             sys_clk_pin
  Path Type:              Setup (Max at Slow Process Corner)
  Requirement:            10.000ns  (sys_clk_pin rise@10.000ns - sys_clk_pin rise@0.000ns)
  Data Path Delay:        2.735ns  (logic 0.704ns (25.738%)  route 2.031ns (74.262%))
  Logic Levels:           2  (LUT4=1 LUT5=1)
  Clock Path Skew:        -0.024ns (DCD - SCD + CPR)
    Destination Clock Delay (DCD):    5.021ns = ( 15.021 - 10.000 ) 
    Source Clock Delay      (SCD):    5.326ns
    Clock Pessimism Removal (CPR):    0.281ns
  Clock Uncertainty:      0.035ns  ((TSJ^2 + TIJ^2)^1/2 + DJ) / 2 + PE
    Total System Jitter     (TSJ):    0.071ns
    Total Input Jitter      (TIJ):    0.000ns
    Discrete Jitter          (DJ):    0.000ns
    Phase Error              (PE):    0.000ns

    Location             Delay type                Incr(ns)  Path(ns)    Netlist Resource(s)
  -------------------------------------------------------------------    -------------------
                         (clock sys_clk_pin rise edge)
                                                      0.000     0.000 r  
    W5                                                0.000     0.000 r  CLK100MHZ (IN)
                         net (fo=0)                   0.000     0.000    CLK100MHZ
    W5                   IBUF (Prop_ibuf_I_O)         1.458     1.458 r  CLK100MHZ_IBUF_inst/O
                         net (fo=1, routed)           1.967     3.425    CLK100MHZ_IBUF
    BUFGCTRL_X0Y0        BUFG (Prop_bufg_I_O)         0.096     3.521 r  CLK100MHZ_IBUF_BUFG_inst/O
                         net (fo=28, routed)          1.805     5.326    nolabel_line38/CLK100MHZ_IBUF_BUFG
    SLICE_X3Y137         FDRE                                         r  nolabel_line38/clkdiv_reg[8]/C
  -------------------------------------------------------------------    -------------------
    SLICE_X3Y137         FDRE (Prop_fdre_C_Q)         0.456     5.782 f  nolabel_line38/clkdiv_reg[8]/Q
                         net (fo=2, routed)           0.692     6.475    nolabel_line38/clkdiv[8]
    SLICE_X2Y137         LUT4 (Prop_lut4_I3_O)        0.124     6.599 f  nolabel_line38/clkdiv[0]_i_5/O
                         net (fo=3, routed)           0.830     7.428    nolabel_line38/clkdiv[0]_i_5_n_0
    SLICE_X2Y136         LUT5 (Prop_lut5_I1_O)        0.124     7.552 r  nolabel_line38/clkdiv[16]_i_1/O
                         net (fo=16, routed)          0.509     8.062    nolabel_line38/sck
    SLICE_X3Y138         FDRE                                         r  nolabel_line38/clkdiv_reg[10]/R
  -------------------------------------------------------------------    -------------------

                         (clock sys_clk_pin rise edge)
                                                     10.000    10.000 r  
    W5                                                0.000    10.000 r  CLK100MHZ (IN)
                         net (fo=0)                   0.000    10.000    CLK100MHZ
    W5                   IBUF (Prop_ibuf_I_O)         1.388    11.388 r  CLK100MHZ_IBUF_inst/O
                         net (fo=1, routed)           1.862    13.250    CLK100MHZ_IBUF
    BUFGCTRL_X0Y0        BUFG (Prop_bufg_I_O)         0.091    13.341 r  CLK100MHZ_IBUF_BUFG_inst/O
                         net (fo=28, routed)          1.680    15.021    nolabel_line38/CLK100MHZ_IBUF_BUFG
    SLICE_X3Y138         FDRE                                         r  nolabel_line38/clkdiv_reg[10]/C
                         clock pessimism              0.281    15.302    
                         clock uncertainty           -0.035    15.267    
    SLICE_X3Y138         FDRE (Setup_fdre_C_R)       -0.429    14.838    nolabel_line38/clkdiv_reg[10]
  -------------------------------------------------------------------
                         required time                         14.838    
                         arrival time                          -8.062    
  -------------------------------------------------------------------
                         slack                                  6.776    

Slack (MET) :             6.776ns  (required time - arrival time)
  Source:                 nolabel_line38/clkdiv_reg[8]/C
                            (rising edge-triggered cell FDRE clocked by sys_clk_pin  {rise@0.000ns fall@5.000ns period=10.000ns})
  Destination:            nolabel_line38/clkdiv_reg[11]/R
                            (rising edge-triggered cell FDRE clocked by sys_clk_pin  {rise@0.000ns fall@5.000ns period=10.000ns})
  Path Group:             sys_clk_pin
  Path Type:              Setup (Max at Slow Process Corner)
  Requirement:            10.000ns  (sys_clk_pin rise@10.000ns - sys_clk_pin rise@0.000ns)
  Data Path Delay:        2.735ns  (logic 0.704ns (25.738%)  route 2.031ns (74.262%))
  Logic Levels:           2  (LUT4=1 LUT5=1)
  Clock Path Skew:        -0.024ns (DCD - SCD + CPR)
    Destination Clock Delay (DCD):    5.021ns = ( 15.021 - 10.000 ) 
    Source Clock Delay      (SCD):    5.326ns
    Clock Pessimism Removal (CPR):    0.281ns
  Clock Uncertainty:      0.035ns  ((TSJ^2 + TIJ^2)^1/2 + DJ) / 2 + PE
    Total System Jitter     (TSJ):    0.071ns
    Total Input Jitter      (TIJ):    0.000ns
    Discrete Jitter          (DJ):    0.000ns
    Phase Error              (PE):    0.000ns

    Location             Delay type                Incr(ns)  Path(ns)    Netlist Resource(s)
  -------------------------------------------------------------------    -------------------
                         (clock sys_clk_pin rise edge)
                                                      0.000     0.000 r  
    W5                                                0.000     0.000 r  CLK100MHZ (IN)
                         net (fo=0)                   0.000     0.000    CLK100MHZ
    W5                   IBUF (Prop_ibuf_I_O)         1.458     1.458 r  CLK100MHZ_IBUF_inst/O
                         net (fo=1, routed)           1.967     3.425    CLK100MHZ_IBUF
    BUFGCTRL_X0Y0        BUFG (Prop_bufg_I_O)         0.096     3.521 r  CLK100MHZ_IBUF_BUFG_inst/O
                         net (fo=28, routed)          1.805     5.326    nolabel_line38/CLK100MHZ_IBUF_BUFG
    SLICE_X3Y137         FDRE                                         r  nolabel_line38/clkdiv_reg[8]/C
  -------------------------------------------------------------------    -------------------
    SLICE_X3Y137         FDRE (Prop_fdre_C_Q)         0.456     5.782 f  nolabel_line38/clkdiv_reg[8]/Q
                         net (fo=2, routed)           0.692     6.475    nolabel_line38/clkdiv[8]
    SLICE_X2Y137         LUT4 (Prop_lut4_I3_O)        0.124     6.599 f  nolabel_line38/clkdiv[0]_i_5/O
                         net (fo=3, routed)           0.830     7.428    nolabel_line38/clkdiv[0]_i_5_n_0
    SLICE_X2Y136         LUT5 (Prop_lut5_I1_O)        0.124     7.552 r  nolabel_line38/clkdiv[16]_i_1/O
                         net (fo=16, routed)          0.509     8.062    nolabel_line38/sck
    SLICE_X3Y138         FDRE                                         r  nolabel_line38/clkdiv_reg[11]/R
  -------------------------------------------------------------------    -------------------

                         (clock sys_clk_pin rise edge)
                                                     10.000    10.000 r  
    W5                                                0.000    10.000 r  CLK100MHZ (IN)
                         net (fo=0)                   0.000    10.000    CLK100MHZ
    W5                   IBUF (Prop_ibuf_I_O)         1.388    11.388 r  CLK100MHZ_IBUF_inst/O
                         net (fo=1, routed)           1.862    13.250    CLK100MHZ_IBUF
    BUFGCTRL_X0Y0        BUFG (Prop_bufg_I_O)         0.091    13.341 r  CLK100MHZ_IBUF_BUFG_inst/O
                         net (fo=28, routed)          1.680    15.021    nolabel_line38/CLK100MHZ_IBUF_BUFG
    SLICE_X3Y138         FDRE                                         r  nolabel_line38/clkdiv_reg[11]/C
                         clock pessimism              0.281    15.302    
                         clock uncertainty           -0.035    15.267    
    SLICE_X3Y138         FDRE (Setup_fdre_C_R)       -0.429    14.838    nolabel_line38/clkdiv_reg[11]
  -------------------------------------------------------------------
                         required time                         14.838    
                         arrival time                          -8.062    
  -------------------------------------------------------------------
                         slack                                  6.776    





Min Delay Paths
--------------------------------------------------------------------------------------
Slack (MET) :             0.263ns  (arrival time - required time)
  Source:                 nolabel_line38/clkdiv_reg[12]/C
                            (rising edge-triggered cell FDRE clocked by sys_clk_pin  {rise@0.000ns fall@5.000ns period=10.000ns})
  Destination:            nolabel_line38/clkdiv_reg[12]/D
                            (rising edge-triggered cell FDRE clocked by sys_clk_pin  {rise@0.000ns fall@5.000ns period=10.000ns})
  Path Group:             sys_clk_pin
  Path Type:              Hold (Min at Fast Process Corner)
  Requirement:            0.000ns  (sys_clk_pin rise@0.000ns - sys_clk_pin rise@0.000ns)
  Data Path Delay:        0.368ns  (logic 0.249ns (67.612%)  route 0.119ns (32.388%))
  Logic Levels:           1  (CARRY4=1)
  Clock Path Skew:        0.000ns (DCD - SCD - CPR)
    Destination Clock Delay (DCD):    2.076ns
    Source Clock Delay      (SCD):    1.557ns
    Clock Pessimism Removal (CPR):    0.519ns

    Location             Delay type                Incr(ns)  Path(ns)    Netlist Resource(s)
  -------------------------------------------------------------------    -------------------
                         (clock sys_clk_pin rise edge)
                                                      0.000     0.000 r  
    W5                                                0.000     0.000 r  CLK100MHZ (IN)
                         net (fo=0)                   0.000     0.000    CLK100MHZ
    W5                   IBUF (Prop_ibuf_I_O)         0.226     0.226 r  CLK100MHZ_IBUF_inst/O
                         net (fo=1, routed)           0.631     0.858    CLK100MHZ_IBUF
    BUFGCTRL_X0Y0        BUFG (Prop_bufg_I_O)         0.026     0.884 r  CLK100MHZ_IBUF_BUFG_inst/O
                         net (fo=28, routed)          0.673     1.557    nolabel_line38/CLK100MHZ_IBUF_BUFG
    SLICE_X3Y138         FDRE                                         r  nolabel_line38/clkdiv_reg[12]/C
  -------------------------------------------------------------------    -------------------
    SLICE_X3Y138         FDRE (Prop_fdre_C_Q)         0.141     1.698 r  nolabel_line38/clkdiv_reg[12]/Q
                         net (fo=2, routed)           0.119     1.817    nolabel_line38/clkdiv[12]
    SLICE_X3Y138         CARRY4 (Prop_carry4_S[3]_O[3])
                                                      0.108     1.925 r  nolabel_line38/clkdiv0_carry__1/O[3]
                         net (fo=1, routed)           0.000     1.925    nolabel_line38/data0[12]
    SLICE_X3Y138         FDRE                                         r  nolabel_line38/clkdiv_reg[12]/D
  -------------------------------------------------------------------    -------------------

                         (clock sys_clk_pin rise edge)
                                                      0.000     0.000 r  
    W5                                                0.000     0.000 r  CLK100MHZ (IN)
                         net (fo=0)                   0.000     0.000    CLK100MHZ
    W5                   IBUF (Prop_ibuf_I_O)         0.414     0.414 r  CLK100MHZ_IBUF_inst/O
                         net (fo=1, routed)           0.685     1.099    CLK100MHZ_IBUF
    BUFGCTRL_X0Y0        BUFG (Prop_bufg_I_O)         0.029     1.128 r  CLK100MHZ_IBUF_BUFG_inst/O
                         net (fo=28, routed)          0.948     2.076    nolabel_line38/CLK100MHZ_IBUF_BUFG
    SLICE_X3Y138         FDRE                                         r  nolabel_line38/clkdiv_reg[12]/C
                         clock pessimism             -0.519     1.557    
    SLICE_X3Y138         FDRE (Hold_fdre_C_D)         0.105     1.662    nolabel_line38/clkdiv_reg[12]
  -------------------------------------------------------------------
                         required time                         -1.662    
                         arrival time                           1.925    
  -------------------------------------------------------------------
                         slack                                  0.263    

Slack (MET) :             0.263ns  (arrival time - required time)
  Source:                 nolabel_line38/clkdiv_reg[16]/C
                            (rising edge-triggered cell FDRE clocked by sys_clk_pin  {rise@0.000ns fall@5.000ns period=10.000ns})
  Destination:            nolabel_line38/clkdiv_reg[16]/D
                            (rising edge-triggered cell FDRE clocked by sys_clk_pin  {rise@0.000ns fall@5.000ns period=10.000ns})
  Path Group:             sys_clk_pin
  Path Type:              Hold (Min at Fast Process Corner)
  Requirement:            0.000ns  (sys_clk_pin rise@0.000ns - sys_clk_pin rise@0.000ns)
  Data Path Delay:        0.368ns  (logic 0.249ns (67.612%)  route 0.119ns (32.388%))
  Logic Levels:           1  (CARRY4=1)
  Clock Path Skew:        0.000ns (DCD - SCD - CPR)
    Destination Clock Delay (DCD):    2.076ns
    Source Clock Delay      (SCD):    1.557ns
    Clock Pessimism Removal (CPR):    0.519ns

    Location             Delay type                Incr(ns)  Path(ns)    Netlist Resource(s)
  -------------------------------------------------------------------    -------------------
                         (clock sys_clk_pin rise edge)
                                                      0.000     0.000 r  
    W5                                                0.000     0.000 r  CLK100MHZ (IN)
                         net (fo=0)                   0.000     0.000    CLK100MHZ
    W5                   IBUF (Prop_ibuf_I_O)         0.226     0.226 r  CLK100MHZ_IBUF_inst/O
                         net (fo=1, routed)           0.631     0.858    CLK100MHZ_IBUF
    BUFGCTRL_X0Y0        BUFG (Prop_bufg_I_O)         0.026     0.884 r  CLK100MHZ_IBUF_BUFG_inst/O
                         net (fo=28, routed)          0.673     1.557    nolabel_line38/CLK100MHZ_IBUF_BUFG
    SLICE_X3Y139         FDRE                                         r  nolabel_line38/clkdiv_reg[16]/C
  -------------------------------------------------------------------    -------------------
    SLICE_X3Y139         FDRE (Prop_fdre_C_Q)         0.141     1.698 r  nolabel_line38/clkdiv_reg[16]/Q
                         net (fo=2, routed)           0.119     1.817    nolabel_line38/clkdiv[16]
    SLICE_X3Y139         CARRY4 (Prop_carry4_S[3]_O[3])
                                                      0.108     1.925 r  nolabel_line38/clkdiv0_carry__2/O[3]
                         net (fo=1, routed)           0.000     1.925    nolabel_line38/data0[16]
    SLICE_X3Y139         FDRE                                         r  nolabel_line38/clkdiv_reg[16]/D
  -------------------------------------------------------------------    -------------------

                         (clock sys_clk_pin rise edge)
                                                      0.000     0.000 r  
    W5                                                0.000     0.000 r  CLK100MHZ (IN)
                         net (fo=0)                   0.000     0.000    CLK100MHZ
    W5                   IBUF (Prop_ibuf_I_O)         0.414     0.414 r  CLK100MHZ_IBUF_inst/O
                         net (fo=1, routed)           0.685     1.099    CLK100MHZ_IBUF
    BUFGCTRL_X0Y0        BUFG (Prop_bufg_I_O)         0.029     1.128 r  CLK100MHZ_IBUF_BUFG_inst/O
                         net (fo=28, routed)          0.948     2.076    nolabel_line38/CLK100MHZ_IBUF_BUFG
    SLICE_X3Y139         FDRE                                         r  nolabel_line38/clkdiv_reg[16]/C
                         clock pessimism             -0.519     1.557    
    SLICE_X3Y139         FDRE (Hold_fdre_C_D)         0.105     1.662    nolabel_line38/clkdiv_reg[16]
  -------------------------------------------------------------------
                         required time                         -1.662    
                         arrival time                           1.925    
  -------------------------------------------------------------------
                         slack                                  0.263    

Slack (MET) :             0.263ns  (arrival time - required time)
  Source:                 nolabel_line38/clkdiv_reg[4]/C
                            (rising edge-triggered cell FDRE clocked by sys_clk_pin  {rise@0.000ns fall@5.000ns period=10.000ns})
  Destination:            nolabel_line38/clkdiv_reg[4]/D
                            (rising edge-triggered cell FDRE clocked by sys_clk_pin  {rise@0.000ns fall@5.000ns period=10.000ns})
  Path Group:             sys_clk_pin
  Path Type:              Hold (Min at Fast Process Corner)
  Requirement:            0.000ns  (sys_clk_pin rise@0.000ns - sys_clk_pin rise@0.000ns)
  Data Path Delay:        0.368ns  (logic 0.249ns (67.612%)  route 0.119ns (32.388%))
  Logic Levels:           1  (CARRY4=1)
  Clock Path Skew:        0.000ns (DCD - SCD - CPR)
    Destination Clock Delay (DCD):    2.073ns
    Source Clock Delay      (SCD):    1.555ns
    Clock Pessimism Removal (CPR):    0.518ns

    Location             Delay type                Incr(ns)  Path(ns)    Netlist Resource(s)
  -------------------------------------------------------------------    -------------------
                         (clock sys_clk_pin rise edge)
                                                      0.000     0.000 r  
    W5                                                0.000     0.000 r  CLK100MHZ (IN)
                         net (fo=0)                   0.000     0.000    CLK100MHZ
    W5                   IBUF (Prop_ibuf_I_O)         0.226     0.226 r  CLK100MHZ_IBUF_inst/O
                         net (fo=1, routed)           0.631     0.858    CLK100MHZ_IBUF
    BUFGCTRL_X0Y0        BUFG (Prop_bufg_I_O)         0.026     0.884 r  CLK100MHZ_IBUF_BUFG_inst/O
                         net (fo=28, routed)          0.671     1.555    nolabel_line38/CLK100MHZ_IBUF_BUFG
    SLICE_X3Y136         FDRE                                         r  nolabel_line38/clkdiv_reg[4]/C
  -------------------------------------------------------------------    -------------------
    SLICE_X3Y136         FDRE (Prop_fdre_C_Q)         0.141     1.696 r  nolabel_line38/clkdiv_reg[4]/Q
                         net (fo=2, routed)           0.119     1.815    nolabel_line38/clkdiv[4]
    SLICE_X3Y136         CARRY4 (Prop_carry4_S[3]_O[3])
                                                      0.108     1.923 r  nolabel_line38/clkdiv0_carry/O[3]
                         net (fo=1, routed)           0.000     1.923    nolabel_line38/data0[4]
    SLICE_X3Y136         FDRE                                         r  nolabel_line38/clkdiv_reg[4]/D
  -------------------------------------------------------------------    -------------------

                         (clock sys_clk_pin rise edge)
                                                      0.000     0.000 r  
    W5                                                0.000     0.000 r  CLK100MHZ (IN)
                         net (fo=0)                   0.000     0.000    CLK100MHZ
    W5                   IBUF (Prop_ibuf_I_O)         0.414     0.414 r  CLK100MHZ_IBUF_inst/O
                         net (fo=1, routed)           0.685     1.099    CLK100MHZ_IBUF
    BUFGCTRL_X0Y0        BUFG (Prop_bufg_I_O)         0.029     1.128 r  CLK100MHZ_IBUF_BUFG_inst/O
                         net (fo=28, routed)          0.945     2.073    nolabel_line38/CLK100MHZ_IBUF_BUFG
    SLICE_X3Y136         FDRE                                         r  nolabel_line38/clkdiv_reg[4]/C
                         clock pessimism             -0.518     1.555    
    SLICE_X3Y136         FDRE (Hold_fdre_C_D)         0.105     1.660    nolabel_line38/clkdiv_reg[4]
  -------------------------------------------------------------------
                         required time                         -1.660    
                         arrival time                           1.923    
  -------------------------------------------------------------------
                         slack                                  0.263    

Slack (MET) :             0.263ns  (arrival time - required time)
  Source:                 nolabel_line38/clkdiv_reg[8]/C
                            (rising edge-triggered cell FDRE clocked by sys_clk_pin  {rise@0.000ns fall@5.000ns period=10.000ns})
  Destination:            nolabel_line38/clkdiv_reg[8]/D
                            (rising edge-triggered cell FDRE clocked by sys_clk_pin  {rise@0.000ns fall@5.000ns period=10.000ns})
  Path Group:             sys_clk_pin
  Path Type:              Hold (Min at Fast Process Corner)
  Requirement:            0.000ns  (sys_clk_pin rise@0.000ns - sys_clk_pin rise@0.000ns)
  Data Path Delay:        0.368ns  (logic 0.249ns (67.612%)  route 0.119ns (32.388%))
  Logic Levels:           1  (CARRY4=1)
  Clock Path Skew:        0.000ns (DCD - SCD - CPR)
    Destination Clock Delay (DCD):    2.074ns
    Source Clock Delay      (SCD):    1.556ns
    Clock Pessimism Removal (CPR):    0.518ns

    Location             Delay type                Incr(ns)  Path(ns)    Netlist Resource(s)
  -------------------------------------------------------------------    -------------------
                         (clock sys_clk_pin rise edge)
                                                      0.000     0.000 r  
    W5                                                0.000     0.000 r  CLK100MHZ (IN)
                         net (fo=0)                   0.000     0.000    CLK100MHZ
    W5                   IBUF (Prop_ibuf_I_O)         0.226     0.226 r  CLK100MHZ_IBUF_inst/O
                         net (fo=1, routed)           0.631     0.858    CLK100MHZ_IBUF
    BUFGCTRL_X0Y0        BUFG (Prop_bufg_I_O)         0.026     0.884 r  CLK100MHZ_IBUF_BUFG_inst/O
                         net (fo=28, routed)          0.672     1.556    nolabel_line38/CLK100MHZ_IBUF_BUFG
    SLICE_X3Y137         FDRE                                         r  nolabel_line38/clkdiv_reg[8]/C
  -------------------------------------------------------------------    -------------------
    SLICE_X3Y137         FDRE (Prop_fdre_C_Q)         0.141     1.697 r  nolabel_line38/clkdiv_reg[8]/Q
                         net (fo=2, routed)           0.119     1.816    nolabel_line38/clkdiv[8]
    SLICE_X3Y137         CARRY4 (Prop_carry4_S[3]_O[3])
                                                      0.108     1.924 r  nolabel_line38/clkdiv0_carry__0/O[3]
                         net (fo=1, routed)           0.000     1.924    nolabel_line38/data0[8]
    SLICE_X3Y137         FDRE                                         r  nolabel_line38/clkdiv_reg[8]/D
  -------------------------------------------------------------------    -------------------

                         (clock sys_clk_pin rise edge)
                                                      0.000     0.000 r  
    W5                                                0.000     0.000 r  CLK100MHZ (IN)
                         net (fo=0)                   0.000     0.000    CLK100MHZ
    W5                   IBUF (Prop_ibuf_I_O)         0.414     0.414 r  CLK100MHZ_IBUF_inst/O
                         net (fo=1, routed)           0.685     1.099    CLK100MHZ_IBUF
    BUFGCTRL_X0Y0        BUFG (Prop_bufg_I_O)         0.029     1.128 r  CLK100MHZ_IBUF_BUFG_inst/O
                         net (fo=28, routed)          0.946     2.074    nolabel_line38/CLK100MHZ_IBUF_BUFG
    SLICE_X3Y137         FDRE                                         r  nolabel_line38/clkdiv_reg[8]/C
                         clock pessimism             -0.518     1.556    
    SLICE_X3Y137         FDRE (Hold_fdre_C_D)         0.105     1.661    nolabel_line38/clkdiv_reg[8]
  -------------------------------------------------------------------
                         required time                         -1.661    
                         arrival time                           1.924    
  -------------------------------------------------------------------
                         slack                                  0.263    

Slack (MET) :             0.267ns  (arrival time - required time)
  Source:                 nolabel_line38/clkdiv_reg[13]/C
                            (rising edge-triggered cell FDRE clocked by sys_clk_pin  {rise@0.000ns fall@5.000ns period=10.000ns})
  Destination:            nolabel_line38/clkdiv_reg[13]/D
                            (rising edge-triggered cell FDRE clocked by sys_clk_pin  {rise@0.000ns fall@5.000ns period=10.000ns})
  Path Group:             sys_clk_pin
  Path Type:              Hold (Min at Fast Process Corner)
  Requirement:            0.000ns  (sys_clk_pin rise@0.000ns - sys_clk_pin rise@0.000ns)
  Data Path Delay:        0.372ns  (logic 0.256ns (68.766%)  route 0.116ns (31.234%))
  Logic Levels:           1  (CARRY4=1)
  Clock Path Skew:        0.000ns (DCD - SCD - CPR)
    Destination Clock Delay (DCD):    2.076ns
    Source Clock Delay      (SCD):    1.557ns
    Clock Pessimism Removal (CPR):    0.519ns

    Location             Delay type                Incr(ns)  Path(ns)    Netlist Resource(s)
  -------------------------------------------------------------------    -------------------
                         (clock sys_clk_pin rise edge)
                                                      0.000     0.000 r  
    W5                                                0.000     0.000 r  CLK100MHZ (IN)
                         net (fo=0)                   0.000     0.000    CLK100MHZ
    W5                   IBUF (Prop_ibuf_I_O)         0.226     0.226 r  CLK100MHZ_IBUF_inst/O
                         net (fo=1, routed)           0.631     0.858    CLK100MHZ_IBUF
    BUFGCTRL_X0Y0        BUFG (Prop_bufg_I_O)         0.026     0.884 r  CLK100MHZ_IBUF_BUFG_inst/O
                         net (fo=28, routed)          0.673     1.557    nolabel_line38/CLK100MHZ_IBUF_BUFG
    SLICE_X3Y139         FDRE                                         r  nolabel_line38/clkdiv_reg[13]/C
  -------------------------------------------------------------------    -------------------
    SLICE_X3Y139         FDRE (Prop_fdre_C_Q)         0.141     1.698 r  nolabel_line38/clkdiv_reg[13]/Q
                         net (fo=2, routed)           0.116     1.814    nolabel_line38/clkdiv[13]
    SLICE_X3Y139         CARRY4 (Prop_carry4_S[0]_O[0])
                                                      0.115     1.929 r  nolabel_line38/clkdiv0_carry__2/O[0]
                         net (fo=1, routed)           0.000     1.929    nolabel_line38/data0[13]
    SLICE_X3Y139         FDRE                                         r  nolabel_line38/clkdiv_reg[13]/D
  -------------------------------------------------------------------    -------------------

                         (clock sys_clk_pin rise edge)
                                                      0.000     0.000 r  
    W5                                                0.000     0.000 r  CLK100MHZ (IN)
                         net (fo=0)                   0.000     0.000    CLK100MHZ
    W5                   IBUF (Prop_ibuf_I_O)         0.414     0.414 r  CLK100MHZ_IBUF_inst/O
                         net (fo=1, routed)           0.685     1.099    CLK100MHZ_IBUF
    BUFGCTRL_X0Y0        BUFG (Prop_bufg_I_O)         0.029     1.128 r  CLK100MHZ_IBUF_BUFG_inst/O
                         net (fo=28, routed)          0.948     2.076    nolabel_line38/CLK100MHZ_IBUF_BUFG
    SLICE_X3Y139         FDRE                                         r  nolabel_line38/clkdiv_reg[13]/C
                         clock pessimism             -0.519     1.557    
    SLICE_X3Y139         FDRE (Hold_fdre_C_D)         0.105     1.662    nolabel_line38/clkdiv_reg[13]
  -------------------------------------------------------------------
                         required time                         -1.662    
                         arrival time                           1.929    
  -------------------------------------------------------------------
                         slack                                  0.267    

Slack (MET) :             0.267ns  (arrival time - required time)
  Source:                 nolabel_line38/clkdiv_reg[9]/C
                            (rising edge-triggered cell FDRE clocked by sys_clk_pin  {rise@0.000ns fall@5.000ns period=10.000ns})
  Destination:            nolabel_line38/clkdiv_reg[9]/D
                            (rising edge-triggered cell FDRE clocked by sys_clk_pin  {rise@0.000ns fall@5.000ns period=10.000ns})
  Path Group:             sys_clk_pin
  Path Type:              Hold (Min at Fast Process Corner)
  Requirement:            0.000ns  (sys_clk_pin rise@0.000ns - sys_clk_pin rise@0.000ns)
  Data Path Delay:        0.372ns  (logic 0.256ns (68.766%)  route 0.116ns (31.234%))
  Logic Levels:           1  (CARRY4=1)
  Clock Path Skew:        0.000ns (DCD - SCD - CPR)
    Destination Clock Delay (DCD):    2.076ns
    Source Clock Delay      (SCD):    1.557ns
    Clock Pessimism Removal (CPR):    0.519ns

    Location             Delay type                Incr(ns)  Path(ns)    Netlist Resource(s)
  -------------------------------------------------------------------    -------------------
                         (clock sys_clk_pin rise edge)
                                                      0.000     0.000 r  
    W5                                                0.000     0.000 r  CLK100MHZ (IN)
                         net (fo=0)                   0.000     0.000    CLK100MHZ
    W5                   IBUF (Prop_ibuf_I_O)         0.226     0.226 r  CLK100MHZ_IBUF_inst/O
                         net (fo=1, routed)           0.631     0.858    CLK100MHZ_IBUF
    BUFGCTRL_X0Y0        BUFG (Prop_bufg_I_O)         0.026     0.884 r  CLK100MHZ_IBUF_BUFG_inst/O
                         net (fo=28, routed)          0.673     1.557    nolabel_line38/CLK100MHZ_IBUF_BUFG
    SLICE_X3Y138         FDRE                                         r  nolabel_line38/clkdiv_reg[9]/C
  -------------------------------------------------------------------    -------------------
    SLICE_X3Y138         FDRE (Prop_fdre_C_Q)         0.141     1.698 r  nolabel_line38/clkdiv_reg[9]/Q
                         net (fo=2, routed)           0.116     1.814    nolabel_line38/clkdiv[9]
    SLICE_X3Y138         CARRY4 (Prop_carry4_S[0]_O[0])
                                                      0.115     1.929 r  nolabel_line38/clkdiv0_carry__1/O[0]
                         net (fo=1, routed)           0.000     1.929    nolabel_line38/data0[9]
    SLICE_X3Y138         FDRE                                         r  nolabel_line38/clkdiv_reg[9]/D
  -------------------------------------------------------------------    -------------------

                         (clock sys_clk_pin rise edge)
                                                      0.000     0.000 r  
    W5                                                0.000     0.000 r  CLK100MHZ (IN)
                         net (fo=0)                   0.000     0.000    CLK100MHZ
    W5                   IBUF (Prop_ibuf_I_O)         0.414     0.414 r  CLK100MHZ_IBUF_inst/O
                         net (fo=1, routed)           0.685     1.099    CLK100MHZ_IBUF
    BUFGCTRL_X0Y0        BUFG (Prop_bufg_I_O)         0.029     1.128 r  CLK100MHZ_IBUF_BUFG_inst/O
                         net (fo=28, routed)          0.948     2.076    nolabel_line38/CLK100MHZ_IBUF_BUFG
    SLICE_X3Y138         FDRE                                         r  nolabel_line38/clkdiv_reg[9]/C
                         clock pessimism             -0.519     1.557    
    SLICE_X3Y138         FDRE (Hold_fdre_C_D)         0.105     1.662    nolabel_line38/clkdiv_reg[9]
  -------------------------------------------------------------------
                         required time                         -1.662    
                         arrival time                           1.929    
  -------------------------------------------------------------------
                         slack                                  0.267    

Slack (MET) :             0.267ns  (arrival time - required time)
  Source:                 nolabel_line38/clkdiv_reg[5]/C
                            (rising edge-triggered cell FDRE clocked by sys_clk_pin  {rise@0.000ns fall@5.000ns period=10.000ns})
  Destination:            nolabel_line38/clkdiv_reg[5]/D
                            (rising edge-triggered cell FDRE clocked by sys_clk_pin  {rise@0.000ns fall@5.000ns period=10.000ns})
  Path Group:             sys_clk_pin
  Path Type:              Hold (Min at Fast Process Corner)
  Requirement:            0.000ns  (sys_clk_pin rise@0.000ns - sys_clk_pin rise@0.000ns)
  Data Path Delay:        0.372ns  (logic 0.256ns (68.766%)  route 0.116ns (31.234%))
  Logic Levels:           1  (CARRY4=1)
  Clock Path Skew:        0.000ns (DCD - SCD - CPR)
    Destination Clock Delay (DCD):    2.074ns
    Source Clock Delay      (SCD):    1.556ns
    Clock Pessimism Removal (CPR):    0.518ns

    Location             Delay type                Incr(ns)  Path(ns)    Netlist Resource(s)
  -------------------------------------------------------------------    -------------------
                         (clock sys_clk_pin rise edge)
                                                      0.000     0.000 r  
    W5                                                0.000     0.000 r  CLK100MHZ (IN)
                         net (fo=0)                   0.000     0.000    CLK100MHZ
    W5                   IBUF (Prop_ibuf_I_O)         0.226     0.226 r  CLK100MHZ_IBUF_inst/O
                         net (fo=1, routed)           0.631     0.858    CLK100MHZ_IBUF
    BUFGCTRL_X0Y0        BUFG (Prop_bufg_I_O)         0.026     0.884 r  CLK100MHZ_IBUF_BUFG_inst/O
                         net (fo=28, routed)          0.672     1.556    nolabel_line38/CLK100MHZ_IBUF_BUFG
    SLICE_X3Y137         FDRE                                         r  nolabel_line38/clkdiv_reg[5]/C
  -------------------------------------------------------------------    -------------------
    SLICE_X3Y137         FDRE (Prop_fdre_C_Q)         0.141     1.697 r  nolabel_line38/clkdiv_reg[5]/Q
                         net (fo=2, routed)           0.116     1.813    nolabel_line38/clkdiv[5]
    SLICE_X3Y137         CARRY4 (Prop_carry4_S[0]_O[0])
                                                      0.115     1.928 r  nolabel_line38/clkdiv0_carry__0/O[0]
                         net (fo=1, routed)           0.000     1.928    nolabel_line38/data0[5]
    SLICE_X3Y137         FDRE                                         r  nolabel_line38/clkdiv_reg[5]/D
  -------------------------------------------------------------------    -------------------

                         (clock sys_clk_pin rise edge)
                                                      0.000     0.000 r  
    W5                                                0.000     0.000 r  CLK100MHZ (IN)
                         net (fo=0)                   0.000     0.000    CLK100MHZ
    W5                   IBUF (Prop_ibuf_I_O)         0.414     0.414 r  CLK100MHZ_IBUF_inst/O
                         net (fo=1, routed)           0.685     1.099    CLK100MHZ_IBUF
    BUFGCTRL_X0Y0        BUFG (Prop_bufg_I_O)         0.029     1.128 r  CLK100MHZ_IBUF_BUFG_inst/O
                         net (fo=28, routed)          0.946     2.074    nolabel_line38/CLK100MHZ_IBUF_BUFG
    SLICE_X3Y137         FDRE                                         r  nolabel_line38/clkdiv_reg[5]/C
                         clock pessimism             -0.518     1.556    
    SLICE_X3Y137         FDRE (Hold_fdre_C_D)         0.105     1.661    nolabel_line38/clkdiv_reg[5]
  -------------------------------------------------------------------
                         required time                         -1.661    
                         arrival time                           1.928    
  -------------------------------------------------------------------
                         slack                                  0.267    

Slack (MET) :             0.267ns  (arrival time - required time)
  Source:                 nolabel_line38/clkdiv_reg[15]/C
                            (rising edge-triggered cell FDRE clocked by sys_clk_pin  {rise@0.000ns fall@5.000ns period=10.000ns})
  Destination:            nolabel_line38/clkdiv_reg[15]/D
                            (rising edge-triggered cell FDRE clocked by sys_clk_pin  {rise@0.000ns fall@5.000ns period=10.000ns})
  Path Group:             sys_clk_pin
  Path Type:              Hold (Min at Fast Process Corner)
  Requirement:            0.000ns  (sys_clk_pin rise@0.000ns - sys_clk_pin rise@0.000ns)
  Data Path Delay:        0.372ns  (logic 0.252ns (67.654%)  route 0.120ns (32.346%))
  Logic Levels:           1  (CARRY4=1)
  Clock Path Skew:        0.000ns (DCD - SCD - CPR)
    Destination Clock Delay (DCD):    2.076ns
    Source Clock Delay      (SCD):    1.557ns
    Clock Pessimism Removal (CPR):    0.519ns

    Location             Delay type                Incr(ns)  Path(ns)    Netlist Resource(s)
  -------------------------------------------------------------------    -------------------
                         (clock sys_clk_pin rise edge)
                                                      0.000     0.000 r  
    W5                                                0.000     0.000 r  CLK100MHZ (IN)
                         net (fo=0)                   0.000     0.000    CLK100MHZ
    W5                   IBUF (Prop_ibuf_I_O)         0.226     0.226 r  CLK100MHZ_IBUF_inst/O
                         net (fo=1, routed)           0.631     0.858    CLK100MHZ_IBUF
    BUFGCTRL_X0Y0        BUFG (Prop_bufg_I_O)         0.026     0.884 r  CLK100MHZ_IBUF_BUFG_inst/O
                         net (fo=28, routed)          0.673     1.557    nolabel_line38/CLK100MHZ_IBUF_BUFG
    SLICE_X3Y139         FDRE                                         r  nolabel_line38/clkdiv_reg[15]/C
  -------------------------------------------------------------------    -------------------
    SLICE_X3Y139         FDRE (Prop_fdre_C_Q)         0.141     1.698 r  nolabel_line38/clkdiv_reg[15]/Q
                         net (fo=2, routed)           0.120     1.818    nolabel_line38/clkdiv[15]
    SLICE_X3Y139         CARRY4 (Prop_carry4_S[2]_O[2])
                                                      0.111     1.929 r  nolabel_line38/clkdiv0_carry__2/O[2]
                         net (fo=1, routed)           0.000     1.929    nolabel_line38/data0[15]
    SLICE_X3Y139         FDRE                                         r  nolabel_line38/clkdiv_reg[15]/D
  -------------------------------------------------------------------    -------------------

                         (clock sys_clk_pin rise edge)
                                                      0.000     0.000 r  
    W5                                                0.000     0.000 r  CLK100MHZ (IN)
                         net (fo=0)                   0.000     0.000    CLK100MHZ
    W5                   IBUF (Prop_ibuf_I_O)         0.414     0.414 r  CLK100MHZ_IBUF_inst/O
                         net (fo=1, routed)           0.685     1.099    CLK100MHZ_IBUF
    BUFGCTRL_X0Y0        BUFG (Prop_bufg_I_O)         0.029     1.128 r  CLK100MHZ_IBUF_BUFG_inst/O
                         net (fo=28, routed)          0.948     2.076    nolabel_line38/CLK100MHZ_IBUF_BUFG
    SLICE_X3Y139         FDRE                                         r  nolabel_line38/clkdiv_reg[15]/C
                         clock pessimism             -0.519     1.557    
    SLICE_X3Y139         FDRE (Hold_fdre_C_D)         0.105     1.662    nolabel_line38/clkdiv_reg[15]
  -------------------------------------------------------------------
                         required time                         -1.662    
                         arrival time                           1.929    
  -------------------------------------------------------------------
                         slack                                  0.267    

Slack (MET) :             0.287ns  (arrival time - required time)
  Source:                 nolabel_line38/clkdiv_reg[0]/C
                            (rising edge-triggered cell FDRE clocked by sys_clk_pin  {rise@0.000ns fall@5.000ns period=10.000ns})
  Destination:            nolabel_line38/sck_reg/D
                            (rising edge-triggered cell FDRE clocked by sys_clk_pin  {rise@0.000ns fall@5.000ns period=10.000ns})
  Path Group:             sys_clk_pin
  Path Type:              Hold (Min at Fast Process Corner)
  Requirement:            0.000ns  (sys_clk_pin rise@0.000ns - sys_clk_pin rise@0.000ns)
  Data Path Delay:        0.408ns  (logic 0.209ns (51.283%)  route 0.199ns (48.717%))
  Logic Levels:           1  (LUT6=1)
  Clock Path Skew:        0.000ns (DCD - SCD - CPR)
    Destination Clock Delay (DCD):    2.073ns
    Source Clock Delay      (SCD):    1.555ns
    Clock Pessimism Removal (CPR):    0.518ns

    Location             Delay type                Incr(ns)  Path(ns)    Netlist Resource(s)
  -------------------------------------------------------------------    -------------------
                         (clock sys_clk_pin rise edge)
                                                      0.000     0.000 r  
    W5                                                0.000     0.000 r  CLK100MHZ (IN)
                         net (fo=0)                   0.000     0.000    CLK100MHZ
    W5                   IBUF (Prop_ibuf_I_O)         0.226     0.226 r  CLK100MHZ_IBUF_inst/O
                         net (fo=1, routed)           0.631     0.858    CLK100MHZ_IBUF
    BUFGCTRL_X0Y0        BUFG (Prop_bufg_I_O)         0.026     0.884 r  CLK100MHZ_IBUF_BUFG_inst/O
                         net (fo=28, routed)          0.671     1.555    nolabel_line38/CLK100MHZ_IBUF_BUFG
    SLICE_X2Y136         FDRE                                         r  nolabel_line38/clkdiv_reg[0]/C
  -------------------------------------------------------------------    -------------------
    SLICE_X2Y136         FDRE (Prop_fdre_C_Q)         0.164     1.719 r  nolabel_line38/clkdiv_reg[0]/Q
                         net (fo=4, routed)           0.199     1.917    nolabel_line38/clkdiv[0]
    SLICE_X2Y136         LUT6 (Prop_lut6_I0_O)        0.045     1.962 r  nolabel_line38/sck_i_1/O
                         net (fo=1, routed)           0.000     1.962    nolabel_line38/sck_i_1_n_0
    SLICE_X2Y136         FDRE                                         r  nolabel_line38/sck_reg/D
  -------------------------------------------------------------------    -------------------

                         (clock sys_clk_pin rise edge)
                                                      0.000     0.000 r  
    W5                                                0.000     0.000 r  CLK100MHZ (IN)
                         net (fo=0)                   0.000     0.000    CLK100MHZ
    W5                   IBUF (Prop_ibuf_I_O)         0.414     0.414 r  CLK100MHZ_IBUF_inst/O
                         net (fo=1, routed)           0.685     1.099    CLK100MHZ_IBUF
    BUFGCTRL_X0Y0        BUFG (Prop_bufg_I_O)         0.029     1.128 r  CLK100MHZ_IBUF_BUFG_inst/O
                         net (fo=28, routed)          0.945     2.073    nolabel_line38/CLK100MHZ_IBUF_BUFG
    SLICE_X2Y136         FDRE                                         r  nolabel_line38/sck_reg/C
                         clock pessimism             -0.518     1.555    
    SLICE_X2Y136         FDRE (Hold_fdre_C_D)         0.121     1.676    nolabel_line38/sck_reg
  -------------------------------------------------------------------
                         required time                         -1.676    
                         arrival time                           1.962    
  -------------------------------------------------------------------
                         slack                                  0.287    

Slack (MET) :             0.288ns  (arrival time - required time)
  Source:                 nolabel_line38/clkdiv_reg[0]/C
                            (rising edge-triggered cell FDRE clocked by sys_clk_pin  {rise@0.000ns fall@5.000ns period=10.000ns})
  Destination:            nolabel_line38/clkdiv_reg[0]/D
                            (rising edge-triggered cell FDRE clocked by sys_clk_pin  {rise@0.000ns fall@5.000ns period=10.000ns})
  Path Group:             sys_clk_pin
  Path Type:              Hold (Min at Fast Process Corner)
  Requirement:            0.000ns  (sys_clk_pin rise@0.000ns - sys_clk_pin rise@0.000ns)
  Data Path Delay:        0.408ns  (logic 0.209ns (51.283%)  route 0.199ns (48.717%))
  Logic Levels:           1  (LUT5=1)
  Clock Path Skew:        0.000ns (DCD - SCD - CPR)
    Destination Clock Delay (DCD):    2.073ns
    Source Clock Delay      (SCD):    1.555ns
    Clock Pessimism Removal (CPR):    0.518ns

    Location             Delay type                Incr(ns)  Path(ns)    Netlist Resource(s)
  -------------------------------------------------------------------    -------------------
                         (clock sys_clk_pin rise edge)
                                                      0.000     0.000 r  
    W5                                                0.000     0.000 r  CLK100MHZ (IN)
                         net (fo=0)                   0.000     0.000    CLK100MHZ
    W5                   IBUF (Prop_ibuf_I_O)         0.226     0.226 r  CLK100MHZ_IBUF_inst/O
                         net (fo=1, routed)           0.631     0.858    CLK100MHZ_IBUF
    BUFGCTRL_X0Y0        BUFG (Prop_bufg_I_O)         0.026     0.884 r  CLK100MHZ_IBUF_BUFG_inst/O
                         net (fo=28, routed)          0.671     1.555    nolabel_line38/CLK100MHZ_IBUF_BUFG
    SLICE_X2Y136         FDRE                                         r  nolabel_line38/clkdiv_reg[0]/C
  -------------------------------------------------------------------    -------------------
    SLICE_X2Y136         FDRE (Prop_fdre_C_Q)         0.164     1.719 f  nolabel_line38/clkdiv_reg[0]/Q
                         net (fo=4, routed)           0.199     1.917    nolabel_line38/clkdiv[0]
    SLICE_X2Y136         LUT5 (Prop_lut5_I4_O)        0.045     1.962 r  nolabel_line38/clkdiv[0]_i_1/O
                         net (fo=1, routed)           0.000     1.962    nolabel_line38/clkdiv_0[0]
    SLICE_X2Y136         FDRE                                         r  nolabel_line38/clkdiv_reg[0]/D
  -------------------------------------------------------------------    -------------------

                         (clock sys_clk_pin rise edge)
                                                      0.000     0.000 r  
    W5                                                0.000     0.000 r  CLK100MHZ (IN)
                         net (fo=0)                   0.000     0.000    CLK100MHZ
    W5                   IBUF (Prop_ibuf_I_O)         0.414     0.414 r  CLK100MHZ_IBUF_inst/O
                         net (fo=1, routed)           0.685     1.099    CLK100MHZ_IBUF
    BUFGCTRL_X0Y0        BUFG (Prop_bufg_I_O)         0.029     1.128 r  CLK100MHZ_IBUF_BUFG_inst/O
                         net (fo=28, routed)          0.945     2.073    nolabel_line38/CLK100MHZ_IBUF_BUFG
    SLICE_X2Y136         FDRE                                         r  nolabel_line38/clkdiv_reg[0]/C
                         clock pessimism             -0.518     1.555    
    SLICE_X2Y136         FDRE (Hold_fdre_C_D)         0.120     1.675    nolabel_line38/clkdiv_reg[0]
  -------------------------------------------------------------------
                         required time                         -1.675    
                         arrival time                           1.962    
  -------------------------------------------------------------------
                         slack                                  0.288    





Pulse Width Checks
--------------------------------------------------------------------------------------
Clock Name:         sys_clk_pin
Waveform(ns):       { 0.000 5.000 }
Period(ns):         10.000
Sources:            { CLK100MHZ }

Check Type        Corner  Lib Pin    Reference Pin  Required(ns)  Actual(ns)  Slack(ns)  Location       Pin
Min Period        n/a     XADC/DCLK  n/a            4.000         10.000      6.000      XADC_X0Y0      XLXI_7/inst/DCLK
Min Period        n/a     BUFG/I     n/a            2.155         10.000      7.845      BUFGCTRL_X0Y0  CLK100MHZ_IBUF_BUFG_inst/I
Min Period        n/a     FDRE/C     n/a            1.000         10.000      9.000      SLICE_X29Y75   led_reg[0]/C
Min Period        n/a     FDRE/C     n/a            1.000         10.000      9.000      SLICE_X29Y75   led_reg[1]/C
Min Period        n/a     FDRE/C     n/a            1.000         10.000      9.000      SLICE_X29Y75   led_reg[2]/C
Min Period        n/a     FDRE/C     n/a            1.000         10.000      9.000      SLICE_X29Y75   led_reg[3]/C
Min Period        n/a     FDRE/C     n/a            1.000         10.000      9.000      SLICE_X28Y75   led_reg[4]/C
Min Period        n/a     FDRE/C     n/a            1.000         10.000      9.000      SLICE_X28Y75   led_reg[5]/C
Min Period        n/a     FDRE/C     n/a            1.000         10.000      9.000      SLICE_X28Y75   led_reg[6]/C
Min Period        n/a     FDRE/C     n/a            1.000         10.000      9.000      SLICE_X28Y75   led_reg[7]/C
Low Pulse Width   Fast    FDRE/C     n/a            0.500         5.000       4.500      SLICE_X29Y75   led_reg[0]/C
Low Pulse Width   Fast    FDRE/C     n/a            0.500         5.000       4.500      SLICE_X29Y75   led_reg[1]/C
Low Pulse Width   Fast    FDRE/C     n/a            0.500         5.000       4.500      SLICE_X29Y75   led_reg[2]/C
Low Pulse Width   Fast    FDRE/C     n/a            0.500         5.000       4.500      SLICE_X29Y75   led_reg[3]/C
Low Pulse Width   Fast    FDRE/C     n/a            0.500         5.000       4.500      SLICE_X28Y75   led_reg[4]/C
Low Pulse Width   Fast    FDRE/C     n/a            0.500         5.000       4.500      SLICE_X28Y75   led_reg[5]/C
Low Pulse Width   Fast    FDRE/C     n/a            0.500         5.000       4.500      SLICE_X28Y75   led_reg[6]/C
Low Pulse Width   Fast    FDRE/C     n/a            0.500         5.000       4.500      SLICE_X28Y75   led_reg[7]/C
Low Pulse Width   Fast    FDRE/C     n/a            0.500         5.000       4.500      SLICE_X2Y136   nolabel_line38/clkdiv_reg[0]/C
Low Pulse Width   Fast    FDRE/C     n/a            0.500         5.000       4.500      SLICE_X3Y136   nolabel_line38/clkdiv_reg[1]/C
High Pulse Width  Slow    FDRE/C     n/a            0.500         5.000       4.500      SLICE_X29Y75   led_reg[0]/C
High Pulse Width  Slow    FDRE/C     n/a            0.500         5.000       4.500      SLICE_X29Y75   led_reg[1]/C
High Pulse Width  Slow    FDRE/C     n/a            0.500         5.000       4.500      SLICE_X29Y75   led_reg[2]/C
High Pulse Width  Slow    FDRE/C     n/a            0.500         5.000       4.500      SLICE_X29Y75   led_reg[3]/C
High Pulse Width  Slow    FDRE/C     n/a            0.500         5.000       4.500      SLICE_X28Y75   led_reg[4]/C
High Pulse Width  Slow    FDRE/C     n/a            0.500         5.000       4.500      SLICE_X28Y75   led_reg[5]/C
High Pulse Width  Slow    FDRE/C     n/a            0.500         5.000       4.500      SLICE_X28Y75   led_reg[6]/C
High Pulse Width  Slow    FDRE/C     n/a            0.500         5.000       4.500      SLICE_X28Y75   led_reg[7]/C
High Pulse Width  Fast    FDRE/C     n/a            0.500         5.000       4.500      SLICE_X3Y138   nolabel_line38/clkdiv_reg[10]/C
High Pulse Width  Fast    FDRE/C     n/a            0.500         5.000       4.500      SLICE_X3Y138   nolabel_line38/clkdiv_reg[11]/C



