Copyright 1986-2018 Xilinx, Inc. All Rights Reserved.
--------------------------------------------------------------------------------------------------------------------------------------------------------------------------------------------------------
| Tool Version : Vivado v.2018.3 (win64) Build 2405991 Thu Dec  6 23:38:27 MST 2018
| Date         : Fri Feb 27 18:21:34 2026
| Host         : BH610-DRZVK84 running 64-bit major release  (build 9200)
| Command      : report_timing_summary -max_paths 10 -file UART_rx_top_timing_summary_routed.rpt -pb UART_rx_top_timing_summary_routed.pb -rpx UART_rx_top_timing_summary_routed.rpx -warn_on_violation
| Design       : UART_rx_top
| Device       : 7a35t-cpg236
| Speed File   : -1  PRODUCTION 1.23 2018-06-13
--------------------------------------------------------------------------------------------------------------------------------------------------------------------------------------------------------

Timing Summary Report

------------------------------------------------------------------------------------------------
| Timer Settings
| --------------
------------------------------------------------------------------------------------------------

  Enable Multi Corner Analysis               :  Yes
  Enable Pessimism Removal                   :  Yes
  Pessimism Removal Resolution               :  Nearest Common Node
  Enable Input Delay Default Clock           :  No
  Enable Preset / Clear Arcs                 :  No
  Disable Flight Delays                      :  No
  Ignore I/O Paths                           :  No
  Timing Early Launch at Borrowing Latches   :  false

  Corner  Analyze    Analyze    
  Name    Max Paths  Min Paths  
  ------  ---------  ---------  
  Slow    Yes        Yes        
  Fast    Yes        Yes        



check_timing report

Table of Contents
-----------------
1. checking no_clock
2. checking constant_clock
3. checking pulse_width_clock
4. checking unconstrained_internal_endpoints
5. checking no_input_delay
6. checking no_output_delay
7. checking multiple_clock
8. checking generated_clocks
9. checking loops
10. checking partial_input_delay
11. checking partial_output_delay
12. checking latch_loops

1. checking no_clock
--------------------
 There are 0 register/latch pins with no clock.


2. checking constant_clock
--------------------------
 There are 0 register/latch pins with constant_clock.


3. checking pulse_width_clock
-----------------------------
 There are 0 register/latch pins which need pulse_width check


4. checking unconstrained_internal_endpoints
--------------------------------------------
 There are 0 pins that are not constrained for maximum delay.

 There are 0 pins that are not constrained for maximum delay due to constant clock.


5. checking no_input_delay
--------------------------
 There is 1 input port with no input delay specified. (HIGH)

 There are 0 input ports with no input delay but user has a false path constraint.


6. checking no_output_delay
---------------------------
 There are 9 ports with no output delay specified. (HIGH)

 There are 0 ports with no output delay but user has a false path constraint

 There are 0 ports with no output delay but with a timing clock defined on it or propagating through it


7. checking multiple_clock
--------------------------
 There are 0 register/latch pins with multiple clocks.


8. checking generated_clocks
----------------------------
 There are 0 generated clocks that are not connected to a clock source.


9. checking loops
-----------------
 There are 0 combinational loops in the design.


10. checking partial_input_delay
--------------------------------
 There are 0 input ports with partial input delay specified.


11. checking partial_output_delay
---------------------------------
 There are 0 ports with partial output delay specified.


12. checking latch_loops
------------------------
 There are 0 combinational latch loops in the design through latch input



------------------------------------------------------------------------------------------------
| Design Timing Summary
| ---------------------
------------------------------------------------------------------------------------------------

    WNS(ns)      TNS(ns)  TNS Failing Endpoints  TNS Total Endpoints      WHS(ns)      THS(ns)  THS Failing Endpoints  THS Total Endpoints     WPWS(ns)     TPWS(ns)  TPWS Failing Endpoints  TPWS Total Endpoints  
    -------      -------  ---------------------  -------------------      -------      -------  ---------------------  -------------------     --------     --------  ----------------------  --------------------  
      5.055        0.000                      0                  198        0.166        0.000                      0                  198        4.500        0.000                       0                    91  


All user specified timing constraints are met.


------------------------------------------------------------------------------------------------
| Clock Summary
| -------------
------------------------------------------------------------------------------------------------

Clock        Waveform(ns)       Period(ns)      Frequency(MHz)
-----        ------------       ----------      --------------
sys_clk_pin  {0.000 5.000}      10.000          100.000         


------------------------------------------------------------------------------------------------
| Intra Clock Table
| -----------------
------------------------------------------------------------------------------------------------

Clock             WNS(ns)      TNS(ns)  TNS Failing Endpoints  TNS Total Endpoints      WHS(ns)      THS(ns)  THS Failing Endpoints  THS Total Endpoints     WPWS(ns)     TPWS(ns)  TPWS Failing Endpoints  TPWS Total Endpoints  
-----             -------      -------  ---------------------  -------------------      -------      -------  ---------------------  -------------------     --------     --------  ----------------------  --------------------  
sys_clk_pin         5.055        0.000                      0                  198        0.166        0.000                      0                  198        4.500        0.000                       0                    91  


------------------------------------------------------------------------------------------------
| Inter Clock Table
| -----------------
------------------------------------------------------------------------------------------------

From Clock    To Clock          WNS(ns)      TNS(ns)  TNS Failing Endpoints  TNS Total Endpoints      WHS(ns)      THS(ns)  THS Failing Endpoints  THS Total Endpoints  
----------    --------          -------      -------  ---------------------  -------------------      -------      -------  ---------------------  -------------------  


------------------------------------------------------------------------------------------------
| Other Path Groups Table
| -----------------------
------------------------------------------------------------------------------------------------

Path Group    From Clock    To Clock          WNS(ns)      TNS(ns)  TNS Failing Endpoints  TNS Total Endpoints      WHS(ns)      THS(ns)  THS Failing Endpoints  THS Total Endpoints  
----------    ----------    --------          -------      -------  ---------------------  -------------------      -------      -------  ---------------------  -------------------  


------------------------------------------------------------------------------------------------
| Timing Details
| --------------
------------------------------------------------------------------------------------------------


---------------------------------------------------------------------------------------------------
From Clock:  sys_clk_pin
  To Clock:  sys_clk_pin

Setup :            0  Failing Endpoints,  Worst Slack        5.055ns,  Total Violation        0.000ns
Hold  :            0  Failing Endpoints,  Worst Slack        0.166ns,  Total Violation        0.000ns
PW    :            0  Failing Endpoints,  Worst Slack        4.500ns,  Total Violation        0.000ns
---------------------------------------------------------------------------------------------------


Max Delay Paths
--------------------------------------------------------------------------------------
Slack (MET) :             5.055ns  (required time - arrival time)
  Source:                 RX/timer_reg[27]/C
                            (rising edge-triggered cell FDRE clocked by sys_clk_pin  {rise@0.000ns fall@5.000ns period=10.000ns})
  Destination:            RX/timer_reg[29]/R
                            (rising edge-triggered cell FDRE clocked by sys_clk_pin  {rise@0.000ns fall@5.000ns period=10.000ns})
  Path Group:             sys_clk_pin
  Path Type:              Setup (Max at Slow Process Corner)
  Requirement:            10.000ns  (sys_clk_pin rise@10.000ns - sys_clk_pin rise@0.000ns)
  Data Path Delay:        4.458ns  (logic 0.828ns (18.573%)  route 3.630ns (81.427%))
  Logic Levels:           3  (LUT4=1 LUT6=2)
  Clock Path Skew:        -0.023ns (DCD - SCD + CPR)
    Destination Clock Delay (DCD):    4.854ns = ( 14.854 - 10.000 ) 
    Source Clock Delay      (SCD):    5.151ns
    Clock Pessimism Removal (CPR):    0.274ns
  Clock Uncertainty:      0.035ns  ((TSJ^2 + TIJ^2)^1/2 + DJ) / 2 + PE
    Total System Jitter     (TSJ):    0.071ns
    Total Input Jitter      (TIJ):    0.000ns
    Discrete Jitter          (DJ):    0.000ns
    Phase Error              (PE):    0.000ns

    Location             Delay type                Incr(ns)  Path(ns)    Netlist Resource(s)
  -------------------------------------------------------------------    -------------------
                         (clock sys_clk_pin rise edge)
                                                      0.000     0.000 r  
    W5                                                0.000     0.000 r  clk (IN)
                         net (fo=0)                   0.000     0.000    clk
    W5                   IBUF (Prop_ibuf_I_O)         1.458     1.458 r  clk_IBUF_inst/O
                         net (fo=1, routed)           1.967     3.425    clk_IBUF
    BUFGCTRL_X0Y0        BUFG (Prop_bufg_I_O)         0.096     3.521 r  clk_IBUF_BUFG_inst/O
                         net (fo=90, routed)          1.630     5.151    RX/clk_IBUF_BUFG
    SLICE_X58Y34         FDRE                                         r  RX/timer_reg[27]/C
  -------------------------------------------------------------------    -------------------
    SLICE_X58Y34         FDRE (Prop_fdre_C_Q)         0.456     5.607 f  RX/timer_reg[27]/Q
                         net (fo=2, routed)           0.860     6.467    RX/timer_reg_n_0_[27]
    SLICE_X59Y34         LUT4 (Prop_lut4_I0_O)        0.124     6.591 f  RX/FSM_sequential_state[2]_i_11/O
                         net (fo=1, routed)           1.072     7.663    RX/FSM_sequential_state[2]_i_11_n_0
    SLICE_X59Y32         LUT6 (Prop_lut6_I0_O)        0.124     7.787 r  RX/FSM_sequential_state[2]_i_4/O
                         net (fo=7, routed)           0.590     8.377    RX/FSM_sequential_state[2]_i_4_n_0
    SLICE_X59Y29         LUT6 (Prop_lut6_I2_O)        0.124     8.501 r  RX/timer[31]_i_1/O
                         net (fo=31, routed)          1.108     9.609    RX/timer[31]_i_1_n_0
    SLICE_X58Y35         FDRE                                         r  RX/timer_reg[29]/R
  -------------------------------------------------------------------    -------------------

                         (clock sys_clk_pin rise edge)
                                                     10.000    10.000 r  
    W5                                                0.000    10.000 r  clk (IN)
                         net (fo=0)                   0.000    10.000    clk
    W5                   IBUF (Prop_ibuf_I_O)         1.388    11.388 r  clk_IBUF_inst/O
                         net (fo=1, routed)           1.862    13.250    clk_IBUF
    BUFGCTRL_X0Y0        BUFG (Prop_bufg_I_O)         0.091    13.341 r  clk_IBUF_BUFG_inst/O
                         net (fo=90, routed)          1.513    14.854    RX/clk_IBUF_BUFG
    SLICE_X58Y35         FDRE                                         r  RX/timer_reg[29]/C
                         clock pessimism              0.274    15.128    
                         clock uncertainty           -0.035    15.093    
    SLICE_X58Y35         FDRE (Setup_fdre_C_R)       -0.429    14.664    RX/timer_reg[29]
  -------------------------------------------------------------------
                         required time                         14.664    
                         arrival time                          -9.609    
  -------------------------------------------------------------------
                         slack                                  5.055    

Slack (MET) :             5.055ns  (required time - arrival time)
  Source:                 RX/timer_reg[27]/C
                            (rising edge-triggered cell FDRE clocked by sys_clk_pin  {rise@0.000ns fall@5.000ns period=10.000ns})
  Destination:            RX/timer_reg[30]/R
                            (rising edge-triggered cell FDRE clocked by sys_clk_pin  {rise@0.000ns fall@5.000ns period=10.000ns})
  Path Group:             sys_clk_pin
  Path Type:              Setup (Max at Slow Process Corner)
  Requirement:            10.000ns  (sys_clk_pin rise@10.000ns - sys_clk_pin rise@0.000ns)
  Data Path Delay:        4.458ns  (logic 0.828ns (18.573%)  route 3.630ns (81.427%))
  Logic Levels:           3  (LUT4=1 LUT6=2)
  Clock Path Skew:        -0.023ns (DCD - SCD + CPR)
    Destination Clock Delay (DCD):    4.854ns = ( 14.854 - 10.000 ) 
    Source Clock Delay      (SCD):    5.151ns
    Clock Pessimism Removal (CPR):    0.274ns
  Clock Uncertainty:      0.035ns  ((TSJ^2 + TIJ^2)^1/2 + DJ) / 2 + PE
    Total System Jitter     (TSJ):    0.071ns
    Total Input Jitter      (TIJ):    0.000ns
    Discrete Jitter          (DJ):    0.000ns
    Phase Error              (PE):    0.000ns

    Location             Delay type                Incr(ns)  Path(ns)    Netlist Resource(s)
  -------------------------------------------------------------------    -------------------
                         (clock sys_clk_pin rise edge)
                                                      0.000     0.000 r  
    W5                                                0.000     0.000 r  clk (IN)
                         net (fo=0)                   0.000     0.000    clk
    W5                   IBUF (Prop_ibuf_I_O)         1.458     1.458 r  clk_IBUF_inst/O
                         net (fo=1, routed)           1.967     3.425    clk_IBUF
    BUFGCTRL_X0Y0        BUFG (Prop_bufg_I_O)         0.096     3.521 r  clk_IBUF_BUFG_inst/O
                         net (fo=90, routed)          1.630     5.151    RX/clk_IBUF_BUFG
    SLICE_X58Y34         FDRE                                         r  RX/timer_reg[27]/C
  -------------------------------------------------------------------    -------------------
    SLICE_X58Y34         FDRE (Prop_fdre_C_Q)         0.456     5.607 f  RX/timer_reg[27]/Q
                         net (fo=2, routed)           0.860     6.467    RX/timer_reg_n_0_[27]
    SLICE_X59Y34         LUT4 (Prop_lut4_I0_O)        0.124     6.591 f  RX/FSM_sequential_state[2]_i_11/O
                         net (fo=1, routed)           1.072     7.663    RX/FSM_sequential_state[2]_i_11_n_0
    SLICE_X59Y32         LUT6 (Prop_lut6_I0_O)        0.124     7.787 r  RX/FSM_sequential_state[2]_i_4/O
                         net (fo=7, routed)           0.590     8.377    RX/FSM_sequential_state[2]_i_4_n_0
    SLICE_X59Y29         LUT6 (Prop_lut6_I2_O)        0.124     8.501 r  RX/timer[31]_i_1/O
                         net (fo=31, routed)          1.108     9.609    RX/timer[31]_i_1_n_0
    SLICE_X58Y35         FDRE                                         r  RX/timer_reg[30]/R
  -------------------------------------------------------------------    -------------------

                         (clock sys_clk_pin rise edge)
                                                     10.000    10.000 r  
    W5                                                0.000    10.000 r  clk (IN)
                         net (fo=0)                   0.000    10.000    clk
    W5                   IBUF (Prop_ibuf_I_O)         1.388    11.388 r  clk_IBUF_inst/O
                         net (fo=1, routed)           1.862    13.250    clk_IBUF
    BUFGCTRL_X0Y0        BUFG (Prop_bufg_I_O)         0.091    13.341 r  clk_IBUF_BUFG_inst/O
                         net (fo=90, routed)          1.513    14.854    RX/clk_IBUF_BUFG
    SLICE_X58Y35         FDRE                                         r  RX/timer_reg[30]/C
                         clock pessimism              0.274    15.128    
                         clock uncertainty           -0.035    15.093    
    SLICE_X58Y35         FDRE (Setup_fdre_C_R)       -0.429    14.664    RX/timer_reg[30]
  -------------------------------------------------------------------
                         required time                         14.664    
                         arrival time                          -9.609    
  -------------------------------------------------------------------
                         slack                                  5.055    

Slack (MET) :             5.055ns  (required time - arrival time)
  Source:                 RX/timer_reg[27]/C
                            (rising edge-triggered cell FDRE clocked by sys_clk_pin  {rise@0.000ns fall@5.000ns period=10.000ns})
  Destination:            RX/timer_reg[31]/R
                            (rising edge-triggered cell FDRE clocked by sys_clk_pin  {rise@0.000ns fall@5.000ns period=10.000ns})
  Path Group:             sys_clk_pin
  Path Type:              Setup (Max at Slow Process Corner)
  Requirement:            10.000ns  (sys_clk_pin rise@10.000ns - sys_clk_pin rise@0.000ns)
  Data Path Delay:        4.458ns  (logic 0.828ns (18.573%)  route 3.630ns (81.427%))
  Logic Levels:           3  (LUT4=1 LUT6=2)
  Clock Path Skew:        -0.023ns (DCD - SCD + CPR)
    Destination Clock Delay (DCD):    4.854ns = ( 14.854 - 10.000 ) 
    Source Clock Delay      (SCD):    5.151ns
    Clock Pessimism Removal (CPR):    0.274ns
  Clock Uncertainty:      0.035ns  ((TSJ^2 + TIJ^2)^1/2 + DJ) / 2 + PE
    Total System Jitter     (TSJ):    0.071ns
    Total Input Jitter      (TIJ):    0.000ns
    Discrete Jitter          (DJ):    0.000ns
    Phase Error              (PE):    0.000ns

    Location             Delay type                Incr(ns)  Path(ns)    Netlist Resource(s)
  -------------------------------------------------------------------    -------------------
                         (clock sys_clk_pin rise edge)
                                                      0.000     0.000 r  
    W5                                                0.000     0.000 r  clk (IN)
                         net (fo=0)                   0.000     0.000    clk
    W5                   IBUF (Prop_ibuf_I_O)         1.458     1.458 r  clk_IBUF_inst/O
                         net (fo=1, routed)           1.967     3.425    clk_IBUF
    BUFGCTRL_X0Y0        BUFG (Prop_bufg_I_O)         0.096     3.521 r  clk_IBUF_BUFG_inst/O
                         net (fo=90, routed)          1.630     5.151    RX/clk_IBUF_BUFG
    SLICE_X58Y34         FDRE                                         r  RX/timer_reg[27]/C
  -------------------------------------------------------------------    -------------------
    SLICE_X58Y34         FDRE (Prop_fdre_C_Q)         0.456     5.607 f  RX/timer_reg[27]/Q
                         net (fo=2, routed)           0.860     6.467    RX/timer_reg_n_0_[27]
    SLICE_X59Y34         LUT4 (Prop_lut4_I0_O)        0.124     6.591 f  RX/FSM_sequential_state[2]_i_11/O
                         net (fo=1, routed)           1.072     7.663    RX/FSM_sequential_state[2]_i_11_n_0
    SLICE_X59Y32         LUT6 (Prop_lut6_I0_O)        0.124     7.787 r  RX/FSM_sequential_state[2]_i_4/O
                         net (fo=7, routed)           0.590     8.377    RX/FSM_sequential_state[2]_i_4_n_0
    SLICE_X59Y29         LUT6 (Prop_lut6_I2_O)        0.124     8.501 r  RX/timer[31]_i_1/O
                         net (fo=31, routed)          1.108     9.609    RX/timer[31]_i_1_n_0
    SLICE_X58Y35         FDRE                                         r  RX/timer_reg[31]/R
  -------------------------------------------------------------------    -------------------

                         (clock sys_clk_pin rise edge)
                                                     10.000    10.000 r  
    W5                                                0.000    10.000 r  clk (IN)
                         net (fo=0)                   0.000    10.000    clk
    W5                   IBUF (Prop_ibuf_I_O)         1.388    11.388 r  clk_IBUF_inst/O
                         net (fo=1, routed)           1.862    13.250    clk_IBUF
    BUFGCTRL_X0Y0        BUFG (Prop_bufg_I_O)         0.091    13.341 r  clk_IBUF_BUFG_inst/O
                         net (fo=90, routed)          1.513    14.854    RX/clk_IBUF_BUFG
    SLICE_X58Y35         FDRE                                         r  RX/timer_reg[31]/C
                         clock pessimism              0.274    15.128    
                         clock uncertainty           -0.035    15.093    
    SLICE_X58Y35         FDRE (Setup_fdre_C_R)       -0.429    14.664    RX/timer_reg[31]
  -------------------------------------------------------------------
                         required time                         14.664    
                         arrival time                          -9.609    
  -------------------------------------------------------------------
                         slack                                  5.055    

Slack (MET) :             5.220ns  (required time - arrival time)
  Source:                 RX/timer_reg[27]/C
                            (rising edge-triggered cell FDRE clocked by sys_clk_pin  {rise@0.000ns fall@5.000ns period=10.000ns})
  Destination:            RX/timer_reg[25]/R
                            (rising edge-triggered cell FDRE clocked by sys_clk_pin  {rise@0.000ns fall@5.000ns period=10.000ns})
  Path Group:             sys_clk_pin
  Path Type:              Setup (Max at Slow Process Corner)
  Requirement:            10.000ns  (sys_clk_pin rise@10.000ns - sys_clk_pin rise@0.000ns)
  Data Path Delay:        4.316ns  (logic 0.828ns (19.184%)  route 3.488ns (80.816%))
  Logic Levels:           3  (LUT4=1 LUT6=2)
  Clock Path Skew:        0.000ns (DCD - SCD + CPR)
    Destination Clock Delay (DCD):    4.853ns = ( 14.853 - 10.000 ) 
    Source Clock Delay      (SCD):    5.151ns
    Clock Pessimism Removal (CPR):    0.298ns
  Clock Uncertainty:      0.035ns  ((TSJ^2 + TIJ^2)^1/2 + DJ) / 2 + PE
    Total System Jitter     (TSJ):    0.071ns
    Total Input Jitter      (TIJ):    0.000ns
    Discrete Jitter          (DJ):    0.000ns
    Phase Error              (PE):    0.000ns

    Location             Delay type                Incr(ns)  Path(ns)    Netlist Resource(s)
  -------------------------------------------------------------------    -------------------
                         (clock sys_clk_pin rise edge)
                                                      0.000     0.000 r  
    W5                                                0.000     0.000 r  clk (IN)
                         net (fo=0)                   0.000     0.000    clk
    W5                   IBUF (Prop_ibuf_I_O)         1.458     1.458 r  clk_IBUF_inst/O
                         net (fo=1, routed)           1.967     3.425    clk_IBUF
    BUFGCTRL_X0Y0        BUFG (Prop_bufg_I_O)         0.096     3.521 r  clk_IBUF_BUFG_inst/O
                         net (fo=90, routed)          1.630     5.151    RX/clk_IBUF_BUFG
    SLICE_X58Y34         FDRE                                         r  RX/timer_reg[27]/C
  -------------------------------------------------------------------    -------------------
    SLICE_X58Y34         FDRE (Prop_fdre_C_Q)         0.456     5.607 f  RX/timer_reg[27]/Q
                         net (fo=2, routed)           0.860     6.467    RX/timer_reg_n_0_[27]
    SLICE_X59Y34         LUT4 (Prop_lut4_I0_O)        0.124     6.591 f  RX/FSM_sequential_state[2]_i_11/O
                         net (fo=1, routed)           1.072     7.663    RX/FSM_sequential_state[2]_i_11_n_0
    SLICE_X59Y32         LUT6 (Prop_lut6_I0_O)        0.124     7.787 r  RX/FSM_sequential_state[2]_i_4/O
                         net (fo=7, routed)           0.590     8.377    RX/FSM_sequential_state[2]_i_4_n_0
    SLICE_X59Y29         LUT6 (Prop_lut6_I2_O)        0.124     8.501 r  RX/timer[31]_i_1/O
                         net (fo=31, routed)          0.966     9.467    RX/timer[31]_i_1_n_0
    SLICE_X58Y34         FDRE                                         r  RX/timer_reg[25]/R
  -------------------------------------------------------------------    -------------------

                         (clock sys_clk_pin rise edge)
                                                     10.000    10.000 r  
    W5                                                0.000    10.000 r  clk (IN)
                         net (fo=0)                   0.000    10.000    clk
    W5                   IBUF (Prop_ibuf_I_O)         1.388    11.388 r  clk_IBUF_inst/O
                         net (fo=1, routed)           1.862    13.250    clk_IBUF
    BUFGCTRL_X0Y0        BUFG (Prop_bufg_I_O)         0.091    13.341 r  clk_IBUF_BUFG_inst/O
                         net (fo=90, routed)          1.512    14.853    RX/clk_IBUF_BUFG
    SLICE_X58Y34         FDRE                                         r  RX/timer_reg[25]/C
                         clock pessimism              0.298    15.151    
                         clock uncertainty           -0.035    15.116    
    SLICE_X58Y34         FDRE (Setup_fdre_C_R)       -0.429    14.687    RX/timer_reg[25]
  -------------------------------------------------------------------
                         required time                         14.687    
                         arrival time                          -9.467    
  -------------------------------------------------------------------
                         slack                                  5.220    

Slack (MET) :             5.220ns  (required time - arrival time)
  Source:                 RX/timer_reg[27]/C
                            (rising edge-triggered cell FDRE clocked by sys_clk_pin  {rise@0.000ns fall@5.000ns period=10.000ns})
  Destination:            RX/timer_reg[26]/R
                            (rising edge-triggered cell FDRE clocked by sys_clk_pin  {rise@0.000ns fall@5.000ns period=10.000ns})
  Path Group:             sys_clk_pin
  Path Type:              Setup (Max at Slow Process Corner)
  Requirement:            10.000ns  (sys_clk_pin rise@10.000ns - sys_clk_pin rise@0.000ns)
  Data Path Delay:        4.316ns  (logic 0.828ns (19.184%)  route 3.488ns (80.816%))
  Logic Levels:           3  (LUT4=1 LUT6=2)
  Clock Path Skew:        0.000ns (DCD - SCD + CPR)
    Destination Clock Delay (DCD):    4.853ns = ( 14.853 - 10.000 ) 
    Source Clock Delay      (SCD):    5.151ns
    Clock Pessimism Removal (CPR):    0.298ns
  Clock Uncertainty:      0.035ns  ((TSJ^2 + TIJ^2)^1/2 + DJ) / 2 + PE
    Total System Jitter     (TSJ):    0.071ns
    Total Input Jitter      (TIJ):    0.000ns
    Discrete Jitter          (DJ):    0.000ns
    Phase Error              (PE):    0.000ns

    Location             Delay type                Incr(ns)  Path(ns)    Netlist Resource(s)
  -------------------------------------------------------------------    -------------------
                         (clock sys_clk_pin rise edge)
                                                      0.000     0.000 r  
    W5                                                0.000     0.000 r  clk (IN)
                         net (fo=0)                   0.000     0.000    clk
    W5                   IBUF (Prop_ibuf_I_O)         1.458     1.458 r  clk_IBUF_inst/O
                         net (fo=1, routed)           1.967     3.425    clk_IBUF
    BUFGCTRL_X0Y0        BUFG (Prop_bufg_I_O)         0.096     3.521 r  clk_IBUF_BUFG_inst/O
                         net (fo=90, routed)          1.630     5.151    RX/clk_IBUF_BUFG
    SLICE_X58Y34         FDRE                                         r  RX/timer_reg[27]/C
  -------------------------------------------------------------------    -------------------
    SLICE_X58Y34         FDRE (Prop_fdre_C_Q)         0.456     5.607 f  RX/timer_reg[27]/Q
                         net (fo=2, routed)           0.860     6.467    RX/timer_reg_n_0_[27]
    SLICE_X59Y34         LUT4 (Prop_lut4_I0_O)        0.124     6.591 f  RX/FSM_sequential_state[2]_i_11/O
                         net (fo=1, routed)           1.072     7.663    RX/FSM_sequential_state[2]_i_11_n_0
    SLICE_X59Y32         LUT6 (Prop_lut6_I0_O)        0.124     7.787 r  RX/FSM_sequential_state[2]_i_4/O
                         net (fo=7, routed)           0.590     8.377    RX/FSM_sequential_state[2]_i_4_n_0
    SLICE_X59Y29         LUT6 (Prop_lut6_I2_O)        0.124     8.501 r  RX/timer[31]_i_1/O
                         net (fo=31, routed)          0.966     9.467    RX/timer[31]_i_1_n_0
    SLICE_X58Y34         FDRE                                         r  RX/timer_reg[26]/R
  -------------------------------------------------------------------    -------------------

                         (clock sys_clk_pin rise edge)
                                                     10.000    10.000 r  
    W5                                                0.000    10.000 r  clk (IN)
                         net (fo=0)                   0.000    10.000    clk
    W5                   IBUF (Prop_ibuf_I_O)         1.388    11.388 r  clk_IBUF_inst/O
                         net (fo=1, routed)           1.862    13.250    clk_IBUF
    BUFGCTRL_X0Y0        BUFG (Prop_bufg_I_O)         0.091    13.341 r  clk_IBUF_BUFG_inst/O
                         net (fo=90, routed)          1.512    14.853    RX/clk_IBUF_BUFG
    SLICE_X58Y34         FDRE                                         r  RX/timer_reg[26]/C
                         clock pessimism              0.298    15.151    
                         clock uncertainty           -0.035    15.116    
    SLICE_X58Y34         FDRE (Setup_fdre_C_R)       -0.429    14.687    RX/timer_reg[26]
  -------------------------------------------------------------------
                         required time                         14.687    
                         arrival time                          -9.467    
  -------------------------------------------------------------------
                         slack                                  5.220    

Slack (MET) :             5.220ns  (required time - arrival time)
  Source:                 RX/timer_reg[27]/C
                            (rising edge-triggered cell FDRE clocked by sys_clk_pin  {rise@0.000ns fall@5.000ns period=10.000ns})
  Destination:            RX/timer_reg[27]/R
                            (rising edge-triggered cell FDRE clocked by sys_clk_pin  {rise@0.000ns fall@5.000ns period=10.000ns})
  Path Group:             sys_clk_pin
  Path Type:              Setup (Max at Slow Process Corner)
  Requirement:            10.000ns  (sys_clk_pin rise@10.000ns - sys_clk_pin rise@0.000ns)
  Data Path Delay:        4.316ns  (logic 0.828ns (19.184%)  route 3.488ns (80.816%))
  Logic Levels:           3  (LUT4=1 LUT6=2)
  Clock Path Skew:        0.000ns (DCD - SCD + CPR)
    Destination Clock Delay (DCD):    4.853ns = ( 14.853 - 10.000 ) 
    Source Clock Delay      (SCD):    5.151ns
    Clock Pessimism Removal (CPR):    0.298ns
  Clock Uncertainty:      0.035ns  ((TSJ^2 + TIJ^2)^1/2 + DJ) / 2 + PE
    Total System Jitter     (TSJ):    0.071ns
    Total Input Jitter      (TIJ):    0.000ns
    Discrete Jitter          (DJ):    0.000ns
    Phase Error              (PE):    0.000ns

    Location             Delay type                Incr(ns)  Path(ns)    Netlist Resource(s)
  -------------------------------------------------------------------    -------------------
                         (clock sys_clk_pin rise edge)
                                                      0.000     0.000 r  
    W5                                                0.000     0.000 r  clk (IN)
                         net (fo=0)                   0.000     0.000    clk
    W5                   IBUF (Prop_ibuf_I_O)         1.458     1.458 r  clk_IBUF_inst/O
                         net (fo=1, routed)           1.967     3.425    clk_IBUF
    BUFGCTRL_X0Y0        BUFG (Prop_bufg_I_O)         0.096     3.521 r  clk_IBUF_BUFG_inst/O
                         net (fo=90, routed)          1.630     5.151    RX/clk_IBUF_BUFG
    SLICE_X58Y34         FDRE                                         r  RX/timer_reg[27]/C
  -------------------------------------------------------------------    -------------------
    SLICE_X58Y34         FDRE (Prop_fdre_C_Q)         0.456     5.607 f  RX/timer_reg[27]/Q
                         net (fo=2, routed)           0.860     6.467    RX/timer_reg_n_0_[27]
    SLICE_X59Y34         LUT4 (Prop_lut4_I0_O)        0.124     6.591 f  RX/FSM_sequential_state[2]_i_11/O
                         net (fo=1, routed)           1.072     7.663    RX/FSM_sequential_state[2]_i_11_n_0
    SLICE_X59Y32         LUT6 (Prop_lut6_I0_O)        0.124     7.787 r  RX/FSM_sequential_state[2]_i_4/O
                         net (fo=7, routed)           0.590     8.377    RX/FSM_sequential_state[2]_i_4_n_0
    SLICE_X59Y29         LUT6 (Prop_lut6_I2_O)        0.124     8.501 r  RX/timer[31]_i_1/O
                         net (fo=31, routed)          0.966     9.467    RX/timer[31]_i_1_n_0
    SLICE_X58Y34         FDRE                                         r  RX/timer_reg[27]/R
  -------------------------------------------------------------------    -------------------

                         (clock sys_clk_pin rise edge)
                                                     10.000    10.000 r  
    W5                                                0.000    10.000 r  clk (IN)
                         net (fo=0)                   0.000    10.000    clk
    W5                   IBUF (Prop_ibuf_I_O)         1.388    11.388 r  clk_IBUF_inst/O
                         net (fo=1, routed)           1.862    13.250    clk_IBUF
    BUFGCTRL_X0Y0        BUFG (Prop_bufg_I_O)         0.091    13.341 r  clk_IBUF_BUFG_inst/O
                         net (fo=90, routed)          1.512    14.853    RX/clk_IBUF_BUFG
    SLICE_X58Y34         FDRE                                         r  RX/timer_reg[27]/C
                         clock pessimism              0.298    15.151    
                         clock uncertainty           -0.035    15.116    
    SLICE_X58Y34         FDRE (Setup_fdre_C_R)       -0.429    14.687    RX/timer_reg[27]
  -------------------------------------------------------------------
                         required time                         14.687    
                         arrival time                          -9.467    
  -------------------------------------------------------------------
                         slack                                  5.220    

Slack (MET) :             5.220ns  (required time - arrival time)
  Source:                 RX/timer_reg[27]/C
                            (rising edge-triggered cell FDRE clocked by sys_clk_pin  {rise@0.000ns fall@5.000ns period=10.000ns})
  Destination:            RX/timer_reg[28]/R
                            (rising edge-triggered cell FDRE clocked by sys_clk_pin  {rise@0.000ns fall@5.000ns period=10.000ns})
  Path Group:             sys_clk_pin
  Path Type:              Setup (Max at Slow Process Corner)
  Requirement:            10.000ns  (sys_clk_pin rise@10.000ns - sys_clk_pin rise@0.000ns)
  Data Path Delay:        4.316ns  (logic 0.828ns (19.184%)  route 3.488ns (80.816%))
  Logic Levels:           3  (LUT4=1 LUT6=2)
  Clock Path Skew:        0.000ns (DCD - SCD + CPR)
    Destination Clock Delay (DCD):    4.853ns = ( 14.853 - 10.000 ) 
    Source Clock Delay      (SCD):    5.151ns
    Clock Pessimism Removal (CPR):    0.298ns
  Clock Uncertainty:      0.035ns  ((TSJ^2 + TIJ^2)^1/2 + DJ) / 2 + PE
    Total System Jitter     (TSJ):    0.071ns
    Total Input Jitter      (TIJ):    0.000ns
    Discrete Jitter          (DJ):    0.000ns
    Phase Error              (PE):    0.000ns

    Location             Delay type                Incr(ns)  Path(ns)    Netlist Resource(s)
  -------------------------------------------------------------------    -------------------
                         (clock sys_clk_pin rise edge)
                                                      0.000     0.000 r  
    W5                                                0.000     0.000 r  clk (IN)
                         net (fo=0)                   0.000     0.000    clk
    W5                   IBUF (Prop_ibuf_I_O)         1.458     1.458 r  clk_IBUF_inst/O
                         net (fo=1, routed)           1.967     3.425    clk_IBUF
    BUFGCTRL_X0Y0        BUFG (Prop_bufg_I_O)         0.096     3.521 r  clk_IBUF_BUFG_inst/O
                         net (fo=90, routed)          1.630     5.151    RX/clk_IBUF_BUFG
    SLICE_X58Y34         FDRE                                         r  RX/timer_reg[27]/C
  -------------------------------------------------------------------    -------------------
    SLICE_X58Y34         FDRE (Prop_fdre_C_Q)         0.456     5.607 f  RX/timer_reg[27]/Q
                         net (fo=2, routed)           0.860     6.467    RX/timer_reg_n_0_[27]
    SLICE_X59Y34         LUT4 (Prop_lut4_I0_O)        0.124     6.591 f  RX/FSM_sequential_state[2]_i_11/O
                         net (fo=1, routed)           1.072     7.663    RX/FSM_sequential_state[2]_i_11_n_0
    SLICE_X59Y32         LUT6 (Prop_lut6_I0_O)        0.124     7.787 r  RX/FSM_sequential_state[2]_i_4/O
                         net (fo=7, routed)           0.590     8.377    RX/FSM_sequential_state[2]_i_4_n_0
    SLICE_X59Y29         LUT6 (Prop_lut6_I2_O)        0.124     8.501 r  RX/timer[31]_i_1/O
                         net (fo=31, routed)          0.966     9.467    RX/timer[31]_i_1_n_0
    SLICE_X58Y34         FDRE                                         r  RX/timer_reg[28]/R
  -------------------------------------------------------------------    -------------------

                         (clock sys_clk_pin rise edge)
                                                     10.000    10.000 r  
    W5                                                0.000    10.000 r  clk (IN)
                         net (fo=0)                   0.000    10.000    clk
    W5                   IBUF (Prop_ibuf_I_O)         1.388    11.388 r  clk_IBUF_inst/O
                         net (fo=1, routed)           1.862    13.250    clk_IBUF
    BUFGCTRL_X0Y0        BUFG (Prop_bufg_I_O)         0.091    13.341 r  clk_IBUF_BUFG_inst/O
                         net (fo=90, routed)          1.512    14.853    RX/clk_IBUF_BUFG
    SLICE_X58Y34         FDRE                                         r  RX/timer_reg[28]/C
                         clock pessimism              0.298    15.151    
                         clock uncertainty           -0.035    15.116    
    SLICE_X58Y34         FDRE (Setup_fdre_C_R)       -0.429    14.687    RX/timer_reg[28]
  -------------------------------------------------------------------
                         required time                         14.687    
                         arrival time                          -9.467    
  -------------------------------------------------------------------
                         slack                                  5.220    

Slack (MET) :             5.346ns  (required time - arrival time)
  Source:                 RX/timer_reg[27]/C
                            (rising edge-triggered cell FDRE clocked by sys_clk_pin  {rise@0.000ns fall@5.000ns period=10.000ns})
  Destination:            RX/timer_reg[21]/R
                            (rising edge-triggered cell FDRE clocked by sys_clk_pin  {rise@0.000ns fall@5.000ns period=10.000ns})
  Path Group:             sys_clk_pin
  Path Type:              Setup (Max at Slow Process Corner)
  Requirement:            10.000ns  (sys_clk_pin rise@10.000ns - sys_clk_pin rise@0.000ns)
  Data Path Delay:        4.164ns  (logic 0.828ns (19.883%)  route 3.336ns (80.117%))
  Logic Levels:           3  (LUT4=1 LUT6=2)
  Clock Path Skew:        -0.025ns (DCD - SCD + CPR)
    Destination Clock Delay (DCD):    4.852ns = ( 14.852 - 10.000 ) 
    Source Clock Delay      (SCD):    5.151ns
    Clock Pessimism Removal (CPR):    0.274ns
  Clock Uncertainty:      0.035ns  ((TSJ^2 + TIJ^2)^1/2 + DJ) / 2 + PE
    Total System Jitter     (TSJ):    0.071ns
    Total Input Jitter      (TIJ):    0.000ns
    Discrete Jitter          (DJ):    0.000ns
    Phase Error              (PE):    0.000ns

    Location             Delay type                Incr(ns)  Path(ns)    Netlist Resource(s)
  -------------------------------------------------------------------    -------------------
                         (clock sys_clk_pin rise edge)
                                                      0.000     0.000 r  
    W5                                                0.000     0.000 r  clk (IN)
                         net (fo=0)                   0.000     0.000    clk
    W5                   IBUF (Prop_ibuf_I_O)         1.458     1.458 r  clk_IBUF_inst/O
                         net (fo=1, routed)           1.967     3.425    clk_IBUF
    BUFGCTRL_X0Y0        BUFG (Prop_bufg_I_O)         0.096     3.521 r  clk_IBUF_BUFG_inst/O
                         net (fo=90, routed)          1.630     5.151    RX/clk_IBUF_BUFG
    SLICE_X58Y34         FDRE                                         r  RX/timer_reg[27]/C
  -------------------------------------------------------------------    -------------------
    SLICE_X58Y34         FDRE (Prop_fdre_C_Q)         0.456     5.607 f  RX/timer_reg[27]/Q
                         net (fo=2, routed)           0.860     6.467    RX/timer_reg_n_0_[27]
    SLICE_X59Y34         LUT4 (Prop_lut4_I0_O)        0.124     6.591 f  RX/FSM_sequential_state[2]_i_11/O
                         net (fo=1, routed)           1.072     7.663    RX/FSM_sequential_state[2]_i_11_n_0
    SLICE_X59Y32         LUT6 (Prop_lut6_I0_O)        0.124     7.787 r  RX/FSM_sequential_state[2]_i_4/O
                         net (fo=7, routed)           0.590     8.377    RX/FSM_sequential_state[2]_i_4_n_0
    SLICE_X59Y29         LUT6 (Prop_lut6_I2_O)        0.124     8.501 r  RX/timer[31]_i_1/O
                         net (fo=31, routed)          0.815     9.316    RX/timer[31]_i_1_n_0
    SLICE_X58Y33         FDRE                                         r  RX/timer_reg[21]/R
  -------------------------------------------------------------------    -------------------

                         (clock sys_clk_pin rise edge)
                                                     10.000    10.000 r  
    W5                                                0.000    10.000 r  clk (IN)
                         net (fo=0)                   0.000    10.000    clk
    W5                   IBUF (Prop_ibuf_I_O)         1.388    11.388 r  clk_IBUF_inst/O
                         net (fo=1, routed)           1.862    13.250    clk_IBUF
    BUFGCTRL_X0Y0        BUFG (Prop_bufg_I_O)         0.091    13.341 r  clk_IBUF_BUFG_inst/O
                         net (fo=90, routed)          1.511    14.852    RX/clk_IBUF_BUFG
    SLICE_X58Y33         FDRE                                         r  RX/timer_reg[21]/C
                         clock pessimism              0.274    15.126    
                         clock uncertainty           -0.035    15.091    
    SLICE_X58Y33         FDRE (Setup_fdre_C_R)       -0.429    14.662    RX/timer_reg[21]
  -------------------------------------------------------------------
                         required time                         14.662    
                         arrival time                          -9.316    
  -------------------------------------------------------------------
                         slack                                  5.346    

Slack (MET) :             5.346ns  (required time - arrival time)
  Source:                 RX/timer_reg[27]/C
                            (rising edge-triggered cell FDRE clocked by sys_clk_pin  {rise@0.000ns fall@5.000ns period=10.000ns})
  Destination:            RX/timer_reg[22]/R
                            (rising edge-triggered cell FDRE clocked by sys_clk_pin  {rise@0.000ns fall@5.000ns period=10.000ns})
  Path Group:             sys_clk_pin
  Path Type:              Setup (Max at Slow Process Corner)
  Requirement:            10.000ns  (sys_clk_pin rise@10.000ns - sys_clk_pin rise@0.000ns)
  Data Path Delay:        4.164ns  (logic 0.828ns (19.883%)  route 3.336ns (80.117%))
  Logic Levels:           3  (LUT4=1 LUT6=2)
  Clock Path Skew:        -0.025ns (DCD - SCD + CPR)
    Destination Clock Delay (DCD):    4.852ns = ( 14.852 - 10.000 ) 
    Source Clock Delay      (SCD):    5.151ns
    Clock Pessimism Removal (CPR):    0.274ns
  Clock Uncertainty:      0.035ns  ((TSJ^2 + TIJ^2)^1/2 + DJ) / 2 + PE
    Total System Jitter     (TSJ):    0.071ns
    Total Input Jitter      (TIJ):    0.000ns
    Discrete Jitter          (DJ):    0.000ns
    Phase Error              (PE):    0.000ns

    Location             Delay type                Incr(ns)  Path(ns)    Netlist Resource(s)
  -------------------------------------------------------------------    -------------------
                         (clock sys_clk_pin rise edge)
                                                      0.000     0.000 r  
    W5                                                0.000     0.000 r  clk (IN)
                         net (fo=0)                   0.000     0.000    clk
    W5                   IBUF (Prop_ibuf_I_O)         1.458     1.458 r  clk_IBUF_inst/O
                         net (fo=1, routed)           1.967     3.425    clk_IBUF
    BUFGCTRL_X0Y0        BUFG (Prop_bufg_I_O)         0.096     3.521 r  clk_IBUF_BUFG_inst/O
                         net (fo=90, routed)          1.630     5.151    RX/clk_IBUF_BUFG
    SLICE_X58Y34         FDRE                                         r  RX/timer_reg[27]/C
  -------------------------------------------------------------------    -------------------
    SLICE_X58Y34         FDRE (Prop_fdre_C_Q)         0.456     5.607 f  RX/timer_reg[27]/Q
                         net (fo=2, routed)           0.860     6.467    RX/timer_reg_n_0_[27]
    SLICE_X59Y34         LUT4 (Prop_lut4_I0_O)        0.124     6.591 f  RX/FSM_sequential_state[2]_i_11/O
                         net (fo=1, routed)           1.072     7.663    RX/FSM_sequential_state[2]_i_11_n_0
    SLICE_X59Y32         LUT6 (Prop_lut6_I0_O)        0.124     7.787 r  RX/FSM_sequential_state[2]_i_4/O
                         net (fo=7, routed)           0.590     8.377    RX/FSM_sequential_state[2]_i_4_n_0
    SLICE_X59Y29         LUT6 (Prop_lut6_I2_O)        0.124     8.501 r  RX/timer[31]_i_1/O
                         net (fo=31, routed)          0.815     9.316    RX/timer[31]_i_1_n_0
    SLICE_X58Y33         FDRE                                         r  RX/timer_reg[22]/R
  -------------------------------------------------------------------    -------------------

                         (clock sys_clk_pin rise edge)
                                                     10.000    10.000 r  
    W5                                                0.000    10.000 r  clk (IN)
                         net (fo=0)                   0.000    10.000    clk
    W5                   IBUF (Prop_ibuf_I_O)         1.388    11.388 r  clk_IBUF_inst/O
                         net (fo=1, routed)           1.862    13.250    clk_IBUF
    BUFGCTRL_X0Y0        BUFG (Prop_bufg_I_O)         0.091    13.341 r  clk_IBUF_BUFG_inst/O
                         net (fo=90, routed)          1.511    14.852    RX/clk_IBUF_BUFG
    SLICE_X58Y33         FDRE                                         r  RX/timer_reg[22]/C
                         clock pessimism              0.274    15.126    
                         clock uncertainty           -0.035    15.091    
    SLICE_X58Y33         FDRE (Setup_fdre_C_R)       -0.429    14.662    RX/timer_reg[22]
  -------------------------------------------------------------------
                         required time                         14.662    
                         arrival time                          -9.316    
  -------------------------------------------------------------------
                         slack                                  5.346    

Slack (MET) :             5.346ns  (required time - arrival time)
  Source:                 RX/timer_reg[27]/C
                            (rising edge-triggered cell FDRE clocked by sys_clk_pin  {rise@0.000ns fall@5.000ns period=10.000ns})
  Destination:            RX/timer_reg[23]/R
                            (rising edge-triggered cell FDRE clocked by sys_clk_pin  {rise@0.000ns fall@5.000ns period=10.000ns})
  Path Group:             sys_clk_pin
  Path Type:              Setup (Max at Slow Process Corner)
  Requirement:            10.000ns  (sys_clk_pin rise@10.000ns - sys_clk_pin rise@0.000ns)
  Data Path Delay:        4.164ns  (logic 0.828ns (19.883%)  route 3.336ns (80.117%))
  Logic Levels:           3  (LUT4=1 LUT6=2)
  Clock Path Skew:        -0.025ns (DCD - SCD + CPR)
    Destination Clock Delay (DCD):    4.852ns = ( 14.852 - 10.000 ) 
    Source Clock Delay      (SCD):    5.151ns
    Clock Pessimism Removal (CPR):    0.274ns
  Clock Uncertainty:      0.035ns  ((TSJ^2 + TIJ^2)^1/2 + DJ) / 2 + PE
    Total System Jitter     (TSJ):    0.071ns
    Total Input Jitter      (TIJ):    0.000ns
    Discrete Jitter          (DJ):    0.000ns
    Phase Error              (PE):    0.000ns

    Location             Delay type                Incr(ns)  Path(ns)    Netlist Resource(s)
  -------------------------------------------------------------------    -------------------
                         (clock sys_clk_pin rise edge)
                                                      0.000     0.000 r  
    W5                                                0.000     0.000 r  clk (IN)
                         net (fo=0)                   0.000     0.000    clk
    W5                   IBUF (Prop_ibuf_I_O)         1.458     1.458 r  clk_IBUF_inst/O
                         net (fo=1, routed)           1.967     3.425    clk_IBUF
    BUFGCTRL_X0Y0        BUFG (Prop_bufg_I_O)         0.096     3.521 r  clk_IBUF_BUFG_inst/O
                         net (fo=90, routed)          1.630     5.151    RX/clk_IBUF_BUFG
    SLICE_X58Y34         FDRE                                         r  RX/timer_reg[27]/C
  -------------------------------------------------------------------    -------------------
    SLICE_X58Y34         FDRE (Prop_fdre_C_Q)         0.456     5.607 f  RX/timer_reg[27]/Q
                         net (fo=2, routed)           0.860     6.467    RX/timer_reg_n_0_[27]
    SLICE_X59Y34         LUT4 (Prop_lut4_I0_O)        0.124     6.591 f  RX/FSM_sequential_state[2]_i_11/O
                         net (fo=1, routed)           1.072     7.663    RX/FSM_sequential_state[2]_i_11_n_0
    SLICE_X59Y32         LUT6 (Prop_lut6_I0_O)        0.124     7.787 r  RX/FSM_sequential_state[2]_i_4/O
                         net (fo=7, routed)           0.590     8.377    RX/FSM_sequential_state[2]_i_4_n_0
    SLICE_X59Y29         LUT6 (Prop_lut6_I2_O)        0.124     8.501 r  RX/timer[31]_i_1/O
                         net (fo=31, routed)          0.815     9.316    RX/timer[31]_i_1_n_0
    SLICE_X58Y33         FDRE                                         r  RX/timer_reg[23]/R
  -------------------------------------------------------------------    -------------------

                         (clock sys_clk_pin rise edge)
                                                     10.000    10.000 r  
    W5                                                0.000    10.000 r  clk (IN)
                         net (fo=0)                   0.000    10.000    clk
    W5                   IBUF (Prop_ibuf_I_O)         1.388    11.388 r  clk_IBUF_inst/O
                         net (fo=1, routed)           1.862    13.250    clk_IBUF
    BUFGCTRL_X0Y0        BUFG (Prop_bufg_I_O)         0.091    13.341 r  clk_IBUF_BUFG_inst/O
                         net (fo=90, routed)          1.511    14.852    RX/clk_IBUF_BUFG
    SLICE_X58Y33         FDRE                                         r  RX/timer_reg[23]/C
                         clock pessimism              0.274    15.126    
                         clock uncertainty           -0.035    15.091    
    SLICE_X58Y33         FDRE (Setup_fdre_C_R)       -0.429    14.662    RX/timer_reg[23]
  -------------------------------------------------------------------
                         required time                         14.662    
                         arrival time                          -9.316    
  -------------------------------------------------------------------
                         slack                                  5.346    





Min Delay Paths
--------------------------------------------------------------------------------------
Slack (MET) :             0.166ns  (arrival time - required time)
  Source:                 RX/rxdata_reg[4]/C
                            (rising edge-triggered cell FDRE clocked by sys_clk_pin  {rise@0.000ns fall@5.000ns period=10.000ns})
  Destination:            RX/data_reg[4]/D
                            (rising edge-triggered cell FDRE clocked by sys_clk_pin  {rise@0.000ns fall@5.000ns period=10.000ns})
  Path Group:             sys_clk_pin
  Path Type:              Hold (Min at Fast Process Corner)
  Requirement:            0.000ns  (sys_clk_pin rise@0.000ns - sys_clk_pin rise@0.000ns)
  Data Path Delay:        0.268ns  (logic 0.141ns (52.578%)  route 0.127ns (47.422%))
  Logic Levels:           0  
  Clock Path Skew:        0.032ns (DCD - SCD - CPR)
    Destination Clock Delay (DCD):    1.978ns
    Source Clock Delay      (SCD):    1.468ns
    Clock Pessimism Removal (CPR):    0.478ns

    Location             Delay type                Incr(ns)  Path(ns)    Netlist Resource(s)
  -------------------------------------------------------------------    -------------------
                         (clock sys_clk_pin rise edge)
                                                      0.000     0.000 r  
    W5                                                0.000     0.000 r  clk (IN)
                         net (fo=0)                   0.000     0.000    clk
    W5                   IBUF (Prop_ibuf_I_O)         0.226     0.226 r  clk_IBUF_inst/O
                         net (fo=1, routed)           0.631     0.858    clk_IBUF
    BUFGCTRL_X0Y0        BUFG (Prop_bufg_I_O)         0.026     0.884 r  clk_IBUF_BUFG_inst/O
                         net (fo=90, routed)          0.585     1.468    RX/clk_IBUF_BUFG
    SLICE_X63Y28         FDRE                                         r  RX/rxdata_reg[4]/C
  -------------------------------------------------------------------    -------------------
    SLICE_X63Y28         FDRE (Prop_fdre_C_Q)         0.141     1.609 r  RX/rxdata_reg[4]/Q
                         net (fo=2, routed)           0.127     1.736    RX/rxdata_reg_n_0_[4]
    SLICE_X61Y27         FDRE                                         r  RX/data_reg[4]/D
  -------------------------------------------------------------------    -------------------

                         (clock sys_clk_pin rise edge)
                                                      0.000     0.000 r  
    W5                                                0.000     0.000 r  clk (IN)
                         net (fo=0)                   0.000     0.000    clk
    W5                   IBUF (Prop_ibuf_I_O)         0.414     0.414 r  clk_IBUF_inst/O
                         net (fo=1, routed)           0.685     1.099    clk_IBUF
    BUFGCTRL_X0Y0        BUFG (Prop_bufg_I_O)         0.029     1.128 r  clk_IBUF_BUFG_inst/O
                         net (fo=90, routed)          0.851     1.978    RX/clk_IBUF_BUFG
    SLICE_X61Y27         FDRE                                         r  RX/data_reg[4]/C
                         clock pessimism             -0.478     1.500    
    SLICE_X61Y27         FDRE (Hold_fdre_C_D)         0.070     1.570    RX/data_reg[4]
  -------------------------------------------------------------------
                         required time                         -1.570    
                         arrival time                           1.736    
  -------------------------------------------------------------------
                         slack                                  0.166    

Slack (MET) :             0.179ns  (arrival time - required time)
  Source:                 digit_reg[1]/C
                            (rising edge-triggered cell FDRE clocked by sys_clk_pin  {rise@0.000ns fall@5.000ns period=10.000ns})
  Destination:            display_UT/seg_reg[6]/D
                            (rising edge-triggered cell FDSE clocked by sys_clk_pin  {rise@0.000ns fall@5.000ns period=10.000ns})
  Path Group:             sys_clk_pin
  Path Type:              Hold (Min at Fast Process Corner)
  Requirement:            0.000ns  (sys_clk_pin rise@0.000ns - sys_clk_pin rise@0.000ns)
  Data Path Delay:        0.284ns  (logic 0.209ns (73.503%)  route 0.075ns (26.497%))
  Logic Levels:           1  (LUT4=1)
  Clock Path Skew:        0.013ns (DCD - SCD - CPR)
    Destination Clock Delay (DCD):    1.980ns
    Source Clock Delay      (SCD):    1.468ns
    Clock Pessimism Removal (CPR):    0.499ns

    Location             Delay type                Incr(ns)  Path(ns)    Netlist Resource(s)
  -------------------------------------------------------------------    -------------------
                         (clock sys_clk_pin rise edge)
                                                      0.000     0.000 r  
    W5                                                0.000     0.000 r  clk (IN)
                         net (fo=0)                   0.000     0.000    clk
    W5                   IBUF (Prop_ibuf_I_O)         0.226     0.226 r  clk_IBUF_inst/O
                         net (fo=1, routed)           0.631     0.858    clk_IBUF
    BUFGCTRL_X0Y0        BUFG (Prop_bufg_I_O)         0.026     0.884 r  clk_IBUF_BUFG_inst/O
                         net (fo=90, routed)          0.585     1.468    clk_IBUF_BUFG
    SLICE_X64Y27         FDRE                                         r  digit_reg[1]/C
  -------------------------------------------------------------------    -------------------
    SLICE_X64Y27         FDRE (Prop_fdre_C_Q)         0.164     1.632 r  digit_reg[1]/Q
                         net (fo=7, routed)           0.075     1.707    display_UT/Q[1]
    SLICE_X65Y27         LUT4 (Prop_lut4_I3_O)        0.045     1.752 r  display_UT/seg[6]_i_3/O
                         net (fo=1, routed)           0.000     1.752    display_UT/seg[6]
    SLICE_X65Y27         FDSE                                         r  display_UT/seg_reg[6]/D
  -------------------------------------------------------------------    -------------------

                         (clock sys_clk_pin rise edge)
                                                      0.000     0.000 r  
    W5                                                0.000     0.000 r  clk (IN)
                         net (fo=0)                   0.000     0.000    clk
    W5                   IBUF (Prop_ibuf_I_O)         0.414     0.414 r  clk_IBUF_inst/O
                         net (fo=1, routed)           0.685     1.099    clk_IBUF
    BUFGCTRL_X0Y0        BUFG (Prop_bufg_I_O)         0.029     1.128 r  clk_IBUF_BUFG_inst/O
                         net (fo=90, routed)          0.853     1.980    display_UT/CLK
    SLICE_X65Y27         FDSE                                         r  display_UT/seg_reg[6]/C
                         clock pessimism             -0.499     1.481    
    SLICE_X65Y27         FDSE (Hold_fdse_C_D)         0.092     1.573    display_UT/seg_reg[6]
  -------------------------------------------------------------------
                         required time                         -1.573    
                         arrival time                           1.752    
  -------------------------------------------------------------------
                         slack                                  0.179    

Slack (MET) :             0.192ns  (arrival time - required time)
  Source:                 RX/rxdata_reg[6]/C
                            (rising edge-triggered cell FDRE clocked by sys_clk_pin  {rise@0.000ns fall@5.000ns period=10.000ns})
  Destination:            RX/data_reg[6]/D
                            (rising edge-triggered cell FDRE clocked by sys_clk_pin  {rise@0.000ns fall@5.000ns period=10.000ns})
  Path Group:             sys_clk_pin
  Path Type:              Hold (Min at Fast Process Corner)
  Requirement:            0.000ns  (sys_clk_pin rise@0.000ns - sys_clk_pin rise@0.000ns)
  Data Path Delay:        0.279ns  (logic 0.141ns (50.572%)  route 0.138ns (49.428%))
  Logic Levels:           0  
  Clock Path Skew:        0.012ns (DCD - SCD - CPR)
    Destination Clock Delay (DCD):    1.980ns
    Source Clock Delay      (SCD):    1.469ns
    Clock Pessimism Removal (CPR):    0.499ns

    Location             Delay type                Incr(ns)  Path(ns)    Netlist Resource(s)
  -------------------------------------------------------------------    -------------------
                         (clock sys_clk_pin rise edge)
                                                      0.000     0.000 r  
    W5                                                0.000     0.000 r  clk (IN)
                         net (fo=0)                   0.000     0.000    clk
    W5                   IBUF (Prop_ibuf_I_O)         0.226     0.226 r  clk_IBUF_inst/O
                         net (fo=1, routed)           0.631     0.858    clk_IBUF
    BUFGCTRL_X0Y0        BUFG (Prop_bufg_I_O)         0.026     0.884 r  clk_IBUF_BUFG_inst/O
                         net (fo=90, routed)          0.586     1.469    RX/clk_IBUF_BUFG
    SLICE_X62Y29         FDRE                                         r  RX/rxdata_reg[6]/C
  -------------------------------------------------------------------    -------------------
    SLICE_X62Y29         FDRE (Prop_fdre_C_Q)         0.141     1.610 r  RX/rxdata_reg[6]/Q
                         net (fo=2, routed)           0.138     1.748    RX/rxdata_reg_n_0_[6]
    SLICE_X62Y27         FDRE                                         r  RX/data_reg[6]/D
  -------------------------------------------------------------------    -------------------

                         (clock sys_clk_pin rise edge)
                                                      0.000     0.000 r  
    W5                                                0.000     0.000 r  clk (IN)
                         net (fo=0)                   0.000     0.000    clk
    W5                   IBUF (Prop_ibuf_I_O)         0.414     0.414 r  clk_IBUF_inst/O
                         net (fo=1, routed)           0.685     1.099    clk_IBUF
    BUFGCTRL_X0Y0        BUFG (Prop_bufg_I_O)         0.029     1.128 r  clk_IBUF_BUFG_inst/O
                         net (fo=90, routed)          0.853     1.980    RX/clk_IBUF_BUFG
    SLICE_X62Y27         FDRE                                         r  RX/data_reg[6]/C
                         clock pessimism             -0.499     1.481    
    SLICE_X62Y27         FDRE (Hold_fdre_C_D)         0.075     1.556    RX/data_reg[6]
  -------------------------------------------------------------------
                         required time                         -1.556    
                         arrival time                           1.748    
  -------------------------------------------------------------------
                         slack                                  0.192    

Slack (MET) :             0.207ns  (arrival time - required time)
  Source:                 digit_reg[0]/C
                            (rising edge-triggered cell FDRE clocked by sys_clk_pin  {rise@0.000ns fall@5.000ns period=10.000ns})
  Destination:            display_UT/seg_reg[1]/D
                            (rising edge-triggered cell FDSE clocked by sys_clk_pin  {rise@0.000ns fall@5.000ns period=10.000ns})
  Path Group:             sys_clk_pin
  Path Type:              Hold (Min at Fast Process Corner)
  Requirement:            0.000ns  (sys_clk_pin rise@0.000ns - sys_clk_pin rise@0.000ns)
  Data Path Delay:        0.327ns  (logic 0.212ns (64.749%)  route 0.115ns (35.251%))
  Logic Levels:           1  (LUT4=1)
  Clock Path Skew:        0.013ns (DCD - SCD - CPR)
    Destination Clock Delay (DCD):    1.980ns
    Source Clock Delay      (SCD):    1.468ns
    Clock Pessimism Removal (CPR):    0.499ns

    Location             Delay type                Incr(ns)  Path(ns)    Netlist Resource(s)
  -------------------------------------------------------------------    -------------------
                         (clock sys_clk_pin rise edge)
                                                      0.000     0.000 r  
    W5                                                0.000     0.000 r  clk (IN)
                         net (fo=0)                   0.000     0.000    clk
    W5                   IBUF (Prop_ibuf_I_O)         0.226     0.226 r  clk_IBUF_inst/O
                         net (fo=1, routed)           0.631     0.858    clk_IBUF
    BUFGCTRL_X0Y0        BUFG (Prop_bufg_I_O)         0.026     0.884 r  clk_IBUF_BUFG_inst/O
                         net (fo=90, routed)          0.585     1.468    clk_IBUF_BUFG
    SLICE_X64Y27         FDRE                                         r  digit_reg[0]/C
  -------------------------------------------------------------------    -------------------
    SLICE_X64Y27         FDRE (Prop_fdre_C_Q)         0.164     1.632 r  digit_reg[0]/Q
                         net (fo=7, routed)           0.115     1.748    display_UT/Q[0]
    SLICE_X65Y27         LUT4 (Prop_lut4_I3_O)        0.048     1.796 r  display_UT/seg[1]_i_1/O
                         net (fo=1, routed)           0.000     1.796    display_UT/seg[1]
    SLICE_X65Y27         FDSE                                         r  display_UT/seg_reg[1]/D
  -------------------------------------------------------------------    -------------------

                         (clock sys_clk_pin rise edge)
                                                      0.000     0.000 r  
    W5                                                0.000     0.000 r  clk (IN)
                         net (fo=0)                   0.000     0.000    clk
    W5                   IBUF (Prop_ibuf_I_O)         0.414     0.414 r  clk_IBUF_inst/O
                         net (fo=1, routed)           0.685     1.099    clk_IBUF
    BUFGCTRL_X0Y0        BUFG (Prop_bufg_I_O)         0.029     1.128 r  clk_IBUF_BUFG_inst/O
                         net (fo=90, routed)          0.853     1.980    display_UT/CLK
    SLICE_X65Y27         FDSE                                         r  display_UT/seg_reg[1]/C
                         clock pessimism             -0.499     1.481    
    SLICE_X65Y27         FDSE (Hold_fdse_C_D)         0.107     1.588    display_UT/seg_reg[1]
  -------------------------------------------------------------------
                         required time                         -1.588    
                         arrival time                           1.796    
  -------------------------------------------------------------------
                         slack                                  0.207    

Slack (MET) :             0.209ns  (arrival time - required time)
  Source:                 digit_reg[0]/C
                            (rising edge-triggered cell FDRE clocked by sys_clk_pin  {rise@0.000ns fall@5.000ns period=10.000ns})
  Destination:            display_UT/seg_reg[3]/D
                            (rising edge-triggered cell FDSE clocked by sys_clk_pin  {rise@0.000ns fall@5.000ns period=10.000ns})
  Path Group:             sys_clk_pin
  Path Type:              Hold (Min at Fast Process Corner)
  Requirement:            0.000ns  (sys_clk_pin rise@0.000ns - sys_clk_pin rise@0.000ns)
  Data Path Delay:        0.329ns  (logic 0.213ns (64.660%)  route 0.116ns (35.340%))
  Logic Levels:           1  (LUT4=1)
  Clock Path Skew:        0.013ns (DCD - SCD - CPR)
    Destination Clock Delay (DCD):    1.980ns
    Source Clock Delay      (SCD):    1.468ns
    Clock Pessimism Removal (CPR):    0.499ns

    Location             Delay type                Incr(ns)  Path(ns)    Netlist Resource(s)
  -------------------------------------------------------------------    -------------------
                         (clock sys_clk_pin rise edge)
                                                      0.000     0.000 r  
    W5                                                0.000     0.000 r  clk (IN)
                         net (fo=0)                   0.000     0.000    clk
    W5                   IBUF (Prop_ibuf_I_O)         0.226     0.226 r  clk_IBUF_inst/O
                         net (fo=1, routed)           0.631     0.858    clk_IBUF
    BUFGCTRL_X0Y0        BUFG (Prop_bufg_I_O)         0.026     0.884 r  clk_IBUF_BUFG_inst/O
                         net (fo=90, routed)          0.585     1.468    clk_IBUF_BUFG
    SLICE_X64Y27         FDRE                                         r  digit_reg[0]/C
  -------------------------------------------------------------------    -------------------
    SLICE_X64Y27         FDRE (Prop_fdre_C_Q)         0.164     1.632 r  digit_reg[0]/Q
                         net (fo=7, routed)           0.116     1.749    display_UT/Q[0]
    SLICE_X65Y27         LUT4 (Prop_lut4_I2_O)        0.049     1.798 r  display_UT/seg[3]_i_1/O
                         net (fo=1, routed)           0.000     1.798    display_UT/seg[3]
    SLICE_X65Y27         FDSE                                         r  display_UT/seg_reg[3]/D
  -------------------------------------------------------------------    -------------------

                         (clock sys_clk_pin rise edge)
                                                      0.000     0.000 r  
    W5                                                0.000     0.000 r  clk (IN)
                         net (fo=0)                   0.000     0.000    clk
    W5                   IBUF (Prop_ibuf_I_O)         0.414     0.414 r  clk_IBUF_inst/O
                         net (fo=1, routed)           0.685     1.099    clk_IBUF
    BUFGCTRL_X0Y0        BUFG (Prop_bufg_I_O)         0.029     1.128 r  clk_IBUF_BUFG_inst/O
                         net (fo=90, routed)          0.853     1.980    display_UT/CLK
    SLICE_X65Y27         FDSE                                         r  display_UT/seg_reg[3]/C
                         clock pessimism             -0.499     1.481    
    SLICE_X65Y27         FDSE (Hold_fdse_C_D)         0.107     1.588    display_UT/seg_reg[3]
  -------------------------------------------------------------------
                         required time                         -1.588    
                         arrival time                           1.798    
  -------------------------------------------------------------------
                         slack                                  0.209    

Slack (MET) :             0.210ns  (arrival time - required time)
  Source:                 RX/rxdata_reg[0]/C
                            (rising edge-triggered cell FDRE clocked by sys_clk_pin  {rise@0.000ns fall@5.000ns period=10.000ns})
  Destination:            RX/data_reg[0]/D
                            (rising edge-triggered cell FDRE clocked by sys_clk_pin  {rise@0.000ns fall@5.000ns period=10.000ns})
  Path Group:             sys_clk_pin
  Path Type:              Hold (Min at Fast Process Corner)
  Requirement:            0.000ns  (sys_clk_pin rise@0.000ns - sys_clk_pin rise@0.000ns)
  Data Path Delay:        0.269ns  (logic 0.141ns (52.415%)  route 0.128ns (47.585%))
  Logic Levels:           0  
  Clock Path Skew:        0.013ns (DCD - SCD - CPR)
    Destination Clock Delay (DCD):    1.980ns
    Source Clock Delay      (SCD):    1.468ns
    Clock Pessimism Removal (CPR):    0.499ns

    Location             Delay type                Incr(ns)  Path(ns)    Netlist Resource(s)
  -------------------------------------------------------------------    -------------------
                         (clock sys_clk_pin rise edge)
                                                      0.000     0.000 r  
    W5                                                0.000     0.000 r  clk (IN)
                         net (fo=0)                   0.000     0.000    clk
    W5                   IBUF (Prop_ibuf_I_O)         0.226     0.226 r  clk_IBUF_inst/O
                         net (fo=1, routed)           0.631     0.858    clk_IBUF
    BUFGCTRL_X0Y0        BUFG (Prop_bufg_I_O)         0.026     0.884 r  clk_IBUF_BUFG_inst/O
                         net (fo=90, routed)          0.585     1.468    RX/clk_IBUF_BUFG
    SLICE_X62Y28         FDRE                                         r  RX/rxdata_reg[0]/C
  -------------------------------------------------------------------    -------------------
    SLICE_X62Y28         FDRE (Prop_fdre_C_Q)         0.141     1.609 r  RX/rxdata_reg[0]/Q
                         net (fo=2, routed)           0.128     1.737    RX/rxdata_reg_n_0_[0]
    SLICE_X62Y27         FDRE                                         r  RX/data_reg[0]/D
  -------------------------------------------------------------------    -------------------

                         (clock sys_clk_pin rise edge)
                                                      0.000     0.000 r  
    W5                                                0.000     0.000 r  clk (IN)
                         net (fo=0)                   0.000     0.000    clk
    W5                   IBUF (Prop_ibuf_I_O)         0.414     0.414 r  clk_IBUF_inst/O
                         net (fo=1, routed)           0.685     1.099    clk_IBUF
    BUFGCTRL_X0Y0        BUFG (Prop_bufg_I_O)         0.029     1.128 r  clk_IBUF_BUFG_inst/O
                         net (fo=90, routed)          0.853     1.980    RX/clk_IBUF_BUFG
    SLICE_X62Y27         FDRE                                         r  RX/data_reg[0]/C
                         clock pessimism             -0.499     1.481    
    SLICE_X62Y27         FDRE (Hold_fdre_C_D)         0.046     1.527    RX/data_reg[0]
  -------------------------------------------------------------------
                         required time                         -1.527    
                         arrival time                           1.737    
  -------------------------------------------------------------------
                         slack                                  0.210    

Slack (MET) :             0.210ns  (arrival time - required time)
  Source:                 digit_reg[3]/C
                            (rising edge-triggered cell FDRE clocked by sys_clk_pin  {rise@0.000ns fall@5.000ns period=10.000ns})
  Destination:            display_UT/seg_reg[5]/D
                            (rising edge-triggered cell FDSE clocked by sys_clk_pin  {rise@0.000ns fall@5.000ns period=10.000ns})
  Path Group:             sys_clk_pin
  Path Type:              Hold (Min at Fast Process Corner)
  Requirement:            0.000ns  (sys_clk_pin rise@0.000ns - sys_clk_pin rise@0.000ns)
  Data Path Delay:        0.330ns  (logic 0.215ns (65.070%)  route 0.115ns (34.930%))
  Logic Levels:           1  (LUT4=1)
  Clock Path Skew:        0.013ns (DCD - SCD - CPR)
    Destination Clock Delay (DCD):    1.980ns
    Source Clock Delay      (SCD):    1.468ns
    Clock Pessimism Removal (CPR):    0.499ns

    Location             Delay type                Incr(ns)  Path(ns)    Netlist Resource(s)
  -------------------------------------------------------------------    -------------------
                         (clock sys_clk_pin rise edge)
                                                      0.000     0.000 r  
    W5                                                0.000     0.000 r  clk (IN)
                         net (fo=0)                   0.000     0.000    clk
    W5                   IBUF (Prop_ibuf_I_O)         0.226     0.226 r  clk_IBUF_inst/O
                         net (fo=1, routed)           0.631     0.858    clk_IBUF
    BUFGCTRL_X0Y0        BUFG (Prop_bufg_I_O)         0.026     0.884 r  clk_IBUF_BUFG_inst/O
                         net (fo=90, routed)          0.585     1.468    clk_IBUF_BUFG
    SLICE_X64Y27         FDRE                                         r  digit_reg[3]/C
  -------------------------------------------------------------------    -------------------
    SLICE_X64Y27         FDRE (Prop_fdre_C_Q)         0.164     1.632 r  digit_reg[3]/Q
                         net (fo=7, routed)           0.115     1.748    display_UT/Q[3]
    SLICE_X65Y27         LUT4 (Prop_lut4_I0_O)        0.051     1.799 r  display_UT/seg[5]_i_1/O
                         net (fo=1, routed)           0.000     1.799    display_UT/seg[5]
    SLICE_X65Y27         FDSE                                         r  display_UT/seg_reg[5]/D
  -------------------------------------------------------------------    -------------------

                         (clock sys_clk_pin rise edge)
                                                      0.000     0.000 r  
    W5                                                0.000     0.000 r  clk (IN)
                         net (fo=0)                   0.000     0.000    clk
    W5                   IBUF (Prop_ibuf_I_O)         0.414     0.414 r  clk_IBUF_inst/O
                         net (fo=1, routed)           0.685     1.099    clk_IBUF
    BUFGCTRL_X0Y0        BUFG (Prop_bufg_I_O)         0.029     1.128 r  clk_IBUF_BUFG_inst/O
                         net (fo=90, routed)          0.853     1.980    display_UT/CLK
    SLICE_X65Y27         FDSE                                         r  display_UT/seg_reg[5]/C
                         clock pessimism             -0.499     1.481    
    SLICE_X65Y27         FDSE (Hold_fdse_C_D)         0.107     1.588    display_UT/seg_reg[5]
  -------------------------------------------------------------------
                         required time                         -1.588    
                         arrival time                           1.799    
  -------------------------------------------------------------------
                         slack                                  0.210    

Slack (MET) :             0.215ns  (arrival time - required time)
  Source:                 RX/rxdata_reg[3]/C
                            (rising edge-triggered cell FDRE clocked by sys_clk_pin  {rise@0.000ns fall@5.000ns period=10.000ns})
  Destination:            RX/data_reg[3]/D
                            (rising edge-triggered cell FDRE clocked by sys_clk_pin  {rise@0.000ns fall@5.000ns period=10.000ns})
  Path Group:             sys_clk_pin
  Path Type:              Hold (Min at Fast Process Corner)
  Requirement:            0.000ns  (sys_clk_pin rise@0.000ns - sys_clk_pin rise@0.000ns)
  Data Path Delay:        0.321ns  (logic 0.141ns (43.894%)  route 0.180ns (56.106%))
  Logic Levels:           0  
  Clock Path Skew:        0.034ns (DCD - SCD - CPR)
    Destination Clock Delay (DCD):    1.980ns
    Source Clock Delay      (SCD):    1.468ns
    Clock Pessimism Removal (CPR):    0.478ns

    Location             Delay type                Incr(ns)  Path(ns)    Netlist Resource(s)
  -------------------------------------------------------------------    -------------------
                         (clock sys_clk_pin rise edge)
                                                      0.000     0.000 r  
    W5                                                0.000     0.000 r  clk (IN)
                         net (fo=0)                   0.000     0.000    clk
    W5                   IBUF (Prop_ibuf_I_O)         0.226     0.226 r  clk_IBUF_inst/O
                         net (fo=1, routed)           0.631     0.858    clk_IBUF
    BUFGCTRL_X0Y0        BUFG (Prop_bufg_I_O)         0.026     0.884 r  clk_IBUF_BUFG_inst/O
                         net (fo=90, routed)          0.585     1.468    RX/clk_IBUF_BUFG
    SLICE_X61Y29         FDRE                                         r  RX/rxdata_reg[3]/C
  -------------------------------------------------------------------    -------------------
    SLICE_X61Y29         FDRE (Prop_fdre_C_Q)         0.141     1.609 r  RX/rxdata_reg[3]/Q
                         net (fo=2, routed)           0.180     1.789    RX/rxdata_reg_n_0_[3]
    SLICE_X62Y27         FDRE                                         r  RX/data_reg[3]/D
  -------------------------------------------------------------------    -------------------

                         (clock sys_clk_pin rise edge)
                                                      0.000     0.000 r  
    W5                                                0.000     0.000 r  clk (IN)
                         net (fo=0)                   0.000     0.000    clk
    W5                   IBUF (Prop_ibuf_I_O)         0.414     0.414 r  clk_IBUF_inst/O
                         net (fo=1, routed)           0.685     1.099    clk_IBUF
    BUFGCTRL_X0Y0        BUFG (Prop_bufg_I_O)         0.029     1.128 r  clk_IBUF_BUFG_inst/O
                         net (fo=90, routed)          0.853     1.980    RX/clk_IBUF_BUFG
    SLICE_X62Y27         FDRE                                         r  RX/data_reg[3]/C
                         clock pessimism             -0.478     1.502    
    SLICE_X62Y27         FDRE (Hold_fdre_C_D)         0.072     1.574    RX/data_reg[3]
  -------------------------------------------------------------------
                         required time                         -1.574    
                         arrival time                           1.789    
  -------------------------------------------------------------------
                         slack                                  0.215    

Slack (MET) :             0.219ns  (arrival time - required time)
  Source:                 digit_reg[3]/C
                            (rising edge-triggered cell FDRE clocked by sys_clk_pin  {rise@0.000ns fall@5.000ns period=10.000ns})
  Destination:            display_UT/seg_reg[4]/D
                            (rising edge-triggered cell FDSE clocked by sys_clk_pin  {rise@0.000ns fall@5.000ns period=10.000ns})
  Path Group:             sys_clk_pin
  Path Type:              Hold (Min at Fast Process Corner)
  Requirement:            0.000ns  (sys_clk_pin rise@0.000ns - sys_clk_pin rise@0.000ns)
  Data Path Delay:        0.324ns  (logic 0.209ns (64.423%)  route 0.115ns (35.576%))
  Logic Levels:           1  (LUT4=1)
  Clock Path Skew:        0.013ns (DCD - SCD - CPR)
    Destination Clock Delay (DCD):    1.980ns
    Source Clock Delay      (SCD):    1.468ns
    Clock Pessimism Removal (CPR):    0.499ns

    Location             Delay type                Incr(ns)  Path(ns)    Netlist Resource(s)
  -------------------------------------------------------------------    -------------------
                         (clock sys_clk_pin rise edge)
                                                      0.000     0.000 r  
    W5                                                0.000     0.000 r  clk (IN)
                         net (fo=0)                   0.000     0.000    clk
    W5                   IBUF (Prop_ibuf_I_O)         0.226     0.226 r  clk_IBUF_inst/O
                         net (fo=1, routed)           0.631     0.858    clk_IBUF
    BUFGCTRL_X0Y0        BUFG (Prop_bufg_I_O)         0.026     0.884 r  clk_IBUF_BUFG_inst/O
                         net (fo=90, routed)          0.585     1.468    clk_IBUF_BUFG
    SLICE_X64Y27         FDRE                                         r  digit_reg[3]/C
  -------------------------------------------------------------------    -------------------
    SLICE_X64Y27         FDRE (Prop_fdre_C_Q)         0.164     1.632 r  digit_reg[3]/Q
                         net (fo=7, routed)           0.115     1.748    display_UT/Q[3]
    SLICE_X65Y27         LUT4 (Prop_lut4_I0_O)        0.045     1.793 r  display_UT/seg[4]_i_1/O
                         net (fo=1, routed)           0.000     1.793    display_UT/seg[4]
    SLICE_X65Y27         FDSE                                         r  display_UT/seg_reg[4]/D
  -------------------------------------------------------------------    -------------------

                         (clock sys_clk_pin rise edge)
                                                      0.000     0.000 r  
    W5                                                0.000     0.000 r  clk (IN)
                         net (fo=0)                   0.000     0.000    clk
    W5                   IBUF (Prop_ibuf_I_O)         0.414     0.414 r  clk_IBUF_inst/O
                         net (fo=1, routed)           0.685     1.099    clk_IBUF
    BUFGCTRL_X0Y0        BUFG (Prop_bufg_I_O)         0.029     1.128 r  clk_IBUF_BUFG_inst/O
                         net (fo=90, routed)          0.853     1.980    display_UT/CLK
    SLICE_X65Y27         FDSE                                         r  display_UT/seg_reg[4]/C
                         clock pessimism             -0.499     1.481    
    SLICE_X65Y27         FDSE (Hold_fdse_C_D)         0.092     1.573    display_UT/seg_reg[4]
  -------------------------------------------------------------------
                         required time                         -1.573    
                         arrival time                           1.793    
  -------------------------------------------------------------------
                         slack                                  0.219    

Slack (MET) :             0.220ns  (arrival time - required time)
  Source:                 digit_reg[0]/C
                            (rising edge-triggered cell FDRE clocked by sys_clk_pin  {rise@0.000ns fall@5.000ns period=10.000ns})
  Destination:            display_UT/seg_reg[0]/D
                            (rising edge-triggered cell FDSE clocked by sys_clk_pin  {rise@0.000ns fall@5.000ns period=10.000ns})
  Path Group:             sys_clk_pin
  Path Type:              Hold (Min at Fast Process Corner)
  Requirement:            0.000ns  (sys_clk_pin rise@0.000ns - sys_clk_pin rise@0.000ns)
  Data Path Delay:        0.324ns  (logic 0.209ns (64.423%)  route 0.115ns (35.576%))
  Logic Levels:           1  (LUT4=1)
  Clock Path Skew:        0.013ns (DCD - SCD - CPR)
    Destination Clock Delay (DCD):    1.980ns
    Source Clock Delay      (SCD):    1.468ns
    Clock Pessimism Removal (CPR):    0.499ns

    Location             Delay type                Incr(ns)  Path(ns)    Netlist Resource(s)
  -------------------------------------------------------------------    -------------------
                         (clock sys_clk_pin rise edge)
                                                      0.000     0.000 r  
    W5                                                0.000     0.000 r  clk (IN)
                         net (fo=0)                   0.000     0.000    clk
    W5                   IBUF (Prop_ibuf_I_O)         0.226     0.226 r  clk_IBUF_inst/O
                         net (fo=1, routed)           0.631     0.858    clk_IBUF
    BUFGCTRL_X0Y0        BUFG (Prop_bufg_I_O)         0.026     0.884 r  clk_IBUF_BUFG_inst/O
                         net (fo=90, routed)          0.585     1.468    clk_IBUF_BUFG
    SLICE_X64Y27         FDRE                                         r  digit_reg[0]/C
  -------------------------------------------------------------------    -------------------
    SLICE_X64Y27         FDRE (Prop_fdre_C_Q)         0.164     1.632 r  digit_reg[0]/Q
                         net (fo=7, routed)           0.115     1.748    display_UT/Q[0]
    SLICE_X65Y27         LUT4 (Prop_lut4_I2_O)        0.045     1.793 r  display_UT/seg[0]_i_1/O
                         net (fo=1, routed)           0.000     1.793    display_UT/seg[0]
    SLICE_X65Y27         FDSE                                         r  display_UT/seg_reg[0]/D
  -------------------------------------------------------------------    -------------------

                         (clock sys_clk_pin rise edge)
                                                      0.000     0.000 r  
    W5                                                0.000     0.000 r  clk (IN)
                         net (fo=0)                   0.000     0.000    clk
    W5                   IBUF (Prop_ibuf_I_O)         0.414     0.414 r  clk_IBUF_inst/O
                         net (fo=1, routed)           0.685     1.099    clk_IBUF
    BUFGCTRL_X0Y0        BUFG (Prop_bufg_I_O)         0.029     1.128 r  clk_IBUF_BUFG_inst/O
                         net (fo=90, routed)          0.853     1.980    display_UT/CLK
    SLICE_X65Y27         FDSE                                         r  display_UT/seg_reg[0]/C
                         clock pessimism             -0.499     1.481    
    SLICE_X65Y27         FDSE (Hold_fdse_C_D)         0.091     1.572    display_UT/seg_reg[0]
  -------------------------------------------------------------------
                         required time                         -1.572    
                         arrival time                           1.793    
  -------------------------------------------------------------------
                         slack                                  0.220    





Pulse Width Checks
--------------------------------------------------------------------------------------
Clock Name:         sys_clk_pin
Waveform(ns):       { 0.000 5.000 }
Period(ns):         10.000
Sources:            { clk }

Check Type        Corner  Lib Pin  Reference Pin  Required(ns)  Actual(ns)  Slack(ns)  Location       Pin
Min Period        n/a     BUFG/I   n/a            2.155         10.000      7.845      BUFGCTRL_X0Y0  clk_IBUF_BUFG_inst/I
Min Period        n/a     FDRE/C   n/a            1.000         10.000      9.000      SLICE_X63Y27   FSM_onehot_state_reg[0]/C
Min Period        n/a     FDRE/C   n/a            1.000         10.000      9.000      SLICE_X63Y27   FSM_onehot_state_reg[1]/C
Min Period        n/a     FDRE/C   n/a            1.000         10.000      9.000      SLICE_X63Y27   FSM_onehot_state_reg[2]/C
Min Period        n/a     FDRE/C   n/a            1.000         10.000      9.000      SLICE_X61Y28   RX/FSM_sequential_state_reg[0]/C
Min Period        n/a     FDRE/C   n/a            1.000         10.000      9.000      SLICE_X61Y28   RX/FSM_sequential_state_reg[1]/C
Min Period        n/a     FDRE/C   n/a            1.000         10.000      9.000      SLICE_X60Y29   RX/FSM_sequential_state_reg[2]/C
Min Period        n/a     FDRE/C   n/a            1.000         10.000      9.000      SLICE_X62Y30   RX/bitIndex_reg[0]/C
Min Period        n/a     FDRE/C   n/a            1.000         10.000      9.000      SLICE_X62Y30   RX/bitIndex_reg[1]/C
Min Period        n/a     FDRE/C   n/a            1.000         10.000      9.000      SLICE_X62Y30   RX/bitIndex_reg[2]/C
Low Pulse Width   Slow    FDRE/C   n/a            0.500         5.000       4.500      SLICE_X60Y29   RX/FSM_sequential_state_reg[2]/C
Low Pulse Width   Slow    FDRE/C   n/a            0.500         5.000       4.500      SLICE_X60Y30   RX/bitIndex_reg[3]/C
Low Pulse Width   Slow    FDRE/C   n/a            0.500         5.000       4.500      SLICE_X60Y29   RX/error_reg/C
Low Pulse Width   Slow    FDRE/C   n/a            0.500         5.000       4.500      SLICE_X61Y30   RX/rxdata_reg[5]/C
Low Pulse Width   Slow    FDRE/C   n/a            0.500         5.000       4.500      SLICE_X59Y29   RX/timer_reg[0]/C
Low Pulse Width   Slow    FDRE/C   n/a            0.500         5.000       4.500      SLICE_X58Y30   RX/timer_reg[10]/C
Low Pulse Width   Slow    FDRE/C   n/a            0.500         5.000       4.500      SLICE_X58Y30   RX/timer_reg[11]/C
Low Pulse Width   Slow    FDRE/C   n/a            0.500         5.000       4.500      SLICE_X58Y30   RX/timer_reg[12]/C
Low Pulse Width   Slow    FDRE/C   n/a            0.500         5.000       4.500      SLICE_X58Y29   RX/timer_reg[5]/C
Low Pulse Width   Slow    FDRE/C   n/a            0.500         5.000       4.500      SLICE_X58Y29   RX/timer_reg[6]/C
High Pulse Width  Slow    FDRE/C   n/a            0.500         5.000       4.500      SLICE_X63Y27   FSM_onehot_state_reg[0]/C
High Pulse Width  Slow    FDRE/C   n/a            0.500         5.000       4.500      SLICE_X63Y27   FSM_onehot_state_reg[1]/C
High Pulse Width  Slow    FDRE/C   n/a            0.500         5.000       4.500      SLICE_X63Y27   FSM_onehot_state_reg[2]/C
High Pulse Width  Slow    FDRE/C   n/a            0.500         5.000       4.500      SLICE_X62Y27   RX/data_reg[2]/C
High Pulse Width  Slow    FDRE/C   n/a            0.500         5.000       4.500      SLICE_X62Y27   RX/data_reg[3]/C
High Pulse Width  Slow    FDRE/C   n/a            0.500         5.000       4.500      SLICE_X61Y27   RX/data_reg[4]/C
High Pulse Width  Slow    FDRE/C   n/a            0.500         5.000       4.500      SLICE_X61Y27   RX/data_reg[5]/C
High Pulse Width  Slow    FDRE/C   n/a            0.500         5.000       4.500      SLICE_X62Y27   RX/data_reg[6]/C
High Pulse Width  Slow    FDRE/C   n/a            0.500         5.000       4.500      SLICE_X62Y27   RX/data_reg[7]/C
High Pulse Width  Slow    FDRE/C   n/a            0.500         5.000       4.500      SLICE_X60Y27   RX/rxdata_reg[1]/C



