KCPSM6 Assembler log file for program 'C:\Users\lebray\Vivado-Workflow-Scripts\HW6\T7\prog.psm'.
Generated by KCPSM6 version v2.70
Ken Chapman - Xilinx Ltd - 16th May 2014

Assembly datestamp: 24 Mar 2026
Assembly timestamp: 16:22:47

Contents
  Assembly listing
  List of PSM files
  List of CONSTANTs
  List of TABLEs
  List of STRINGs
  List of line labels
  Instruction usage statistics


Last occupied address: 004 hex
Nominal program memory size: 1K (1024)   address(9:0)
Actual memory size: 4096
  (Default memory size)
Occupied memory locations: 5
Memory locations available: 4091


Assembly listing

 Addr Code         Instruction

 000               ; Section 7 - Shift switch input right by 1 bit before outputting to LEDs
 000               ; sr0: shift right, 0 shifted into MSB
 000               ; Compile: kcpsm6.exe prog.psm -> generates prog.v
 000  09000  LOOP: INPUT s0, 00   ; read switches from port 0
 001  00100        LOAD s1, s0    ; copy to s1
 002  1410E        SR0 s1         ; shift right 1 bit (0 into MSB)
 003  2D100        OUTPUT s1, 00  ; output to LEDs
 004  22000        JUMP 000[LOOP] ; repeat forever


All unused memory locations contain zero (equivalent to 'LOAD s0, s0')



List of PSM files that have been assembled

C:\Users\lebray\Vivado-Workflow-Scripts\HW6\T7\prog.psm



List of defined constants

 CONSTANT name     Value        Source PSM File

 timestamp_hours   16'd         
 timestamp_minutes 22'd         
 timestamp_seconds 47'd         
 datestamp_year    26'd         
 datestamp_month   3'd          
 datestamp_day     24'd         
 NUL               00           
 BEL               07           
 BS                08           
 HT                09           
 LF                0A           
 VT                0B           
 CR                0D           
 ESC               1B           
 DEL               7F           
 DCS               90           
 ST                9C           



No TABLEs defined



List of text strings

 STRING name       String         Source PSM File

 KCPSM6_version$   "v2.70"        
 datestamp$        "24 Mar 2026"  
 timestamp$        "16:22:47"     



List of line labels

   Label    Addr  Source PSM File

   LOOP     000   prog.psm



Instruction usage statistics

 Instruction    Instances

 LOAD              1
 STAR              -

 AND               -
 OR                -
 XOR               -

 ADD               -
 ADDCY             -
 SUB               -
 SUBCY             -

 TEST              -
 TESTCY            -
 COMPARE           -
 COMPARECY         -

 SL0               -
 SL1               -
 SLX               -
 SLA               -
 RL                -
 SR0               1
 SR1               -
 SRX               -
 SRA               -
 RR                -

 REGBANK           -

 INPUT             1
 OUTPUT            1
 OUTPUTK           -

 STORE             -
 FETCH             -

 DISABLE           -
 ENABLE            -
 RETURNI           -

 JUMP              1
 JUMP@             -
 CALL              -
 CALL@             -
 RETURN            -
 LOAD&RETURN       -

 HWBUILD           -



End of KCPSM6 log file.
