KCPSM6 Assembler log file for program 'C:\Users\lebray\Vivado-Workflow-Scripts\Lab8\T2\btn_rom.psm'.
Generated by KCPSM6 version v2.70
Ken Chapman - Xilinx Ltd - 16th May 2014

Assembly datestamp: 26 Mar 2026
Assembly timestamp: 20:02:37

Contents
  Assembly listing
  List of PSM files
  List of CONSTANTs
  List of TABLEs
  List of STRINGs
  List of line labels
  Instruction usage statistics


Last occupied address: 0AB hex
Nominal program memory size: 1K (1024)   address(9:0)
Actual memory size: 4096
  (Default memory size)
Occupied memory locations: 172
Memory locations available: 3924


Assembly listing

 Addr Code                     Instruction

 000                           ;=========================================================
 000                           ; Square circuit with 7-seg and 16-bit LED output
 000                           ; Lab 8 T2 - extends T1 to show aabb result on led[15:0]
 000                           ;=========================================================
 000                           ; Additional output ports:
 000                           ;   0x04: led[7:0]  <- aabb_lsb (lower byte of a^2+b^2)
 000                           ;   0x05: led[15:8] <- aabb_msb (upper byte of a^2+b^2)
 000                           ; The dp on digit 3 still indicates carry-out (17th bit)
 000                           ;=========================================================
 000                           ; Data ram address alias
 000                           ;=========================================================
 000                           CONSTANT a_lsb, 00
 000                           CONSTANT b_lsb, 02
 000                           CONSTANT aa_lsb, 04
 000                           CONSTANT aa_msb, 05
 000                           CONSTANT bb_lsb, 06
 000                           CONSTANT bb_msb, 07
 000                           CONSTANT aabb_lsb, 08
 000                           CONSTANT aabb_msb, 09
 000                           CONSTANT aabb_cout, 0A
 000                           CONSTANT led0, 10
 000                           CONSTANT led1, 11
 000                           CONSTANT led2, 12
 000                           CONSTANT led3, 13
 000                           ;=========================================================
 000                           ; Register alias
 000                           ;=========================================================
 000                           NAMEREG s0, data
 000                           NAMEREG s1, addr
 000                           NAMEREG s2, i
 000                           NAMEREG sF, switch_a_b
 000                           ;=========================================================
 000                           ; Port alias
 000                           ;=========================================================
 000                           CONSTANT rd_flag_port, 00
 000                           CONSTANT sw_port, 01
 000                           CONSTANT sseg0_port, 00
 000                           CONSTANT sseg1_port, 01
 000                           CONSTANT sseg2_port, 02
 000                           CONSTANT sseg3_port, 03
 000                           CONSTANT led_lsb_port, 04         ; led[7:0]
 000                           CONSTANT led_msb_port, 05         ; led[15:8]
 000                           ;=========================================================
 000                           ; Main program
 000                           ;=========================================================
 000  20007                    CALL 007[init]
 001                  forever: 
 001  2000E                    CALL 00E[proc_btn]
 002  2008E                    CALL 08E[square]
 003  2001B                    CALL 01B[load_led_pttn]
 004  2003B                    CALL 03B[disp_led]
 005  20044                    CALL 044[disp_result_leds]
 006  22001                    JUMP 001[forever]
 007                           ;=========================================================
 007                           ; routine: init
 007                           ;=========================================================
 007                     init: 
 007  01240                    LOAD s2[i], 40
 008  01000                    LOAD s0[data], 00
 009             clr_mem_loop: 
 009  2E020                    STORE s0[data], (s2[i])
 00A  19201                    SUB s2[i], 01
 00B  36009                    JUMP NZ, 009[clr_mem_loop]
 00C  01F00                    LOAD sF[switch_a_b], 00
 00D  25000                    RETURN 
 00E                           ;=========================================================
 00E                           ; routine: proc_btn
 00E                           ;=========================================================
 00E                 proc_btn: 
 00E  09300                    INPUT s3, 00[rd_flag_port]
 00F  0D301                    TEST s3, 01
 010  32013                    JUMP Z, 013[chk_btns]
 011  20007                    CALL 007[init]
 012  2201A                    JUMP 01A[proc_btn_done]
 013                 chk_btns: 
 013  0D302                    TEST s3, 02
 014  3201A                    JUMP Z, 01A[proc_btn_done]
 015  09001                    INPUT s0[data], 01[sw_port]
 016  01100                    LOAD s1[addr], 00[a_lsb]
 017  101F0                    ADD s1[addr], sF[switch_a_b]
 018  2E010                    STORE s0[data], (s1[addr])
 019  07F02                    XOR sF[switch_a_b], 02
 01A            proc_btn_done: 
 01A  25000                    RETURN 
 01B                           ;=========================================================
 01B                           ; routine: load_led_pttn
 01B                           ;=========================================================
 01B            load_led_pttn: 
 01B  09601                    INPUT s6, 01[sw_port]
 01C  14606                    SL0 s6
 01D  1D608                    COMPARE s6, 08
 01E  3A020                    JUMP C, 020[sw_ok]
 01F  01608                    LOAD s6, 08
 020                    sw_ok: 
 020  01100                    LOAD s1[addr], 00[a_lsb]
 021  10160                    ADD s1[addr], s6
 022  0A060                    FETCH s0[data], (s6)
 023  20087                    CALL 087[get_lower_nibble]
 024  20049                    CALL 049[hex_to_led]
 025  2F010                    STORE s0[data], 10[led0]
 026  0A010                    FETCH s0[data], (s1[addr])
 027  20089                    CALL 089[get_upper_nibble]
 028  20049                    CALL 049[hex_to_led]
 029  2F011                    STORE s0[data], 11[led1]
 02A  11101                    ADD s1[addr], 01
 02B  0A010                    FETCH s0[data], (s1[addr])
 02C  20087                    CALL 087[get_lower_nibble]
 02D  20049                    CALL 049[hex_to_led]
 02E  2F012                    STORE s0[data], 12[led2]
 02F  0A010                    FETCH s0[data], (s1[addr])
 030  20089                    CALL 089[get_upper_nibble]
 031  20049                    CALL 049[hex_to_led]
 032  1D608                    COMPARE s6, 08
 033  36039                    JUMP NZ, 039[led_done]
 034  11101                    ADD s1[addr], 01
 035  0A610                    FETCH s6, (s1[addr])
 036  0D601                    TEST s6, 01
 037  32039                    JUMP Z, 039[led_done]
 038  0307F                    AND s0[data], 7F
 039                 led_done: 
 039  2F013                    STORE s0[data], 13[led3]
 03A  25000                    RETURN 
 03B                           ;=========================================================
 03B                           ; routine: disp_led
 03B                           ;=========================================================
 03B                 disp_led: 
 03B  0B010                    FETCH s0[data], 10[led0]
 03C  2D000                    OUTPUT s0[data], 00[sseg0_port]
 03D  0B011                    FETCH s0[data], 11[led1]
 03E  2D001                    OUTPUT s0[data], 01[sseg1_port]
 03F  0B012                    FETCH s0[data], 12[led2]
 040  2D002                    OUTPUT s0[data], 02[sseg2_port]
 041  0B013                    FETCH s0[data], 13[led3]
 042  2D003                    OUTPUT s0[data], 03[sseg3_port]
 043  25000                    RETURN 
 044                           ;=========================================================
 044                           ; routine: disp_result_leds
 044                           ;   output aabb_lsb to led[7:0], aabb_msb to led[15:8]
 044                           ;=========================================================
 044         disp_result_leds: 
 044  0B008                    FETCH s0[data], 08[aabb_lsb]
 045  2D004                    OUTPUT s0[data], 04[led_lsb_port]
 046  0B009                    FETCH s0[data], 09[aabb_msb]
 047  2D005                    OUTPUT s0[data], 05[led_msb_port]
 048  25000                    RETURN 
 049                           ;=========================================================
 049                           ; routine: hex_to_led (Basys 3 {dp,g,f,e,d,c,b,a} active-low)
 049                           ;=========================================================
 049               hex_to_led: 
 049  1D000                    COMPARE s0[data], 00
 04A  3604D                    JUMP NZ, 04D[comp_hex_1]
 04B  010C0                    LOAD s0[data], C0
 04C  22086                    JUMP 086[hex_done]
 04D               comp_hex_1: 
 04D  1D001                    COMPARE s0[data], 01
 04E  36051                    JUMP NZ, 051[comp_hex_2]
 04F  010F9                    LOAD s0[data], F9
 050  22086                    JUMP 086[hex_done]
 051               comp_hex_2: 
 051  1D002                    COMPARE s0[data], 02
 052  36055                    JUMP NZ, 055[comp_hex_3]
 053  010A4                    LOAD s0[data], A4
 054  22086                    JUMP 086[hex_done]
 055               comp_hex_3: 
 055  1D003                    COMPARE s0[data], 03
 056  36059                    JUMP NZ, 059[comp_hex_4]
 057  010B0                    LOAD s0[data], B0
 058  22086                    JUMP 086[hex_done]
 059               comp_hex_4: 
 059  1D004                    COMPARE s0[data], 04
 05A  3605D                    JUMP NZ, 05D[comp_hex_5]
 05B  01099                    LOAD s0[data], 99
 05C  22086                    JUMP 086[hex_done]
 05D               comp_hex_5: 
 05D  1D005                    COMPARE s0[data], 05
 05E  36061                    JUMP NZ, 061[comp_hex_6]
 05F  01092                    LOAD s0[data], 92
 060  22086                    JUMP 086[hex_done]
 061               comp_hex_6: 
 061  1D006                    COMPARE s0[data], 06
 062  36065                    JUMP NZ, 065[comp_hex_7]
 063  01082                    LOAD s0[data], 82
 064  22086                    JUMP 086[hex_done]
 065               comp_hex_7: 
 065  1D007                    COMPARE s0[data], 07
 066  36069                    JUMP NZ, 069[comp_hex_8]
 067  010F8                    LOAD s0[data], F8
 068  22086                    JUMP 086[hex_done]
 069               comp_hex_8: 
 069  1D008                    COMPARE s0[data], 08
 06A  3606D                    JUMP NZ, 06D[comp_hex_9]
 06B  01080                    LOAD s0[data], 80
 06C  22086                    JUMP 086[hex_done]
 06D               comp_hex_9: 
 06D  1D009                    COMPARE s0[data], 09
 06E  36071                    JUMP NZ, 071[comp_hex_a]
 06F  01090                    LOAD s0[data], 90
 070  22086                    JUMP 086[hex_done]
 071               comp_hex_a: 
 071  1D00A                    COMPARE s0[data], 0A
 072  36075                    JUMP NZ, 075[comp_hex_b]
 073  01088                    LOAD s0[data], 88
 074  22086                    JUMP 086[hex_done]
 075               comp_hex_b: 
 075  1D00B                    COMPARE s0[data], 0B
 076  36079                    JUMP NZ, 079[comp_hex_c]
 077  01083                    LOAD s0[data], 83
 078  22086                    JUMP 086[hex_done]
 079               comp_hex_c: 
 079  1D00C                    COMPARE s0[data], 0C
 07A  3607D                    JUMP NZ, 07D[comp_hex_d]
 07B  010C6                    LOAD s0[data], C6
 07C  22086                    JUMP 086[hex_done]
 07D               comp_hex_d: 
 07D  1D00D                    COMPARE s0[data], 0D
 07E  36081                    JUMP NZ, 081[comp_hex_e]
 07F  010A1                    LOAD s0[data], A1
 080  22086                    JUMP 086[hex_done]
 081               comp_hex_e: 
 081  1D00E                    COMPARE s0[data], 0E
 082  36085                    JUMP NZ, 085[comp_hex_f]
 083  01086                    LOAD s0[data], 86
 084  22086                    JUMP 086[hex_done]
 085               comp_hex_f: 
 085  0108E                    LOAD s0[data], 8E
 086                 hex_done: 
 086  25000                    RETURN 
 087                           ;=========================================================
 087                           ; routine: get_lower_nibble
 087                           ;=========================================================
 087         get_lower_nibble: 
 087  0300F                    AND s0[data], 0F
 088  25000                    RETURN 
 089                           ;=========================================================
 089                           ; routine: get_upper_nibble
 089                           ;=========================================================
 089         get_upper_nibble: 
 089  1400E                    SR0 s0[data]
 08A  1400E                    SR0 s0[data]
 08B  1400E                    SR0 s0[data]
 08C  1400E                    SR0 s0[data]
 08D  25000                    RETURN 
 08E                           ;=========================================================
 08E                           ; routine: square
 08E                           ;=========================================================
 08E                   square: 
 08E  0B300                    FETCH s3, 00[a_lsb]
 08F  0B400                    FETCH s4, 00[a_lsb]
 090  200A2                    CALL 0A2[mult_soft]
 091  2F604                    STORE s6, 04[aa_lsb]
 092  2F505                    STORE s5, 05[aa_msb]
 093  0B302                    FETCH s3, 02[b_lsb]
 094  0B402                    FETCH s4, 02[b_lsb]
 095  200A2                    CALL 0A2[mult_soft]
 096  2F606                    STORE s6, 06[bb_lsb]
 097  2F507                    STORE s5, 07[bb_msb]
 098  0B004                    FETCH s0[data], 04[aa_lsb]
 099  10060                    ADD s0[data], s6
 09A  2F008                    STORE s0[data], 08[aabb_lsb]
 09B  0B005                    FETCH s0[data], 05[aa_msb]
 09C  12050                    ADDCY s0[data], s5
 09D  2F009                    STORE s0[data], 09[aabb_msb]
 09E  01000                    LOAD s0[data], 00
 09F  13000                    ADDCY s0[data], 00
 0A0  2F00A                    STORE s0[data], 0A[aabb_cout]
 0A1  25000                    RETURN 
 0A2                           ;=========================================================
 0A2                           ; routine: mult_soft
 0A2                           ;=========================================================
 0A2                mult_soft: 
 0A2  01500                    LOAD s5, 00
 0A3  01208                    LOAD s2[i], 08
 0A4                mult_loop: 
 0A4  1440E                    SR0 s4
 0A5  3E0A7                    JUMP NC, 0A7[shift_prod]
 0A6  10530                    ADD s5, s3
 0A7               shift_prod: 
 0A7  14508                    SRA s5
 0A8  14608                    SRA s6
 0A9  19201                    SUB s2[i], 01
 0AA  360A4                    JUMP NZ, 0A4[mult_loop]
 0AB  25000                    RETURN 


All unused memory locations contain zero (equivalent to 'LOAD s0, s0')



List of PSM files that have been assembled

C:\Users\lebray\Vivado-Workflow-Scripts\Lab8\T2\btn_rom.psm



List of defined constants

 CONSTANT name     Value        Source PSM File

 timestamp_hours   20'd         
 timestamp_minutes 02'd         
 timestamp_seconds 37'd         
 datestamp_year    26'd         
 datestamp_month   3'd          
 datestamp_day     26'd         
 NUL               00           
 BEL               07           
 BS                08           
 HT                09           
 LF                0A           
 VT                0B           
 CR                0D           
 ESC               1B           
 DEL               7F           
 DCS               90           
 ST                9C           
 a_lsb             00           btn_rom.psm
 b_lsb             02           btn_rom.psm
 aa_lsb            04           btn_rom.psm
 aa_msb            05           btn_rom.psm
 bb_lsb            06           btn_rom.psm
 bb_msb            07           btn_rom.psm
 aabb_lsb          08           btn_rom.psm
 aabb_msb          09           btn_rom.psm
 aabb_cout         0A           btn_rom.psm
 led0              10           btn_rom.psm
 led1              11           btn_rom.psm
 led2              12           btn_rom.psm
 led3              13           btn_rom.psm
 rd_flag_port      00           btn_rom.psm
 sw_port           01           btn_rom.psm
 sseg0_port        00           btn_rom.psm
 sseg1_port        01           btn_rom.psm
 sseg2_port        02           btn_rom.psm
 sseg3_port        03           btn_rom.psm
 led_lsb_port      04           btn_rom.psm
 led_msb_port      05           btn_rom.psm



No TABLEs defined



List of text strings

 STRING name       String         Source PSM File

 KCPSM6_version$   "v2.70"        
 datestamp$        "26 Mar 2026"  
 timestamp$        "20:02:37"     



List of line labels

   Label              Addr  Source PSM File

   forever            001   btn_rom.psm
   init               007   btn_rom.psm
   clr_mem_loop       009   btn_rom.psm
   proc_btn           00E   btn_rom.psm
   chk_btns           013   btn_rom.psm
   proc_btn_done      01A   btn_rom.psm
   load_led_pttn      01B   btn_rom.psm
   sw_ok              020   btn_rom.psm
   led_done           039   btn_rom.psm
   disp_led           03B   btn_rom.psm
   disp_result_leds   044   btn_rom.psm
   hex_to_led         049   btn_rom.psm
   comp_hex_1         04D   btn_rom.psm
   comp_hex_2         051   btn_rom.psm
   comp_hex_3         055   btn_rom.psm
   comp_hex_4         059   btn_rom.psm
   comp_hex_5         05D   btn_rom.psm
   comp_hex_6         061   btn_rom.psm
   comp_hex_7         065   btn_rom.psm
   comp_hex_8         069   btn_rom.psm
   comp_hex_9         06D   btn_rom.psm
   comp_hex_a         071   btn_rom.psm
   comp_hex_b         075   btn_rom.psm
   comp_hex_c         079   btn_rom.psm
   comp_hex_d         07D   btn_rom.psm
   comp_hex_e         081   btn_rom.psm
   comp_hex_f         085   btn_rom.psm
   hex_done           086   btn_rom.psm
   get_lower_nibble   087   btn_rom.psm
   get_upper_nibble   089   btn_rom.psm
   square             08E   btn_rom.psm
   mult_soft          0A2   btn_rom.psm
   mult_loop          0A4   btn_rom.psm
   shift_prod         0A7   btn_rom.psm



Instruction usage statistics

 Instruction    Instances

 LOAD             25
 STAR              -

 AND               2
 OR                -
 XOR               1

 ADD               6
 ADDCY             2
 SUB               2
 SUBCY             -

 TEST              3
 TESTCY            -
 COMPARE          17
 COMPARECY         -

 SL0               1
 SL1               -
 SLX               -
 SLA               -
 RL                -
 SR0               5
 SR1               -
 SRX               -
 SRA               2
 RR                -

 REGBANK           -

 INPUT             3
 OUTPUT            6
 OUTPUTK           -

 STORE            17
 FETCH            17

 DISABLE           -
 ENABLE            -
 RETURNI           -

 JUMP             40
 JUMP@             -
 CALL             17
 CALL@             -
 RETURN           10
 LOAD&RETURN       -

 HWBUILD           -



End of KCPSM6 log file.
