Copyright 1986-2018 Xilinx, Inc. All Rights Reserved.
-----------------------------------------------------------------------------------------------------------------------------------------------------------------------------------------------------------------------
| Tool Version : Vivado v.2018.3 (win64) Build 2405991 Thu Dec  6 23:38:27 MST 2018
| Date         : Mon Mar  2 16:42:18 2026
| Host         : BH610-DRZVK84 running 64-bit major release  (build 9200)
| Command      : report_timing_summary -max_paths 10 -file USB_keyboard_top_timing_summary_routed.rpt -pb USB_keyboard_top_timing_summary_routed.pb -rpx USB_keyboard_top_timing_summary_routed.rpx -warn_on_violation
| Design       : USB_keyboard_top
| Device       : 7a35t-cpg236
| Speed File   : -1  PRODUCTION 1.23 2018-06-13
-----------------------------------------------------------------------------------------------------------------------------------------------------------------------------------------------------------------------

Timing Summary Report

------------------------------------------------------------------------------------------------
| Timer Settings
| --------------
------------------------------------------------------------------------------------------------

  Enable Multi Corner Analysis               :  Yes
  Enable Pessimism Removal                   :  Yes
  Pessimism Removal Resolution               :  Nearest Common Node
  Enable Input Delay Default Clock           :  No
  Enable Preset / Clear Arcs                 :  No
  Disable Flight Delays                      :  No
  Ignore I/O Paths                           :  No
  Timing Early Launch at Borrowing Latches   :  false

  Corner  Analyze    Analyze    
  Name    Max Paths  Min Paths  
  ------  ---------  ---------  
  Slow    Yes        Yes        
  Fast    Yes        Yes        



check_timing report

Table of Contents
-----------------
1. checking no_clock
2. checking constant_clock
3. checking pulse_width_clock
4. checking unconstrained_internal_endpoints
5. checking no_input_delay
6. checking no_output_delay
7. checking multiple_clock
8. checking generated_clocks
9. checking loops
10. checking partial_input_delay
11. checking partial_output_delay
12. checking latch_loops

1. checking no_clock
--------------------
 There are 52 register/latch pins with no clock driven by root clock pin: PS2Clk (HIGH)


2. checking constant_clock
--------------------------
 There are 0 register/latch pins with constant_clock.


3. checking pulse_width_clock
-----------------------------
 There are 0 register/latch pins which need pulse_width check


4. checking unconstrained_internal_endpoints
--------------------------------------------
 There are 106 pins that are not constrained for maximum delay. (HIGH)

 There are 0 pins that are not constrained for maximum delay due to constant clock.


5. checking no_input_delay
--------------------------
 There is 1 input port with no input delay specified. (HIGH)

 There are 0 input ports with no input delay but user has a false path constraint.


6. checking no_output_delay
---------------------------
 There are 16 ports with no output delay specified. (HIGH)

 There are 0 ports with no output delay but user has a false path constraint

 There are 0 ports with no output delay but with a timing clock defined on it or propagating through it


7. checking multiple_clock
--------------------------
 There are 0 register/latch pins with multiple clocks.


8. checking generated_clocks
----------------------------
 There are 0 generated clocks that are not connected to a clock source.


9. checking loops
-----------------
 There are 0 combinational loops in the design.


10. checking partial_input_delay
--------------------------------
 There are 0 input ports with partial input delay specified.


11. checking partial_output_delay
---------------------------------
 There are 0 ports with partial output delay specified.


12. checking latch_loops
------------------------
 There are 0 combinational latch loops in the design through latch input



------------------------------------------------------------------------------------------------
| Design Timing Summary
| ---------------------
------------------------------------------------------------------------------------------------

    WNS(ns)      TNS(ns)  TNS Failing Endpoints  TNS Total Endpoints      WHS(ns)      THS(ns)  THS Failing Endpoints  THS Total Endpoints     WPWS(ns)     TPWS(ns)  TPWS Failing Endpoints  TPWS Total Endpoints  
    -------      -------  ---------------------  -------------------      -------      -------  ---------------------  -------------------     --------     --------  ----------------------  --------------------  
      6.490        0.000                      0                   26        0.265        0.000                      0                   26        4.500        0.000                       0                    28  


All user specified timing constraints are met.


------------------------------------------------------------------------------------------------
| Clock Summary
| -------------
------------------------------------------------------------------------------------------------

Clock        Waveform(ns)       Period(ns)      Frequency(MHz)
-----        ------------       ----------      --------------
sys_clk_pin  {0.000 5.000}      10.000          100.000         


------------------------------------------------------------------------------------------------
| Intra Clock Table
| -----------------
------------------------------------------------------------------------------------------------

Clock             WNS(ns)      TNS(ns)  TNS Failing Endpoints  TNS Total Endpoints      WHS(ns)      THS(ns)  THS Failing Endpoints  THS Total Endpoints     WPWS(ns)     TPWS(ns)  TPWS Failing Endpoints  TPWS Total Endpoints  
-----             -------      -------  ---------------------  -------------------      -------      -------  ---------------------  -------------------     --------     --------  ----------------------  --------------------  
sys_clk_pin         6.490        0.000                      0                   26        0.265        0.000                      0                   26        4.500        0.000                       0                    28  


------------------------------------------------------------------------------------------------
| Inter Clock Table
| -----------------
------------------------------------------------------------------------------------------------

From Clock    To Clock          WNS(ns)      TNS(ns)  TNS Failing Endpoints  TNS Total Endpoints      WHS(ns)      THS(ns)  THS Failing Endpoints  THS Total Endpoints  
----------    --------          -------      -------  ---------------------  -------------------      -------      -------  ---------------------  -------------------  


------------------------------------------------------------------------------------------------
| Other Path Groups Table
| -----------------------
------------------------------------------------------------------------------------------------

Path Group    From Clock    To Clock          WNS(ns)      TNS(ns)  TNS Failing Endpoints  TNS Total Endpoints      WHS(ns)      THS(ns)  THS Failing Endpoints  THS Total Endpoints  
----------    ----------    --------          -------      -------  ---------------------  -------------------      -------      -------  ---------------------  -------------------  


------------------------------------------------------------------------------------------------
| Timing Details
| --------------
------------------------------------------------------------------------------------------------


---------------------------------------------------------------------------------------------------
From Clock:  sys_clk_pin
  To Clock:  sys_clk_pin

Setup :            0  Failing Endpoints,  Worst Slack        6.490ns,  Total Violation        0.000ns
Hold  :            0  Failing Endpoints,  Worst Slack        0.265ns,  Total Violation        0.000ns
PW    :            0  Failing Endpoints,  Worst Slack        4.500ns,  Total Violation        0.000ns
---------------------------------------------------------------------------------------------------


Max Delay Paths
--------------------------------------------------------------------------------------
Slack (MET) :             6.490ns  (required time - arrival time)
  Source:                 received_reg[7]/C
                            (rising edge-triggered cell FDRE clocked by sys_clk_pin  {rise@0.000ns fall@5.000ns period=10.000ns})
  Destination:            ledreg_reg[2]/D
                            (rising edge-triggered cell FDRE clocked by sys_clk_pin  {rise@0.000ns fall@5.000ns period=10.000ns})
  Path Group:             sys_clk_pin
  Path Type:              Setup (Max at Slow Process Corner)
  Requirement:            10.000ns  (sys_clk_pin rise@10.000ns - sys_clk_pin rise@0.000ns)
  Data Path Delay:        3.529ns  (logic 0.900ns (25.504%)  route 2.629ns (74.496%))
  Logic Levels:           2  (LUT6=2)
  Clock Path Skew:        0.023ns (DCD - SCD + CPR)
    Destination Clock Delay (DCD):    4.849ns = ( 14.849 - 10.000 ) 
    Source Clock Delay      (SCD):    5.086ns
    Clock Pessimism Removal (CPR):    0.260ns
  Clock Uncertainty:      0.035ns  ((TSJ^2 + TIJ^2)^1/2 + DJ) / 2 + PE
    Total System Jitter     (TSJ):    0.071ns
    Total Input Jitter      (TIJ):    0.000ns
    Discrete Jitter          (DJ):    0.000ns
    Phase Error              (PE):    0.000ns

    Location             Delay type                Incr(ns)  Path(ns)    Netlist Resource(s)
  -------------------------------------------------------------------    -------------------
                         (clock sys_clk_pin rise edge)
                                                      0.000     0.000 r  
    W5                                                0.000     0.000 r  clk (IN)
                         net (fo=0)                   0.000     0.000    clk
    W5                   IBUF (Prop_ibuf_I_O)         1.458     1.458 r  clk_IBUF_inst/O
                         net (fo=1, routed)           1.967     3.425    clk_IBUF
    BUFGCTRL_X0Y0        BUFG (Prop_bufg_I_O)         0.096     3.521 r  clk_IBUF_BUFG_inst/O
                         net (fo=27, routed)          1.565     5.086    clk_IBUF_BUFG
    SLICE_X14Y37         FDRE                                         r  received_reg[7]/C
  -------------------------------------------------------------------    -------------------
    SLICE_X14Y37         FDRE (Prop_fdre_C_Q)         0.478     5.564 f  received_reg[7]/Q
                         net (fo=3, routed)           0.856     6.420    led_OBUF[15]
    SLICE_X15Y38         LUT6 (Prop_lut6_I4_O)        0.298     6.718 r  ledreg[7]_i_2/O
                         net (fo=6, routed)           1.773     8.491    ledreg[7]_i_2_n_0
    SLICE_X0Y19          LUT6 (Prop_lut6_I0_O)        0.124     8.615 r  ledreg[2]_i_1/O
                         net (fo=1, routed)           0.000     8.615    ledreg[2]_i_1_n_0
    SLICE_X0Y19          FDRE                                         r  ledreg_reg[2]/D
  -------------------------------------------------------------------    -------------------

                         (clock sys_clk_pin rise edge)
                                                     10.000    10.000 r  
    W5                                                0.000    10.000 r  clk (IN)
                         net (fo=0)                   0.000    10.000    clk
    W5                   IBUF (Prop_ibuf_I_O)         1.388    11.388 r  clk_IBUF_inst/O
                         net (fo=1, routed)           1.862    13.250    clk_IBUF
    BUFGCTRL_X0Y0        BUFG (Prop_bufg_I_O)         0.091    13.341 r  clk_IBUF_BUFG_inst/O
                         net (fo=27, routed)          1.508    14.849    clk_IBUF_BUFG
    SLICE_X0Y19          FDRE                                         r  ledreg_reg[2]/C
                         clock pessimism              0.260    15.109    
                         clock uncertainty           -0.035    15.074    
    SLICE_X0Y19          FDRE (Setup_fdre_C_D)        0.031    15.105    ledreg_reg[2]
  -------------------------------------------------------------------
                         required time                         15.105    
                         arrival time                          -8.615    
  -------------------------------------------------------------------
                         slack                                  6.490    

Slack (MET) :             6.607ns  (required time - arrival time)
  Source:                 received_reg[15]/C
                            (rising edge-triggered cell FDRE clocked by sys_clk_pin  {rise@0.000ns fall@5.000ns period=10.000ns})
  Destination:            received_reg[0]/CE
                            (rising edge-triggered cell FDRE clocked by sys_clk_pin  {rise@0.000ns fall@5.000ns period=10.000ns})
  Path Group:             sys_clk_pin
  Path Type:              Setup (Max at Slow Process Corner)
  Requirement:            10.000ns  (sys_clk_pin rise@10.000ns - sys_clk_pin rise@0.000ns)
  Data Path Delay:        3.166ns  (logic 0.966ns (30.508%)  route 2.200ns (69.492%))
  Logic Levels:           3  (LUT4=2 LUT6=1)
  Clock Path Skew:        -0.022ns (DCD - SCD + CPR)
    Destination Clock Delay (DCD):    4.787ns = ( 14.787 - 10.000 ) 
    Source Clock Delay      (SCD):    5.086ns
    Clock Pessimism Removal (CPR):    0.277ns
  Clock Uncertainty:      0.035ns  ((TSJ^2 + TIJ^2)^1/2 + DJ) / 2 + PE
    Total System Jitter     (TSJ):    0.071ns
    Total Input Jitter      (TIJ):    0.000ns
    Discrete Jitter          (DJ):    0.000ns
    Phase Error              (PE):    0.000ns

    Location             Delay type                Incr(ns)  Path(ns)    Netlist Resource(s)
  -------------------------------------------------------------------    -------------------
                         (clock sys_clk_pin rise edge)
                                                      0.000     0.000 r  
    W5                                                0.000     0.000 r  clk (IN)
                         net (fo=0)                   0.000     0.000    clk
    W5                   IBUF (Prop_ibuf_I_O)         1.458     1.458 r  clk_IBUF_inst/O
                         net (fo=1, routed)           1.967     3.425    clk_IBUF
    BUFGCTRL_X0Y0        BUFG (Prop_bufg_I_O)         0.096     3.521 r  clk_IBUF_BUFG_inst/O
                         net (fo=27, routed)          1.565     5.086    clk_IBUF_BUFG
    SLICE_X15Y37         FDRE                                         r  received_reg[15]/C
  -------------------------------------------------------------------    -------------------
    SLICE_X15Y37         FDRE (Prop_fdre_C_Q)         0.419     5.505 r  received_reg[15]/Q
                         net (fo=1, routed)           0.854     6.359    received_reg_n_0_[15]
    SLICE_X15Y37         LUT4 (Prop_lut4_I2_O)        0.299     6.658 f  FSM_sequential_state[1]_i_3__0/O
                         net (fo=2, routed)           0.412     7.070    FSM_sequential_state[1]_i_3__0_n_0
    SLICE_X15Y37         LUT6 (Prop_lut6_I0_O)        0.124     7.194 f  received[7]_i_2/O
                         net (fo=1, routed)           0.405     7.600    kb1/received_reg[7]_0
    SLICE_X15Y38         LUT4 (Prop_lut4_I3_O)        0.124     7.724 r  kb1/received[7]_i_1__0/O
                         net (fo=8, routed)           0.529     8.253    kb1_n_4
    SLICE_X14Y37         FDRE                                         r  received_reg[0]/CE
  -------------------------------------------------------------------    -------------------

                         (clock sys_clk_pin rise edge)
                                                     10.000    10.000 r  
    W5                                                0.000    10.000 r  clk (IN)
                         net (fo=0)                   0.000    10.000    clk
    W5                   IBUF (Prop_ibuf_I_O)         1.388    11.388 r  clk_IBUF_inst/O
                         net (fo=1, routed)           1.862    13.250    clk_IBUF
    BUFGCTRL_X0Y0        BUFG (Prop_bufg_I_O)         0.091    13.341 r  clk_IBUF_BUFG_inst/O
                         net (fo=27, routed)          1.446    14.787    clk_IBUF_BUFG
    SLICE_X14Y37         FDRE                                         r  received_reg[0]/C
                         clock pessimism              0.277    15.064    
                         clock uncertainty           -0.035    15.029    
    SLICE_X14Y37         FDRE (Setup_fdre_C_CE)      -0.169    14.860    received_reg[0]
  -------------------------------------------------------------------
                         required time                         14.860    
                         arrival time                          -8.253    
  -------------------------------------------------------------------
                         slack                                  6.607    

Slack (MET) :             6.607ns  (required time - arrival time)
  Source:                 received_reg[15]/C
                            (rising edge-triggered cell FDRE clocked by sys_clk_pin  {rise@0.000ns fall@5.000ns period=10.000ns})
  Destination:            received_reg[1]/CE
                            (rising edge-triggered cell FDRE clocked by sys_clk_pin  {rise@0.000ns fall@5.000ns period=10.000ns})
  Path Group:             sys_clk_pin
  Path Type:              Setup (Max at Slow Process Corner)
  Requirement:            10.000ns  (sys_clk_pin rise@10.000ns - sys_clk_pin rise@0.000ns)
  Data Path Delay:        3.166ns  (logic 0.966ns (30.508%)  route 2.200ns (69.492%))
  Logic Levels:           3  (LUT4=2 LUT6=1)
  Clock Path Skew:        -0.022ns (DCD - SCD + CPR)
    Destination Clock Delay (DCD):    4.787ns = ( 14.787 - 10.000 ) 
    Source Clock Delay      (SCD):    5.086ns
    Clock Pessimism Removal (CPR):    0.277ns
  Clock Uncertainty:      0.035ns  ((TSJ^2 + TIJ^2)^1/2 + DJ) / 2 + PE
    Total System Jitter     (TSJ):    0.071ns
    Total Input Jitter      (TIJ):    0.000ns
    Discrete Jitter          (DJ):    0.000ns
    Phase Error              (PE):    0.000ns

    Location             Delay type                Incr(ns)  Path(ns)    Netlist Resource(s)
  -------------------------------------------------------------------    -------------------
                         (clock sys_clk_pin rise edge)
                                                      0.000     0.000 r  
    W5                                                0.000     0.000 r  clk (IN)
                         net (fo=0)                   0.000     0.000    clk
    W5                   IBUF (Prop_ibuf_I_O)         1.458     1.458 r  clk_IBUF_inst/O
                         net (fo=1, routed)           1.967     3.425    clk_IBUF
    BUFGCTRL_X0Y0        BUFG (Prop_bufg_I_O)         0.096     3.521 r  clk_IBUF_BUFG_inst/O
                         net (fo=27, routed)          1.565     5.086    clk_IBUF_BUFG
    SLICE_X15Y37         FDRE                                         r  received_reg[15]/C
  -------------------------------------------------------------------    -------------------
    SLICE_X15Y37         FDRE (Prop_fdre_C_Q)         0.419     5.505 r  received_reg[15]/Q
                         net (fo=1, routed)           0.854     6.359    received_reg_n_0_[15]
    SLICE_X15Y37         LUT4 (Prop_lut4_I2_O)        0.299     6.658 f  FSM_sequential_state[1]_i_3__0/O
                         net (fo=2, routed)           0.412     7.070    FSM_sequential_state[1]_i_3__0_n_0
    SLICE_X15Y37         LUT6 (Prop_lut6_I0_O)        0.124     7.194 f  received[7]_i_2/O
                         net (fo=1, routed)           0.405     7.600    kb1/received_reg[7]_0
    SLICE_X15Y38         LUT4 (Prop_lut4_I3_O)        0.124     7.724 r  kb1/received[7]_i_1__0/O
                         net (fo=8, routed)           0.529     8.253    kb1_n_4
    SLICE_X14Y37         FDRE                                         r  received_reg[1]/CE
  -------------------------------------------------------------------    -------------------

                         (clock sys_clk_pin rise edge)
                                                     10.000    10.000 r  
    W5                                                0.000    10.000 r  clk (IN)
                         net (fo=0)                   0.000    10.000    clk
    W5                   IBUF (Prop_ibuf_I_O)         1.388    11.388 r  clk_IBUF_inst/O
                         net (fo=1, routed)           1.862    13.250    clk_IBUF
    BUFGCTRL_X0Y0        BUFG (Prop_bufg_I_O)         0.091    13.341 r  clk_IBUF_BUFG_inst/O
                         net (fo=27, routed)          1.446    14.787    clk_IBUF_BUFG
    SLICE_X14Y37         FDRE                                         r  received_reg[1]/C
                         clock pessimism              0.277    15.064    
                         clock uncertainty           -0.035    15.029    
    SLICE_X14Y37         FDRE (Setup_fdre_C_CE)      -0.169    14.860    received_reg[1]
  -------------------------------------------------------------------
                         required time                         14.860    
                         arrival time                          -8.253    
  -------------------------------------------------------------------
                         slack                                  6.607    

Slack (MET) :             6.607ns  (required time - arrival time)
  Source:                 received_reg[15]/C
                            (rising edge-triggered cell FDRE clocked by sys_clk_pin  {rise@0.000ns fall@5.000ns period=10.000ns})
  Destination:            received_reg[2]/CE
                            (rising edge-triggered cell FDRE clocked by sys_clk_pin  {rise@0.000ns fall@5.000ns period=10.000ns})
  Path Group:             sys_clk_pin
  Path Type:              Setup (Max at Slow Process Corner)
  Requirement:            10.000ns  (sys_clk_pin rise@10.000ns - sys_clk_pin rise@0.000ns)
  Data Path Delay:        3.166ns  (logic 0.966ns (30.508%)  route 2.200ns (69.492%))
  Logic Levels:           3  (LUT4=2 LUT6=1)
  Clock Path Skew:        -0.022ns (DCD - SCD + CPR)
    Destination Clock Delay (DCD):    4.787ns = ( 14.787 - 10.000 ) 
    Source Clock Delay      (SCD):    5.086ns
    Clock Pessimism Removal (CPR):    0.277ns
  Clock Uncertainty:      0.035ns  ((TSJ^2 + TIJ^2)^1/2 + DJ) / 2 + PE
    Total System Jitter     (TSJ):    0.071ns
    Total Input Jitter      (TIJ):    0.000ns
    Discrete Jitter          (DJ):    0.000ns
    Phase Error              (PE):    0.000ns

    Location             Delay type                Incr(ns)  Path(ns)    Netlist Resource(s)
  -------------------------------------------------------------------    -------------------
                         (clock sys_clk_pin rise edge)
                                                      0.000     0.000 r  
    W5                                                0.000     0.000 r  clk (IN)
                         net (fo=0)                   0.000     0.000    clk
    W5                   IBUF (Prop_ibuf_I_O)         1.458     1.458 r  clk_IBUF_inst/O
                         net (fo=1, routed)           1.967     3.425    clk_IBUF
    BUFGCTRL_X0Y0        BUFG (Prop_bufg_I_O)         0.096     3.521 r  clk_IBUF_BUFG_inst/O
                         net (fo=27, routed)          1.565     5.086    clk_IBUF_BUFG
    SLICE_X15Y37         FDRE                                         r  received_reg[15]/C
  -------------------------------------------------------------------    -------------------
    SLICE_X15Y37         FDRE (Prop_fdre_C_Q)         0.419     5.505 r  received_reg[15]/Q
                         net (fo=1, routed)           0.854     6.359    received_reg_n_0_[15]
    SLICE_X15Y37         LUT4 (Prop_lut4_I2_O)        0.299     6.658 f  FSM_sequential_state[1]_i_3__0/O
                         net (fo=2, routed)           0.412     7.070    FSM_sequential_state[1]_i_3__0_n_0
    SLICE_X15Y37         LUT6 (Prop_lut6_I0_O)        0.124     7.194 f  received[7]_i_2/O
                         net (fo=1, routed)           0.405     7.600    kb1/received_reg[7]_0
    SLICE_X15Y38         LUT4 (Prop_lut4_I3_O)        0.124     7.724 r  kb1/received[7]_i_1__0/O
                         net (fo=8, routed)           0.529     8.253    kb1_n_4
    SLICE_X14Y37         FDRE                                         r  received_reg[2]/CE
  -------------------------------------------------------------------    -------------------

                         (clock sys_clk_pin rise edge)
                                                     10.000    10.000 r  
    W5                                                0.000    10.000 r  clk (IN)
                         net (fo=0)                   0.000    10.000    clk
    W5                   IBUF (Prop_ibuf_I_O)         1.388    11.388 r  clk_IBUF_inst/O
                         net (fo=1, routed)           1.862    13.250    clk_IBUF
    BUFGCTRL_X0Y0        BUFG (Prop_bufg_I_O)         0.091    13.341 r  clk_IBUF_BUFG_inst/O
                         net (fo=27, routed)          1.446    14.787    clk_IBUF_BUFG
    SLICE_X14Y37         FDRE                                         r  received_reg[2]/C
                         clock pessimism              0.277    15.064    
                         clock uncertainty           -0.035    15.029    
    SLICE_X14Y37         FDRE (Setup_fdre_C_CE)      -0.169    14.860    received_reg[2]
  -------------------------------------------------------------------
                         required time                         14.860    
                         arrival time                          -8.253    
  -------------------------------------------------------------------
                         slack                                  6.607    

Slack (MET) :             6.607ns  (required time - arrival time)
  Source:                 received_reg[15]/C
                            (rising edge-triggered cell FDRE clocked by sys_clk_pin  {rise@0.000ns fall@5.000ns period=10.000ns})
  Destination:            received_reg[3]/CE
                            (rising edge-triggered cell FDRE clocked by sys_clk_pin  {rise@0.000ns fall@5.000ns period=10.000ns})
  Path Group:             sys_clk_pin
  Path Type:              Setup (Max at Slow Process Corner)
  Requirement:            10.000ns  (sys_clk_pin rise@10.000ns - sys_clk_pin rise@0.000ns)
  Data Path Delay:        3.166ns  (logic 0.966ns (30.508%)  route 2.200ns (69.492%))
  Logic Levels:           3  (LUT4=2 LUT6=1)
  Clock Path Skew:        -0.022ns (DCD - SCD + CPR)
    Destination Clock Delay (DCD):    4.787ns = ( 14.787 - 10.000 ) 
    Source Clock Delay      (SCD):    5.086ns
    Clock Pessimism Removal (CPR):    0.277ns
  Clock Uncertainty:      0.035ns  ((TSJ^2 + TIJ^2)^1/2 + DJ) / 2 + PE
    Total System Jitter     (TSJ):    0.071ns
    Total Input Jitter      (TIJ):    0.000ns
    Discrete Jitter          (DJ):    0.000ns
    Phase Error              (PE):    0.000ns

    Location             Delay type                Incr(ns)  Path(ns)    Netlist Resource(s)
  -------------------------------------------------------------------    -------------------
                         (clock sys_clk_pin rise edge)
                                                      0.000     0.000 r  
    W5                                                0.000     0.000 r  clk (IN)
                         net (fo=0)                   0.000     0.000    clk
    W5                   IBUF (Prop_ibuf_I_O)         1.458     1.458 r  clk_IBUF_inst/O
                         net (fo=1, routed)           1.967     3.425    clk_IBUF
    BUFGCTRL_X0Y0        BUFG (Prop_bufg_I_O)         0.096     3.521 r  clk_IBUF_BUFG_inst/O
                         net (fo=27, routed)          1.565     5.086    clk_IBUF_BUFG
    SLICE_X15Y37         FDRE                                         r  received_reg[15]/C
  -------------------------------------------------------------------    -------------------
    SLICE_X15Y37         FDRE (Prop_fdre_C_Q)         0.419     5.505 r  received_reg[15]/Q
                         net (fo=1, routed)           0.854     6.359    received_reg_n_0_[15]
    SLICE_X15Y37         LUT4 (Prop_lut4_I2_O)        0.299     6.658 f  FSM_sequential_state[1]_i_3__0/O
                         net (fo=2, routed)           0.412     7.070    FSM_sequential_state[1]_i_3__0_n_0
    SLICE_X15Y37         LUT6 (Prop_lut6_I0_O)        0.124     7.194 f  received[7]_i_2/O
                         net (fo=1, routed)           0.405     7.600    kb1/received_reg[7]_0
    SLICE_X15Y38         LUT4 (Prop_lut4_I3_O)        0.124     7.724 r  kb1/received[7]_i_1__0/O
                         net (fo=8, routed)           0.529     8.253    kb1_n_4
    SLICE_X14Y37         FDRE                                         r  received_reg[3]/CE
  -------------------------------------------------------------------    -------------------

                         (clock sys_clk_pin rise edge)
                                                     10.000    10.000 r  
    W5                                                0.000    10.000 r  clk (IN)
                         net (fo=0)                   0.000    10.000    clk
    W5                   IBUF (Prop_ibuf_I_O)         1.388    11.388 r  clk_IBUF_inst/O
                         net (fo=1, routed)           1.862    13.250    clk_IBUF
    BUFGCTRL_X0Y0        BUFG (Prop_bufg_I_O)         0.091    13.341 r  clk_IBUF_BUFG_inst/O
                         net (fo=27, routed)          1.446    14.787    clk_IBUF_BUFG
    SLICE_X14Y37         FDRE                                         r  received_reg[3]/C
                         clock pessimism              0.277    15.064    
                         clock uncertainty           -0.035    15.029    
    SLICE_X14Y37         FDRE (Setup_fdre_C_CE)      -0.169    14.860    received_reg[3]
  -------------------------------------------------------------------
                         required time                         14.860    
                         arrival time                          -8.253    
  -------------------------------------------------------------------
                         slack                                  6.607    

Slack (MET) :             6.607ns  (required time - arrival time)
  Source:                 received_reg[15]/C
                            (rising edge-triggered cell FDRE clocked by sys_clk_pin  {rise@0.000ns fall@5.000ns period=10.000ns})
  Destination:            received_reg[4]/CE
                            (rising edge-triggered cell FDRE clocked by sys_clk_pin  {rise@0.000ns fall@5.000ns period=10.000ns})
  Path Group:             sys_clk_pin
  Path Type:              Setup (Max at Slow Process Corner)
  Requirement:            10.000ns  (sys_clk_pin rise@10.000ns - sys_clk_pin rise@0.000ns)
  Data Path Delay:        3.166ns  (logic 0.966ns (30.508%)  route 2.200ns (69.492%))
  Logic Levels:           3  (LUT4=2 LUT6=1)
  Clock Path Skew:        -0.022ns (DCD - SCD + CPR)
    Destination Clock Delay (DCD):    4.787ns = ( 14.787 - 10.000 ) 
    Source Clock Delay      (SCD):    5.086ns
    Clock Pessimism Removal (CPR):    0.277ns
  Clock Uncertainty:      0.035ns  ((TSJ^2 + TIJ^2)^1/2 + DJ) / 2 + PE
    Total System Jitter     (TSJ):    0.071ns
    Total Input Jitter      (TIJ):    0.000ns
    Discrete Jitter          (DJ):    0.000ns
    Phase Error              (PE):    0.000ns

    Location             Delay type                Incr(ns)  Path(ns)    Netlist Resource(s)
  -------------------------------------------------------------------    -------------------
                         (clock sys_clk_pin rise edge)
                                                      0.000     0.000 r  
    W5                                                0.000     0.000 r  clk (IN)
                         net (fo=0)                   0.000     0.000    clk
    W5                   IBUF (Prop_ibuf_I_O)         1.458     1.458 r  clk_IBUF_inst/O
                         net (fo=1, routed)           1.967     3.425    clk_IBUF
    BUFGCTRL_X0Y0        BUFG (Prop_bufg_I_O)         0.096     3.521 r  clk_IBUF_BUFG_inst/O
                         net (fo=27, routed)          1.565     5.086    clk_IBUF_BUFG
    SLICE_X15Y37         FDRE                                         r  received_reg[15]/C
  -------------------------------------------------------------------    -------------------
    SLICE_X15Y37         FDRE (Prop_fdre_C_Q)         0.419     5.505 r  received_reg[15]/Q
                         net (fo=1, routed)           0.854     6.359    received_reg_n_0_[15]
    SLICE_X15Y37         LUT4 (Prop_lut4_I2_O)        0.299     6.658 f  FSM_sequential_state[1]_i_3__0/O
                         net (fo=2, routed)           0.412     7.070    FSM_sequential_state[1]_i_3__0_n_0
    SLICE_X15Y37         LUT6 (Prop_lut6_I0_O)        0.124     7.194 f  received[7]_i_2/O
                         net (fo=1, routed)           0.405     7.600    kb1/received_reg[7]_0
    SLICE_X15Y38         LUT4 (Prop_lut4_I3_O)        0.124     7.724 r  kb1/received[7]_i_1__0/O
                         net (fo=8, routed)           0.529     8.253    kb1_n_4
    SLICE_X14Y37         FDRE                                         r  received_reg[4]/CE
  -------------------------------------------------------------------    -------------------

                         (clock sys_clk_pin rise edge)
                                                     10.000    10.000 r  
    W5                                                0.000    10.000 r  clk (IN)
                         net (fo=0)                   0.000    10.000    clk
    W5                   IBUF (Prop_ibuf_I_O)         1.388    11.388 r  clk_IBUF_inst/O
                         net (fo=1, routed)           1.862    13.250    clk_IBUF
    BUFGCTRL_X0Y0        BUFG (Prop_bufg_I_O)         0.091    13.341 r  clk_IBUF_BUFG_inst/O
                         net (fo=27, routed)          1.446    14.787    clk_IBUF_BUFG
    SLICE_X14Y37         FDRE                                         r  received_reg[4]/C
                         clock pessimism              0.277    15.064    
                         clock uncertainty           -0.035    15.029    
    SLICE_X14Y37         FDRE (Setup_fdre_C_CE)      -0.169    14.860    received_reg[4]
  -------------------------------------------------------------------
                         required time                         14.860    
                         arrival time                          -8.253    
  -------------------------------------------------------------------
                         slack                                  6.607    

Slack (MET) :             6.607ns  (required time - arrival time)
  Source:                 received_reg[15]/C
                            (rising edge-triggered cell FDRE clocked by sys_clk_pin  {rise@0.000ns fall@5.000ns period=10.000ns})
  Destination:            received_reg[5]/CE
                            (rising edge-triggered cell FDRE clocked by sys_clk_pin  {rise@0.000ns fall@5.000ns period=10.000ns})
  Path Group:             sys_clk_pin
  Path Type:              Setup (Max at Slow Process Corner)
  Requirement:            10.000ns  (sys_clk_pin rise@10.000ns - sys_clk_pin rise@0.000ns)
  Data Path Delay:        3.166ns  (logic 0.966ns (30.508%)  route 2.200ns (69.492%))
  Logic Levels:           3  (LUT4=2 LUT6=1)
  Clock Path Skew:        -0.022ns (DCD - SCD + CPR)
    Destination Clock Delay (DCD):    4.787ns = ( 14.787 - 10.000 ) 
    Source Clock Delay      (SCD):    5.086ns
    Clock Pessimism Removal (CPR):    0.277ns
  Clock Uncertainty:      0.035ns  ((TSJ^2 + TIJ^2)^1/2 + DJ) / 2 + PE
    Total System Jitter     (TSJ):    0.071ns
    Total Input Jitter      (TIJ):    0.000ns
    Discrete Jitter          (DJ):    0.000ns
    Phase Error              (PE):    0.000ns

    Location             Delay type                Incr(ns)  Path(ns)    Netlist Resource(s)
  -------------------------------------------------------------------    -------------------
                         (clock sys_clk_pin rise edge)
                                                      0.000     0.000 r  
    W5                                                0.000     0.000 r  clk (IN)
                         net (fo=0)                   0.000     0.000    clk
    W5                   IBUF (Prop_ibuf_I_O)         1.458     1.458 r  clk_IBUF_inst/O
                         net (fo=1, routed)           1.967     3.425    clk_IBUF
    BUFGCTRL_X0Y0        BUFG (Prop_bufg_I_O)         0.096     3.521 r  clk_IBUF_BUFG_inst/O
                         net (fo=27, routed)          1.565     5.086    clk_IBUF_BUFG
    SLICE_X15Y37         FDRE                                         r  received_reg[15]/C
  -------------------------------------------------------------------    -------------------
    SLICE_X15Y37         FDRE (Prop_fdre_C_Q)         0.419     5.505 r  received_reg[15]/Q
                         net (fo=1, routed)           0.854     6.359    received_reg_n_0_[15]
    SLICE_X15Y37         LUT4 (Prop_lut4_I2_O)        0.299     6.658 f  FSM_sequential_state[1]_i_3__0/O
                         net (fo=2, routed)           0.412     7.070    FSM_sequential_state[1]_i_3__0_n_0
    SLICE_X15Y37         LUT6 (Prop_lut6_I0_O)        0.124     7.194 f  received[7]_i_2/O
                         net (fo=1, routed)           0.405     7.600    kb1/received_reg[7]_0
    SLICE_X15Y38         LUT4 (Prop_lut4_I3_O)        0.124     7.724 r  kb1/received[7]_i_1__0/O
                         net (fo=8, routed)           0.529     8.253    kb1_n_4
    SLICE_X14Y37         FDRE                                         r  received_reg[5]/CE
  -------------------------------------------------------------------    -------------------

                         (clock sys_clk_pin rise edge)
                                                     10.000    10.000 r  
    W5                                                0.000    10.000 r  clk (IN)
                         net (fo=0)                   0.000    10.000    clk
    W5                   IBUF (Prop_ibuf_I_O)         1.388    11.388 r  clk_IBUF_inst/O
                         net (fo=1, routed)           1.862    13.250    clk_IBUF
    BUFGCTRL_X0Y0        BUFG (Prop_bufg_I_O)         0.091    13.341 r  clk_IBUF_BUFG_inst/O
                         net (fo=27, routed)          1.446    14.787    clk_IBUF_BUFG
    SLICE_X14Y37         FDRE                                         r  received_reg[5]/C
                         clock pessimism              0.277    15.064    
                         clock uncertainty           -0.035    15.029    
    SLICE_X14Y37         FDRE (Setup_fdre_C_CE)      -0.169    14.860    received_reg[5]
  -------------------------------------------------------------------
                         required time                         14.860    
                         arrival time                          -8.253    
  -------------------------------------------------------------------
                         slack                                  6.607    

Slack (MET) :             6.607ns  (required time - arrival time)
  Source:                 received_reg[15]/C
                            (rising edge-triggered cell FDRE clocked by sys_clk_pin  {rise@0.000ns fall@5.000ns period=10.000ns})
  Destination:            received_reg[6]/CE
                            (rising edge-triggered cell FDRE clocked by sys_clk_pin  {rise@0.000ns fall@5.000ns period=10.000ns})
  Path Group:             sys_clk_pin
  Path Type:              Setup (Max at Slow Process Corner)
  Requirement:            10.000ns  (sys_clk_pin rise@10.000ns - sys_clk_pin rise@0.000ns)
  Data Path Delay:        3.166ns  (logic 0.966ns (30.508%)  route 2.200ns (69.492%))
  Logic Levels:           3  (LUT4=2 LUT6=1)
  Clock Path Skew:        -0.022ns (DCD - SCD + CPR)
    Destination Clock Delay (DCD):    4.787ns = ( 14.787 - 10.000 ) 
    Source Clock Delay      (SCD):    5.086ns
    Clock Pessimism Removal (CPR):    0.277ns
  Clock Uncertainty:      0.035ns  ((TSJ^2 + TIJ^2)^1/2 + DJ) / 2 + PE
    Total System Jitter     (TSJ):    0.071ns
    Total Input Jitter      (TIJ):    0.000ns
    Discrete Jitter          (DJ):    0.000ns
    Phase Error              (PE):    0.000ns

    Location             Delay type                Incr(ns)  Path(ns)    Netlist Resource(s)
  -------------------------------------------------------------------    -------------------
                         (clock sys_clk_pin rise edge)
                                                      0.000     0.000 r  
    W5                                                0.000     0.000 r  clk (IN)
                         net (fo=0)                   0.000     0.000    clk
    W5                   IBUF (Prop_ibuf_I_O)         1.458     1.458 r  clk_IBUF_inst/O
                         net (fo=1, routed)           1.967     3.425    clk_IBUF
    BUFGCTRL_X0Y0        BUFG (Prop_bufg_I_O)         0.096     3.521 r  clk_IBUF_BUFG_inst/O
                         net (fo=27, routed)          1.565     5.086    clk_IBUF_BUFG
    SLICE_X15Y37         FDRE                                         r  received_reg[15]/C
  -------------------------------------------------------------------    -------------------
    SLICE_X15Y37         FDRE (Prop_fdre_C_Q)         0.419     5.505 r  received_reg[15]/Q
                         net (fo=1, routed)           0.854     6.359    received_reg_n_0_[15]
    SLICE_X15Y37         LUT4 (Prop_lut4_I2_O)        0.299     6.658 f  FSM_sequential_state[1]_i_3__0/O
                         net (fo=2, routed)           0.412     7.070    FSM_sequential_state[1]_i_3__0_n_0
    SLICE_X15Y37         LUT6 (Prop_lut6_I0_O)        0.124     7.194 f  received[7]_i_2/O
                         net (fo=1, routed)           0.405     7.600    kb1/received_reg[7]_0
    SLICE_X15Y38         LUT4 (Prop_lut4_I3_O)        0.124     7.724 r  kb1/received[7]_i_1__0/O
                         net (fo=8, routed)           0.529     8.253    kb1_n_4
    SLICE_X14Y37         FDRE                                         r  received_reg[6]/CE
  -------------------------------------------------------------------    -------------------

                         (clock sys_clk_pin rise edge)
                                                     10.000    10.000 r  
    W5                                                0.000    10.000 r  clk (IN)
                         net (fo=0)                   0.000    10.000    clk
    W5                   IBUF (Prop_ibuf_I_O)         1.388    11.388 r  clk_IBUF_inst/O
                         net (fo=1, routed)           1.862    13.250    clk_IBUF
    BUFGCTRL_X0Y0        BUFG (Prop_bufg_I_O)         0.091    13.341 r  clk_IBUF_BUFG_inst/O
                         net (fo=27, routed)          1.446    14.787    clk_IBUF_BUFG
    SLICE_X14Y37         FDRE                                         r  received_reg[6]/C
                         clock pessimism              0.277    15.064    
                         clock uncertainty           -0.035    15.029    
    SLICE_X14Y37         FDRE (Setup_fdre_C_CE)      -0.169    14.860    received_reg[6]
  -------------------------------------------------------------------
                         required time                         14.860    
                         arrival time                          -8.253    
  -------------------------------------------------------------------
                         slack                                  6.607    

Slack (MET) :             6.607ns  (required time - arrival time)
  Source:                 received_reg[15]/C
                            (rising edge-triggered cell FDRE clocked by sys_clk_pin  {rise@0.000ns fall@5.000ns period=10.000ns})
  Destination:            received_reg[7]/CE
                            (rising edge-triggered cell FDRE clocked by sys_clk_pin  {rise@0.000ns fall@5.000ns period=10.000ns})
  Path Group:             sys_clk_pin
  Path Type:              Setup (Max at Slow Process Corner)
  Requirement:            10.000ns  (sys_clk_pin rise@10.000ns - sys_clk_pin rise@0.000ns)
  Data Path Delay:        3.166ns  (logic 0.966ns (30.508%)  route 2.200ns (69.492%))
  Logic Levels:           3  (LUT4=2 LUT6=1)
  Clock Path Skew:        -0.022ns (DCD - SCD + CPR)
    Destination Clock Delay (DCD):    4.787ns = ( 14.787 - 10.000 ) 
    Source Clock Delay      (SCD):    5.086ns
    Clock Pessimism Removal (CPR):    0.277ns
  Clock Uncertainty:      0.035ns  ((TSJ^2 + TIJ^2)^1/2 + DJ) / 2 + PE
    Total System Jitter     (TSJ):    0.071ns
    Total Input Jitter      (TIJ):    0.000ns
    Discrete Jitter          (DJ):    0.000ns
    Phase Error              (PE):    0.000ns

    Location             Delay type                Incr(ns)  Path(ns)    Netlist Resource(s)
  -------------------------------------------------------------------    -------------------
                         (clock sys_clk_pin rise edge)
                                                      0.000     0.000 r  
    W5                                                0.000     0.000 r  clk (IN)
                         net (fo=0)                   0.000     0.000    clk
    W5                   IBUF (Prop_ibuf_I_O)         1.458     1.458 r  clk_IBUF_inst/O
                         net (fo=1, routed)           1.967     3.425    clk_IBUF
    BUFGCTRL_X0Y0        BUFG (Prop_bufg_I_O)         0.096     3.521 r  clk_IBUF_BUFG_inst/O
                         net (fo=27, routed)          1.565     5.086    clk_IBUF_BUFG
    SLICE_X15Y37         FDRE                                         r  received_reg[15]/C
  -------------------------------------------------------------------    -------------------
    SLICE_X15Y37         FDRE (Prop_fdre_C_Q)         0.419     5.505 r  received_reg[15]/Q
                         net (fo=1, routed)           0.854     6.359    received_reg_n_0_[15]
    SLICE_X15Y37         LUT4 (Prop_lut4_I2_O)        0.299     6.658 f  FSM_sequential_state[1]_i_3__0/O
                         net (fo=2, routed)           0.412     7.070    FSM_sequential_state[1]_i_3__0_n_0
    SLICE_X15Y37         LUT6 (Prop_lut6_I0_O)        0.124     7.194 f  received[7]_i_2/O
                         net (fo=1, routed)           0.405     7.600    kb1/received_reg[7]_0
    SLICE_X15Y38         LUT4 (Prop_lut4_I3_O)        0.124     7.724 r  kb1/received[7]_i_1__0/O
                         net (fo=8, routed)           0.529     8.253    kb1_n_4
    SLICE_X14Y37         FDRE                                         r  received_reg[7]/CE
  -------------------------------------------------------------------    -------------------

                         (clock sys_clk_pin rise edge)
                                                     10.000    10.000 r  
    W5                                                0.000    10.000 r  clk (IN)
                         net (fo=0)                   0.000    10.000    clk
    W5                   IBUF (Prop_ibuf_I_O)         1.388    11.388 r  clk_IBUF_inst/O
                         net (fo=1, routed)           1.862    13.250    clk_IBUF
    BUFGCTRL_X0Y0        BUFG (Prop_bufg_I_O)         0.091    13.341 r  clk_IBUF_BUFG_inst/O
                         net (fo=27, routed)          1.446    14.787    clk_IBUF_BUFG
    SLICE_X14Y37         FDRE                                         r  received_reg[7]/C
                         clock pessimism              0.277    15.064    
                         clock uncertainty           -0.035    15.029    
    SLICE_X14Y37         FDRE (Setup_fdre_C_CE)      -0.169    14.860    received_reg[7]
  -------------------------------------------------------------------
                         required time                         14.860    
                         arrival time                          -8.253    
  -------------------------------------------------------------------
                         slack                                  6.607    

Slack (MET) :             6.710ns  (required time - arrival time)
  Source:                 received_reg[7]/C
                            (rising edge-triggered cell FDRE clocked by sys_clk_pin  {rise@0.000ns fall@5.000ns period=10.000ns})
  Destination:            ledreg_reg[3]/D
                            (rising edge-triggered cell FDRE clocked by sys_clk_pin  {rise@0.000ns fall@5.000ns period=10.000ns})
  Path Group:             sys_clk_pin
  Path Type:              Setup (Max at Slow Process Corner)
  Requirement:            10.000ns  (sys_clk_pin rise@10.000ns - sys_clk_pin rise@0.000ns)
  Data Path Delay:        3.307ns  (logic 0.900ns (27.219%)  route 2.407ns (72.781%))
  Logic Levels:           2  (LUT6=2)
  Clock Path Skew:        0.023ns (DCD - SCD + CPR)
    Destination Clock Delay (DCD):    4.849ns = ( 14.849 - 10.000 ) 
    Source Clock Delay      (SCD):    5.086ns
    Clock Pessimism Removal (CPR):    0.260ns
  Clock Uncertainty:      0.035ns  ((TSJ^2 + TIJ^2)^1/2 + DJ) / 2 + PE
    Total System Jitter     (TSJ):    0.071ns
    Total Input Jitter      (TIJ):    0.000ns
    Discrete Jitter          (DJ):    0.000ns
    Phase Error              (PE):    0.000ns

    Location             Delay type                Incr(ns)  Path(ns)    Netlist Resource(s)
  -------------------------------------------------------------------    -------------------
                         (clock sys_clk_pin rise edge)
                                                      0.000     0.000 r  
    W5                                                0.000     0.000 r  clk (IN)
                         net (fo=0)                   0.000     0.000    clk
    W5                   IBUF (Prop_ibuf_I_O)         1.458     1.458 r  clk_IBUF_inst/O
                         net (fo=1, routed)           1.967     3.425    clk_IBUF
    BUFGCTRL_X0Y0        BUFG (Prop_bufg_I_O)         0.096     3.521 r  clk_IBUF_BUFG_inst/O
                         net (fo=27, routed)          1.565     5.086    clk_IBUF_BUFG
    SLICE_X14Y37         FDRE                                         r  received_reg[7]/C
  -------------------------------------------------------------------    -------------------
    SLICE_X14Y37         FDRE (Prop_fdre_C_Q)         0.478     5.564 f  received_reg[7]/Q
                         net (fo=3, routed)           0.856     6.420    led_OBUF[15]
    SLICE_X15Y38         LUT6 (Prop_lut6_I4_O)        0.298     6.718 r  ledreg[7]_i_2/O
                         net (fo=6, routed)           1.550     8.269    ledreg[7]_i_2_n_0
    SLICE_X0Y19          LUT6 (Prop_lut6_I0_O)        0.124     8.393 r  ledreg[3]_i_1/O
                         net (fo=1, routed)           0.000     8.393    ledreg[3]_i_1_n_0
    SLICE_X0Y19          FDRE                                         r  ledreg_reg[3]/D
  -------------------------------------------------------------------    -------------------

                         (clock sys_clk_pin rise edge)
                                                     10.000    10.000 r  
    W5                                                0.000    10.000 r  clk (IN)
                         net (fo=0)                   0.000    10.000    clk
    W5                   IBUF (Prop_ibuf_I_O)         1.388    11.388 r  clk_IBUF_inst/O
                         net (fo=1, routed)           1.862    13.250    clk_IBUF
    BUFGCTRL_X0Y0        BUFG (Prop_bufg_I_O)         0.091    13.341 r  clk_IBUF_BUFG_inst/O
                         net (fo=27, routed)          1.508    14.849    clk_IBUF_BUFG
    SLICE_X0Y19          FDRE                                         r  ledreg_reg[3]/C
                         clock pessimism              0.260    15.109    
                         clock uncertainty           -0.035    15.074    
    SLICE_X0Y19          FDRE (Setup_fdre_C_D)        0.029    15.103    ledreg_reg[3]
  -------------------------------------------------------------------
                         required time                         15.103    
                         arrival time                          -8.393    
  -------------------------------------------------------------------
                         slack                                  6.710    





Min Delay Paths
--------------------------------------------------------------------------------------
Slack (MET) :             0.265ns  (arrival time - required time)
  Source:                 ledreg_reg[1]/C
                            (rising edge-triggered cell FDRE clocked by sys_clk_pin  {rise@0.000ns fall@5.000ns period=10.000ns})
  Destination:            ledreg_reg[1]/D
                            (rising edge-triggered cell FDRE clocked by sys_clk_pin  {rise@0.000ns fall@5.000ns period=10.000ns})
  Path Group:             sys_clk_pin
  Path Type:              Hold (Min at Fast Process Corner)
  Requirement:            0.000ns  (sys_clk_pin rise@0.000ns - sys_clk_pin rise@0.000ns)
  Data Path Delay:        0.356ns  (logic 0.186ns (52.178%)  route 0.170ns (47.822%))
  Logic Levels:           1  (LUT5=1)
  Clock Path Skew:        0.000ns (DCD - SCD - CPR)
    Destination Clock Delay (DCD):    1.987ns
    Source Clock Delay      (SCD):    1.473ns
    Clock Pessimism Removal (CPR):    0.514ns

    Location             Delay type                Incr(ns)  Path(ns)    Netlist Resource(s)
  -------------------------------------------------------------------    -------------------
                         (clock sys_clk_pin rise edge)
                                                      0.000     0.000 r  
    W5                                                0.000     0.000 r  clk (IN)
                         net (fo=0)                   0.000     0.000    clk
    W5                   IBUF (Prop_ibuf_I_O)         0.226     0.226 r  clk_IBUF_inst/O
                         net (fo=1, routed)           0.631     0.858    clk_IBUF
    BUFGCTRL_X0Y0        BUFG (Prop_bufg_I_O)         0.026     0.884 r  clk_IBUF_BUFG_inst/O
                         net (fo=27, routed)          0.590     1.473    clk_IBUF_BUFG
    SLICE_X7Y37          FDRE                                         r  ledreg_reg[1]/C
  -------------------------------------------------------------------    -------------------
    SLICE_X7Y37          FDRE (Prop_fdre_C_Q)         0.141     1.614 r  ledreg_reg[1]/Q
                         net (fo=2, routed)           0.170     1.785    led_OBUF[1]
    SLICE_X7Y37          LUT5 (Prop_lut5_I4_O)        0.045     1.830 r  ledreg[1]_i_1/O
                         net (fo=1, routed)           0.000     1.830    ledreg[1]_i_1_n_0
    SLICE_X7Y37          FDRE                                         r  ledreg_reg[1]/D
  -------------------------------------------------------------------    -------------------

                         (clock sys_clk_pin rise edge)
                                                      0.000     0.000 r  
    W5                                                0.000     0.000 r  clk (IN)
                         net (fo=0)                   0.000     0.000    clk
    W5                   IBUF (Prop_ibuf_I_O)         0.414     0.414 r  clk_IBUF_inst/O
                         net (fo=1, routed)           0.685     1.099    clk_IBUF
    BUFGCTRL_X0Y0        BUFG (Prop_bufg_I_O)         0.029     1.128 r  clk_IBUF_BUFG_inst/O
                         net (fo=27, routed)          0.860     1.987    clk_IBUF_BUFG
    SLICE_X7Y37          FDRE                                         r  ledreg_reg[1]/C
                         clock pessimism             -0.514     1.473    
    SLICE_X7Y37          FDRE (Hold_fdre_C_D)         0.091     1.564    ledreg_reg[1]
  -------------------------------------------------------------------
                         required time                         -1.564    
                         arrival time                           1.830    
  -------------------------------------------------------------------
                         slack                                  0.265    

Slack (MET) :             0.269ns  (arrival time - required time)
  Source:                 ledreg_reg[7]/C
                            (rising edge-triggered cell FDRE clocked by sys_clk_pin  {rise@0.000ns fall@5.000ns period=10.000ns})
  Destination:            ledreg_reg[7]/D
                            (rising edge-triggered cell FDRE clocked by sys_clk_pin  {rise@0.000ns fall@5.000ns period=10.000ns})
  Path Group:             sys_clk_pin
  Path Type:              Hold (Min at Fast Process Corner)
  Requirement:            0.000ns  (sys_clk_pin rise@0.000ns - sys_clk_pin rise@0.000ns)
  Data Path Delay:        0.361ns  (logic 0.186ns (51.481%)  route 0.175ns (48.519%))
  Logic Levels:           1  (LUT6=1)
  Clock Path Skew:        0.000ns (DCD - SCD - CPR)
    Destination Clock Delay (DCD):    1.984ns
    Source Clock Delay      (SCD):    1.471ns
    Clock Pessimism Removal (CPR):    0.513ns

    Location             Delay type                Incr(ns)  Path(ns)    Netlist Resource(s)
  -------------------------------------------------------------------    -------------------
                         (clock sys_clk_pin rise edge)
                                                      0.000     0.000 r  
    W5                                                0.000     0.000 r  clk (IN)
                         net (fo=0)                   0.000     0.000    clk
    W5                   IBUF (Prop_ibuf_I_O)         0.226     0.226 r  clk_IBUF_inst/O
                         net (fo=1, routed)           0.631     0.858    clk_IBUF
    BUFGCTRL_X0Y0        BUFG (Prop_bufg_I_O)         0.026     0.884 r  clk_IBUF_BUFG_inst/O
                         net (fo=27, routed)          0.588     1.471    clk_IBUF_BUFG
    SLICE_X0Y18          FDRE                                         r  ledreg_reg[7]/C
  -------------------------------------------------------------------    -------------------
    SLICE_X0Y18          FDRE (Prop_fdre_C_Q)         0.141     1.612 r  ledreg_reg[7]/Q
                         net (fo=2, routed)           0.175     1.787    led_OBUF[7]
    SLICE_X0Y18          LUT6 (Prop_lut6_I5_O)        0.045     1.832 r  ledreg[7]_i_1/O
                         net (fo=1, routed)           0.000     1.832    ledreg[7]_i_1_n_0
    SLICE_X0Y18          FDRE                                         r  ledreg_reg[7]/D
  -------------------------------------------------------------------    -------------------

                         (clock sys_clk_pin rise edge)
                                                      0.000     0.000 r  
    W5                                                0.000     0.000 r  clk (IN)
                         net (fo=0)                   0.000     0.000    clk
    W5                   IBUF (Prop_ibuf_I_O)         0.414     0.414 r  clk_IBUF_inst/O
                         net (fo=1, routed)           0.685     1.099    clk_IBUF
    BUFGCTRL_X0Y0        BUFG (Prop_bufg_I_O)         0.029     1.128 r  clk_IBUF_BUFG_inst/O
                         net (fo=27, routed)          0.857     1.984    clk_IBUF_BUFG
    SLICE_X0Y18          FDRE                                         r  ledreg_reg[7]/C
                         clock pessimism             -0.513     1.471    
    SLICE_X0Y18          FDRE (Hold_fdre_C_D)         0.092     1.563    ledreg_reg[7]
  -------------------------------------------------------------------
                         required time                         -1.563    
                         arrival time                           1.832    
  -------------------------------------------------------------------
                         slack                                  0.269    

Slack (MET) :             0.280ns  (arrival time - required time)
  Source:                 ledreg_reg[3]/C
                            (rising edge-triggered cell FDRE clocked by sys_clk_pin  {rise@0.000ns fall@5.000ns period=10.000ns})
  Destination:            ledreg_reg[3]/D
                            (rising edge-triggered cell FDRE clocked by sys_clk_pin  {rise@0.000ns fall@5.000ns period=10.000ns})
  Path Group:             sys_clk_pin
  Path Type:              Hold (Min at Fast Process Corner)
  Requirement:            0.000ns  (sys_clk_pin rise@0.000ns - sys_clk_pin rise@0.000ns)
  Data Path Delay:        0.371ns  (logic 0.186ns (50.162%)  route 0.185ns (49.838%))
  Logic Levels:           1  (LUT6=1)
  Clock Path Skew:        0.000ns (DCD - SCD - CPR)
    Destination Clock Delay (DCD):    1.983ns
    Source Clock Delay      (SCD):    1.470ns
    Clock Pessimism Removal (CPR):    0.513ns

    Location             Delay type                Incr(ns)  Path(ns)    Netlist Resource(s)
  -------------------------------------------------------------------    -------------------
                         (clock sys_clk_pin rise edge)
                                                      0.000     0.000 r  
    W5                                                0.000     0.000 r  clk (IN)
                         net (fo=0)                   0.000     0.000    clk
    W5                   IBUF (Prop_ibuf_I_O)         0.226     0.226 r  clk_IBUF_inst/O
                         net (fo=1, routed)           0.631     0.858    clk_IBUF
    BUFGCTRL_X0Y0        BUFG (Prop_bufg_I_O)         0.026     0.884 r  clk_IBUF_BUFG_inst/O
                         net (fo=27, routed)          0.587     1.470    clk_IBUF_BUFG
    SLICE_X0Y19          FDRE                                         r  ledreg_reg[3]/C
  -------------------------------------------------------------------    -------------------
    SLICE_X0Y19          FDRE (Prop_fdre_C_Q)         0.141     1.611 r  ledreg_reg[3]/Q
                         net (fo=2, routed)           0.185     1.796    led_OBUF[3]
    SLICE_X0Y19          LUT6 (Prop_lut6_I5_O)        0.045     1.841 r  ledreg[3]_i_1/O
                         net (fo=1, routed)           0.000     1.841    ledreg[3]_i_1_n_0
    SLICE_X0Y19          FDRE                                         r  ledreg_reg[3]/D
  -------------------------------------------------------------------    -------------------

                         (clock sys_clk_pin rise edge)
                                                      0.000     0.000 r  
    W5                                                0.000     0.000 r  clk (IN)
                         net (fo=0)                   0.000     0.000    clk
    W5                   IBUF (Prop_ibuf_I_O)         0.414     0.414 r  clk_IBUF_inst/O
                         net (fo=1, routed)           0.685     1.099    clk_IBUF
    BUFGCTRL_X0Y0        BUFG (Prop_bufg_I_O)         0.029     1.128 r  clk_IBUF_BUFG_inst/O
                         net (fo=27, routed)          0.856     1.983    clk_IBUF_BUFG
    SLICE_X0Y19          FDRE                                         r  ledreg_reg[3]/C
                         clock pessimism             -0.513     1.470    
    SLICE_X0Y19          FDRE (Hold_fdre_C_D)         0.091     1.561    ledreg_reg[3]
  -------------------------------------------------------------------
                         required time                         -1.561    
                         arrival time                           1.841    
  -------------------------------------------------------------------
                         slack                                  0.280    

Slack (MET) :             0.280ns  (arrival time - required time)
  Source:                 ledreg_reg[4]/C
                            (rising edge-triggered cell FDRE clocked by sys_clk_pin  {rise@0.000ns fall@5.000ns period=10.000ns})
  Destination:            ledreg_reg[4]/D
                            (rising edge-triggered cell FDRE clocked by sys_clk_pin  {rise@0.000ns fall@5.000ns period=10.000ns})
  Path Group:             sys_clk_pin
  Path Type:              Hold (Min at Fast Process Corner)
  Requirement:            0.000ns  (sys_clk_pin rise@0.000ns - sys_clk_pin rise@0.000ns)
  Data Path Delay:        0.371ns  (logic 0.186ns (50.162%)  route 0.185ns (49.838%))
  Logic Levels:           1  (LUT6=1)
  Clock Path Skew:        0.000ns (DCD - SCD - CPR)
    Destination Clock Delay (DCD):    1.984ns
    Source Clock Delay      (SCD):    1.471ns
    Clock Pessimism Removal (CPR):    0.513ns

    Location             Delay type                Incr(ns)  Path(ns)    Netlist Resource(s)
  -------------------------------------------------------------------    -------------------
                         (clock sys_clk_pin rise edge)
                                                      0.000     0.000 r  
    W5                                                0.000     0.000 r  clk (IN)
                         net (fo=0)                   0.000     0.000    clk
    W5                   IBUF (Prop_ibuf_I_O)         0.226     0.226 r  clk_IBUF_inst/O
                         net (fo=1, routed)           0.631     0.858    clk_IBUF
    BUFGCTRL_X0Y0        BUFG (Prop_bufg_I_O)         0.026     0.884 r  clk_IBUF_BUFG_inst/O
                         net (fo=27, routed)          0.588     1.471    clk_IBUF_BUFG
    SLICE_X0Y18          FDRE                                         r  ledreg_reg[4]/C
  -------------------------------------------------------------------    -------------------
    SLICE_X0Y18          FDRE (Prop_fdre_C_Q)         0.141     1.612 r  ledreg_reg[4]/Q
                         net (fo=2, routed)           0.185     1.797    led_OBUF[4]
    SLICE_X0Y18          LUT6 (Prop_lut6_I5_O)        0.045     1.842 r  ledreg[4]_i_1/O
                         net (fo=1, routed)           0.000     1.842    ledreg[4]_i_1_n_0
    SLICE_X0Y18          FDRE                                         r  ledreg_reg[4]/D
  -------------------------------------------------------------------    -------------------

                         (clock sys_clk_pin rise edge)
                                                      0.000     0.000 r  
    W5                                                0.000     0.000 r  clk (IN)
                         net (fo=0)                   0.000     0.000    clk
    W5                   IBUF (Prop_ibuf_I_O)         0.414     0.414 r  clk_IBUF_inst/O
                         net (fo=1, routed)           0.685     1.099    clk_IBUF
    BUFGCTRL_X0Y0        BUFG (Prop_bufg_I_O)         0.029     1.128 r  clk_IBUF_BUFG_inst/O
                         net (fo=27, routed)          0.857     1.984    clk_IBUF_BUFG
    SLICE_X0Y18          FDRE                                         r  ledreg_reg[4]/C
                         clock pessimism             -0.513     1.471    
    SLICE_X0Y18          FDRE (Hold_fdre_C_D)         0.091     1.562    ledreg_reg[4]
  -------------------------------------------------------------------
                         required time                         -1.562    
                         arrival time                           1.842    
  -------------------------------------------------------------------
                         slack                                  0.280    

Slack (MET) :             0.308ns  (arrival time - required time)
  Source:                 ready_prev_reg/C
                            (rising edge-triggered cell FDRE clocked by sys_clk_pin  {rise@0.000ns fall@5.000ns period=10.000ns})
  Destination:            FSM_sequential_state_reg[1]/D
                            (rising edge-triggered cell FDRE clocked by sys_clk_pin  {rise@0.000ns fall@5.000ns period=10.000ns})
  Path Group:             sys_clk_pin
  Path Type:              Hold (Min at Fast Process Corner)
  Requirement:            0.000ns  (sys_clk_pin rise@0.000ns - sys_clk_pin rise@0.000ns)
  Data Path Delay:        0.415ns  (logic 0.185ns (44.556%)  route 0.230ns (55.444%))
  Logic Levels:           1  (LUT5=1)
  Clock Path Skew:        0.000ns (DCD - SCD - CPR)
    Destination Clock Delay (DCD):    1.961ns
    Source Clock Delay      (SCD):    1.447ns
    Clock Pessimism Removal (CPR):    0.514ns

    Location             Delay type                Incr(ns)  Path(ns)    Netlist Resource(s)
  -------------------------------------------------------------------    -------------------
                         (clock sys_clk_pin rise edge)
                                                      0.000     0.000 r  
    W5                                                0.000     0.000 r  clk (IN)
                         net (fo=0)                   0.000     0.000    clk
    W5                   IBUF (Prop_ibuf_I_O)         0.226     0.226 r  clk_IBUF_inst/O
                         net (fo=1, routed)           0.631     0.858    clk_IBUF
    BUFGCTRL_X0Y0        BUFG (Prop_bufg_I_O)         0.026     0.884 r  clk_IBUF_BUFG_inst/O
                         net (fo=27, routed)          0.564     1.447    clk_IBUF_BUFG
    SLICE_X15Y38         FDRE                                         r  ready_prev_reg/C
  -------------------------------------------------------------------    -------------------
    SLICE_X15Y38         FDRE (Prop_fdre_C_Q)         0.141     1.588 f  ready_prev_reg/Q
                         net (fo=4, routed)           0.230     1.818    kb1/ready_prev
    SLICE_X15Y38         LUT5 (Prop_lut5_I1_O)        0.044     1.862 r  kb1/FSM_sequential_state[1]_i_1__0/O
                         net (fo=1, routed)           0.000     1.862    kb1_n_1
    SLICE_X15Y38         FDRE                                         r  FSM_sequential_state_reg[1]/D
  -------------------------------------------------------------------    -------------------

                         (clock sys_clk_pin rise edge)
                                                      0.000     0.000 r  
    W5                                                0.000     0.000 r  clk (IN)
                         net (fo=0)                   0.000     0.000    clk
    W5                   IBUF (Prop_ibuf_I_O)         0.414     0.414 r  clk_IBUF_inst/O
                         net (fo=1, routed)           0.685     1.099    clk_IBUF
    BUFGCTRL_X0Y0        BUFG (Prop_bufg_I_O)         0.029     1.128 r  clk_IBUF_BUFG_inst/O
                         net (fo=27, routed)          0.834     1.961    clk_IBUF_BUFG
    SLICE_X15Y38         FDRE                                         r  FSM_sequential_state_reg[1]/C
                         clock pessimism             -0.514     1.447    
    SLICE_X15Y38         FDRE (Hold_fdre_C_D)         0.107     1.554    FSM_sequential_state_reg[1]
  -------------------------------------------------------------------
                         required time                         -1.554    
                         arrival time                           1.862    
  -------------------------------------------------------------------
                         slack                                  0.308    

Slack (MET) :             0.325ns  (arrival time - required time)
  Source:                 FSM_sequential_state_reg[0]/C
                            (rising edge-triggered cell FDRE clocked by sys_clk_pin  {rise@0.000ns fall@5.000ns period=10.000ns})
  Destination:            FSM_sequential_state_reg[0]/D
                            (rising edge-triggered cell FDRE clocked by sys_clk_pin  {rise@0.000ns fall@5.000ns period=10.000ns})
  Path Group:             sys_clk_pin
  Path Type:              Hold (Min at Fast Process Corner)
  Requirement:            0.000ns  (sys_clk_pin rise@0.000ns - sys_clk_pin rise@0.000ns)
  Data Path Delay:        0.416ns  (logic 0.186ns (44.730%)  route 0.230ns (55.270%))
  Logic Levels:           1  (LUT5=1)
  Clock Path Skew:        0.000ns (DCD - SCD - CPR)
    Destination Clock Delay (DCD):    1.961ns
    Source Clock Delay      (SCD):    1.447ns
    Clock Pessimism Removal (CPR):    0.514ns

    Location             Delay type                Incr(ns)  Path(ns)    Netlist Resource(s)
  -------------------------------------------------------------------    -------------------
                         (clock sys_clk_pin rise edge)
                                                      0.000     0.000 r  
    W5                                                0.000     0.000 r  clk (IN)
                         net (fo=0)                   0.000     0.000    clk
    W5                   IBUF (Prop_ibuf_I_O)         0.226     0.226 r  clk_IBUF_inst/O
                         net (fo=1, routed)           0.631     0.858    clk_IBUF
    BUFGCTRL_X0Y0        BUFG (Prop_bufg_I_O)         0.026     0.884 r  clk_IBUF_BUFG_inst/O
                         net (fo=27, routed)          0.564     1.447    clk_IBUF_BUFG
    SLICE_X15Y38         FDRE                                         r  FSM_sequential_state_reg[0]/C
  -------------------------------------------------------------------    -------------------
    SLICE_X15Y38         FDRE (Prop_fdre_C_Q)         0.141     1.588 r  FSM_sequential_state_reg[0]/Q
                         net (fo=6, routed)           0.230     1.818    kb1/state[0]
    SLICE_X15Y38         LUT5 (Prop_lut5_I2_O)        0.045     1.863 r  kb1/FSM_sequential_state[0]_i_1__0/O
                         net (fo=1, routed)           0.000     1.863    kb1_n_2
    SLICE_X15Y38         FDRE                                         r  FSM_sequential_state_reg[0]/D
  -------------------------------------------------------------------    -------------------

                         (clock sys_clk_pin rise edge)
                                                      0.000     0.000 r  
    W5                                                0.000     0.000 r  clk (IN)
                         net (fo=0)                   0.000     0.000    clk
    W5                   IBUF (Prop_ibuf_I_O)         0.414     0.414 r  clk_IBUF_inst/O
                         net (fo=1, routed)           0.685     1.099    clk_IBUF
    BUFGCTRL_X0Y0        BUFG (Prop_bufg_I_O)         0.029     1.128 r  clk_IBUF_BUFG_inst/O
                         net (fo=27, routed)          0.834     1.961    clk_IBUF_BUFG
    SLICE_X15Y38         FDRE                                         r  FSM_sequential_state_reg[0]/C
                         clock pessimism             -0.514     1.447    
    SLICE_X15Y38         FDRE (Hold_fdre_C_D)         0.091     1.538    FSM_sequential_state_reg[0]
  -------------------------------------------------------------------
                         required time                         -1.538    
                         arrival time                           1.863    
  -------------------------------------------------------------------
                         slack                                  0.325    

Slack (MET) :             0.327ns  (arrival time - required time)
  Source:                 ledreg_reg[0]/C
                            (rising edge-triggered cell FDRE clocked by sys_clk_pin  {rise@0.000ns fall@5.000ns period=10.000ns})
  Destination:            ledreg_reg[0]/D
                            (rising edge-triggered cell FDRE clocked by sys_clk_pin  {rise@0.000ns fall@5.000ns period=10.000ns})
  Path Group:             sys_clk_pin
  Path Type:              Hold (Min at Fast Process Corner)
  Requirement:            0.000ns  (sys_clk_pin rise@0.000ns - sys_clk_pin rise@0.000ns)
  Data Path Delay:        0.419ns  (logic 0.186ns (44.342%)  route 0.233ns (55.658%))
  Logic Levels:           1  (LUT5=1)
  Clock Path Skew:        0.000ns (DCD - SCD - CPR)
    Destination Clock Delay (DCD):    1.987ns
    Source Clock Delay      (SCD):    1.473ns
    Clock Pessimism Removal (CPR):    0.514ns

    Location             Delay type                Incr(ns)  Path(ns)    Netlist Resource(s)
  -------------------------------------------------------------------    -------------------
                         (clock sys_clk_pin rise edge)
                                                      0.000     0.000 r  
    W5                                                0.000     0.000 r  clk (IN)
                         net (fo=0)                   0.000     0.000    clk
    W5                   IBUF (Prop_ibuf_I_O)         0.226     0.226 r  clk_IBUF_inst/O
                         net (fo=1, routed)           0.631     0.858    clk_IBUF
    BUFGCTRL_X0Y0        BUFG (Prop_bufg_I_O)         0.026     0.884 r  clk_IBUF_BUFG_inst/O
                         net (fo=27, routed)          0.590     1.473    clk_IBUF_BUFG
    SLICE_X7Y37          FDRE                                         r  ledreg_reg[0]/C
  -------------------------------------------------------------------    -------------------
    SLICE_X7Y37          FDRE (Prop_fdre_C_Q)         0.141     1.614 r  ledreg_reg[0]/Q
                         net (fo=2, routed)           0.233     1.848    led_OBUF[0]
    SLICE_X7Y37          LUT5 (Prop_lut5_I4_O)        0.045     1.893 r  ledreg[0]_i_1/O
                         net (fo=1, routed)           0.000     1.893    ledreg[0]_i_1_n_0
    SLICE_X7Y37          FDRE                                         r  ledreg_reg[0]/D
  -------------------------------------------------------------------    -------------------

                         (clock sys_clk_pin rise edge)
                                                      0.000     0.000 r  
    W5                                                0.000     0.000 r  clk (IN)
                         net (fo=0)                   0.000     0.000    clk
    W5                   IBUF (Prop_ibuf_I_O)         0.414     0.414 r  clk_IBUF_inst/O
                         net (fo=1, routed)           0.685     1.099    clk_IBUF
    BUFGCTRL_X0Y0        BUFG (Prop_bufg_I_O)         0.029     1.128 r  clk_IBUF_BUFG_inst/O
                         net (fo=27, routed)          0.860     1.987    clk_IBUF_BUFG
    SLICE_X7Y37          FDRE                                         r  ledreg_reg[0]/C
                         clock pessimism             -0.514     1.473    
    SLICE_X7Y37          FDRE (Hold_fdre_C_D)         0.092     1.565    ledreg_reg[0]
  -------------------------------------------------------------------
                         required time                         -1.565    
                         arrival time                           1.893    
  -------------------------------------------------------------------
                         slack                                  0.327    

Slack (MET) :             0.331ns  (arrival time - required time)
  Source:                 ledreg_reg[2]/C
                            (rising edge-triggered cell FDRE clocked by sys_clk_pin  {rise@0.000ns fall@5.000ns period=10.000ns})
  Destination:            ledreg_reg[2]/D
                            (rising edge-triggered cell FDRE clocked by sys_clk_pin  {rise@0.000ns fall@5.000ns period=10.000ns})
  Path Group:             sys_clk_pin
  Path Type:              Hold (Min at Fast Process Corner)
  Requirement:            0.000ns  (sys_clk_pin rise@0.000ns - sys_clk_pin rise@0.000ns)
  Data Path Delay:        0.423ns  (logic 0.186ns (43.997%)  route 0.237ns (56.003%))
  Logic Levels:           1  (LUT6=1)
  Clock Path Skew:        0.000ns (DCD - SCD - CPR)
    Destination Clock Delay (DCD):    1.983ns
    Source Clock Delay      (SCD):    1.470ns
    Clock Pessimism Removal (CPR):    0.513ns

    Location             Delay type                Incr(ns)  Path(ns)    Netlist Resource(s)
  -------------------------------------------------------------------    -------------------
                         (clock sys_clk_pin rise edge)
                                                      0.000     0.000 r  
    W5                                                0.000     0.000 r  clk (IN)
                         net (fo=0)                   0.000     0.000    clk
    W5                   IBUF (Prop_ibuf_I_O)         0.226     0.226 r  clk_IBUF_inst/O
                         net (fo=1, routed)           0.631     0.858    clk_IBUF
    BUFGCTRL_X0Y0        BUFG (Prop_bufg_I_O)         0.026     0.884 r  clk_IBUF_BUFG_inst/O
                         net (fo=27, routed)          0.587     1.470    clk_IBUF_BUFG
    SLICE_X0Y19          FDRE                                         r  ledreg_reg[2]/C
  -------------------------------------------------------------------    -------------------
    SLICE_X0Y19          FDRE (Prop_fdre_C_Q)         0.141     1.611 r  ledreg_reg[2]/Q
                         net (fo=2, routed)           0.237     1.848    led_OBUF[2]
    SLICE_X0Y19          LUT6 (Prop_lut6_I5_O)        0.045     1.893 r  ledreg[2]_i_1/O
                         net (fo=1, routed)           0.000     1.893    ledreg[2]_i_1_n_0
    SLICE_X0Y19          FDRE                                         r  ledreg_reg[2]/D
  -------------------------------------------------------------------    -------------------

                         (clock sys_clk_pin rise edge)
                                                      0.000     0.000 r  
    W5                                                0.000     0.000 r  clk (IN)
                         net (fo=0)                   0.000     0.000    clk
    W5                   IBUF (Prop_ibuf_I_O)         0.414     0.414 r  clk_IBUF_inst/O
                         net (fo=1, routed)           0.685     1.099    clk_IBUF
    BUFGCTRL_X0Y0        BUFG (Prop_bufg_I_O)         0.029     1.128 r  clk_IBUF_BUFG_inst/O
                         net (fo=27, routed)          0.856     1.983    clk_IBUF_BUFG
    SLICE_X0Y19          FDRE                                         r  ledreg_reg[2]/C
                         clock pessimism             -0.513     1.470    
    SLICE_X0Y19          FDRE (Hold_fdre_C_D)         0.092     1.562    ledreg_reg[2]
  -------------------------------------------------------------------
                         required time                         -1.562    
                         arrival time                           1.893    
  -------------------------------------------------------------------
                         slack                                  0.331    

Slack (MET) :             0.331ns  (arrival time - required time)
  Source:                 ledreg_reg[5]/C
                            (rising edge-triggered cell FDRE clocked by sys_clk_pin  {rise@0.000ns fall@5.000ns period=10.000ns})
  Destination:            ledreg_reg[5]/D
                            (rising edge-triggered cell FDRE clocked by sys_clk_pin  {rise@0.000ns fall@5.000ns period=10.000ns})
  Path Group:             sys_clk_pin
  Path Type:              Hold (Min at Fast Process Corner)
  Requirement:            0.000ns  (sys_clk_pin rise@0.000ns - sys_clk_pin rise@0.000ns)
  Data Path Delay:        0.423ns  (logic 0.186ns (43.990%)  route 0.237ns (56.010%))
  Logic Levels:           1  (LUT6=1)
  Clock Path Skew:        0.000ns (DCD - SCD - CPR)
    Destination Clock Delay (DCD):    1.984ns
    Source Clock Delay      (SCD):    1.471ns
    Clock Pessimism Removal (CPR):    0.513ns

    Location             Delay type                Incr(ns)  Path(ns)    Netlist Resource(s)
  -------------------------------------------------------------------    -------------------
                         (clock sys_clk_pin rise edge)
                                                      0.000     0.000 r  
    W5                                                0.000     0.000 r  clk (IN)
                         net (fo=0)                   0.000     0.000    clk
    W5                   IBUF (Prop_ibuf_I_O)         0.226     0.226 r  clk_IBUF_inst/O
                         net (fo=1, routed)           0.631     0.858    clk_IBUF
    BUFGCTRL_X0Y0        BUFG (Prop_bufg_I_O)         0.026     0.884 r  clk_IBUF_BUFG_inst/O
                         net (fo=27, routed)          0.588     1.471    clk_IBUF_BUFG
    SLICE_X0Y18          FDRE                                         r  ledreg_reg[5]/C
  -------------------------------------------------------------------    -------------------
    SLICE_X0Y18          FDRE (Prop_fdre_C_Q)         0.141     1.612 r  ledreg_reg[5]/Q
                         net (fo=2, routed)           0.237     1.849    led_OBUF[5]
    SLICE_X0Y18          LUT6 (Prop_lut6_I5_O)        0.045     1.894 r  ledreg[5]_i_1/O
                         net (fo=1, routed)           0.000     1.894    ledreg[5]_i_1_n_0
    SLICE_X0Y18          FDRE                                         r  ledreg_reg[5]/D
  -------------------------------------------------------------------    -------------------

                         (clock sys_clk_pin rise edge)
                                                      0.000     0.000 r  
    W5                                                0.000     0.000 r  clk (IN)
                         net (fo=0)                   0.000     0.000    clk
    W5                   IBUF (Prop_ibuf_I_O)         0.414     0.414 r  clk_IBUF_inst/O
                         net (fo=1, routed)           0.685     1.099    clk_IBUF
    BUFGCTRL_X0Y0        BUFG (Prop_bufg_I_O)         0.029     1.128 r  clk_IBUF_BUFG_inst/O
                         net (fo=27, routed)          0.857     1.984    clk_IBUF_BUFG
    SLICE_X0Y18          FDRE                                         r  ledreg_reg[5]/C
                         clock pessimism             -0.513     1.471    
    SLICE_X0Y18          FDRE (Hold_fdre_C_D)         0.092     1.563    ledreg_reg[5]
  -------------------------------------------------------------------
                         required time                         -1.563    
                         arrival time                           1.894    
  -------------------------------------------------------------------
                         slack                                  0.331    

Slack (MET) :             0.339ns  (arrival time - required time)
  Source:                 ledreg_reg[6]/C
                            (rising edge-triggered cell FDRE clocked by sys_clk_pin  {rise@0.000ns fall@5.000ns period=10.000ns})
  Destination:            ledreg_reg[6]/D
                            (rising edge-triggered cell FDRE clocked by sys_clk_pin  {rise@0.000ns fall@5.000ns period=10.000ns})
  Path Group:             sys_clk_pin
  Path Type:              Hold (Min at Fast Process Corner)
  Requirement:            0.000ns  (sys_clk_pin rise@0.000ns - sys_clk_pin rise@0.000ns)
  Data Path Delay:        0.431ns  (logic 0.186ns (43.185%)  route 0.245ns (56.815%))
  Logic Levels:           1  (LUT6=1)
  Clock Path Skew:        0.000ns (DCD - SCD - CPR)
    Destination Clock Delay (DCD):    1.984ns
    Source Clock Delay      (SCD):    1.471ns
    Clock Pessimism Removal (CPR):    0.513ns

    Location             Delay type                Incr(ns)  Path(ns)    Netlist Resource(s)
  -------------------------------------------------------------------    -------------------
                         (clock sys_clk_pin rise edge)
                                                      0.000     0.000 r  
    W5                                                0.000     0.000 r  clk (IN)
                         net (fo=0)                   0.000     0.000    clk
    W5                   IBUF (Prop_ibuf_I_O)         0.226     0.226 r  clk_IBUF_inst/O
                         net (fo=1, routed)           0.631     0.858    clk_IBUF
    BUFGCTRL_X0Y0        BUFG (Prop_bufg_I_O)         0.026     0.884 r  clk_IBUF_BUFG_inst/O
                         net (fo=27, routed)          0.588     1.471    clk_IBUF_BUFG
    SLICE_X0Y18          FDRE                                         r  ledreg_reg[6]/C
  -------------------------------------------------------------------    -------------------
    SLICE_X0Y18          FDRE (Prop_fdre_C_Q)         0.141     1.612 r  ledreg_reg[6]/Q
                         net (fo=2, routed)           0.245     1.857    led_OBUF[6]
    SLICE_X0Y18          LUT6 (Prop_lut6_I5_O)        0.045     1.902 r  ledreg[6]_i_1/O
                         net (fo=1, routed)           0.000     1.902    ledreg[6]_i_1_n_0
    SLICE_X0Y18          FDRE                                         r  ledreg_reg[6]/D
  -------------------------------------------------------------------    -------------------

                         (clock sys_clk_pin rise edge)
                                                      0.000     0.000 r  
    W5                                                0.000     0.000 r  clk (IN)
                         net (fo=0)                   0.000     0.000    clk
    W5                   IBUF (Prop_ibuf_I_O)         0.414     0.414 r  clk_IBUF_inst/O
                         net (fo=1, routed)           0.685     1.099    clk_IBUF
    BUFGCTRL_X0Y0        BUFG (Prop_bufg_I_O)         0.029     1.128 r  clk_IBUF_BUFG_inst/O
                         net (fo=27, routed)          0.857     1.984    clk_IBUF_BUFG
    SLICE_X0Y18          FDRE                                         r  ledreg_reg[6]/C
                         clock pessimism             -0.513     1.471    
    SLICE_X0Y18          FDRE (Hold_fdre_C_D)         0.092     1.563    ledreg_reg[6]
  -------------------------------------------------------------------
                         required time                         -1.563    
                         arrival time                           1.902    
  -------------------------------------------------------------------
                         slack                                  0.339    





Pulse Width Checks
--------------------------------------------------------------------------------------
Clock Name:         sys_clk_pin
Waveform(ns):       { 0.000 5.000 }
Period(ns):         10.000
Sources:            { clk }

Check Type        Corner  Lib Pin  Reference Pin  Required(ns)  Actual(ns)  Slack(ns)  Location       Pin
Min Period        n/a     BUFG/I   n/a            2.155         10.000      7.845      BUFGCTRL_X0Y0  clk_IBUF_BUFG_inst/I
Min Period        n/a     FDRE/C   n/a            1.000         10.000      9.000      SLICE_X15Y38   FSM_sequential_state_reg[0]/C
Min Period        n/a     FDRE/C   n/a            1.000         10.000      9.000      SLICE_X15Y38   FSM_sequential_state_reg[1]/C
Min Period        n/a     FDRE/C   n/a            1.000         10.000      9.000      SLICE_X7Y37    ledreg_reg[0]/C
Min Period        n/a     FDRE/C   n/a            1.000         10.000      9.000      SLICE_X7Y37    ledreg_reg[1]/C
Min Period        n/a     FDRE/C   n/a            1.000         10.000      9.000      SLICE_X0Y19    ledreg_reg[2]/C
Min Period        n/a     FDRE/C   n/a            1.000         10.000      9.000      SLICE_X0Y19    ledreg_reg[3]/C
Min Period        n/a     FDRE/C   n/a            1.000         10.000      9.000      SLICE_X0Y18    ledreg_reg[4]/C
Min Period        n/a     FDRE/C   n/a            1.000         10.000      9.000      SLICE_X0Y18    ledreg_reg[5]/C
Min Period        n/a     FDRE/C   n/a            1.000         10.000      9.000      SLICE_X0Y18    ledreg_reg[6]/C
Low Pulse Width   Slow    FDRE/C   n/a            0.500         5.000       4.500      SLICE_X15Y38   FSM_sequential_state_reg[0]/C
Low Pulse Width   Slow    FDRE/C   n/a            0.500         5.000       4.500      SLICE_X15Y38   FSM_sequential_state_reg[1]/C
Low Pulse Width   Slow    FDRE/C   n/a            0.500         5.000       4.500      SLICE_X15Y38   ready_prev_reg/C
Low Pulse Width   Slow    FDRE/C   n/a            0.500         5.000       4.500      SLICE_X14Y37   received_reg[0]/C
Low Pulse Width   Slow    FDRE/C   n/a            0.500         5.000       4.500      SLICE_X12Y38   received_reg[10]/C
Low Pulse Width   Slow    FDRE/C   n/a            0.500         5.000       4.500      SLICE_X15Y37   received_reg[11]/C
Low Pulse Width   Slow    FDRE/C   n/a            0.500         5.000       4.500      SLICE_X15Y37   received_reg[12]/C
Low Pulse Width   Slow    FDRE/C   n/a            0.500         5.000       4.500      SLICE_X15Y37   received_reg[13]/C
Low Pulse Width   Slow    FDRE/C   n/a            0.500         5.000       4.500      SLICE_X15Y37   received_reg[14]/C
Low Pulse Width   Slow    FDRE/C   n/a            0.500         5.000       4.500      SLICE_X15Y37   received_reg[15]/C
High Pulse Width  Fast    FDRE/C   n/a            0.500         5.000       4.500      SLICE_X15Y38   FSM_sequential_state_reg[0]/C
High Pulse Width  Fast    FDRE/C   n/a            0.500         5.000       4.500      SLICE_X15Y38   FSM_sequential_state_reg[1]/C
High Pulse Width  Slow    FDRE/C   n/a            0.500         5.000       4.500      SLICE_X7Y37    ledreg_reg[0]/C
High Pulse Width  Fast    FDRE/C   n/a            0.500         5.000       4.500      SLICE_X7Y37    ledreg_reg[0]/C
High Pulse Width  Slow    FDRE/C   n/a            0.500         5.000       4.500      SLICE_X7Y37    ledreg_reg[1]/C
High Pulse Width  Fast    FDRE/C   n/a            0.500         5.000       4.500      SLICE_X7Y37    ledreg_reg[1]/C
High Pulse Width  Fast    FDRE/C   n/a            0.500         5.000       4.500      SLICE_X0Y19    ledreg_reg[2]/C
High Pulse Width  Fast    FDRE/C   n/a            0.500         5.000       4.500      SLICE_X0Y19    ledreg_reg[3]/C
High Pulse Width  Fast    FDRE/C   n/a            0.500         5.000       4.500      SLICE_X0Y18    ledreg_reg[4]/C
High Pulse Width  Fast    FDRE/C   n/a            0.500         5.000       4.500      SLICE_X0Y18    ledreg_reg[5]/C



