Copyright 1986-2018 Xilinx, Inc. All Rights Reserved.
-------------------------------------------------------------------------------------------
| Tool Version : Vivado v.2018.3 (win64) Build 2405991 Thu Dec  6 23:38:27 MST 2018
| Date         : Tue Feb 17 16:19:38 2026
| Host         : SFH0760-CSGBX74 running 64-bit major release  (build 9200)
| Command      : report_control_sets -verbose -file LCD_driver_top_control_sets_placed.rpt
| Design       : LCD_driver_top
| Device       : xc7a35t
-------------------------------------------------------------------------------------------

Control Set Information

Table of Contents
-----------------
1. Summary
2. Histogram
3. Flip-Flop Distribution
4. Detailed Control Set Information

1. Summary
----------

+----------------------------------------------------------+-------+
|                          Status                          | Count |
+----------------------------------------------------------+-------+
| Number of unique control sets                            |     7 |
| Unused register locations in slices containing registers |    20 |
+----------------------------------------------------------+-------+


2. Histogram
------------

+--------+--------------+
| Fanout | Control Sets |
+--------+--------------+
|      4 |            1 |
|      6 |            1 |
|     11 |            1 |
|    16+ |            4 |
+--------+--------------+


3. Flip-Flop Distribution
-------------------------

+--------------+-----------------------+------------------------+-----------------+--------------+
| Clock Enable | Synchronous Set/Reset | Asynchronous Set/Reset | Total Registers | Total Slices |
+--------------+-----------------------+------------------------+-----------------+--------------+
| No           | No                    | No                     |              28 |           12 |
| No           | No                    | Yes                    |               0 |            0 |
| No           | Yes                   | No                     |              50 |           15 |
| Yes          | No                    | No                     |              50 |           13 |
| Yes          | No                    | Yes                    |               0 |            0 |
| Yes          | Yes                   | No                     |               4 |            1 |
+--------------+-----------------------+------------------------+-----------------+--------------+


4. Detailed Control Set Information
-----------------------------------

+----------------+--------------------------+-----------------------------+------------------+----------------+
|  Clock Signal  |       Enable Signal      |       Set/Reset Signal      | Slice Load Count | Bel Load Count |
+----------------+--------------------------+-----------------------------+------------------+----------------+
| ~clk_IBUF_BUFG | lcd1/cnt_data_in         | lcd1/cnt_data_in[3]_i_1_n_0 |                1 |              4 |
| ~clk_IBUF_BUFG |                          |                             |                3 |              6 |
|  clk_IBUF_BUFG | sel                      |                             |                3 |             11 |
|  clk_IBUF_BUFG |                          | sw_IBUF[0]                  |                7 |             18 |
|  clk_IBUF_BUFG |                          |                             |                9 |             22 |
|  clk_IBUF_BUFG |                          | sel                         |                8 |             32 |
| ~clk_IBUF_BUFG | lcd1/data_out[6]_i_1_n_0 |                             |               10 |             39 |
+----------------+--------------------------+-----------------------------+------------------+----------------+


