KCPSM6 Assembler log file for program 'C:\Users\lebray\Vivado-Workflow-Scripts\HW6\T11\prog.psm'.
Generated by KCPSM6 version v2.70
Ken Chapman - Xilinx Ltd - 16th May 2014

Assembly datestamp: 24 Mar 2026
Assembly timestamp: 16:26:22

Contents
  Assembly listing
  List of PSM files
  List of CONSTANTs
  List of TABLEs
  List of STRINGs
  List of line labels
  Instruction usage statistics


Last occupied address: 00A hex
Nominal program memory size: 1K (1024)   address(9:0)
Actual memory size: 4096
  (Default memory size)
Occupied memory locations: 11
Memory locations available: 4085


Assembly listing

 Addr Code            Instruction

 000                  ; Section 11 - Count number of switches that are ON, display count on LEDs
 000                  ; Algorithm: test each bit of s0 one at a time, shift right 8 times
 000                  ; s0 = switch input, s1 = count, s2 = loop counter (8 iterations)
 000                  ; Compile: kcpsm6.exe prog.psm -> generates prog.v
 000         FOREVER: 
 000  09000           INPUT s0, 00       ; read switches from port 0
 001  01100           LOAD s1, 00        ; clear bit count
 002  01208           LOAD s2, 08        ; loop counter = 8 bits
 003            LOOP: 
 003  0D001           TEST s0, 01        ; test bit 0 of s0; Z=1 if bit is 0
 004  32006           JUMP Z, 006[SKIP]  ; bit is 0, skip increment
 005  11101           ADD s1, 01         ; bit is 1, increment count
 006            SKIP: 
 006  1400E           SR0 s0             ; shift s0 right 1 bit to check next bit
 007  19201           SUB s2, 01         ; decrement loop counter
 008  36003           JUMP NZ, 003[LOOP] ; if counter != 0, keep looping
 009  2D100           OUTPUT s1, 00      ; output count (0-8) to LEDs in binary
 00A  22000           JUMP 000[FOREVER]  ; repeat to update with new switch state


All unused memory locations contain zero (equivalent to 'LOAD s0, s0')



List of PSM files that have been assembled

C:\Users\lebray\Vivado-Workflow-Scripts\HW6\T11\prog.psm



List of defined constants

 CONSTANT name     Value        Source PSM File

 timestamp_hours   16'd         
 timestamp_minutes 26'd         
 timestamp_seconds 22'd         
 datestamp_year    26'd         
 datestamp_month   3'd          
 datestamp_day     24'd         
 NUL               00           
 BEL               07           
 BS                08           
 HT                09           
 LF                0A           
 VT                0B           
 CR                0D           
 ESC               1B           
 DEL               7F           
 DCS               90           
 ST                9C           



No TABLEs defined



List of text strings

 STRING name       String         Source PSM File

 KCPSM6_version$   "v2.70"        
 datestamp$        "24 Mar 2026"  
 timestamp$        "16:26:22"     



List of line labels

   Label     Addr  Source PSM File

   FOREVER   000   prog.psm
   LOOP      003   prog.psm
   SKIP      006   prog.psm



Instruction usage statistics

 Instruction    Instances

 LOAD              2
 STAR              -

 AND               -
 OR                -
 XOR               -

 ADD               1
 ADDCY             -
 SUB               1
 SUBCY             -

 TEST              1
 TESTCY            -
 COMPARE           -
 COMPARECY         -

 SL0               -
 SL1               -
 SLX               -
 SLA               -
 RL                -
 SR0               1
 SR1               -
 SRX               -
 SRA               -
 RR                -

 REGBANK           -

 INPUT             1
 OUTPUT            1
 OUTPUTK           -

 STORE             -
 FETCH             -

 DISABLE           -
 ENABLE            -
 RETURNI           -

 JUMP              3
 JUMP@             -
 CALL              -
 CALL@             -
 RETURN            -
 LOAD&RETURN       -

 HWBUILD           -



End of KCPSM6 log file.
