Copyright 1986-2018 Xilinx, Inc. All Rights Reserved.
-------------------------------------------------------------------------------------------
| Tool Version : Vivado v.2018.3 (win64) Build 2405991 Thu Dec  6 23:38:27 MST 2018
| Date         : Fri Feb 27 17:31:01 2026
| Host         : BH610-DRZVK84 running 64-bit major release  (build 9200)
| Command      : report_control_sets -verbose -file btnCounter_top_control_sets_placed.rpt
| Design       : btnCounter_top
| Device       : xc7a35t
-------------------------------------------------------------------------------------------

Control Set Information

Table of Contents
-----------------
1. Summary
2. Histogram
3. Flip-Flop Distribution
4. Detailed Control Set Information

1. Summary
----------

+----------------------------------------------------------+-------+
|                          Status                          | Count |
+----------------------------------------------------------+-------+
| Number of unique control sets                            |     6 |
| Unused register locations in slices containing registers |    16 |
+----------------------------------------------------------+-------+


2. Histogram
------------

+--------+--------------+
| Fanout | Control Sets |
+--------+--------------+
|      1 |            1 |
|      4 |            2 |
|      7 |            1 |
|    16+ |            2 |
+--------+--------------+


3. Flip-Flop Distribution
-------------------------

+--------------+-----------------------+------------------------+-----------------+--------------+
| Clock Enable | Synchronous Set/Reset | Asynchronous Set/Reset | Total Registers | Total Slices |
+--------------+-----------------------+------------------------+-----------------+--------------+
| No           | No                    | No                     |               4 |            2 |
| No           | No                    | Yes                    |               0 |            0 |
| No           | Yes                   | No                     |              16 |            4 |
| Yes          | No                    | No                     |               1 |            1 |
| Yes          | No                    | Yes                    |               0 |            0 |
| Yes          | Yes                   | No                     |              43 |           10 |
+--------------+-----------------------+------------------------+-----------------+--------------+


4. Detailed Control Set Information
-----------------------------------

+----------------+---------------------------+-----------------------------+------------------+----------------+
|  Clock Signal  |       Enable Signal       |       Set/Reset Signal      | Slice Load Count | Bel Load Count |
+----------------+---------------------------+-----------------------------+------------------+----------------+
|  clk_IBUF_BUFG | debounce_UT/xnew_i_1_n_0  |                             |                1 |              1 |
|  clk_IBUF_BUFG |                           |                             |                2 |              4 |
|  clk_IBUF_BUFG | debounce_UT/btn_clr_reg_0 | counter_UT/digit[3]_i_1_n_0 |                1 |              4 |
|  clk_IBUF_BUFG | display_UT/seg[6]_i_2_n_0 | display_UT/seg[6]_i_1_n_0   |                1 |              7 |
|  clk_IBUF_BUFG |                           | display_UT/clear            |                4 |             16 |
|  clk_IBUF_BUFG | debounce_UT/sel           | debounce_UT/xnew_i_1_n_0    |                8 |             32 |
+----------------+---------------------------+-----------------------------+------------------+----------------+


