KCPSM6 Assembler log file for program 'C:\Users\lebray\Vivado-Workflow-Scripts\HW7\T2\als_rom.psm'.
Generated by KCPSM6 version v2.70
Ken Chapman - Xilinx Ltd - 16th May 2014

Assembly datestamp: 30 Mar 2026
Assembly timestamp: 13:56:49

Contents
  Assembly listing
  List of PSM files
  List of CONSTANTs
  List of TABLEs
  List of STRINGs
  List of line labels
  Instruction usage statistics


Last occupied address: 021 hex
Nominal program memory size: 1K (1024)   address(9:0)
Actual memory size: 4096
  (Default memory size)
Occupied memory locations: 34
Memory locations available: 4062


Assembly listing

 Addr Code                 Instruction

 000                       ;=========================================================
 000                       ; HW7 T2 - Smart Light Controller
 000                       ; Reads 8-bit ambient light value from SPI ALS sensor.
 000                       ; Brighter room = fewer LEDs on.
 000                       ; Darker room   = more LEDs on (all 16 at minimum light).
 000                       ;
 000                       ; Port map:
 000                       ;   IN  0x00: {7'b0, spi_ready} - SPI data ready flag
 000                       ;   IN  0x01: light[7:0]        - 8-bit light value
 000                       ;   OUT 0x00: led[7:0]
 000                       ;   OUT 0x01: led[15:8]
 000                       ;=========================================================
 000                       ;=========================================================
 000                       ; Register alias
 000                       ;=========================================================
 000                       NAMEREG s0, led_lsb                  ; lower byte of LED pattern
 000                       NAMEREG s1, led_msb                  ; upper byte of LED pattern
 000                       NAMEREG s2, light_val                ; raw light reading
 000                       NAMEREG s3, n                        ; shift count (light >> 4)
 000                       NAMEREG s4, tmp
 000                       ;=========================================================
 000                       ; Port alias
 000                       ;=========================================================
 000                       CONSTANT ready_port, 00
 000                       CONSTANT light_port, 01
 000                       CONSTANT led_lsb_port, 00
 000                       CONSTANT led_msb_port, 01
 000                       ;=========================================================
 000                       ; Main program
 000                       ;=========================================================
 000  20006                CALL 006[init]
 001              forever: 
 001  2000B                CALL 00B[wait_ready]
 002  2000F                CALL 00F[read_light]
 003  20011                CALL 011[compute_leds]
 004  2001F                CALL 01F[output_leds]
 005  22001                JUMP 001[forever]
 006                       ;=========================================================
 006                       ; routine: init - set LEDs all on at startup
 006                       ;=========================================================
 006                 init: 
 006  010FF                LOAD s0[led_lsb], FF
 007  011FF                LOAD s1[led_msb], FF
 008  2D000                OUTPUT s0[led_lsb], 00[led_lsb_port]
 009  2D101                OUTPUT s1[led_msb], 01[led_msb_port]
 00A  25000                RETURN 
 00B                       ;=========================================================
 00B                       ; routine: wait_ready - poll until SPI ready flag is set
 00B                       ;=========================================================
 00B           wait_ready: 
 00B  09400                INPUT s4[tmp], 00[ready_port]
 00C  0D401                TEST s4[tmp], 01
 00D  3200B                JUMP Z, 00B[wait_ready]
 00E  25000                RETURN 
 00F                       ;=========================================================
 00F                       ; routine: read_light - latch the 8-bit light value
 00F                       ;=========================================================
 00F           read_light: 
 00F  09201                INPUT s2[light_val], 01[light_port]
 010  25000                RETURN 
 011                       ;=========================================================
 011                       ; routine: compute_leds
 011                       ;   n = light_val >> 4  (0-15, how many LEDs to turn OFF)
 011                       ;   Start with led_msb:led_lsb = 0xFFFF (all 16 on)
 011                       ;   Shift right n times: each shift clears one LED from MSB side
 011                       ;=========================================================
 011         compute_leds: 
 011  011FF                LOAD s1[led_msb], FF
 012  010FF                LOAD s0[led_lsb], FF
 013  00320                LOAD s3[n], s2[light_val]
 014                       ; n = light_val >> 4
 014  1430E                SR0 s3[n]
 015  1430E                SR0 s3[n]
 016  1430E                SR0 s3[n]
 017  1430E                SR0 s3[n]
 018                       ; now n = upper nibble of light_val (0-15)
 018  1D300                COMPARE s3[n], 00
 019  3201E                JUMP Z, 01E[leds_done]
 01A           shift_loop: 
 01A                       ; shift {led_msb, led_lsb} right by 1, inserting 0 at MSB
 01A  1410E                SR0 s1[led_msb]
 01B  14008                SRA s0[led_lsb]
 01C  19301                SUB s3[n], 01
 01D  3601A                JUMP NZ, 01A[shift_loop]
 01E            leds_done: 
 01E  25000                RETURN 
 01F                       ;=========================================================
 01F                       ; routine: output_leds
 01F                       ;=========================================================
 01F          output_leds: 
 01F  2D000                OUTPUT s0[led_lsb], 00[led_lsb_port]
 020  2D101                OUTPUT s1[led_msb], 01[led_msb_port]
 021  25000                RETURN 


All unused memory locations contain zero (equivalent to 'LOAD s0, s0')



List of PSM files that have been assembled

C:\Users\lebray\Vivado-Workflow-Scripts\HW7\T2\als_rom.psm



List of defined constants

 CONSTANT name     Value        Source PSM File

 timestamp_hours   13'd         
 timestamp_minutes 56'd         
 timestamp_seconds 49'd         
 datestamp_year    26'd         
 datestamp_month   3'd          
 datestamp_day     30'd         
 NUL               00           
 BEL               07           
 BS                08           
 HT                09           
 LF                0A           
 VT                0B           
 CR                0D           
 ESC               1B           
 DEL               7F           
 DCS               90           
 ST                9C           
 ready_port        00           als_rom.psm
 light_port        01           als_rom.psm
 led_lsb_port      00           als_rom.psm
 led_msb_port      01           als_rom.psm



No TABLEs defined



List of text strings

 STRING name       String         Source PSM File

 KCPSM6_version$   "v2.70"        
 datestamp$        "30 Mar 2026"  
 timestamp$        "13:56:49"     



List of line labels

   Label          Addr  Source PSM File

   forever        001   als_rom.psm
   init           006   als_rom.psm
   wait_ready     00B   als_rom.psm
   read_light     00F   als_rom.psm
   compute_leds   011   als_rom.psm
   shift_loop     01A   als_rom.psm
   leds_done      01E   als_rom.psm
   output_leds    01F   als_rom.psm



Instruction usage statistics

 Instruction    Instances

 LOAD              5
 STAR              -

 AND               -
 OR                -
 XOR               -

 ADD               -
 ADDCY             -
 SUB               1
 SUBCY             -

 TEST              1
 TESTCY            -
 COMPARE           1
 COMPARECY         -

 SL0               -
 SL1               -
 SLX               -
 SLA               -
 RL                -
 SR0               5
 SR1               -
 SRX               -
 SRA               1
 RR                -

 REGBANK           -

 INPUT             2
 OUTPUT            4
 OUTPUTK           -

 STORE             -
 FETCH             -

 DISABLE           -
 ENABLE            -
 RETURNI           -

 JUMP              4
 JUMP@             -
 CALL              5
 CALL@             -
 RETURN            5
 LOAD&RETURN       -

 HWBUILD           -



End of KCPSM6 log file.
