Copyright 1986-2018 Xilinx, Inc. All Rights Reserved.
-----------------------------------------------------------------------------------------
| Tool Version : Vivado v.2018.3 (win64) Build 2405991 Thu Dec  6 23:38:27 MST 2018
| Date         : Thu Mar 26 20:09:13 2026
| Host         : BH610-DRZVK84 running 64-bit major release  (build 9200)
| Command      : report_control_sets -verbose -file pico_btn_top_control_sets_placed.rpt
| Design       : pico_btn_top
| Device       : xc7a35t
-----------------------------------------------------------------------------------------

Control Set Information

Table of Contents
-----------------
1. Summary
2. Histogram
3. Flip-Flop Distribution
4. Detailed Control Set Information

1. Summary
----------

+----------------------------------------------------------+-------+
|                          Status                          | Count |
+----------------------------------------------------------+-------+
| Number of unique control sets                            |    20 |
| Unused register locations in slices containing registers |    54 |
+----------------------------------------------------------+-------+


2. Histogram
------------

+--------+--------------+
| Fanout | Control Sets |
+--------+--------------+
|      1 |            2 |
|      2 |            1 |
|      4 |            1 |
|      6 |            1 |
|      8 |            6 |
|     12 |            1 |
|     13 |            1 |
|    16+ |            7 |
+--------+--------------+


3. Flip-Flop Distribution
-------------------------

+--------------+-----------------------+------------------------+-----------------+--------------+
| Clock Enable | Synchronous Set/Reset | Asynchronous Set/Reset | Total Registers | Total Slices |
+--------------+-----------------------+------------------------+-----------------+--------------+
| No           | No                    | No                     |              52 |           18 |
| No           | No                    | Yes                    |              22 |            7 |
| No           | Yes                   | No                     |              18 |            7 |
| Yes          | No                    | No                     |              62 |           19 |
| Yes          | No                    | Yes                    |              42 |           11 |
| Yes          | Yes                   | No                     |              14 |            4 |
+--------------+-----------------------+------------------------+-----------------+--------------+


4. Detailed Control Set Information
-----------------------------------

+--------------------------------------------------------------+----------------------------------------------------------------+-----------------------------------------------------------------------------------------------+------------------+----------------+
|                         Clock Signal                         |                          Enable Signal                         |                                        Set/Reset Signal                                       | Slice Load Count | Bel Load Count |
+--------------------------------------------------------------+----------------------------------------------------------------+-----------------------------------------------------------------------------------------------+------------------+----------------+
|  program_rom/instantiate_loader.jtag_loader_6_inst/CLK       |                                                                |                                                                                               |                1 |              1 |
|  program_rom/instantiate_loader.jtag_loader_6_inst/shift_clk |                                                                |                                                                                               |                1 |              1 |
|  clk_IBUF_BUFG                                               | processor/flag_enable                                          | processor/internal_reset                                                                      |                1 |              2 |
|  program_rom/instantiate_loader.jtag_loader_6_inst/CLK       |                                                                | program_rom/instantiate_loader.jtag_loader_6_inst/jtag_loader_gen.control_dout_int[7]_i_1_n_0 |                1 |              4 |
|  clk_IBUF_BUFG                                               |                                                                | processor/internal_reset                                                                      |                3 |              6 |
|  clk_IBUF_BUFG                                               |                                                                | program_rom/instruction[7]                                                                    |                3 |              8 |
|  clk_IBUF_BUFG                                               | processor/en_d[3]                                              |                                                                                               |                3 |              8 |
|  clk_IBUF_BUFG                                               | processor/en_d[0]                                              |                                                                                               |                3 |              8 |
|  clk_IBUF_BUFG                                               | processor/en_d[2]                                              |                                                                                               |                1 |              8 |
|  clk_IBUF_BUFG                                               | processor/en_d[1]                                              |                                                                                               |                4 |              8 |
|  clk_IBUF_BUFG                                               | processor/spm_enable                                           |                                                                                               |                2 |              8 |
|  clk_IBUF_BUFG                                               | processor/t_state_0                                            | processor/internal_reset                                                                      |                3 |             12 |
|  program_rom/instantiate_loader.jtag_loader_6_inst/shift_clk | program_rom/instantiate_loader.jtag_loader_6_inst/shift        |                                                                                               |                3 |             13 |
|  clk_IBUF_BUFG                                               | processor/register_enable                                      |                                                                                               |                2 |             16 |
|  clk_IBUF_BUFG                                               | processor/t_state_0                                            |                                                                                               |                2 |             16 |
|  program_rom/instantiate_loader.jtag_loader_6_inst/shift_clk | program_rom/instantiate_loader.jtag_loader_6_inst/jtag_din_int |                                                                                               |                5 |             17 |
|  clk_IBUF_BUFG                                               | btnc_unit/q_next_0                                             | btnC_IBUF                                                                                     |                6 |             21 |
|  clk_IBUF_BUFG                                               | btns_unit/q_next                                               | btnC_IBUF                                                                                     |                5 |             21 |
|  clk_IBUF_BUFG                                               |                                                                | btnC_IBUF                                                                                     |                7 |             22 |
|  clk_IBUF_BUFG                                               |                                                                |                                                                                               |               16 |             50 |
+--------------------------------------------------------------+----------------------------------------------------------------+-----------------------------------------------------------------------------------------------+------------------+----------------+


