Vivado Simulator 2018.3
Time resolution is 1 ps
 Block Memory Generator module loading initial data...
 Block Memory Generator data initialization complete.
Block Memory Generator module myRom_tb.U.inst.native_mem_module.blk_mem_gen_v8_4_2_inst is using a behavioral model for simulation which will not precisely model memory collision behavior.
address = 0000, data = 00, clk = 0
address = 0000, data = 00, clk = 1
address = 000a, data = 00, clk = 1
address = 000a, data = 00, clk = 0
address = 0000, data = 00, clk = 0
address = 0014, data = 00, clk = 0
address = 0014, data = 00, clk = 1
address = 0000, data = 00, clk = 1
address = 001e, data = 00, clk = 1
address = 001e, data = 00, clk = 0
address = 0000, data = 00, clk = 0
address = 0028, data = 00, clk = 0
address = 0028, data = 00, clk = 1
address = 0000, data = 00, clk = 1
address = 0032, data = 00, clk = 1
address = 0032, data = 00, clk = 0
address = 0000, data = 00, clk = 0
address = 003c, data = 00, clk = 0
address = 003c, data = 00, clk = 1
address = 0000, data = 00, clk = 1
address = 0046, data = 00, clk = 1
address = 0046, data = 00, clk = 0
address = 0000, data = 00, clk = 0
address = 0050, data = 00, clk = 0
address = 0050, data = 00, clk = 1
address = 0000, data = 00, clk = 1
address = 005a, data = 00, clk = 1
address = 005a, data = 00, clk = 0
address = 0000, data = 00, clk = 0
address = 0064, data = 00, clk = 0
address = 0064, data = 00, clk = 1
address = 0000, data = 00, clk = 1
address = 006e, data = 00, clk = 1
address = 006e, data = 00, clk = 0
address = 0000, data = 00, clk = 0
address = 0078, data = 00, clk = 0
address = 0078, data = 00, clk = 1
address = 0000, data = 00, clk = 1
address = 0082, data = 00, clk = 1
address = 0082, data = 00, clk = 0
address = 0000, data = 00, clk = 0
address = 008c, data = 00, clk = 0
address = 008c, data = 00, clk = 1
address = 0000, data = 00, clk = 1
address = 0096, data = 00, clk = 1
address = 0096, data = 00, clk = 0
address = 0000, data = 00, clk = 0
address = 00a0, data = 00, clk = 0
address = 00a0, data = 00, clk = 1
address = 0000, data = 00, clk = 1
address = 00aa, data = 00, clk = 1
address = 00aa, data = 00, clk = 0
address = 0000, data = 00, clk = 0
address = 00b4, data = 00, clk = 0
address = 00b4, data = 00, clk = 1
address = 0000, data = 00, clk = 1
address = 00be, data = 00, clk = 1
address = 00be, data = 00, clk = 0
address = 0000, data = 00, clk = 0
address = 00c8, data = 00, clk = 0
address = 00c8, data = 00, clk = 1
address = 0000, data = 00, clk = 1
address = 00d2, data = 00, clk = 1
address = 00d2, data = 00, clk = 0
address = 0000, data = 00, clk = 0
address = 00dc, data = 00, clk = 0
address = 00dc, data = 00, clk = 1
address = 0000, data = 00, clk = 1
address = 00e6, data = 00, clk = 1
address = 00e6, data = 00, clk = 0
address = 0000, data = 00, clk = 0
address = 00f0, data = 00, clk = 0
address = 00f0, data = 00, clk = 1
address = 0000, data = 00, clk = 1
address = 00fa, data = 00, clk = 1
address = 00fa, data = 00, clk = 0
address = 0000, data = 00, clk = 0
address = 0104, data = 00, clk = 0
address = 0104, data = 00, clk = 1
address = 0000, data = 00, clk = 1
address = 010e, data = 00, clk = 1
address = 010e, data = 00, clk = 0
address = 0000, data = 00, clk = 0
address = 0118, data = 00, clk = 0
address = 0118, data = 00, clk = 1
address = 0000, data = 00, clk = 1
address = 0122, data = 00, clk = 1
address = 0122, data = 00, clk = 0
address = 0000, data = 00, clk = 0
address = 012c, data = 00, clk = 0
address = 012c, data = 00, clk = 1
address = 0000, data = 00, clk = 1
address = 0136, data = 00, clk = 1
address = 0136, data = 00, clk = 0
address = 0000, data = 00, clk = 0
address = 0140, data = 00, clk = 0
address = 0140, data = 00, clk = 1
address = 0000, data = 00, clk = 1
address = 014a, data = 00, clk = 1
address = 014a, data = 00, clk = 0
address = 0000, data = 00, clk = 0
address = 0154, data = 00, clk = 0
address = 0154, data = 00, clk = 1
address = 0000, data = 00, clk = 1
address = 015e, data = 00, clk = 1
address = 015e, data = 00, clk = 0
address = 0000, data = 00, clk = 0
address = 0168, data = 00, clk = 0
address = 0168, data = 00, clk = 1
address = 0000, data = 00, clk = 1
address = 0172, data = 00, clk = 1
address = 0172, data = 00, clk = 0
address = 0000, data = 00, clk = 0
address = 017c, data = 00, clk = 0
address = 017c, data = 00, clk = 1
address = 0000, data = 00, clk = 1
address = 0186, data = 00, clk = 1
address = 0186, data = 00, clk = 0
address = 0000, data = 00, clk = 0
address = 0190, data = 00, clk = 0
address = 0190, data = 00, clk = 1
address = 0000, data = 00, clk = 1
address = 019a, data = 00, clk = 1
address = 019a, data = 00, clk = 0
address = 0000, data = 00, clk = 0
address = 01a4, data = 00, clk = 0
address = 01a4, data = 00, clk = 1
address = 0000, data = 00, clk = 1
address = 01ae, data = 00, clk = 1
address = 01ae, data = 00, clk = 0
address = 0000, data = 00, clk = 0
address = 01b8, data = 00, clk = 0
address = 01b8, data = 00, clk = 1
address = 0000, data = 00, clk = 1
address = 01c2, data = 00, clk = 1
address = 01c2, data = 00, clk = 0
address = 0000, data = 00, clk = 0
address = 01cc, data = 00, clk = 0
address = 01cc, data = 00, clk = 1
address = 0000, data = 00, clk = 1
address = 01d6, data = 00, clk = 1
address = 01d6, data = 00, clk = 0
address = 0000, data = 00, clk = 0
address = 01e0, data = 00, clk = 0
address = 01e0, data = 00, clk = 1
address = 0000, data = 00, clk = 1
address = 01ea, data = 00, clk = 1
address = 01ea, data = 00, clk = 0
address = 0000, data = 00, clk = 0
address = 01f4, data = 00, clk = 0
address = 01f4, data = 00, clk = 1
address = 0000, data = 00, clk = 1
address = 01fe, data = 00, clk = 1
address = 01fe, data = 00, clk = 0
address = 0000, data = 00, clk = 0
address = 0208, data = 00, clk = 0
address = 0208, data = 00, clk = 1
address = 0000, data = 00, clk = 1
address = 0212, data = 00, clk = 1
address = 0212, data = 00, clk = 0
address = 0000, data = 00, clk = 0
address = 021c, data = 00, clk = 0
address = 021c, data = 00, clk = 1
address = 0000, data = 00, clk = 1
address = 0226, data = 00, clk = 1
address = 0226, data = 00, clk = 0
address = 0000, data = 00, clk = 0
address = 0230, data = 00, clk = 0
address = 0230, data = 00, clk = 1
address = 0000, data = 00, clk = 1
address = 023a, data = 00, clk = 1
address = 023a, data = 00, clk = 0
address = 0000, data = 00, clk = 0
address = 0244, data = 00, clk = 0
address = 0244, data = 00, clk = 1
address = 0000, data = 00, clk = 1
address = 024e, data = 00, clk = 1
address = 024e, data = 00, clk = 0
address = 0000, data = 00, clk = 0
address = 0258, data = 00, clk = 0
address = 0258, data = 00, clk = 1
address = 0000, data = 00, clk = 1
address = 0262, data = 00, clk = 1
address = 0262, data = 00, clk = 0
address = 0000, data = 00, clk = 0
address = 026c, data = 00, clk = 0
address = 026c, data = 00, clk = 1
address = 0000, data = 00, clk = 1
address = 0276, data = 00, clk = 1
address = 0276, data = 00, clk = 0
address = 0000, data = 00, clk = 0
address = 0280, data = 00, clk = 0
address = 0280, data = 00, clk = 1
address = 0000, data = 00, clk = 1
address = 028a, data = 00, clk = 1
address = 028a, data = 00, clk = 0
address = 0000, data = 00, clk = 0
address = 0294, data = 00, clk = 0
address = 0294, data = 00, clk = 1
address = 0000, data = 00, clk = 1
address = 029e, data = 00, clk = 1
address = 029e, data = 00, clk = 0
address = 0000, data = 00, clk = 0
address = 02a8, data = 00, clk = 0
address = 02a8, data = 00, clk = 1
address = 0000, data = 00, clk = 1
address = 02b2, data = 00, clk = 1
address = 02b2, data = 00, clk = 0
address = 0000, data = 00, clk = 0
address = 02bc, data = 00, clk = 0
address = 02bc, data = 00, clk = 1
address = 0000, data = 00, clk = 1
address = 02c6, data = 00, clk = 1
address = 02c6, data = 00, clk = 0
address = 0000, data = 00, clk = 0
address = 02d0, data = 00, clk = 0
address = 02d0, data = 00, clk = 1
address = 0000, data = 00, clk = 1
address = 02da, data = 00, clk = 1
address = 02da, data = 00, clk = 0
address = 0000, data = 00, clk = 0
address = 02e4, data = 00, clk = 0
address = 02e4, data = 00, clk = 1
address = 0000, data = 00, clk = 1
address = 02ee, data = 00, clk = 1
address = 02ee, data = 00, clk = 0
address = 0000, data = 00, clk = 0
address = 02f8, data = 00, clk = 0
address = 02f8, data = 00, clk = 1
address = 0000, data = 00, clk = 1
address = 0302, data = 00, clk = 1
address = 0302, data = 00, clk = 0
address = 0000, data = 00, clk = 0
address = 030c, data = 00, clk = 0
address = 030c, data = 00, clk = 1
address = 0000, data = 00, clk = 1
address = 0316, data = 00, clk = 1
address = 0316, data = 00, clk = 0
address = 0000, data = 00, clk = 0
address = 0320, data = 00, clk = 0
address = 0320, data = 00, clk = 1
address = 0000, data = 00, clk = 1
address = 032a, data = 00, clk = 1
address = 032a, data = 00, clk = 0
address = 0000, data = 00, clk = 0
address = 0334, data = 00, clk = 0
address = 0334, data = 00, clk = 1
address = 0000, data = 00, clk = 1
address = 033e, data = 00, clk = 1
address = 033e, data = 00, clk = 0
address = 0000, data = 00, clk = 0
address = 0348, data = 00, clk = 0
address = 0348, data = 00, clk = 1
address = 0000, data = 00, clk = 1
address = 0352, data = 00, clk = 1
address = 0352, data = 00, clk = 0
address = 0000, data = 00, clk = 0
address = 035c, data = 00, clk = 0
address = 035c, data = 00, clk = 1
address = 0000, data = 00, clk = 1
address = 0366, data = 00, clk = 1
address = 0366, data = 00, clk = 0
address = 0000, data = 00, clk = 0
address = 0370, data = 00, clk = 0
address = 0370, data = 00, clk = 1
address = 0000, data = 00, clk = 1
address = 037a, data = 00, clk = 1
address = 037a, data = 00, clk = 0
address = 0000, data = 00, clk = 0
address = 0384, data = 00, clk = 0
address = 0384, data = 00, clk = 1
address = 0000, data = 00, clk = 1
address = 038e, data = 00, clk = 1
address = 038e, data = 00, clk = 0
address = 0000, data = 00, clk = 0
address = 0398, data = 00, clk = 0
address = 0398, data = 00, clk = 1
address = 0000, data = 00, clk = 1
address = 03a2, data = 00, clk = 1
address = 03a2, data = 00, clk = 0
address = 0000, data = 00, clk = 0
address = 03ac, data = 00, clk = 0
address = 03ac, data = 00, clk = 1
address = 0000, data = 00, clk = 1
address = 03b6, data = 00, clk = 1
address = 03b6, data = 00, clk = 0
address = 0000, data = 00, clk = 0
address = 03c0, data = 00, clk = 0
address = 03c0, data = 00, clk = 1
address = 0000, data = 00, clk = 1
address = 03ca, data = 00, clk = 1
address = 03ca, data = 00, clk = 0
address = 0000, data = 00, clk = 0
address = 03d4, data = 00, clk = 0
address = 03d4, data = 00, clk = 1
address = 0000, data = 00, clk = 1
address = 03de, data = 00, clk = 1
address = 03de, data = 00, clk = 0
address = 0000, data = 00, clk = 0
address = 03e8, data = 00, clk = 0
address = 03e8, data = 00, clk = 1
address = 0000, data = 00, clk = 1
address = 03f2, data = 00, clk = 1
address = 03f2, data = 00, clk = 0
address = 0000, data = 00, clk = 0
address = 03fc, data = 00, clk = 0
address = 03fc, data = 00, clk = 1
address = 0000, data = 00, clk = 1
address = 0406, data = 00, clk = 1
address = 0406, data = 00, clk = 0
address = 0000, data = 00, clk = 0
address = 0410, data = 00, clk = 0
address = 0410, data = 00, clk = 1
address = 0000, data = 00, clk = 1
address = 041a, data = 00, clk = 1
address = 041a, data = 00, clk = 0
address = 0000, data = 00, clk = 0
address = 0424, data = 00, clk = 0
address = 0424, data = 00, clk = 1
address = 0000, data = 00, clk = 1
address = 042e, data = 00, clk = 1
address = 042e, data = 00, clk = 0
address = 0000, data = 00, clk = 0
address = 0438, data = 00, clk = 0
address = 0438, data = 00, clk = 1
address = 0000, data = 00, clk = 1
address = 0442, data = 00, clk = 1
address = 0442, data = 00, clk = 0
address = 0000, data = 00, clk = 0
