Copyright 1986-2018 Xilinx, Inc. All Rights Reserved.
-----------------------------------------------------------------------------------------------------------------------------------------------------------------------------------------------
| Tool Version : Vivado v.2018.3 (win64) Build 2405991 Thu Dec  6 23:38:27 MST 2018
| Date         : Fri Apr  3 20:45:34 2026
| Host         : BH610-DRZVK84 running 64-bit major release  (build 9200)
| Command      : report_timing_summary -max_paths 10 -file XADCdemo_timing_summary_routed.rpt -pb XADCdemo_timing_summary_routed.pb -rpx XADCdemo_timing_summary_routed.rpx -warn_on_violation
| Design       : XADCdemo
| Device       : 7a35t-cpg236
| Speed File   : -1  PRODUCTION 1.23 2018-06-13
-----------------------------------------------------------------------------------------------------------------------------------------------------------------------------------------------

Timing Summary Report

------------------------------------------------------------------------------------------------
| Timer Settings
| --------------
------------------------------------------------------------------------------------------------

  Enable Multi Corner Analysis               :  Yes
  Enable Pessimism Removal                   :  Yes
  Pessimism Removal Resolution               :  Nearest Common Node
  Enable Input Delay Default Clock           :  No
  Enable Preset / Clear Arcs                 :  No
  Disable Flight Delays                      :  No
  Ignore I/O Paths                           :  No
  Timing Early Launch at Borrowing Latches   :  false

  Corner  Analyze    Analyze    
  Name    Max Paths  Min Paths  
  ------  ---------  ---------  
  Slow    Yes        Yes        
  Fast    Yes        Yes        



check_timing report

Table of Contents
-----------------
1. checking no_clock
2. checking constant_clock
3. checking pulse_width_clock
4. checking unconstrained_internal_endpoints
5. checking no_input_delay
6. checking no_output_delay
7. checking multiple_clock
8. checking generated_clocks
9. checking loops
10. checking partial_input_delay
11. checking partial_output_delay
12. checking latch_loops

1. checking no_clock
--------------------
 There are 15 register/latch pins with no clock driven by root clock pin: nolabel_line38/sck_reg/Q (HIGH)


2. checking constant_clock
--------------------------
 There are 0 register/latch pins with constant_clock.


3. checking pulse_width_clock
-----------------------------
 There are 0 register/latch pins which need pulse_width check


4. checking unconstrained_internal_endpoints
--------------------------------------------
 There are 29 pins that are not constrained for maximum delay. (HIGH)

 There are 0 pins that are not constrained for maximum delay due to constant clock.


5. checking no_input_delay
--------------------------
 There are 0 input ports with no input delay specified.

 There are 0 input ports with no input delay but user has a false path constraint.


6. checking no_output_delay
---------------------------
 There are 11 ports with no output delay specified. (HIGH)

 There are 0 ports with no output delay but user has a false path constraint

 There are 0 ports with no output delay but with a timing clock defined on it or propagating through it


7. checking multiple_clock
--------------------------
 There are 0 register/latch pins with multiple clocks.


8. checking generated_clocks
----------------------------
 There are 0 generated clocks that are not connected to a clock source.


9. checking loops
-----------------
 There are 0 combinational loops in the design.


10. checking partial_input_delay
--------------------------------
 There are 0 input ports with partial input delay specified.


11. checking partial_output_delay
---------------------------------
 There are 0 ports with partial output delay specified.


12. checking latch_loops
------------------------
 There are 0 combinational latch loops in the design through latch input



------------------------------------------------------------------------------------------------
| Design Timing Summary
| ---------------------
------------------------------------------------------------------------------------------------

    WNS(ns)      TNS(ns)  TNS Failing Endpoints  TNS Total Endpoints      WHS(ns)      THS(ns)  THS Failing Endpoints  THS Total Endpoints     WPWS(ns)     TPWS(ns)  TPWS Failing Endpoints  TPWS Total Endpoints  
    -------      -------  ---------------------  -------------------      -------      -------  ---------------------  -------------------     --------     --------  ----------------------  --------------------  
      6.644        0.000                      0                   67        0.263        0.000                      0                   67        4.500        0.000                       0                    37  


All user specified timing constraints are met.


------------------------------------------------------------------------------------------------
| Clock Summary
| -------------
------------------------------------------------------------------------------------------------

Clock        Waveform(ns)       Period(ns)      Frequency(MHz)
-----        ------------       ----------      --------------
sys_clk_pin  {0.000 5.000}      10.000          100.000         


------------------------------------------------------------------------------------------------
| Intra Clock Table
| -----------------
------------------------------------------------------------------------------------------------

Clock             WNS(ns)      TNS(ns)  TNS Failing Endpoints  TNS Total Endpoints      WHS(ns)      THS(ns)  THS Failing Endpoints  THS Total Endpoints     WPWS(ns)     TPWS(ns)  TPWS Failing Endpoints  TPWS Total Endpoints  
-----             -------      -------  ---------------------  -------------------      -------      -------  ---------------------  -------------------     --------     --------  ----------------------  --------------------  
sys_clk_pin         6.644        0.000                      0                   67        0.263        0.000                      0                   67        4.500        0.000                       0                    37  


------------------------------------------------------------------------------------------------
| Inter Clock Table
| -----------------
------------------------------------------------------------------------------------------------

From Clock    To Clock          WNS(ns)      TNS(ns)  TNS Failing Endpoints  TNS Total Endpoints      WHS(ns)      THS(ns)  THS Failing Endpoints  THS Total Endpoints  
----------    --------          -------      -------  ---------------------  -------------------      -------      -------  ---------------------  -------------------  


------------------------------------------------------------------------------------------------
| Other Path Groups Table
| -----------------------
------------------------------------------------------------------------------------------------

Path Group    From Clock    To Clock          WNS(ns)      TNS(ns)  TNS Failing Endpoints  TNS Total Endpoints      WHS(ns)      THS(ns)  THS Failing Endpoints  THS Total Endpoints  
----------    ----------    --------          -------      -------  ---------------------  -------------------      -------      -------  ---------------------  -------------------  


------------------------------------------------------------------------------------------------
| Timing Details
| --------------
------------------------------------------------------------------------------------------------


---------------------------------------------------------------------------------------------------
From Clock:  sys_clk_pin
  To Clock:  sys_clk_pin

Setup :            0  Failing Endpoints,  Worst Slack        6.644ns,  Total Violation        0.000ns
Hold  :            0  Failing Endpoints,  Worst Slack        0.263ns,  Total Violation        0.000ns
PW    :            0  Failing Endpoints,  Worst Slack        4.500ns,  Total Violation        0.000ns
---------------------------------------------------------------------------------------------------


Max Delay Paths
--------------------------------------------------------------------------------------
Slack (MET) :             6.644ns  (required time - arrival time)
  Source:                 nolabel_line38/clkdiv_reg[4]/C
                            (rising edge-triggered cell FDRE clocked by sys_clk_pin  {rise@0.000ns fall@5.000ns period=10.000ns})
  Destination:            nolabel_line38/clkdiv_reg[5]/R
                            (rising edge-triggered cell FDRE clocked by sys_clk_pin  {rise@0.000ns fall@5.000ns period=10.000ns})
  Path Group:             sys_clk_pin
  Path Type:              Setup (Max at Slow Process Corner)
  Requirement:            10.000ns  (sys_clk_pin rise@10.000ns - sys_clk_pin rise@0.000ns)
  Data Path Delay:        2.867ns  (logic 0.704ns (24.552%)  route 2.163ns (75.448%))
  Logic Levels:           2  (LUT4=1 LUT5=1)
  Clock Path Skew:        -0.024ns (DCD - SCD + CPR)
    Destination Clock Delay (DCD):    4.777ns = ( 14.777 - 10.000 ) 
    Source Clock Delay      (SCD):    5.073ns
    Clock Pessimism Removal (CPR):    0.272ns
  Clock Uncertainty:      0.035ns  ((TSJ^2 + TIJ^2)^1/2 + DJ) / 2 + PE
    Total System Jitter     (TSJ):    0.071ns
    Total Input Jitter      (TIJ):    0.000ns
    Discrete Jitter          (DJ):    0.000ns
    Phase Error              (PE):    0.000ns

    Location             Delay type                Incr(ns)  Path(ns)    Netlist Resource(s)
  -------------------------------------------------------------------    -------------------
                         (clock sys_clk_pin rise edge)
                                                      0.000     0.000 r  
    W5                                                0.000     0.000 r  CLK100MHZ (IN)
                         net (fo=0)                   0.000     0.000    CLK100MHZ
    W5                   IBUF (Prop_ibuf_I_O)         1.458     1.458 r  CLK100MHZ_IBUF_inst/O
                         net (fo=1, routed)           1.967     3.425    CLK100MHZ_IBUF
    BUFGCTRL_X0Y0        BUFG (Prop_bufg_I_O)         0.096     3.521 r  CLK100MHZ_IBUF_BUFG_inst/O
                         net (fo=36, routed)          1.552     5.073    nolabel_line38/CLK100MHZ_IBUF_BUFG
    SLICE_X15Y86         FDRE                                         r  nolabel_line38/clkdiv_reg[4]/C
  -------------------------------------------------------------------    -------------------
    SLICE_X15Y86         FDRE (Prop_fdre_C_Q)         0.456     5.529 f  nolabel_line38/clkdiv_reg[4]/Q
                         net (fo=2, routed)           0.692     6.221    nolabel_line38/clkdiv[4]
    SLICE_X14Y86         LUT4 (Prop_lut4_I2_O)        0.124     6.345 f  nolabel_line38/clkdiv[0]_i_4/O
                         net (fo=3, routed)           0.831     7.176    nolabel_line38/clkdiv[0]_i_4_n_0
    SLICE_X14Y87         LUT5 (Prop_lut5_I2_O)        0.124     7.300 r  nolabel_line38/clkdiv[16]_i_1/O
                         net (fo=16, routed)          0.641     7.940    nolabel_line38/sck
    SLICE_X15Y87         FDRE                                         r  nolabel_line38/clkdiv_reg[5]/R
  -------------------------------------------------------------------    -------------------

                         (clock sys_clk_pin rise edge)
                                                     10.000    10.000 r  
    W5                                                0.000    10.000 r  CLK100MHZ (IN)
                         net (fo=0)                   0.000    10.000    CLK100MHZ
    W5                   IBUF (Prop_ibuf_I_O)         1.388    11.388 r  CLK100MHZ_IBUF_inst/O
                         net (fo=1, routed)           1.862    13.250    CLK100MHZ_IBUF
    BUFGCTRL_X0Y0        BUFG (Prop_bufg_I_O)         0.091    13.341 r  CLK100MHZ_IBUF_BUFG_inst/O
                         net (fo=36, routed)          1.436    14.777    nolabel_line38/CLK100MHZ_IBUF_BUFG
    SLICE_X15Y87         FDRE                                         r  nolabel_line38/clkdiv_reg[5]/C
                         clock pessimism              0.272    15.049    
                         clock uncertainty           -0.035    15.014    
    SLICE_X15Y87         FDRE (Setup_fdre_C_R)       -0.429    14.585    nolabel_line38/clkdiv_reg[5]
  -------------------------------------------------------------------
                         required time                         14.585    
                         arrival time                          -7.940    
  -------------------------------------------------------------------
                         slack                                  6.644    

Slack (MET) :             6.644ns  (required time - arrival time)
  Source:                 nolabel_line38/clkdiv_reg[4]/C
                            (rising edge-triggered cell FDRE clocked by sys_clk_pin  {rise@0.000ns fall@5.000ns period=10.000ns})
  Destination:            nolabel_line38/clkdiv_reg[6]/R
                            (rising edge-triggered cell FDRE clocked by sys_clk_pin  {rise@0.000ns fall@5.000ns period=10.000ns})
  Path Group:             sys_clk_pin
  Path Type:              Setup (Max at Slow Process Corner)
  Requirement:            10.000ns  (sys_clk_pin rise@10.000ns - sys_clk_pin rise@0.000ns)
  Data Path Delay:        2.867ns  (logic 0.704ns (24.552%)  route 2.163ns (75.448%))
  Logic Levels:           2  (LUT4=1 LUT5=1)
  Clock Path Skew:        -0.024ns (DCD - SCD + CPR)
    Destination Clock Delay (DCD):    4.777ns = ( 14.777 - 10.000 ) 
    Source Clock Delay      (SCD):    5.073ns
    Clock Pessimism Removal (CPR):    0.272ns
  Clock Uncertainty:      0.035ns  ((TSJ^2 + TIJ^2)^1/2 + DJ) / 2 + PE
    Total System Jitter     (TSJ):    0.071ns
    Total Input Jitter      (TIJ):    0.000ns
    Discrete Jitter          (DJ):    0.000ns
    Phase Error              (PE):    0.000ns

    Location             Delay type                Incr(ns)  Path(ns)    Netlist Resource(s)
  -------------------------------------------------------------------    -------------------
                         (clock sys_clk_pin rise edge)
                                                      0.000     0.000 r  
    W5                                                0.000     0.000 r  CLK100MHZ (IN)
                         net (fo=0)                   0.000     0.000    CLK100MHZ
    W5                   IBUF (Prop_ibuf_I_O)         1.458     1.458 r  CLK100MHZ_IBUF_inst/O
                         net (fo=1, routed)           1.967     3.425    CLK100MHZ_IBUF
    BUFGCTRL_X0Y0        BUFG (Prop_bufg_I_O)         0.096     3.521 r  CLK100MHZ_IBUF_BUFG_inst/O
                         net (fo=36, routed)          1.552     5.073    nolabel_line38/CLK100MHZ_IBUF_BUFG
    SLICE_X15Y86         FDRE                                         r  nolabel_line38/clkdiv_reg[4]/C
  -------------------------------------------------------------------    -------------------
    SLICE_X15Y86         FDRE (Prop_fdre_C_Q)         0.456     5.529 f  nolabel_line38/clkdiv_reg[4]/Q
                         net (fo=2, routed)           0.692     6.221    nolabel_line38/clkdiv[4]
    SLICE_X14Y86         LUT4 (Prop_lut4_I2_O)        0.124     6.345 f  nolabel_line38/clkdiv[0]_i_4/O
                         net (fo=3, routed)           0.831     7.176    nolabel_line38/clkdiv[0]_i_4_n_0
    SLICE_X14Y87         LUT5 (Prop_lut5_I2_O)        0.124     7.300 r  nolabel_line38/clkdiv[16]_i_1/O
                         net (fo=16, routed)          0.641     7.940    nolabel_line38/sck
    SLICE_X15Y87         FDRE                                         r  nolabel_line38/clkdiv_reg[6]/R
  -------------------------------------------------------------------    -------------------

                         (clock sys_clk_pin rise edge)
                                                     10.000    10.000 r  
    W5                                                0.000    10.000 r  CLK100MHZ (IN)
                         net (fo=0)                   0.000    10.000    CLK100MHZ
    W5                   IBUF (Prop_ibuf_I_O)         1.388    11.388 r  CLK100MHZ_IBUF_inst/O
                         net (fo=1, routed)           1.862    13.250    CLK100MHZ_IBUF
    BUFGCTRL_X0Y0        BUFG (Prop_bufg_I_O)         0.091    13.341 r  CLK100MHZ_IBUF_BUFG_inst/O
                         net (fo=36, routed)          1.436    14.777    nolabel_line38/CLK100MHZ_IBUF_BUFG
    SLICE_X15Y87         FDRE                                         r  nolabel_line38/clkdiv_reg[6]/C
                         clock pessimism              0.272    15.049    
                         clock uncertainty           -0.035    15.014    
    SLICE_X15Y87         FDRE (Setup_fdre_C_R)       -0.429    14.585    nolabel_line38/clkdiv_reg[6]
  -------------------------------------------------------------------
                         required time                         14.585    
                         arrival time                          -7.940    
  -------------------------------------------------------------------
                         slack                                  6.644    

Slack (MET) :             6.644ns  (required time - arrival time)
  Source:                 nolabel_line38/clkdiv_reg[4]/C
                            (rising edge-triggered cell FDRE clocked by sys_clk_pin  {rise@0.000ns fall@5.000ns period=10.000ns})
  Destination:            nolabel_line38/clkdiv_reg[7]/R
                            (rising edge-triggered cell FDRE clocked by sys_clk_pin  {rise@0.000ns fall@5.000ns period=10.000ns})
  Path Group:             sys_clk_pin
  Path Type:              Setup (Max at Slow Process Corner)
  Requirement:            10.000ns  (sys_clk_pin rise@10.000ns - sys_clk_pin rise@0.000ns)
  Data Path Delay:        2.867ns  (logic 0.704ns (24.552%)  route 2.163ns (75.448%))
  Logic Levels:           2  (LUT4=1 LUT5=1)
  Clock Path Skew:        -0.024ns (DCD - SCD + CPR)
    Destination Clock Delay (DCD):    4.777ns = ( 14.777 - 10.000 ) 
    Source Clock Delay      (SCD):    5.073ns
    Clock Pessimism Removal (CPR):    0.272ns
  Clock Uncertainty:      0.035ns  ((TSJ^2 + TIJ^2)^1/2 + DJ) / 2 + PE
    Total System Jitter     (TSJ):    0.071ns
    Total Input Jitter      (TIJ):    0.000ns
    Discrete Jitter          (DJ):    0.000ns
    Phase Error              (PE):    0.000ns

    Location             Delay type                Incr(ns)  Path(ns)    Netlist Resource(s)
  -------------------------------------------------------------------    -------------------
                         (clock sys_clk_pin rise edge)
                                                      0.000     0.000 r  
    W5                                                0.000     0.000 r  CLK100MHZ (IN)
                         net (fo=0)                   0.000     0.000    CLK100MHZ
    W5                   IBUF (Prop_ibuf_I_O)         1.458     1.458 r  CLK100MHZ_IBUF_inst/O
                         net (fo=1, routed)           1.967     3.425    CLK100MHZ_IBUF
    BUFGCTRL_X0Y0        BUFG (Prop_bufg_I_O)         0.096     3.521 r  CLK100MHZ_IBUF_BUFG_inst/O
                         net (fo=36, routed)          1.552     5.073    nolabel_line38/CLK100MHZ_IBUF_BUFG
    SLICE_X15Y86         FDRE                                         r  nolabel_line38/clkdiv_reg[4]/C
  -------------------------------------------------------------------    -------------------
    SLICE_X15Y86         FDRE (Prop_fdre_C_Q)         0.456     5.529 f  nolabel_line38/clkdiv_reg[4]/Q
                         net (fo=2, routed)           0.692     6.221    nolabel_line38/clkdiv[4]
    SLICE_X14Y86         LUT4 (Prop_lut4_I2_O)        0.124     6.345 f  nolabel_line38/clkdiv[0]_i_4/O
                         net (fo=3, routed)           0.831     7.176    nolabel_line38/clkdiv[0]_i_4_n_0
    SLICE_X14Y87         LUT5 (Prop_lut5_I2_O)        0.124     7.300 r  nolabel_line38/clkdiv[16]_i_1/O
                         net (fo=16, routed)          0.641     7.940    nolabel_line38/sck
    SLICE_X15Y87         FDRE                                         r  nolabel_line38/clkdiv_reg[7]/R
  -------------------------------------------------------------------    -------------------

                         (clock sys_clk_pin rise edge)
                                                     10.000    10.000 r  
    W5                                                0.000    10.000 r  CLK100MHZ (IN)
                         net (fo=0)                   0.000    10.000    CLK100MHZ
    W5                   IBUF (Prop_ibuf_I_O)         1.388    11.388 r  CLK100MHZ_IBUF_inst/O
                         net (fo=1, routed)           1.862    13.250    CLK100MHZ_IBUF
    BUFGCTRL_X0Y0        BUFG (Prop_bufg_I_O)         0.091    13.341 r  CLK100MHZ_IBUF_BUFG_inst/O
                         net (fo=36, routed)          1.436    14.777    nolabel_line38/CLK100MHZ_IBUF_BUFG
    SLICE_X15Y87         FDRE                                         r  nolabel_line38/clkdiv_reg[7]/C
                         clock pessimism              0.272    15.049    
                         clock uncertainty           -0.035    15.014    
    SLICE_X15Y87         FDRE (Setup_fdre_C_R)       -0.429    14.585    nolabel_line38/clkdiv_reg[7]
  -------------------------------------------------------------------
                         required time                         14.585    
                         arrival time                          -7.940    
  -------------------------------------------------------------------
                         slack                                  6.644    

Slack (MET) :             6.644ns  (required time - arrival time)
  Source:                 nolabel_line38/clkdiv_reg[4]/C
                            (rising edge-triggered cell FDRE clocked by sys_clk_pin  {rise@0.000ns fall@5.000ns period=10.000ns})
  Destination:            nolabel_line38/clkdiv_reg[8]/R
                            (rising edge-triggered cell FDRE clocked by sys_clk_pin  {rise@0.000ns fall@5.000ns period=10.000ns})
  Path Group:             sys_clk_pin
  Path Type:              Setup (Max at Slow Process Corner)
  Requirement:            10.000ns  (sys_clk_pin rise@10.000ns - sys_clk_pin rise@0.000ns)
  Data Path Delay:        2.867ns  (logic 0.704ns (24.552%)  route 2.163ns (75.448%))
  Logic Levels:           2  (LUT4=1 LUT5=1)
  Clock Path Skew:        -0.024ns (DCD - SCD + CPR)
    Destination Clock Delay (DCD):    4.777ns = ( 14.777 - 10.000 ) 
    Source Clock Delay      (SCD):    5.073ns
    Clock Pessimism Removal (CPR):    0.272ns
  Clock Uncertainty:      0.035ns  ((TSJ^2 + TIJ^2)^1/2 + DJ) / 2 + PE
    Total System Jitter     (TSJ):    0.071ns
    Total Input Jitter      (TIJ):    0.000ns
    Discrete Jitter          (DJ):    0.000ns
    Phase Error              (PE):    0.000ns

    Location             Delay type                Incr(ns)  Path(ns)    Netlist Resource(s)
  -------------------------------------------------------------------    -------------------
                         (clock sys_clk_pin rise edge)
                                                      0.000     0.000 r  
    W5                                                0.000     0.000 r  CLK100MHZ (IN)
                         net (fo=0)                   0.000     0.000    CLK100MHZ
    W5                   IBUF (Prop_ibuf_I_O)         1.458     1.458 r  CLK100MHZ_IBUF_inst/O
                         net (fo=1, routed)           1.967     3.425    CLK100MHZ_IBUF
    BUFGCTRL_X0Y0        BUFG (Prop_bufg_I_O)         0.096     3.521 r  CLK100MHZ_IBUF_BUFG_inst/O
                         net (fo=36, routed)          1.552     5.073    nolabel_line38/CLK100MHZ_IBUF_BUFG
    SLICE_X15Y86         FDRE                                         r  nolabel_line38/clkdiv_reg[4]/C
  -------------------------------------------------------------------    -------------------
    SLICE_X15Y86         FDRE (Prop_fdre_C_Q)         0.456     5.529 f  nolabel_line38/clkdiv_reg[4]/Q
                         net (fo=2, routed)           0.692     6.221    nolabel_line38/clkdiv[4]
    SLICE_X14Y86         LUT4 (Prop_lut4_I2_O)        0.124     6.345 f  nolabel_line38/clkdiv[0]_i_4/O
                         net (fo=3, routed)           0.831     7.176    nolabel_line38/clkdiv[0]_i_4_n_0
    SLICE_X14Y87         LUT5 (Prop_lut5_I2_O)        0.124     7.300 r  nolabel_line38/clkdiv[16]_i_1/O
                         net (fo=16, routed)          0.641     7.940    nolabel_line38/sck
    SLICE_X15Y87         FDRE                                         r  nolabel_line38/clkdiv_reg[8]/R
  -------------------------------------------------------------------    -------------------

                         (clock sys_clk_pin rise edge)
                                                     10.000    10.000 r  
    W5                                                0.000    10.000 r  CLK100MHZ (IN)
                         net (fo=0)                   0.000    10.000    CLK100MHZ
    W5                   IBUF (Prop_ibuf_I_O)         1.388    11.388 r  CLK100MHZ_IBUF_inst/O
                         net (fo=1, routed)           1.862    13.250    CLK100MHZ_IBUF
    BUFGCTRL_X0Y0        BUFG (Prop_bufg_I_O)         0.091    13.341 r  CLK100MHZ_IBUF_BUFG_inst/O
                         net (fo=36, routed)          1.436    14.777    nolabel_line38/CLK100MHZ_IBUF_BUFG
    SLICE_X15Y87         FDRE                                         r  nolabel_line38/clkdiv_reg[8]/C
                         clock pessimism              0.272    15.049    
                         clock uncertainty           -0.035    15.014    
    SLICE_X15Y87         FDRE (Setup_fdre_C_R)       -0.429    14.585    nolabel_line38/clkdiv_reg[8]
  -------------------------------------------------------------------
                         required time                         14.585    
                         arrival time                          -7.940    
  -------------------------------------------------------------------
                         slack                                  6.644    

Slack (MET) :             6.787ns  (required time - arrival time)
  Source:                 nolabel_line38/clkdiv_reg[4]/C
                            (rising edge-triggered cell FDRE clocked by sys_clk_pin  {rise@0.000ns fall@5.000ns period=10.000ns})
  Destination:            nolabel_line38/clkdiv_reg[13]/R
                            (rising edge-triggered cell FDRE clocked by sys_clk_pin  {rise@0.000ns fall@5.000ns period=10.000ns})
  Path Group:             sys_clk_pin
  Path Type:              Setup (Max at Slow Process Corner)
  Requirement:            10.000ns  (sys_clk_pin rise@10.000ns - sys_clk_pin rise@0.000ns)
  Data Path Delay:        2.726ns  (logic 0.704ns (25.822%)  route 2.022ns (74.178%))
  Logic Levels:           2  (LUT4=1 LUT5=1)
  Clock Path Skew:        -0.022ns (DCD - SCD + CPR)
    Destination Clock Delay (DCD):    4.779ns = ( 14.779 - 10.000 ) 
    Source Clock Delay      (SCD):    5.073ns
    Clock Pessimism Removal (CPR):    0.272ns
  Clock Uncertainty:      0.035ns  ((TSJ^2 + TIJ^2)^1/2 + DJ) / 2 + PE
    Total System Jitter     (TSJ):    0.071ns
    Total Input Jitter      (TIJ):    0.000ns
    Discrete Jitter          (DJ):    0.000ns
    Phase Error              (PE):    0.000ns

    Location             Delay type                Incr(ns)  Path(ns)    Netlist Resource(s)
  -------------------------------------------------------------------    -------------------
                         (clock sys_clk_pin rise edge)
                                                      0.000     0.000 r  
    W5                                                0.000     0.000 r  CLK100MHZ (IN)
                         net (fo=0)                   0.000     0.000    CLK100MHZ
    W5                   IBUF (Prop_ibuf_I_O)         1.458     1.458 r  CLK100MHZ_IBUF_inst/O
                         net (fo=1, routed)           1.967     3.425    CLK100MHZ_IBUF
    BUFGCTRL_X0Y0        BUFG (Prop_bufg_I_O)         0.096     3.521 r  CLK100MHZ_IBUF_BUFG_inst/O
                         net (fo=36, routed)          1.552     5.073    nolabel_line38/CLK100MHZ_IBUF_BUFG
    SLICE_X15Y86         FDRE                                         r  nolabel_line38/clkdiv_reg[4]/C
  -------------------------------------------------------------------    -------------------
    SLICE_X15Y86         FDRE (Prop_fdre_C_Q)         0.456     5.529 f  nolabel_line38/clkdiv_reg[4]/Q
                         net (fo=2, routed)           0.692     6.221    nolabel_line38/clkdiv[4]
    SLICE_X14Y86         LUT4 (Prop_lut4_I2_O)        0.124     6.345 f  nolabel_line38/clkdiv[0]_i_4/O
                         net (fo=3, routed)           0.831     7.176    nolabel_line38/clkdiv[0]_i_4_n_0
    SLICE_X14Y87         LUT5 (Prop_lut5_I2_O)        0.124     7.300 r  nolabel_line38/clkdiv[16]_i_1/O
                         net (fo=16, routed)          0.500     7.799    nolabel_line38/sck
    SLICE_X15Y89         FDRE                                         r  nolabel_line38/clkdiv_reg[13]/R
  -------------------------------------------------------------------    -------------------

                         (clock sys_clk_pin rise edge)
                                                     10.000    10.000 r  
    W5                                                0.000    10.000 r  CLK100MHZ (IN)
                         net (fo=0)                   0.000    10.000    CLK100MHZ
    W5                   IBUF (Prop_ibuf_I_O)         1.388    11.388 r  CLK100MHZ_IBUF_inst/O
                         net (fo=1, routed)           1.862    13.250    CLK100MHZ_IBUF
    BUFGCTRL_X0Y0        BUFG (Prop_bufg_I_O)         0.091    13.341 r  CLK100MHZ_IBUF_BUFG_inst/O
                         net (fo=36, routed)          1.438    14.779    nolabel_line38/CLK100MHZ_IBUF_BUFG
    SLICE_X15Y89         FDRE                                         r  nolabel_line38/clkdiv_reg[13]/C
                         clock pessimism              0.272    15.051    
                         clock uncertainty           -0.035    15.016    
    SLICE_X15Y89         FDRE (Setup_fdre_C_R)       -0.429    14.587    nolabel_line38/clkdiv_reg[13]
  -------------------------------------------------------------------
                         required time                         14.587    
                         arrival time                          -7.799    
  -------------------------------------------------------------------
                         slack                                  6.787    

Slack (MET) :             6.787ns  (required time - arrival time)
  Source:                 nolabel_line38/clkdiv_reg[4]/C
                            (rising edge-triggered cell FDRE clocked by sys_clk_pin  {rise@0.000ns fall@5.000ns period=10.000ns})
  Destination:            nolabel_line38/clkdiv_reg[14]/R
                            (rising edge-triggered cell FDRE clocked by sys_clk_pin  {rise@0.000ns fall@5.000ns period=10.000ns})
  Path Group:             sys_clk_pin
  Path Type:              Setup (Max at Slow Process Corner)
  Requirement:            10.000ns  (sys_clk_pin rise@10.000ns - sys_clk_pin rise@0.000ns)
  Data Path Delay:        2.726ns  (logic 0.704ns (25.822%)  route 2.022ns (74.178%))
  Logic Levels:           2  (LUT4=1 LUT5=1)
  Clock Path Skew:        -0.022ns (DCD - SCD + CPR)
    Destination Clock Delay (DCD):    4.779ns = ( 14.779 - 10.000 ) 
    Source Clock Delay      (SCD):    5.073ns
    Clock Pessimism Removal (CPR):    0.272ns
  Clock Uncertainty:      0.035ns  ((TSJ^2 + TIJ^2)^1/2 + DJ) / 2 + PE
    Total System Jitter     (TSJ):    0.071ns
    Total Input Jitter      (TIJ):    0.000ns
    Discrete Jitter          (DJ):    0.000ns
    Phase Error              (PE):    0.000ns

    Location             Delay type                Incr(ns)  Path(ns)    Netlist Resource(s)
  -------------------------------------------------------------------    -------------------
                         (clock sys_clk_pin rise edge)
                                                      0.000     0.000 r  
    W5                                                0.000     0.000 r  CLK100MHZ (IN)
                         net (fo=0)                   0.000     0.000    CLK100MHZ
    W5                   IBUF (Prop_ibuf_I_O)         1.458     1.458 r  CLK100MHZ_IBUF_inst/O
                         net (fo=1, routed)           1.967     3.425    CLK100MHZ_IBUF
    BUFGCTRL_X0Y0        BUFG (Prop_bufg_I_O)         0.096     3.521 r  CLK100MHZ_IBUF_BUFG_inst/O
                         net (fo=36, routed)          1.552     5.073    nolabel_line38/CLK100MHZ_IBUF_BUFG
    SLICE_X15Y86         FDRE                                         r  nolabel_line38/clkdiv_reg[4]/C
  -------------------------------------------------------------------    -------------------
    SLICE_X15Y86         FDRE (Prop_fdre_C_Q)         0.456     5.529 f  nolabel_line38/clkdiv_reg[4]/Q
                         net (fo=2, routed)           0.692     6.221    nolabel_line38/clkdiv[4]
    SLICE_X14Y86         LUT4 (Prop_lut4_I2_O)        0.124     6.345 f  nolabel_line38/clkdiv[0]_i_4/O
                         net (fo=3, routed)           0.831     7.176    nolabel_line38/clkdiv[0]_i_4_n_0
    SLICE_X14Y87         LUT5 (Prop_lut5_I2_O)        0.124     7.300 r  nolabel_line38/clkdiv[16]_i_1/O
                         net (fo=16, routed)          0.500     7.799    nolabel_line38/sck
    SLICE_X15Y89         FDRE                                         r  nolabel_line38/clkdiv_reg[14]/R
  -------------------------------------------------------------------    -------------------

                         (clock sys_clk_pin rise edge)
                                                     10.000    10.000 r  
    W5                                                0.000    10.000 r  CLK100MHZ (IN)
                         net (fo=0)                   0.000    10.000    CLK100MHZ
    W5                   IBUF (Prop_ibuf_I_O)         1.388    11.388 r  CLK100MHZ_IBUF_inst/O
                         net (fo=1, routed)           1.862    13.250    CLK100MHZ_IBUF
    BUFGCTRL_X0Y0        BUFG (Prop_bufg_I_O)         0.091    13.341 r  CLK100MHZ_IBUF_BUFG_inst/O
                         net (fo=36, routed)          1.438    14.779    nolabel_line38/CLK100MHZ_IBUF_BUFG
    SLICE_X15Y89         FDRE                                         r  nolabel_line38/clkdiv_reg[14]/C
                         clock pessimism              0.272    15.051    
                         clock uncertainty           -0.035    15.016    
    SLICE_X15Y89         FDRE (Setup_fdre_C_R)       -0.429    14.587    nolabel_line38/clkdiv_reg[14]
  -------------------------------------------------------------------
                         required time                         14.587    
                         arrival time                          -7.799    
  -------------------------------------------------------------------
                         slack                                  6.787    

Slack (MET) :             6.787ns  (required time - arrival time)
  Source:                 nolabel_line38/clkdiv_reg[4]/C
                            (rising edge-triggered cell FDRE clocked by sys_clk_pin  {rise@0.000ns fall@5.000ns period=10.000ns})
  Destination:            nolabel_line38/clkdiv_reg[15]/R
                            (rising edge-triggered cell FDRE clocked by sys_clk_pin  {rise@0.000ns fall@5.000ns period=10.000ns})
  Path Group:             sys_clk_pin
  Path Type:              Setup (Max at Slow Process Corner)
  Requirement:            10.000ns  (sys_clk_pin rise@10.000ns - sys_clk_pin rise@0.000ns)
  Data Path Delay:        2.726ns  (logic 0.704ns (25.822%)  route 2.022ns (74.178%))
  Logic Levels:           2  (LUT4=1 LUT5=1)
  Clock Path Skew:        -0.022ns (DCD - SCD + CPR)
    Destination Clock Delay (DCD):    4.779ns = ( 14.779 - 10.000 ) 
    Source Clock Delay      (SCD):    5.073ns
    Clock Pessimism Removal (CPR):    0.272ns
  Clock Uncertainty:      0.035ns  ((TSJ^2 + TIJ^2)^1/2 + DJ) / 2 + PE
    Total System Jitter     (TSJ):    0.071ns
    Total Input Jitter      (TIJ):    0.000ns
    Discrete Jitter          (DJ):    0.000ns
    Phase Error              (PE):    0.000ns

    Location             Delay type                Incr(ns)  Path(ns)    Netlist Resource(s)
  -------------------------------------------------------------------    -------------------
                         (clock sys_clk_pin rise edge)
                                                      0.000     0.000 r  
    W5                                                0.000     0.000 r  CLK100MHZ (IN)
                         net (fo=0)                   0.000     0.000    CLK100MHZ
    W5                   IBUF (Prop_ibuf_I_O)         1.458     1.458 r  CLK100MHZ_IBUF_inst/O
                         net (fo=1, routed)           1.967     3.425    CLK100MHZ_IBUF
    BUFGCTRL_X0Y0        BUFG (Prop_bufg_I_O)         0.096     3.521 r  CLK100MHZ_IBUF_BUFG_inst/O
                         net (fo=36, routed)          1.552     5.073    nolabel_line38/CLK100MHZ_IBUF_BUFG
    SLICE_X15Y86         FDRE                                         r  nolabel_line38/clkdiv_reg[4]/C
  -------------------------------------------------------------------    -------------------
    SLICE_X15Y86         FDRE (Prop_fdre_C_Q)         0.456     5.529 f  nolabel_line38/clkdiv_reg[4]/Q
                         net (fo=2, routed)           0.692     6.221    nolabel_line38/clkdiv[4]
    SLICE_X14Y86         LUT4 (Prop_lut4_I2_O)        0.124     6.345 f  nolabel_line38/clkdiv[0]_i_4/O
                         net (fo=3, routed)           0.831     7.176    nolabel_line38/clkdiv[0]_i_4_n_0
    SLICE_X14Y87         LUT5 (Prop_lut5_I2_O)        0.124     7.300 r  nolabel_line38/clkdiv[16]_i_1/O
                         net (fo=16, routed)          0.500     7.799    nolabel_line38/sck
    SLICE_X15Y89         FDRE                                         r  nolabel_line38/clkdiv_reg[15]/R
  -------------------------------------------------------------------    -------------------

                         (clock sys_clk_pin rise edge)
                                                     10.000    10.000 r  
    W5                                                0.000    10.000 r  CLK100MHZ (IN)
                         net (fo=0)                   0.000    10.000    CLK100MHZ
    W5                   IBUF (Prop_ibuf_I_O)         1.388    11.388 r  CLK100MHZ_IBUF_inst/O
                         net (fo=1, routed)           1.862    13.250    CLK100MHZ_IBUF
    BUFGCTRL_X0Y0        BUFG (Prop_bufg_I_O)         0.091    13.341 r  CLK100MHZ_IBUF_BUFG_inst/O
                         net (fo=36, routed)          1.438    14.779    nolabel_line38/CLK100MHZ_IBUF_BUFG
    SLICE_X15Y89         FDRE                                         r  nolabel_line38/clkdiv_reg[15]/C
                         clock pessimism              0.272    15.051    
                         clock uncertainty           -0.035    15.016    
    SLICE_X15Y89         FDRE (Setup_fdre_C_R)       -0.429    14.587    nolabel_line38/clkdiv_reg[15]
  -------------------------------------------------------------------
                         required time                         14.587    
                         arrival time                          -7.799    
  -------------------------------------------------------------------
                         slack                                  6.787    

Slack (MET) :             6.787ns  (required time - arrival time)
  Source:                 nolabel_line38/clkdiv_reg[4]/C
                            (rising edge-triggered cell FDRE clocked by sys_clk_pin  {rise@0.000ns fall@5.000ns period=10.000ns})
  Destination:            nolabel_line38/clkdiv_reg[16]/R
                            (rising edge-triggered cell FDRE clocked by sys_clk_pin  {rise@0.000ns fall@5.000ns period=10.000ns})
  Path Group:             sys_clk_pin
  Path Type:              Setup (Max at Slow Process Corner)
  Requirement:            10.000ns  (sys_clk_pin rise@10.000ns - sys_clk_pin rise@0.000ns)
  Data Path Delay:        2.726ns  (logic 0.704ns (25.822%)  route 2.022ns (74.178%))
  Logic Levels:           2  (LUT4=1 LUT5=1)
  Clock Path Skew:        -0.022ns (DCD - SCD + CPR)
    Destination Clock Delay (DCD):    4.779ns = ( 14.779 - 10.000 ) 
    Source Clock Delay      (SCD):    5.073ns
    Clock Pessimism Removal (CPR):    0.272ns
  Clock Uncertainty:      0.035ns  ((TSJ^2 + TIJ^2)^1/2 + DJ) / 2 + PE
    Total System Jitter     (TSJ):    0.071ns
    Total Input Jitter      (TIJ):    0.000ns
    Discrete Jitter          (DJ):    0.000ns
    Phase Error              (PE):    0.000ns

    Location             Delay type                Incr(ns)  Path(ns)    Netlist Resource(s)
  -------------------------------------------------------------------    -------------------
                         (clock sys_clk_pin rise edge)
                                                      0.000     0.000 r  
    W5                                                0.000     0.000 r  CLK100MHZ (IN)
                         net (fo=0)                   0.000     0.000    CLK100MHZ
    W5                   IBUF (Prop_ibuf_I_O)         1.458     1.458 r  CLK100MHZ_IBUF_inst/O
                         net (fo=1, routed)           1.967     3.425    CLK100MHZ_IBUF
    BUFGCTRL_X0Y0        BUFG (Prop_bufg_I_O)         0.096     3.521 r  CLK100MHZ_IBUF_BUFG_inst/O
                         net (fo=36, routed)          1.552     5.073    nolabel_line38/CLK100MHZ_IBUF_BUFG
    SLICE_X15Y86         FDRE                                         r  nolabel_line38/clkdiv_reg[4]/C
  -------------------------------------------------------------------    -------------------
    SLICE_X15Y86         FDRE (Prop_fdre_C_Q)         0.456     5.529 f  nolabel_line38/clkdiv_reg[4]/Q
                         net (fo=2, routed)           0.692     6.221    nolabel_line38/clkdiv[4]
    SLICE_X14Y86         LUT4 (Prop_lut4_I2_O)        0.124     6.345 f  nolabel_line38/clkdiv[0]_i_4/O
                         net (fo=3, routed)           0.831     7.176    nolabel_line38/clkdiv[0]_i_4_n_0
    SLICE_X14Y87         LUT5 (Prop_lut5_I2_O)        0.124     7.300 r  nolabel_line38/clkdiv[16]_i_1/O
                         net (fo=16, routed)          0.500     7.799    nolabel_line38/sck
    SLICE_X15Y89         FDRE                                         r  nolabel_line38/clkdiv_reg[16]/R
  -------------------------------------------------------------------    -------------------

                         (clock sys_clk_pin rise edge)
                                                     10.000    10.000 r  
    W5                                                0.000    10.000 r  CLK100MHZ (IN)
                         net (fo=0)                   0.000    10.000    CLK100MHZ
    W5                   IBUF (Prop_ibuf_I_O)         1.388    11.388 r  CLK100MHZ_IBUF_inst/O
                         net (fo=1, routed)           1.862    13.250    CLK100MHZ_IBUF
    BUFGCTRL_X0Y0        BUFG (Prop_bufg_I_O)         0.091    13.341 r  CLK100MHZ_IBUF_BUFG_inst/O
                         net (fo=36, routed)          1.438    14.779    nolabel_line38/CLK100MHZ_IBUF_BUFG
    SLICE_X15Y89         FDRE                                         r  nolabel_line38/clkdiv_reg[16]/C
                         clock pessimism              0.272    15.051    
                         clock uncertainty           -0.035    15.016    
    SLICE_X15Y89         FDRE (Setup_fdre_C_R)       -0.429    14.587    nolabel_line38/clkdiv_reg[16]
  -------------------------------------------------------------------
                         required time                         14.587    
                         arrival time                          -7.799    
  -------------------------------------------------------------------
                         slack                                  6.787    

Slack (MET) :             6.787ns  (required time - arrival time)
  Source:                 nolabel_line38/clkdiv_reg[16]/C
                            (rising edge-triggered cell FDRE clocked by sys_clk_pin  {rise@0.000ns fall@5.000ns period=10.000ns})
  Destination:            nolabel_line38/clkdiv_reg[1]/R
                            (rising edge-triggered cell FDRE clocked by sys_clk_pin  {rise@0.000ns fall@5.000ns period=10.000ns})
  Path Group:             sys_clk_pin
  Path Type:              Setup (Max at Slow Process Corner)
  Requirement:            10.000ns  (sys_clk_pin rise@10.000ns - sys_clk_pin rise@0.000ns)
  Data Path Delay:        2.720ns  (logic 0.704ns (25.879%)  route 2.016ns (74.121%))
  Logic Levels:           2  (LUT4=1 LUT5=1)
  Clock Path Skew:        -0.028ns (DCD - SCD + CPR)
    Destination Clock Delay (DCD):    4.776ns = ( 14.776 - 10.000 ) 
    Source Clock Delay      (SCD):    5.076ns
    Clock Pessimism Removal (CPR):    0.272ns
  Clock Uncertainty:      0.035ns  ((TSJ^2 + TIJ^2)^1/2 + DJ) / 2 + PE
    Total System Jitter     (TSJ):    0.071ns
    Total Input Jitter      (TIJ):    0.000ns
    Discrete Jitter          (DJ):    0.000ns
    Phase Error              (PE):    0.000ns

    Location             Delay type                Incr(ns)  Path(ns)    Netlist Resource(s)
  -------------------------------------------------------------------    -------------------
                         (clock sys_clk_pin rise edge)
                                                      0.000     0.000 r  
    W5                                                0.000     0.000 r  CLK100MHZ (IN)
                         net (fo=0)                   0.000     0.000    CLK100MHZ
    W5                   IBUF (Prop_ibuf_I_O)         1.458     1.458 r  CLK100MHZ_IBUF_inst/O
                         net (fo=1, routed)           1.967     3.425    CLK100MHZ_IBUF
    BUFGCTRL_X0Y0        BUFG (Prop_bufg_I_O)         0.096     3.521 r  CLK100MHZ_IBUF_BUFG_inst/O
                         net (fo=36, routed)          1.555     5.076    nolabel_line38/CLK100MHZ_IBUF_BUFG
    SLICE_X15Y89         FDRE                                         r  nolabel_line38/clkdiv_reg[16]/C
  -------------------------------------------------------------------    -------------------
    SLICE_X15Y89         FDRE (Prop_fdre_C_Q)         0.456     5.532 r  nolabel_line38/clkdiv_reg[16]/Q
                         net (fo=2, routed)           0.692     6.224    nolabel_line38/clkdiv[16]
    SLICE_X14Y89         LUT4 (Prop_lut4_I2_O)        0.124     6.348 f  nolabel_line38/clkdiv[0]_i_3/O
                         net (fo=3, routed)           0.822     7.170    nolabel_line38/clkdiv[0]_i_3_n_0
    SLICE_X14Y87         LUT5 (Prop_lut5_I3_O)        0.124     7.294 r  nolabel_line38/clkdiv[16]_i_1/O
                         net (fo=16, routed)          0.502     7.796    nolabel_line38/sck
    SLICE_X15Y86         FDRE                                         r  nolabel_line38/clkdiv_reg[1]/R
  -------------------------------------------------------------------    -------------------

                         (clock sys_clk_pin rise edge)
                                                     10.000    10.000 r  
    W5                                                0.000    10.000 r  CLK100MHZ (IN)
                         net (fo=0)                   0.000    10.000    CLK100MHZ
    W5                   IBUF (Prop_ibuf_I_O)         1.388    11.388 r  CLK100MHZ_IBUF_inst/O
                         net (fo=1, routed)           1.862    13.250    CLK100MHZ_IBUF
    BUFGCTRL_X0Y0        BUFG (Prop_bufg_I_O)         0.091    13.341 r  CLK100MHZ_IBUF_BUFG_inst/O
                         net (fo=36, routed)          1.435    14.776    nolabel_line38/CLK100MHZ_IBUF_BUFG
    SLICE_X15Y86         FDRE                                         r  nolabel_line38/clkdiv_reg[1]/C
                         clock pessimism              0.272    15.048    
                         clock uncertainty           -0.035    15.013    
    SLICE_X15Y86         FDRE (Setup_fdre_C_R)       -0.429    14.584    nolabel_line38/clkdiv_reg[1]
  -------------------------------------------------------------------
                         required time                         14.584    
                         arrival time                          -7.796    
  -------------------------------------------------------------------
                         slack                                  6.787    

Slack (MET) :             6.787ns  (required time - arrival time)
  Source:                 nolabel_line38/clkdiv_reg[16]/C
                            (rising edge-triggered cell FDRE clocked by sys_clk_pin  {rise@0.000ns fall@5.000ns period=10.000ns})
  Destination:            nolabel_line38/clkdiv_reg[2]/R
                            (rising edge-triggered cell FDRE clocked by sys_clk_pin  {rise@0.000ns fall@5.000ns period=10.000ns})
  Path Group:             sys_clk_pin
  Path Type:              Setup (Max at Slow Process Corner)
  Requirement:            10.000ns  (sys_clk_pin rise@10.000ns - sys_clk_pin rise@0.000ns)
  Data Path Delay:        2.720ns  (logic 0.704ns (25.879%)  route 2.016ns (74.121%))
  Logic Levels:           2  (LUT4=1 LUT5=1)
  Clock Path Skew:        -0.028ns (DCD - SCD + CPR)
    Destination Clock Delay (DCD):    4.776ns = ( 14.776 - 10.000 ) 
    Source Clock Delay      (SCD):    5.076ns
    Clock Pessimism Removal (CPR):    0.272ns
  Clock Uncertainty:      0.035ns  ((TSJ^2 + TIJ^2)^1/2 + DJ) / 2 + PE
    Total System Jitter     (TSJ):    0.071ns
    Total Input Jitter      (TIJ):    0.000ns
    Discrete Jitter          (DJ):    0.000ns
    Phase Error              (PE):    0.000ns

    Location             Delay type                Incr(ns)  Path(ns)    Netlist Resource(s)
  -------------------------------------------------------------------    -------------------
                         (clock sys_clk_pin rise edge)
                                                      0.000     0.000 r  
    W5                                                0.000     0.000 r  CLK100MHZ (IN)
                         net (fo=0)                   0.000     0.000    CLK100MHZ
    W5                   IBUF (Prop_ibuf_I_O)         1.458     1.458 r  CLK100MHZ_IBUF_inst/O
                         net (fo=1, routed)           1.967     3.425    CLK100MHZ_IBUF
    BUFGCTRL_X0Y0        BUFG (Prop_bufg_I_O)         0.096     3.521 r  CLK100MHZ_IBUF_BUFG_inst/O
                         net (fo=36, routed)          1.555     5.076    nolabel_line38/CLK100MHZ_IBUF_BUFG
    SLICE_X15Y89         FDRE                                         r  nolabel_line38/clkdiv_reg[16]/C
  -------------------------------------------------------------------    -------------------
    SLICE_X15Y89         FDRE (Prop_fdre_C_Q)         0.456     5.532 r  nolabel_line38/clkdiv_reg[16]/Q
                         net (fo=2, routed)           0.692     6.224    nolabel_line38/clkdiv[16]
    SLICE_X14Y89         LUT4 (Prop_lut4_I2_O)        0.124     6.348 f  nolabel_line38/clkdiv[0]_i_3/O
                         net (fo=3, routed)           0.822     7.170    nolabel_line38/clkdiv[0]_i_3_n_0
    SLICE_X14Y87         LUT5 (Prop_lut5_I3_O)        0.124     7.294 r  nolabel_line38/clkdiv[16]_i_1/O
                         net (fo=16, routed)          0.502     7.796    nolabel_line38/sck
    SLICE_X15Y86         FDRE                                         r  nolabel_line38/clkdiv_reg[2]/R
  -------------------------------------------------------------------    -------------------

                         (clock sys_clk_pin rise edge)
                                                     10.000    10.000 r  
    W5                                                0.000    10.000 r  CLK100MHZ (IN)
                         net (fo=0)                   0.000    10.000    CLK100MHZ
    W5                   IBUF (Prop_ibuf_I_O)         1.388    11.388 r  CLK100MHZ_IBUF_inst/O
                         net (fo=1, routed)           1.862    13.250    CLK100MHZ_IBUF
    BUFGCTRL_X0Y0        BUFG (Prop_bufg_I_O)         0.091    13.341 r  CLK100MHZ_IBUF_BUFG_inst/O
                         net (fo=36, routed)          1.435    14.776    nolabel_line38/CLK100MHZ_IBUF_BUFG
    SLICE_X15Y86         FDRE                                         r  nolabel_line38/clkdiv_reg[2]/C
                         clock pessimism              0.272    15.048    
                         clock uncertainty           -0.035    15.013    
    SLICE_X15Y86         FDRE (Setup_fdre_C_R)       -0.429    14.584    nolabel_line38/clkdiv_reg[2]
  -------------------------------------------------------------------
                         required time                         14.584    
                         arrival time                          -7.796    
  -------------------------------------------------------------------
                         slack                                  6.787    





Min Delay Paths
--------------------------------------------------------------------------------------
Slack (MET) :             0.263ns  (arrival time - required time)
  Source:                 nolabel_line38/clkdiv_reg[12]/C
                            (rising edge-triggered cell FDRE clocked by sys_clk_pin  {rise@0.000ns fall@5.000ns period=10.000ns})
  Destination:            nolabel_line38/clkdiv_reg[12]/D
                            (rising edge-triggered cell FDRE clocked by sys_clk_pin  {rise@0.000ns fall@5.000ns period=10.000ns})
  Path Group:             sys_clk_pin
  Path Type:              Hold (Min at Fast Process Corner)
  Requirement:            0.000ns  (sys_clk_pin rise@0.000ns - sys_clk_pin rise@0.000ns)
  Data Path Delay:        0.368ns  (logic 0.249ns (67.612%)  route 0.119ns (32.388%))
  Logic Levels:           1  (CARRY4=1)
  Clock Path Skew:        0.000ns (DCD - SCD - CPR)
    Destination Clock Delay (DCD):    1.959ns
    Source Clock Delay      (SCD):    1.445ns
    Clock Pessimism Removal (CPR):    0.514ns

    Location             Delay type                Incr(ns)  Path(ns)    Netlist Resource(s)
  -------------------------------------------------------------------    -------------------
                         (clock sys_clk_pin rise edge)
                                                      0.000     0.000 r  
    W5                                                0.000     0.000 r  CLK100MHZ (IN)
                         net (fo=0)                   0.000     0.000    CLK100MHZ
    W5                   IBUF (Prop_ibuf_I_O)         0.226     0.226 r  CLK100MHZ_IBUF_inst/O
                         net (fo=1, routed)           0.631     0.858    CLK100MHZ_IBUF
    BUFGCTRL_X0Y0        BUFG (Prop_bufg_I_O)         0.026     0.884 r  CLK100MHZ_IBUF_BUFG_inst/O
                         net (fo=36, routed)          0.562     1.445    nolabel_line38/CLK100MHZ_IBUF_BUFG
    SLICE_X15Y88         FDRE                                         r  nolabel_line38/clkdiv_reg[12]/C
  -------------------------------------------------------------------    -------------------
    SLICE_X15Y88         FDRE (Prop_fdre_C_Q)         0.141     1.586 r  nolabel_line38/clkdiv_reg[12]/Q
                         net (fo=2, routed)           0.119     1.706    nolabel_line38/clkdiv[12]
    SLICE_X15Y88         CARRY4 (Prop_carry4_S[3]_O[3])
                                                      0.108     1.814 r  nolabel_line38/clkdiv0_carry__1/O[3]
                         net (fo=1, routed)           0.000     1.814    nolabel_line38/data0[12]
    SLICE_X15Y88         FDRE                                         r  nolabel_line38/clkdiv_reg[12]/D
  -------------------------------------------------------------------    -------------------

                         (clock sys_clk_pin rise edge)
                                                      0.000     0.000 r  
    W5                                                0.000     0.000 r  CLK100MHZ (IN)
                         net (fo=0)                   0.000     0.000    CLK100MHZ
    W5                   IBUF (Prop_ibuf_I_O)         0.414     0.414 r  CLK100MHZ_IBUF_inst/O
                         net (fo=1, routed)           0.685     1.099    CLK100MHZ_IBUF
    BUFGCTRL_X0Y0        BUFG (Prop_bufg_I_O)         0.029     1.128 r  CLK100MHZ_IBUF_BUFG_inst/O
                         net (fo=36, routed)          0.831     1.959    nolabel_line38/CLK100MHZ_IBUF_BUFG
    SLICE_X15Y88         FDRE                                         r  nolabel_line38/clkdiv_reg[12]/C
                         clock pessimism             -0.514     1.445    
    SLICE_X15Y88         FDRE (Hold_fdre_C_D)         0.105     1.550    nolabel_line38/clkdiv_reg[12]
  -------------------------------------------------------------------
                         required time                         -1.550    
                         arrival time                           1.814    
  -------------------------------------------------------------------
                         slack                                  0.263    

Slack (MET) :             0.263ns  (arrival time - required time)
  Source:                 nolabel_line38/clkdiv_reg[16]/C
                            (rising edge-triggered cell FDRE clocked by sys_clk_pin  {rise@0.000ns fall@5.000ns period=10.000ns})
  Destination:            nolabel_line38/clkdiv_reg[16]/D
                            (rising edge-triggered cell FDRE clocked by sys_clk_pin  {rise@0.000ns fall@5.000ns period=10.000ns})
  Path Group:             sys_clk_pin
  Path Type:              Hold (Min at Fast Process Corner)
  Requirement:            0.000ns  (sys_clk_pin rise@0.000ns - sys_clk_pin rise@0.000ns)
  Data Path Delay:        0.368ns  (logic 0.249ns (67.612%)  route 0.119ns (32.388%))
  Logic Levels:           1  (CARRY4=1)
  Clock Path Skew:        0.000ns (DCD - SCD - CPR)
    Destination Clock Delay (DCD):    1.959ns
    Source Clock Delay      (SCD):    1.445ns
    Clock Pessimism Removal (CPR):    0.514ns

    Location             Delay type                Incr(ns)  Path(ns)    Netlist Resource(s)
  -------------------------------------------------------------------    -------------------
                         (clock sys_clk_pin rise edge)
                                                      0.000     0.000 r  
    W5                                                0.000     0.000 r  CLK100MHZ (IN)
                         net (fo=0)                   0.000     0.000    CLK100MHZ
    W5                   IBUF (Prop_ibuf_I_O)         0.226     0.226 r  CLK100MHZ_IBUF_inst/O
                         net (fo=1, routed)           0.631     0.858    CLK100MHZ_IBUF
    BUFGCTRL_X0Y0        BUFG (Prop_bufg_I_O)         0.026     0.884 r  CLK100MHZ_IBUF_BUFG_inst/O
                         net (fo=36, routed)          0.562     1.445    nolabel_line38/CLK100MHZ_IBUF_BUFG
    SLICE_X15Y89         FDRE                                         r  nolabel_line38/clkdiv_reg[16]/C
  -------------------------------------------------------------------    -------------------
    SLICE_X15Y89         FDRE (Prop_fdre_C_Q)         0.141     1.586 r  nolabel_line38/clkdiv_reg[16]/Q
                         net (fo=2, routed)           0.119     1.706    nolabel_line38/clkdiv[16]
    SLICE_X15Y89         CARRY4 (Prop_carry4_S[3]_O[3])
                                                      0.108     1.814 r  nolabel_line38/clkdiv0_carry__2/O[3]
                         net (fo=1, routed)           0.000     1.814    nolabel_line38/data0[16]
    SLICE_X15Y89         FDRE                                         r  nolabel_line38/clkdiv_reg[16]/D
  -------------------------------------------------------------------    -------------------

                         (clock sys_clk_pin rise edge)
                                                      0.000     0.000 r  
    W5                                                0.000     0.000 r  CLK100MHZ (IN)
                         net (fo=0)                   0.000     0.000    CLK100MHZ
    W5                   IBUF (Prop_ibuf_I_O)         0.414     0.414 r  CLK100MHZ_IBUF_inst/O
                         net (fo=1, routed)           0.685     1.099    CLK100MHZ_IBUF
    BUFGCTRL_X0Y0        BUFG (Prop_bufg_I_O)         0.029     1.128 r  CLK100MHZ_IBUF_BUFG_inst/O
                         net (fo=36, routed)          0.831     1.959    nolabel_line38/CLK100MHZ_IBUF_BUFG
    SLICE_X15Y89         FDRE                                         r  nolabel_line38/clkdiv_reg[16]/C
                         clock pessimism             -0.514     1.445    
    SLICE_X15Y89         FDRE (Hold_fdre_C_D)         0.105     1.550    nolabel_line38/clkdiv_reg[16]
  -------------------------------------------------------------------
                         required time                         -1.550    
                         arrival time                           1.814    
  -------------------------------------------------------------------
                         slack                                  0.263    

Slack (MET) :             0.263ns  (arrival time - required time)
  Source:                 nolabel_line38/clkdiv_reg[4]/C
                            (rising edge-triggered cell FDRE clocked by sys_clk_pin  {rise@0.000ns fall@5.000ns period=10.000ns})
  Destination:            nolabel_line38/clkdiv_reg[4]/D
                            (rising edge-triggered cell FDRE clocked by sys_clk_pin  {rise@0.000ns fall@5.000ns period=10.000ns})
  Path Group:             sys_clk_pin
  Path Type:              Hold (Min at Fast Process Corner)
  Requirement:            0.000ns  (sys_clk_pin rise@0.000ns - sys_clk_pin rise@0.000ns)
  Data Path Delay:        0.368ns  (logic 0.249ns (67.612%)  route 0.119ns (32.388%))
  Logic Levels:           1  (CARRY4=1)
  Clock Path Skew:        0.000ns (DCD - SCD - CPR)
    Destination Clock Delay (DCD):    1.956ns
    Source Clock Delay      (SCD):    1.443ns
    Clock Pessimism Removal (CPR):    0.513ns

    Location             Delay type                Incr(ns)  Path(ns)    Netlist Resource(s)
  -------------------------------------------------------------------    -------------------
                         (clock sys_clk_pin rise edge)
                                                      0.000     0.000 r  
    W5                                                0.000     0.000 r  CLK100MHZ (IN)
                         net (fo=0)                   0.000     0.000    CLK100MHZ
    W5                   IBUF (Prop_ibuf_I_O)         0.226     0.226 r  CLK100MHZ_IBUF_inst/O
                         net (fo=1, routed)           0.631     0.858    CLK100MHZ_IBUF
    BUFGCTRL_X0Y0        BUFG (Prop_bufg_I_O)         0.026     0.884 r  CLK100MHZ_IBUF_BUFG_inst/O
                         net (fo=36, routed)          0.560     1.443    nolabel_line38/CLK100MHZ_IBUF_BUFG
    SLICE_X15Y86         FDRE                                         r  nolabel_line38/clkdiv_reg[4]/C
  -------------------------------------------------------------------    -------------------
    SLICE_X15Y86         FDRE (Prop_fdre_C_Q)         0.141     1.584 r  nolabel_line38/clkdiv_reg[4]/Q
                         net (fo=2, routed)           0.119     1.704    nolabel_line38/clkdiv[4]
    SLICE_X15Y86         CARRY4 (Prop_carry4_S[3]_O[3])
                                                      0.108     1.812 r  nolabel_line38/clkdiv0_carry/O[3]
                         net (fo=1, routed)           0.000     1.812    nolabel_line38/data0[4]
    SLICE_X15Y86         FDRE                                         r  nolabel_line38/clkdiv_reg[4]/D
  -------------------------------------------------------------------    -------------------

                         (clock sys_clk_pin rise edge)
                                                      0.000     0.000 r  
    W5                                                0.000     0.000 r  CLK100MHZ (IN)
                         net (fo=0)                   0.000     0.000    CLK100MHZ
    W5                   IBUF (Prop_ibuf_I_O)         0.414     0.414 r  CLK100MHZ_IBUF_inst/O
                         net (fo=1, routed)           0.685     1.099    CLK100MHZ_IBUF
    BUFGCTRL_X0Y0        BUFG (Prop_bufg_I_O)         0.029     1.128 r  CLK100MHZ_IBUF_BUFG_inst/O
                         net (fo=36, routed)          0.828     1.956    nolabel_line38/CLK100MHZ_IBUF_BUFG
    SLICE_X15Y86         FDRE                                         r  nolabel_line38/clkdiv_reg[4]/C
                         clock pessimism             -0.513     1.443    
    SLICE_X15Y86         FDRE (Hold_fdre_C_D)         0.105     1.548    nolabel_line38/clkdiv_reg[4]
  -------------------------------------------------------------------
                         required time                         -1.548    
                         arrival time                           1.812    
  -------------------------------------------------------------------
                         slack                                  0.263    

Slack (MET) :             0.263ns  (arrival time - required time)
  Source:                 nolabel_line38/clkdiv_reg[8]/C
                            (rising edge-triggered cell FDRE clocked by sys_clk_pin  {rise@0.000ns fall@5.000ns period=10.000ns})
  Destination:            nolabel_line38/clkdiv_reg[8]/D
                            (rising edge-triggered cell FDRE clocked by sys_clk_pin  {rise@0.000ns fall@5.000ns period=10.000ns})
  Path Group:             sys_clk_pin
  Path Type:              Hold (Min at Fast Process Corner)
  Requirement:            0.000ns  (sys_clk_pin rise@0.000ns - sys_clk_pin rise@0.000ns)
  Data Path Delay:        0.368ns  (logic 0.249ns (67.612%)  route 0.119ns (32.388%))
  Logic Levels:           1  (CARRY4=1)
  Clock Path Skew:        0.000ns (DCD - SCD - CPR)
    Destination Clock Delay (DCD):    1.957ns
    Source Clock Delay      (SCD):    1.444ns
    Clock Pessimism Removal (CPR):    0.513ns

    Location             Delay type                Incr(ns)  Path(ns)    Netlist Resource(s)
  -------------------------------------------------------------------    -------------------
                         (clock sys_clk_pin rise edge)
                                                      0.000     0.000 r  
    W5                                                0.000     0.000 r  CLK100MHZ (IN)
                         net (fo=0)                   0.000     0.000    CLK100MHZ
    W5                   IBUF (Prop_ibuf_I_O)         0.226     0.226 r  CLK100MHZ_IBUF_inst/O
                         net (fo=1, routed)           0.631     0.858    CLK100MHZ_IBUF
    BUFGCTRL_X0Y0        BUFG (Prop_bufg_I_O)         0.026     0.884 r  CLK100MHZ_IBUF_BUFG_inst/O
                         net (fo=36, routed)          0.561     1.444    nolabel_line38/CLK100MHZ_IBUF_BUFG
    SLICE_X15Y87         FDRE                                         r  nolabel_line38/clkdiv_reg[8]/C
  -------------------------------------------------------------------    -------------------
    SLICE_X15Y87         FDRE (Prop_fdre_C_Q)         0.141     1.585 r  nolabel_line38/clkdiv_reg[8]/Q
                         net (fo=2, routed)           0.119     1.705    nolabel_line38/clkdiv[8]
    SLICE_X15Y87         CARRY4 (Prop_carry4_S[3]_O[3])
                                                      0.108     1.813 r  nolabel_line38/clkdiv0_carry__0/O[3]
                         net (fo=1, routed)           0.000     1.813    nolabel_line38/data0[8]
    SLICE_X15Y87         FDRE                                         r  nolabel_line38/clkdiv_reg[8]/D
  -------------------------------------------------------------------    -------------------

                         (clock sys_clk_pin rise edge)
                                                      0.000     0.000 r  
    W5                                                0.000     0.000 r  CLK100MHZ (IN)
                         net (fo=0)                   0.000     0.000    CLK100MHZ
    W5                   IBUF (Prop_ibuf_I_O)         0.414     0.414 r  CLK100MHZ_IBUF_inst/O
                         net (fo=1, routed)           0.685     1.099    CLK100MHZ_IBUF
    BUFGCTRL_X0Y0        BUFG (Prop_bufg_I_O)         0.029     1.128 r  CLK100MHZ_IBUF_BUFG_inst/O
                         net (fo=36, routed)          0.829     1.957    nolabel_line38/CLK100MHZ_IBUF_BUFG
    SLICE_X15Y87         FDRE                                         r  nolabel_line38/clkdiv_reg[8]/C
                         clock pessimism             -0.513     1.444    
    SLICE_X15Y87         FDRE (Hold_fdre_C_D)         0.105     1.549    nolabel_line38/clkdiv_reg[8]
  -------------------------------------------------------------------
                         required time                         -1.549    
                         arrival time                           1.813    
  -------------------------------------------------------------------
                         slack                                  0.263    

Slack (MET) :             0.267ns  (arrival time - required time)
  Source:                 nolabel_line38/clkdiv_reg[13]/C
                            (rising edge-triggered cell FDRE clocked by sys_clk_pin  {rise@0.000ns fall@5.000ns period=10.000ns})
  Destination:            nolabel_line38/clkdiv_reg[13]/D
                            (rising edge-triggered cell FDRE clocked by sys_clk_pin  {rise@0.000ns fall@5.000ns period=10.000ns})
  Path Group:             sys_clk_pin
  Path Type:              Hold (Min at Fast Process Corner)
  Requirement:            0.000ns  (sys_clk_pin rise@0.000ns - sys_clk_pin rise@0.000ns)
  Data Path Delay:        0.372ns  (logic 0.256ns (68.766%)  route 0.116ns (31.234%))
  Logic Levels:           1  (CARRY4=1)
  Clock Path Skew:        0.000ns (DCD - SCD - CPR)
    Destination Clock Delay (DCD):    1.959ns
    Source Clock Delay      (SCD):    1.445ns
    Clock Pessimism Removal (CPR):    0.514ns

    Location             Delay type                Incr(ns)  Path(ns)    Netlist Resource(s)
  -------------------------------------------------------------------    -------------------
                         (clock sys_clk_pin rise edge)
                                                      0.000     0.000 r  
    W5                                                0.000     0.000 r  CLK100MHZ (IN)
                         net (fo=0)                   0.000     0.000    CLK100MHZ
    W5                   IBUF (Prop_ibuf_I_O)         0.226     0.226 r  CLK100MHZ_IBUF_inst/O
                         net (fo=1, routed)           0.631     0.858    CLK100MHZ_IBUF
    BUFGCTRL_X0Y0        BUFG (Prop_bufg_I_O)         0.026     0.884 r  CLK100MHZ_IBUF_BUFG_inst/O
                         net (fo=36, routed)          0.562     1.445    nolabel_line38/CLK100MHZ_IBUF_BUFG
    SLICE_X15Y89         FDRE                                         r  nolabel_line38/clkdiv_reg[13]/C
  -------------------------------------------------------------------    -------------------
    SLICE_X15Y89         FDRE (Prop_fdre_C_Q)         0.141     1.586 r  nolabel_line38/clkdiv_reg[13]/Q
                         net (fo=2, routed)           0.116     1.703    nolabel_line38/clkdiv[13]
    SLICE_X15Y89         CARRY4 (Prop_carry4_S[0]_O[0])
                                                      0.115     1.818 r  nolabel_line38/clkdiv0_carry__2/O[0]
                         net (fo=1, routed)           0.000     1.818    nolabel_line38/data0[13]
    SLICE_X15Y89         FDRE                                         r  nolabel_line38/clkdiv_reg[13]/D
  -------------------------------------------------------------------    -------------------

                         (clock sys_clk_pin rise edge)
                                                      0.000     0.000 r  
    W5                                                0.000     0.000 r  CLK100MHZ (IN)
                         net (fo=0)                   0.000     0.000    CLK100MHZ
    W5                   IBUF (Prop_ibuf_I_O)         0.414     0.414 r  CLK100MHZ_IBUF_inst/O
                         net (fo=1, routed)           0.685     1.099    CLK100MHZ_IBUF
    BUFGCTRL_X0Y0        BUFG (Prop_bufg_I_O)         0.029     1.128 r  CLK100MHZ_IBUF_BUFG_inst/O
                         net (fo=36, routed)          0.831     1.959    nolabel_line38/CLK100MHZ_IBUF_BUFG
    SLICE_X15Y89         FDRE                                         r  nolabel_line38/clkdiv_reg[13]/C
                         clock pessimism             -0.514     1.445    
    SLICE_X15Y89         FDRE (Hold_fdre_C_D)         0.105     1.550    nolabel_line38/clkdiv_reg[13]
  -------------------------------------------------------------------
                         required time                         -1.550    
                         arrival time                           1.818    
  -------------------------------------------------------------------
                         slack                                  0.267    

Slack (MET) :             0.267ns  (arrival time - required time)
  Source:                 nolabel_line38/clkdiv_reg[5]/C
                            (rising edge-triggered cell FDRE clocked by sys_clk_pin  {rise@0.000ns fall@5.000ns period=10.000ns})
  Destination:            nolabel_line38/clkdiv_reg[5]/D
                            (rising edge-triggered cell FDRE clocked by sys_clk_pin  {rise@0.000ns fall@5.000ns period=10.000ns})
  Path Group:             sys_clk_pin
  Path Type:              Hold (Min at Fast Process Corner)
  Requirement:            0.000ns  (sys_clk_pin rise@0.000ns - sys_clk_pin rise@0.000ns)
  Data Path Delay:        0.372ns  (logic 0.256ns (68.766%)  route 0.116ns (31.234%))
  Logic Levels:           1  (CARRY4=1)
  Clock Path Skew:        0.000ns (DCD - SCD - CPR)
    Destination Clock Delay (DCD):    1.957ns
    Source Clock Delay      (SCD):    1.444ns
    Clock Pessimism Removal (CPR):    0.513ns

    Location             Delay type                Incr(ns)  Path(ns)    Netlist Resource(s)
  -------------------------------------------------------------------    -------------------
                         (clock sys_clk_pin rise edge)
                                                      0.000     0.000 r  
    W5                                                0.000     0.000 r  CLK100MHZ (IN)
                         net (fo=0)                   0.000     0.000    CLK100MHZ
    W5                   IBUF (Prop_ibuf_I_O)         0.226     0.226 r  CLK100MHZ_IBUF_inst/O
                         net (fo=1, routed)           0.631     0.858    CLK100MHZ_IBUF
    BUFGCTRL_X0Y0        BUFG (Prop_bufg_I_O)         0.026     0.884 r  CLK100MHZ_IBUF_BUFG_inst/O
                         net (fo=36, routed)          0.561     1.444    nolabel_line38/CLK100MHZ_IBUF_BUFG
    SLICE_X15Y87         FDRE                                         r  nolabel_line38/clkdiv_reg[5]/C
  -------------------------------------------------------------------    -------------------
    SLICE_X15Y87         FDRE (Prop_fdre_C_Q)         0.141     1.585 r  nolabel_line38/clkdiv_reg[5]/Q
                         net (fo=2, routed)           0.116     1.702    nolabel_line38/clkdiv[5]
    SLICE_X15Y87         CARRY4 (Prop_carry4_S[0]_O[0])
                                                      0.115     1.817 r  nolabel_line38/clkdiv0_carry__0/O[0]
                         net (fo=1, routed)           0.000     1.817    nolabel_line38/data0[5]
    SLICE_X15Y87         FDRE                                         r  nolabel_line38/clkdiv_reg[5]/D
  -------------------------------------------------------------------    -------------------

                         (clock sys_clk_pin rise edge)
                                                      0.000     0.000 r  
    W5                                                0.000     0.000 r  CLK100MHZ (IN)
                         net (fo=0)                   0.000     0.000    CLK100MHZ
    W5                   IBUF (Prop_ibuf_I_O)         0.414     0.414 r  CLK100MHZ_IBUF_inst/O
                         net (fo=1, routed)           0.685     1.099    CLK100MHZ_IBUF
    BUFGCTRL_X0Y0        BUFG (Prop_bufg_I_O)         0.029     1.128 r  CLK100MHZ_IBUF_BUFG_inst/O
                         net (fo=36, routed)          0.829     1.957    nolabel_line38/CLK100MHZ_IBUF_BUFG
    SLICE_X15Y87         FDRE                                         r  nolabel_line38/clkdiv_reg[5]/C
                         clock pessimism             -0.513     1.444    
    SLICE_X15Y87         FDRE (Hold_fdre_C_D)         0.105     1.549    nolabel_line38/clkdiv_reg[5]
  -------------------------------------------------------------------
                         required time                         -1.549    
                         arrival time                           1.817    
  -------------------------------------------------------------------
                         slack                                  0.267    

Slack (MET) :             0.267ns  (arrival time - required time)
  Source:                 nolabel_line38/clkdiv_reg[9]/C
                            (rising edge-triggered cell FDRE clocked by sys_clk_pin  {rise@0.000ns fall@5.000ns period=10.000ns})
  Destination:            nolabel_line38/clkdiv_reg[9]/D
                            (rising edge-triggered cell FDRE clocked by sys_clk_pin  {rise@0.000ns fall@5.000ns period=10.000ns})
  Path Group:             sys_clk_pin
  Path Type:              Hold (Min at Fast Process Corner)
  Requirement:            0.000ns  (sys_clk_pin rise@0.000ns - sys_clk_pin rise@0.000ns)
  Data Path Delay:        0.372ns  (logic 0.256ns (68.766%)  route 0.116ns (31.234%))
  Logic Levels:           1  (CARRY4=1)
  Clock Path Skew:        0.000ns (DCD - SCD - CPR)
    Destination Clock Delay (DCD):    1.959ns
    Source Clock Delay      (SCD):    1.445ns
    Clock Pessimism Removal (CPR):    0.514ns

    Location             Delay type                Incr(ns)  Path(ns)    Netlist Resource(s)
  -------------------------------------------------------------------    -------------------
                         (clock sys_clk_pin rise edge)
                                                      0.000     0.000 r  
    W5                                                0.000     0.000 r  CLK100MHZ (IN)
                         net (fo=0)                   0.000     0.000    CLK100MHZ
    W5                   IBUF (Prop_ibuf_I_O)         0.226     0.226 r  CLK100MHZ_IBUF_inst/O
                         net (fo=1, routed)           0.631     0.858    CLK100MHZ_IBUF
    BUFGCTRL_X0Y0        BUFG (Prop_bufg_I_O)         0.026     0.884 r  CLK100MHZ_IBUF_BUFG_inst/O
                         net (fo=36, routed)          0.562     1.445    nolabel_line38/CLK100MHZ_IBUF_BUFG
    SLICE_X15Y88         FDRE                                         r  nolabel_line38/clkdiv_reg[9]/C
  -------------------------------------------------------------------    -------------------
    SLICE_X15Y88         FDRE (Prop_fdre_C_Q)         0.141     1.586 r  nolabel_line38/clkdiv_reg[9]/Q
                         net (fo=2, routed)           0.116     1.703    nolabel_line38/clkdiv[9]
    SLICE_X15Y88         CARRY4 (Prop_carry4_S[0]_O[0])
                                                      0.115     1.818 r  nolabel_line38/clkdiv0_carry__1/O[0]
                         net (fo=1, routed)           0.000     1.818    nolabel_line38/data0[9]
    SLICE_X15Y88         FDRE                                         r  nolabel_line38/clkdiv_reg[9]/D
  -------------------------------------------------------------------    -------------------

                         (clock sys_clk_pin rise edge)
                                                      0.000     0.000 r  
    W5                                                0.000     0.000 r  CLK100MHZ (IN)
                         net (fo=0)                   0.000     0.000    CLK100MHZ
    W5                   IBUF (Prop_ibuf_I_O)         0.414     0.414 r  CLK100MHZ_IBUF_inst/O
                         net (fo=1, routed)           0.685     1.099    CLK100MHZ_IBUF
    BUFGCTRL_X0Y0        BUFG (Prop_bufg_I_O)         0.029     1.128 r  CLK100MHZ_IBUF_BUFG_inst/O
                         net (fo=36, routed)          0.831     1.959    nolabel_line38/CLK100MHZ_IBUF_BUFG
    SLICE_X15Y88         FDRE                                         r  nolabel_line38/clkdiv_reg[9]/C
                         clock pessimism             -0.514     1.445    
    SLICE_X15Y88         FDRE (Hold_fdre_C_D)         0.105     1.550    nolabel_line38/clkdiv_reg[9]
  -------------------------------------------------------------------
                         required time                         -1.550    
                         arrival time                           1.818    
  -------------------------------------------------------------------
                         slack                                  0.267    

Slack (MET) :             0.267ns  (arrival time - required time)
  Source:                 nolabel_line38/clkdiv_reg[11]/C
                            (rising edge-triggered cell FDRE clocked by sys_clk_pin  {rise@0.000ns fall@5.000ns period=10.000ns})
  Destination:            nolabel_line38/clkdiv_reg[11]/D
                            (rising edge-triggered cell FDRE clocked by sys_clk_pin  {rise@0.000ns fall@5.000ns period=10.000ns})
  Path Group:             sys_clk_pin
  Path Type:              Hold (Min at Fast Process Corner)
  Requirement:            0.000ns  (sys_clk_pin rise@0.000ns - sys_clk_pin rise@0.000ns)
  Data Path Delay:        0.372ns  (logic 0.252ns (67.654%)  route 0.120ns (32.346%))
  Logic Levels:           1  (CARRY4=1)
  Clock Path Skew:        0.000ns (DCD - SCD - CPR)
    Destination Clock Delay (DCD):    1.959ns
    Source Clock Delay      (SCD):    1.445ns
    Clock Pessimism Removal (CPR):    0.514ns

    Location             Delay type                Incr(ns)  Path(ns)    Netlist Resource(s)
  -------------------------------------------------------------------    -------------------
                         (clock sys_clk_pin rise edge)
                                                      0.000     0.000 r  
    W5                                                0.000     0.000 r  CLK100MHZ (IN)
                         net (fo=0)                   0.000     0.000    CLK100MHZ
    W5                   IBUF (Prop_ibuf_I_O)         0.226     0.226 r  CLK100MHZ_IBUF_inst/O
                         net (fo=1, routed)           0.631     0.858    CLK100MHZ_IBUF
    BUFGCTRL_X0Y0        BUFG (Prop_bufg_I_O)         0.026     0.884 r  CLK100MHZ_IBUF_BUFG_inst/O
                         net (fo=36, routed)          0.562     1.445    nolabel_line38/CLK100MHZ_IBUF_BUFG
    SLICE_X15Y88         FDRE                                         r  nolabel_line38/clkdiv_reg[11]/C
  -------------------------------------------------------------------    -------------------
    SLICE_X15Y88         FDRE (Prop_fdre_C_Q)         0.141     1.586 r  nolabel_line38/clkdiv_reg[11]/Q
                         net (fo=2, routed)           0.120     1.707    nolabel_line38/clkdiv[11]
    SLICE_X15Y88         CARRY4 (Prop_carry4_S[2]_O[2])
                                                      0.111     1.818 r  nolabel_line38/clkdiv0_carry__1/O[2]
                         net (fo=1, routed)           0.000     1.818    nolabel_line38/data0[11]
    SLICE_X15Y88         FDRE                                         r  nolabel_line38/clkdiv_reg[11]/D
  -------------------------------------------------------------------    -------------------

                         (clock sys_clk_pin rise edge)
                                                      0.000     0.000 r  
    W5                                                0.000     0.000 r  CLK100MHZ (IN)
                         net (fo=0)                   0.000     0.000    CLK100MHZ
    W5                   IBUF (Prop_ibuf_I_O)         0.414     0.414 r  CLK100MHZ_IBUF_inst/O
                         net (fo=1, routed)           0.685     1.099    CLK100MHZ_IBUF
    BUFGCTRL_X0Y0        BUFG (Prop_bufg_I_O)         0.029     1.128 r  CLK100MHZ_IBUF_BUFG_inst/O
                         net (fo=36, routed)          0.831     1.959    nolabel_line38/CLK100MHZ_IBUF_BUFG
    SLICE_X15Y88         FDRE                                         r  nolabel_line38/clkdiv_reg[11]/C
                         clock pessimism             -0.514     1.445    
    SLICE_X15Y88         FDRE (Hold_fdre_C_D)         0.105     1.550    nolabel_line38/clkdiv_reg[11]
  -------------------------------------------------------------------
                         required time                         -1.550    
                         arrival time                           1.818    
  -------------------------------------------------------------------
                         slack                                  0.267    

Slack (MET) :             0.267ns  (arrival time - required time)
  Source:                 nolabel_line38/clkdiv_reg[15]/C
                            (rising edge-triggered cell FDRE clocked by sys_clk_pin  {rise@0.000ns fall@5.000ns period=10.000ns})
  Destination:            nolabel_line38/clkdiv_reg[15]/D
                            (rising edge-triggered cell FDRE clocked by sys_clk_pin  {rise@0.000ns fall@5.000ns period=10.000ns})
  Path Group:             sys_clk_pin
  Path Type:              Hold (Min at Fast Process Corner)
  Requirement:            0.000ns  (sys_clk_pin rise@0.000ns - sys_clk_pin rise@0.000ns)
  Data Path Delay:        0.372ns  (logic 0.252ns (67.654%)  route 0.120ns (32.346%))
  Logic Levels:           1  (CARRY4=1)
  Clock Path Skew:        0.000ns (DCD - SCD - CPR)
    Destination Clock Delay (DCD):    1.959ns
    Source Clock Delay      (SCD):    1.445ns
    Clock Pessimism Removal (CPR):    0.514ns

    Location             Delay type                Incr(ns)  Path(ns)    Netlist Resource(s)
  -------------------------------------------------------------------    -------------------
                         (clock sys_clk_pin rise edge)
                                                      0.000     0.000 r  
    W5                                                0.000     0.000 r  CLK100MHZ (IN)
                         net (fo=0)                   0.000     0.000    CLK100MHZ
    W5                   IBUF (Prop_ibuf_I_O)         0.226     0.226 r  CLK100MHZ_IBUF_inst/O
                         net (fo=1, routed)           0.631     0.858    CLK100MHZ_IBUF
    BUFGCTRL_X0Y0        BUFG (Prop_bufg_I_O)         0.026     0.884 r  CLK100MHZ_IBUF_BUFG_inst/O
                         net (fo=36, routed)          0.562     1.445    nolabel_line38/CLK100MHZ_IBUF_BUFG
    SLICE_X15Y89         FDRE                                         r  nolabel_line38/clkdiv_reg[15]/C
  -------------------------------------------------------------------    -------------------
    SLICE_X15Y89         FDRE (Prop_fdre_C_Q)         0.141     1.586 r  nolabel_line38/clkdiv_reg[15]/Q
                         net (fo=2, routed)           0.120     1.707    nolabel_line38/clkdiv[15]
    SLICE_X15Y89         CARRY4 (Prop_carry4_S[2]_O[2])
                                                      0.111     1.818 r  nolabel_line38/clkdiv0_carry__2/O[2]
                         net (fo=1, routed)           0.000     1.818    nolabel_line38/data0[15]
    SLICE_X15Y89         FDRE                                         r  nolabel_line38/clkdiv_reg[15]/D
  -------------------------------------------------------------------    -------------------

                         (clock sys_clk_pin rise edge)
                                                      0.000     0.000 r  
    W5                                                0.000     0.000 r  CLK100MHZ (IN)
                         net (fo=0)                   0.000     0.000    CLK100MHZ
    W5                   IBUF (Prop_ibuf_I_O)         0.414     0.414 r  CLK100MHZ_IBUF_inst/O
                         net (fo=1, routed)           0.685     1.099    CLK100MHZ_IBUF
    BUFGCTRL_X0Y0        BUFG (Prop_bufg_I_O)         0.029     1.128 r  CLK100MHZ_IBUF_BUFG_inst/O
                         net (fo=36, routed)          0.831     1.959    nolabel_line38/CLK100MHZ_IBUF_BUFG
    SLICE_X15Y89         FDRE                                         r  nolabel_line38/clkdiv_reg[15]/C
                         clock pessimism             -0.514     1.445    
    SLICE_X15Y89         FDRE (Hold_fdre_C_D)         0.105     1.550    nolabel_line38/clkdiv_reg[15]
  -------------------------------------------------------------------
                         required time                         -1.550    
                         arrival time                           1.818    
  -------------------------------------------------------------------
                         slack                                  0.267    

Slack (MET) :             0.267ns  (arrival time - required time)
  Source:                 nolabel_line38/clkdiv_reg[3]/C
                            (rising edge-triggered cell FDRE clocked by sys_clk_pin  {rise@0.000ns fall@5.000ns period=10.000ns})
  Destination:            nolabel_line38/clkdiv_reg[3]/D
                            (rising edge-triggered cell FDRE clocked by sys_clk_pin  {rise@0.000ns fall@5.000ns period=10.000ns})
  Path Group:             sys_clk_pin
  Path Type:              Hold (Min at Fast Process Corner)
  Requirement:            0.000ns  (sys_clk_pin rise@0.000ns - sys_clk_pin rise@0.000ns)
  Data Path Delay:        0.372ns  (logic 0.252ns (67.654%)  route 0.120ns (32.346%))
  Logic Levels:           1  (CARRY4=1)
  Clock Path Skew:        0.000ns (DCD - SCD - CPR)
    Destination Clock Delay (DCD):    1.956ns
    Source Clock Delay      (SCD):    1.443ns
    Clock Pessimism Removal (CPR):    0.513ns

    Location             Delay type                Incr(ns)  Path(ns)    Netlist Resource(s)
  -------------------------------------------------------------------    -------------------
                         (clock sys_clk_pin rise edge)
                                                      0.000     0.000 r  
    W5                                                0.000     0.000 r  CLK100MHZ (IN)
                         net (fo=0)                   0.000     0.000    CLK100MHZ
    W5                   IBUF (Prop_ibuf_I_O)         0.226     0.226 r  CLK100MHZ_IBUF_inst/O
                         net (fo=1, routed)           0.631     0.858    CLK100MHZ_IBUF
    BUFGCTRL_X0Y0        BUFG (Prop_bufg_I_O)         0.026     0.884 r  CLK100MHZ_IBUF_BUFG_inst/O
                         net (fo=36, routed)          0.560     1.443    nolabel_line38/CLK100MHZ_IBUF_BUFG
    SLICE_X15Y86         FDRE                                         r  nolabel_line38/clkdiv_reg[3]/C
  -------------------------------------------------------------------    -------------------
    SLICE_X15Y86         FDRE (Prop_fdre_C_Q)         0.141     1.584 r  nolabel_line38/clkdiv_reg[3]/Q
                         net (fo=2, routed)           0.120     1.705    nolabel_line38/clkdiv[3]
    SLICE_X15Y86         CARRY4 (Prop_carry4_S[2]_O[2])
                                                      0.111     1.816 r  nolabel_line38/clkdiv0_carry/O[2]
                         net (fo=1, routed)           0.000     1.816    nolabel_line38/data0[3]
    SLICE_X15Y86         FDRE                                         r  nolabel_line38/clkdiv_reg[3]/D
  -------------------------------------------------------------------    -------------------

                         (clock sys_clk_pin rise edge)
                                                      0.000     0.000 r  
    W5                                                0.000     0.000 r  CLK100MHZ (IN)
                         net (fo=0)                   0.000     0.000    CLK100MHZ
    W5                   IBUF (Prop_ibuf_I_O)         0.414     0.414 r  CLK100MHZ_IBUF_inst/O
                         net (fo=1, routed)           0.685     1.099    CLK100MHZ_IBUF
    BUFGCTRL_X0Y0        BUFG (Prop_bufg_I_O)         0.029     1.128 r  CLK100MHZ_IBUF_BUFG_inst/O
                         net (fo=36, routed)          0.828     1.956    nolabel_line38/CLK100MHZ_IBUF_BUFG
    SLICE_X15Y86         FDRE                                         r  nolabel_line38/clkdiv_reg[3]/C
                         clock pessimism             -0.513     1.443    
    SLICE_X15Y86         FDRE (Hold_fdre_C_D)         0.105     1.548    nolabel_line38/clkdiv_reg[3]
  -------------------------------------------------------------------
                         required time                         -1.548    
                         arrival time                           1.816    
  -------------------------------------------------------------------
                         slack                                  0.267    





Pulse Width Checks
--------------------------------------------------------------------------------------
Clock Name:         sys_clk_pin
Waveform(ns):       { 0.000 5.000 }
Period(ns):         10.000
Sources:            { CLK100MHZ }

Check Type        Corner  Lib Pin    Reference Pin  Required(ns)  Actual(ns)  Slack(ns)  Location       Pin
Min Period        n/a     XADC/DCLK  n/a            4.000         10.000      6.000      XADC_X0Y0      XLXI_7/inst/DCLK
Min Period        n/a     BUFG/I     n/a            2.155         10.000      7.845      BUFGCTRL_X0Y0  CLK100MHZ_IBUF_BUFG_inst/I
Min Period        n/a     FDRE/C     n/a            1.000         10.000      9.000      SLICE_X28Y75   led_reg[0]/C
Min Period        n/a     FDRE/C     n/a            1.000         10.000      9.000      SLICE_X29Y74   led_reg[0]_lopt_replica/C
Min Period        n/a     FDRE/C     n/a            1.000         10.000      9.000      SLICE_X28Y75   led_reg[1]/C
Min Period        n/a     FDRE/C     n/a            1.000         10.000      9.000      SLICE_X29Y74   led_reg[1]_lopt_replica/C
Min Period        n/a     FDRE/C     n/a            1.000         10.000      9.000      SLICE_X28Y75   led_reg[2]/C
Min Period        n/a     FDRE/C     n/a            1.000         10.000      9.000      SLICE_X29Y74   led_reg[2]_lopt_replica/C
Min Period        n/a     FDRE/C     n/a            1.000         10.000      9.000      SLICE_X28Y75   led_reg[3]/C
Min Period        n/a     FDRE/C     n/a            1.000         10.000      9.000      SLICE_X29Y74   led_reg[3]_lopt_replica/C
Low Pulse Width   Fast    FDRE/C     n/a            0.500         5.000       4.500      SLICE_X28Y75   led_reg[0]/C
Low Pulse Width   Fast    FDRE/C     n/a            0.500         5.000       4.500      SLICE_X29Y74   led_reg[0]_lopt_replica/C
Low Pulse Width   Fast    FDRE/C     n/a            0.500         5.000       4.500      SLICE_X28Y75   led_reg[1]/C
Low Pulse Width   Fast    FDRE/C     n/a            0.500         5.000       4.500      SLICE_X29Y74   led_reg[1]_lopt_replica/C
Low Pulse Width   Fast    FDRE/C     n/a            0.500         5.000       4.500      SLICE_X28Y75   led_reg[2]/C
Low Pulse Width   Fast    FDRE/C     n/a            0.500         5.000       4.500      SLICE_X29Y74   led_reg[2]_lopt_replica/C
Low Pulse Width   Fast    FDRE/C     n/a            0.500         5.000       4.500      SLICE_X28Y75   led_reg[3]/C
Low Pulse Width   Fast    FDRE/C     n/a            0.500         5.000       4.500      SLICE_X29Y74   led_reg[3]_lopt_replica/C
Low Pulse Width   Fast    FDRE/C     n/a            0.500         5.000       4.500      SLICE_X28Y75   led_reg[4]/C
Low Pulse Width   Fast    FDRE/C     n/a            0.500         5.000       4.500      SLICE_X28Y74   led_reg[4]_lopt_replica/C
High Pulse Width  Slow    FDRE/C     n/a            0.500         5.000       4.500      SLICE_X28Y75   led_reg[0]/C
High Pulse Width  Slow    FDRE/C     n/a            0.500         5.000       4.500      SLICE_X29Y74   led_reg[0]_lopt_replica/C
High Pulse Width  Slow    FDRE/C     n/a            0.500         5.000       4.500      SLICE_X28Y75   led_reg[1]/C
High Pulse Width  Slow    FDRE/C     n/a            0.500         5.000       4.500      SLICE_X29Y74   led_reg[1]_lopt_replica/C
High Pulse Width  Slow    FDRE/C     n/a            0.500         5.000       4.500      SLICE_X28Y75   led_reg[2]/C
High Pulse Width  Slow    FDRE/C     n/a            0.500         5.000       4.500      SLICE_X29Y74   led_reg[2]_lopt_replica/C
High Pulse Width  Slow    FDRE/C     n/a            0.500         5.000       4.500      SLICE_X28Y75   led_reg[3]/C
High Pulse Width  Slow    FDRE/C     n/a            0.500         5.000       4.500      SLICE_X29Y74   led_reg[3]_lopt_replica/C
High Pulse Width  Slow    FDRE/C     n/a            0.500         5.000       4.500      SLICE_X28Y75   led_reg[4]/C
High Pulse Width  Slow    FDRE/C     n/a            0.500         5.000       4.500      SLICE_X28Y74   led_reg[4]_lopt_replica/C



