Copyright 1986-2018 Xilinx, Inc. All Rights Reserved.
-------------------------------------------------------------------------------------
| Tool Version : Vivado v.2018.3 (win64) Build 2405991 Thu Dec  6 23:38:27 MST 2018
| Date         : Fri Apr  3 20:45:25 2026
| Host         : BH610-DRZVK84 running 64-bit major release  (build 9200)
| Command      : report_control_sets -verbose -file XADCdemo_control_sets_placed.rpt
| Design       : XADCdemo
| Device       : xc7a35t
-------------------------------------------------------------------------------------

Control Set Information

Table of Contents
-----------------
1. Summary
2. Histogram
3. Flip-Flop Distribution
4. Detailed Control Set Information

1. Summary
----------

+----------------------------------------------------------+-------+
|                          Status                          | Count |
+----------------------------------------------------------+-------+
| Number of unique control sets                            |     8 |
| Unused register locations in slices containing registers |    30 |
+----------------------------------------------------------+-------+


2. Histogram
------------

+--------+--------------+
| Fanout | Control Sets |
+--------+--------------+
|      1 |            3 |
|      3 |            1 |
|      4 |            1 |
|      8 |            1 |
|    16+ |            2 |
+--------+--------------+


3. Flip-Flop Distribution
-------------------------

+--------------+-----------------------+------------------------+-----------------+--------------+
| Clock Enable | Synchronous Set/Reset | Asynchronous Set/Reset | Total Registers | Total Slices |
+--------------+-----------------------+------------------------+-----------------+--------------+
| No           | No                    | No                     |               4 |            3 |
| No           | No                    | Yes                    |               0 |            0 |
| No           | Yes                   | No                     |              16 |            4 |
| Yes          | No                    | No                     |              30 |            8 |
| Yes          | No                    | Yes                    |               0 |            0 |
| Yes          | Yes                   | No                     |               0 |            0 |
+--------------+-----------------------+------------------------+-----------------+--------------+


4. Detailed Control Set Information
-----------------------------------

+--------------------------+--------------------------------------------+--------------------+------------------+----------------+
|       Clock Signal       |                Enable Signal               |  Set/Reset Signal  | Slice Load Count | Bel Load Count |
+--------------------------+--------------------------------------------+--------------------+------------------+----------------+
| ~nolabel_line38/sck_OBUF |                                            |                    |                1 |              1 |
| ~nolabel_line38/sck_OBUF | nolabel_line38/mosi_i_1_n_0                |                    |                1 |              1 |
| ~nolabel_line38/sck_OBUF | nolabel_line38/ss_i_1_n_0                  |                    |                1 |              1 |
|  CLK100MHZ_IBUF_BUFG     |                                            |                    |                2 |              3 |
| ~nolabel_line38/sck_OBUF | nolabel_line38/FSM_onehot_state[3]_i_1_n_0 |                    |                1 |              4 |
| ~nolabel_line38/sck_OBUF | nolabel_line38/index                       |                    |                2 |              8 |
|  CLK100MHZ_IBUF_BUFG     |                                            | nolabel_line38/sck |                4 |             16 |
|  CLK100MHZ_IBUF_BUFG     | XLXI_7/drdy_out                            |                    |                3 |             16 |
+--------------------------+--------------------------------------------+--------------------+------------------+----------------+


