#-----------------------------------------------------------
# Vivado v2018.3 (64-bit)
# SW Build 2405991 on Thu Dec  6 23:38:27 MST 2018
# IP Build 2404404 on Fri Dec  7 01:43:56 MST 2018
# Start of session at: Mon Feb 23 12:05:18 2026
# Process ID: 8720
# Current directory: C:/Users/lebray/Vivado-Workflow-Scripts/Lab6T2
# Command line: vivado.exe -mode batch -source C:\Users\lebray\Vivado-Workflow-Scripts\Lab6T2\run_hardware.tcl
# Log file: C:/Users/lebray/Vivado-Workflow-Scripts/Lab6T2/vivado.log
# Journal file: C:/Users/lebray/Vivado-Workflow-Scripts/Lab6T2\vivado.jou
#-----------------------------------------------------------
source {C:\Users\lebray\Vivado-Workflow-Scripts\Lab6T2\run_hardware.tcl}
# create_project Lab6T2 {C:\Users\lebray\Vivado-Workflow-Scripts\Lab6T2\vivado_project} -part xc7a35tcpg236-1 -force
# if {[catch {set_property board_part digilentinc.com:basys3:part0:1.2 [current_project]}]} {
#     puts "Note: Board part not available, using part only"
# }
Note: Board part not available, using part only
# set_property target_language Verilog [current_project]
# add_files -norecurse {C:\Users\lebray\Vivado-Workflow-Scripts\Lab6T2\lcd_driver.v}
# add_files -norecurse {C:\Users\lebray\Vivado-Workflow-Scripts\Lab6T2\lcd_driver_top.v}
# add_files -fileset constrs_1 -norecurse {C:\Users\lebray\Vivado-Workflow-Scripts\Basys3_Master.xdc}
# set_property top LCD_driver [current_fileset]
# update_compile_order -fileset sources_1
# reset_run synth_1
# launch_runs synth_1
[Mon Feb 23 12:05:24 2026] Launched synth_1...
Run output will be captured here: C:/Users/lebray/Vivado-Workflow-Scripts/Lab6T2/vivado_project/Lab6T2.runs/synth_1/runme.log
# wait_on_run synth_1
[Mon Feb 23 12:05:24 2026] Waiting for synth_1 to finish...

*** Running vivado
    with args -log LCD_driver.vds -m64 -product Vivado -mode batch -messageDb vivado.pb -notrace -source LCD_driver.tcl

INFO: [Common 17-41] Interrupt caught. Command should exit soon.
INFO: [Common 17-41] Interrupt caught. Command should exit soon.
INFO: [Common 17-41] Interrupt caught. Command should exit soon.
INFO: [Common 17-41] Interrupt caught. Command should exit soon.
INFO: [Common 17-41] Interrupt caught. Command should exit soon.

****** Vivado v2018.3 (64-bit)
  **** SW Build 2405991 on Thu Dec  6 23:38:27 MST 2018
  **** IP Build 2404404 on Fri Dec  7 01:43:56 MST 2018
    ** Copyright 1986-2018 Xilinx, Inc. All Rights Reserved.

source LCD_driver.tcl -notrace
Command: synth_design -top LCD_driver -part xc7a35tcpg236-1
Starting synth_design
Attempting to get a license for feature 'Synthesis' and/or device 'xc7a35t'
INFO: [Common 17-349] Got license for feature 'Synthesis' and/or device 'xc7a35t'
INFO: Launching helper process for spawning children vivado processes
INFO: Helper process launched with PID 29524 
---------------------------------------------------------------------------------
Starting RTL Elaboration : Time (s): cpu = 00:00:00 ; elapsed = 00:00:01 . Memory (MB): peak = 355.074 ; gain = 101.195
---------------------------------------------------------------------------------
INFO: [Synth 8-6157] synthesizing module 'LCD_driver' [C:/Users/lebray/Vivado-Workflow-Scripts/Lab6T2/lcd_driver_top.v:1]
	Parameter INIT bound to: 2'b00 
	Parameter WAIT bound to: 2'b01 
	Parameter WRITE bound to: 2'b10 
	Parameter cntmax_setup bound to: 100000 - type: integer 
	Parameter cntmax_data_in bound to: 15 - type: integer 
	Parameter cntmax_init bound to: 3 - type: integer 
INFO: [Synth 8-155] case statement is not full and has no default [C:/Users/lebray/Vivado-Workflow-Scripts/Lab6T2/lcd_driver_top.v:29]
WARNING: [Synth 8-6014] Unused sequential element cnt_data_in_reg was removed.  [C:/Users/lebray/Vivado-Workflow-Scripts/Lab6T2/lcd_driver_top.v:60]
INFO: [Synth 8-6155] done synthesizing module 'LCD_driver' (1#1) [C:/Users/lebray/Vivado-Workflow-Scripts/Lab6T2/lcd_driver_top.v:1]
---------------------------------------------------------------------------------
Finished RTL Elaboration : Time (s): cpu = 00:00:01 ; elapsed = 00:00:02 . Memory (MB): peak = 410.645 ; gain = 156.766
---------------------------------------------------------------------------------

Report Check Netlist: 
+------+------------------+-------+---------+-------+------------------+
|      |Item              |Errors |Warnings |Status |Description       |
+------+------------------+-------+---------+-------+------------------+
|1     |multi_driven_nets |      0|        0|Passed |Multi driven nets |
+------+------------------+-------+---------+-------+------------------+
---------------------------------------------------------------------------------
Start Handling Custom Attributes
---------------------------------------------------------------------------------
---------------------------------------------------------------------------------
Finished Handling Custom Attributes : Time (s): cpu = 00:00:01 ; elapsed = 00:00:02 . Memory (MB): peak = 410.645 ; gain = 156.766
---------------------------------------------------------------------------------
---------------------------------------------------------------------------------
Finished RTL Optimization Phase 1 : Time (s): cpu = 00:00:01 ; elapsed = 00:00:02 . Memory (MB): peak = 410.645 ; gain = 156.766
---------------------------------------------------------------------------------
[Mon Feb 23 12:05:34 2026] Interrupt received
wait_on_run: Time (s): cpu = 00:00:00 ; elapsed = 00:00:10 . Memory (MB): peak = 256.270 ; gain = 0.000
INFO: [Common 17-344] 'wait_on_run' was cancelled
INFO: [Common 17-344] 'source' was cancelled
INFO: [Common 17-206] Exiting Vivado at Mon Feb 23 12:05:34 2026...
