Copyright 1986-2018 Xilinx, Inc. All Rights Reserved.
--------------------------------------------------------------------------------------------------------------------------------------------------------------------------------------------
| Tool Version : Vivado v.2018.3 (win64) Build 2405991 Thu Dec  6 23:38:27 MST 2018
| Date         : Mon Mar 30 13:47:25 2026
| Host         : BH610-DRZVK84 running 64-bit major release  (build 9200)
| Command      : report_timing_summary -max_paths 10 -file spi_top_timing_summary_routed.rpt -pb spi_top_timing_summary_routed.pb -rpx spi_top_timing_summary_routed.rpx -warn_on_violation
| Design       : spi_top
| Device       : 7a35t-cpg236
| Speed File   : -1  PRODUCTION 1.23 2018-06-13
--------------------------------------------------------------------------------------------------------------------------------------------------------------------------------------------

Timing Summary Report

------------------------------------------------------------------------------------------------
| Timer Settings
| --------------
------------------------------------------------------------------------------------------------

  Enable Multi Corner Analysis               :  Yes
  Enable Pessimism Removal                   :  Yes
  Pessimism Removal Resolution               :  Nearest Common Node
  Enable Input Delay Default Clock           :  No
  Enable Preset / Clear Arcs                 :  No
  Disable Flight Delays                      :  No
  Ignore I/O Paths                           :  No
  Timing Early Launch at Borrowing Latches   :  false

  Corner  Analyze    Analyze    
  Name    Max Paths  Min Paths  
  ------  ---------  ---------  
  Slow    Yes        Yes        
  Fast    Yes        Yes        



check_timing report

Table of Contents
-----------------
1. checking no_clock
2. checking constant_clock
3. checking pulse_width_clock
4. checking unconstrained_internal_endpoints
5. checking no_input_delay
6. checking no_output_delay
7. checking multiple_clock
8. checking generated_clocks
9. checking loops
10. checking partial_input_delay
11. checking partial_output_delay
12. checking latch_loops

1. checking no_clock
--------------------
 There are 43 register/latch pins with no clock driven by root clock pin: leader/sck_reg/Q (HIGH)


2. checking constant_clock
--------------------------
 There are 0 register/latch pins with constant_clock.


3. checking pulse_width_clock
-----------------------------
 There are 0 register/latch pins which need pulse_width check


4. checking unconstrained_internal_endpoints
--------------------------------------------
 There are 74 pins that are not constrained for maximum delay. (HIGH)

 There are 0 pins that are not constrained for maximum delay due to constant clock.


5. checking no_input_delay
--------------------------
 There are 9 input ports with no input delay specified. (HIGH)

 There are 0 input ports with no input delay but user has a false path constraint.


6. checking no_output_delay
---------------------------
 There are 10 ports with no output delay specified. (HIGH)

 There are 0 ports with no output delay but user has a false path constraint

 There are 0 ports with no output delay but with a timing clock defined on it or propagating through it


7. checking multiple_clock
--------------------------
 There are 0 register/latch pins with multiple clocks.


8. checking generated_clocks
----------------------------
 There are 0 generated clocks that are not connected to a clock source.


9. checking loops
-----------------
 There are 0 combinational loops in the design.


10. checking partial_input_delay
--------------------------------
 There are 0 input ports with partial input delay specified.


11. checking partial_output_delay
---------------------------------
 There are 0 ports with partial output delay specified.


12. checking latch_loops
------------------------
 There are 0 combinational latch loops in the design through latch input



------------------------------------------------------------------------------------------------
| Design Timing Summary
| ---------------------
------------------------------------------------------------------------------------------------

    WNS(ns)      TNS(ns)  TNS Failing Endpoints  TNS Total Endpoints      WHS(ns)      THS(ns)  THS Failing Endpoints  THS Total Endpoints     WPWS(ns)     TPWS(ns)  TPWS Failing Endpoints  TPWS Total Endpoints  
    -------      -------  ---------------------  -------------------      -------      -------  ---------------------  -------------------     --------     --------  ----------------------  --------------------  
      7.680        0.000                      0                    9        0.192        0.000                      0                    9        4.500        0.000                       0                    19  


All user specified timing constraints are met.


------------------------------------------------------------------------------------------------
| Clock Summary
| -------------
------------------------------------------------------------------------------------------------

Clock        Waveform(ns)       Period(ns)      Frequency(MHz)
-----        ------------       ----------      --------------
sys_clk_pin  {0.000 5.000}      10.000          100.000         


------------------------------------------------------------------------------------------------
| Intra Clock Table
| -----------------
------------------------------------------------------------------------------------------------

Clock             WNS(ns)      TNS(ns)  TNS Failing Endpoints  TNS Total Endpoints      WHS(ns)      THS(ns)  THS Failing Endpoints  THS Total Endpoints     WPWS(ns)     TPWS(ns)  TPWS Failing Endpoints  TPWS Total Endpoints  
-----             -------      -------  ---------------------  -------------------      -------      -------  ---------------------  -------------------     --------     --------  ----------------------  --------------------  
sys_clk_pin         7.680        0.000                      0                    9        0.192        0.000                      0                    9        4.500        0.000                       0                    19  


------------------------------------------------------------------------------------------------
| Inter Clock Table
| -----------------
------------------------------------------------------------------------------------------------

From Clock    To Clock          WNS(ns)      TNS(ns)  TNS Failing Endpoints  TNS Total Endpoints      WHS(ns)      THS(ns)  THS Failing Endpoints  THS Total Endpoints  
----------    --------          -------      -------  ---------------------  -------------------      -------      -------  ---------------------  -------------------  


------------------------------------------------------------------------------------------------
| Other Path Groups Table
| -----------------------
------------------------------------------------------------------------------------------------

Path Group    From Clock    To Clock          WNS(ns)      TNS(ns)  TNS Failing Endpoints  TNS Total Endpoints      WHS(ns)      THS(ns)  THS Failing Endpoints  THS Total Endpoints  
----------    ----------    --------          -------      -------  ---------------------  -------------------      -------      -------  ---------------------  -------------------  


------------------------------------------------------------------------------------------------
| Timing Details
| --------------
------------------------------------------------------------------------------------------------


---------------------------------------------------------------------------------------------------
From Clock:  sys_clk_pin
  To Clock:  sys_clk_pin

Setup :            0  Failing Endpoints,  Worst Slack        7.680ns,  Total Violation        0.000ns
Hold  :            0  Failing Endpoints,  Worst Slack        0.192ns,  Total Violation        0.000ns
PW    :            0  Failing Endpoints,  Worst Slack        4.500ns,  Total Violation        0.000ns
---------------------------------------------------------------------------------------------------


Max Delay Paths
--------------------------------------------------------------------------------------
Slack (MET) :             7.680ns  (required time - arrival time)
  Source:                 leader/clkdiv_reg[0]/C
                            (rising edge-triggered cell FDRE clocked by sys_clk_pin  {rise@0.000ns fall@5.000ns period=10.000ns})
  Destination:            leader/clkdiv_reg[7]/D
                            (rising edge-triggered cell FDRE clocked by sys_clk_pin  {rise@0.000ns fall@5.000ns period=10.000ns})
  Path Group:             sys_clk_pin
  Path Type:              Setup (Max at Slow Process Corner)
  Requirement:            10.000ns  (sys_clk_pin rise@10.000ns - sys_clk_pin rise@0.000ns)
  Data Path Delay:        2.293ns  (logic 0.934ns (40.725%)  route 1.359ns (59.275%))
  Logic Levels:           2  (LUT3=1 LUT6=1)
  Clock Path Skew:        -0.022ns (DCD - SCD + CPR)
    Destination Clock Delay (DCD):    4.786ns = ( 14.786 - 10.000 ) 
    Source Clock Delay      (SCD):    5.086ns
    Clock Pessimism Removal (CPR):    0.278ns
  Clock Uncertainty:      0.035ns  ((TSJ^2 + TIJ^2)^1/2 + DJ) / 2 + PE
    Total System Jitter     (TSJ):    0.071ns
    Total Input Jitter      (TIJ):    0.000ns
    Discrete Jitter          (DJ):    0.000ns
    Phase Error              (PE):    0.000ns

    Location             Delay type                Incr(ns)  Path(ns)    Netlist Resource(s)
  -------------------------------------------------------------------    -------------------
                         (clock sys_clk_pin rise edge)
                                                      0.000     0.000 r  
    W5                                                0.000     0.000 r  clk (IN)
                         net (fo=0)                   0.000     0.000    clk
    W5                   IBUF (Prop_ibuf_I_O)         1.458     1.458 r  clk_IBUF_inst/O
                         net (fo=1, routed)           1.967     3.425    clk_IBUF
    BUFGCTRL_X0Y1        BUFG (Prop_bufg_I_O)         0.096     3.521 r  clk_IBUF_BUFG_inst/O
                         net (fo=18, routed)          1.565     5.086    leader/CLK
    SLICE_X37Y44         FDRE                                         r  leader/clkdiv_reg[0]/C
  -------------------------------------------------------------------    -------------------
    SLICE_X37Y44         FDRE (Prop_fdre_C_Q)         0.456     5.542 f  leader/clkdiv_reg[0]/Q
                         net (fo=9, routed)           0.911     6.454    leader/clkdiv[0]
    SLICE_X37Y44         LUT3 (Prop_lut3_I1_O)        0.152     6.606 r  leader/clkdiv[7]_i_2/O
                         net (fo=2, routed)           0.448     7.054    leader/clkdiv[7]_i_2_n_0
    SLICE_X36Y44         LUT6 (Prop_lut6_I3_O)        0.326     7.380 r  leader/clkdiv[7]_i_1/O
                         net (fo=1, routed)           0.000     7.380    leader/clkdiv_1[7]
    SLICE_X36Y44         FDRE                                         r  leader/clkdiv_reg[7]/D
  -------------------------------------------------------------------    -------------------

                         (clock sys_clk_pin rise edge)
                                                     10.000    10.000 r  
    W5                                                0.000    10.000 r  clk (IN)
                         net (fo=0)                   0.000    10.000    clk
    W5                   IBUF (Prop_ibuf_I_O)         1.388    11.388 r  clk_IBUF_inst/O
                         net (fo=1, routed)           1.862    13.250    clk_IBUF
    BUFGCTRL_X0Y1        BUFG (Prop_bufg_I_O)         0.091    13.341 r  clk_IBUF_BUFG_inst/O
                         net (fo=18, routed)          1.445    14.786    leader/CLK
    SLICE_X36Y44         FDRE                                         r  leader/clkdiv_reg[7]/C
                         clock pessimism              0.278    15.064    
                         clock uncertainty           -0.035    15.029    
    SLICE_X36Y44         FDRE (Setup_fdre_C_D)        0.031    15.060    leader/clkdiv_reg[7]
  -------------------------------------------------------------------
                         required time                         15.060    
                         arrival time                          -7.380    
  -------------------------------------------------------------------
                         slack                                  7.680    

Slack (MET) :             7.682ns  (required time - arrival time)
  Source:                 leader/clkdiv_reg[4]/C
                            (rising edge-triggered cell FDRE clocked by sys_clk_pin  {rise@0.000ns fall@5.000ns period=10.000ns})
  Destination:            leader/clkdiv_reg[1]/D
                            (rising edge-triggered cell FDRE clocked by sys_clk_pin  {rise@0.000ns fall@5.000ns period=10.000ns})
  Path Group:             sys_clk_pin
  Path Type:              Setup (Max at Slow Process Corner)
  Requirement:            10.000ns  (sys_clk_pin rise@10.000ns - sys_clk_pin rise@0.000ns)
  Data Path Delay:        2.286ns  (logic 0.766ns (33.506%)  route 1.520ns (66.494%))
  Logic Levels:           2  (LUT3=1 LUT6=1)
  Clock Path Skew:        -0.025ns (DCD - SCD + CPR)
    Destination Clock Delay (DCD):    4.786ns = ( 14.786 - 10.000 ) 
    Source Clock Delay      (SCD):    5.086ns
    Clock Pessimism Removal (CPR):    0.275ns
  Clock Uncertainty:      0.035ns  ((TSJ^2 + TIJ^2)^1/2 + DJ) / 2 + PE
    Total System Jitter     (TSJ):    0.071ns
    Total Input Jitter      (TIJ):    0.000ns
    Discrete Jitter          (DJ):    0.000ns
    Phase Error              (PE):    0.000ns

    Location             Delay type                Incr(ns)  Path(ns)    Netlist Resource(s)
  -------------------------------------------------------------------    -------------------
                         (clock sys_clk_pin rise edge)
                                                      0.000     0.000 r  
    W5                                                0.000     0.000 r  clk (IN)
                         net (fo=0)                   0.000     0.000    clk
    W5                   IBUF (Prop_ibuf_I_O)         1.458     1.458 r  clk_IBUF_inst/O
                         net (fo=1, routed)           1.967     3.425    clk_IBUF
    BUFGCTRL_X0Y1        BUFG (Prop_bufg_I_O)         0.096     3.521 r  clk_IBUF_BUFG_inst/O
                         net (fo=18, routed)          1.565     5.086    leader/CLK
    SLICE_X38Y44         FDRE                                         r  leader/clkdiv_reg[4]/C
  -------------------------------------------------------------------    -------------------
    SLICE_X38Y44         FDRE (Prop_fdre_C_Q)         0.518     5.604 f  leader/clkdiv_reg[4]/Q
                         net (fo=6, routed)           1.036     6.640    leader/clkdiv[4]
    SLICE_X36Y44         LUT6 (Prop_lut6_I4_O)        0.124     6.764 r  leader/clkdiv[1]_i_2/O
                         net (fo=2, routed)           0.484     7.248    leader/clkdiv[1]_i_2_n_0
    SLICE_X36Y44         LUT3 (Prop_lut3_I0_O)        0.124     7.372 r  leader/clkdiv[1]_i_1/O
                         net (fo=1, routed)           0.000     7.372    leader/clkdiv_1[1]
    SLICE_X36Y44         FDRE                                         r  leader/clkdiv_reg[1]/D
  -------------------------------------------------------------------    -------------------

                         (clock sys_clk_pin rise edge)
                                                     10.000    10.000 r  
    W5                                                0.000    10.000 r  clk (IN)
                         net (fo=0)                   0.000    10.000    clk
    W5                   IBUF (Prop_ibuf_I_O)         1.388    11.388 r  clk_IBUF_inst/O
                         net (fo=1, routed)           1.862    13.250    clk_IBUF
    BUFGCTRL_X0Y1        BUFG (Prop_bufg_I_O)         0.091    13.341 r  clk_IBUF_BUFG_inst/O
                         net (fo=18, routed)          1.445    14.786    leader/CLK
    SLICE_X36Y44         FDRE                                         r  leader/clkdiv_reg[1]/C
                         clock pessimism              0.275    15.061    
                         clock uncertainty           -0.035    15.026    
    SLICE_X36Y44         FDRE (Setup_fdre_C_D)        0.029    15.055    leader/clkdiv_reg[1]
  -------------------------------------------------------------------
                         required time                         15.055    
                         arrival time                          -7.372    
  -------------------------------------------------------------------
                         slack                                  7.682    

Slack (MET) :             7.699ns  (required time - arrival time)
  Source:                 leader/clkdiv_reg[0]/C
                            (rising edge-triggered cell FDRE clocked by sys_clk_pin  {rise@0.000ns fall@5.000ns period=10.000ns})
  Destination:            leader/clkdiv_reg[6]/D
                            (rising edge-triggered cell FDRE clocked by sys_clk_pin  {rise@0.000ns fall@5.000ns period=10.000ns})
  Path Group:             sys_clk_pin
  Path Type:              Setup (Max at Slow Process Corner)
  Requirement:            10.000ns  (sys_clk_pin rise@10.000ns - sys_clk_pin rise@0.000ns)
  Data Path Delay:        2.298ns  (logic 0.934ns (40.651%)  route 1.364ns (59.349%))
  Logic Levels:           2  (LUT3=1 LUT5=1)
  Clock Path Skew:        0.000ns (DCD - SCD + CPR)
    Destination Clock Delay (DCD):    4.786ns = ( 14.786 - 10.000 ) 
    Source Clock Delay      (SCD):    5.086ns
    Clock Pessimism Removal (CPR):    0.300ns
  Clock Uncertainty:      0.035ns  ((TSJ^2 + TIJ^2)^1/2 + DJ) / 2 + PE
    Total System Jitter     (TSJ):    0.071ns
    Total Input Jitter      (TIJ):    0.000ns
    Discrete Jitter          (DJ):    0.000ns
    Phase Error              (PE):    0.000ns

    Location             Delay type                Incr(ns)  Path(ns)    Netlist Resource(s)
  -------------------------------------------------------------------    -------------------
                         (clock sys_clk_pin rise edge)
                                                      0.000     0.000 r  
    W5                                                0.000     0.000 r  clk (IN)
                         net (fo=0)                   0.000     0.000    clk
    W5                   IBUF (Prop_ibuf_I_O)         1.458     1.458 r  clk_IBUF_inst/O
                         net (fo=1, routed)           1.967     3.425    clk_IBUF
    BUFGCTRL_X0Y1        BUFG (Prop_bufg_I_O)         0.096     3.521 r  clk_IBUF_BUFG_inst/O
                         net (fo=18, routed)          1.565     5.086    leader/CLK
    SLICE_X37Y44         FDRE                                         r  leader/clkdiv_reg[0]/C
  -------------------------------------------------------------------    -------------------
    SLICE_X37Y44         FDRE (Prop_fdre_C_Q)         0.456     5.542 f  leader/clkdiv_reg[0]/Q
                         net (fo=9, routed)           0.911     6.454    leader/clkdiv[0]
    SLICE_X37Y44         LUT3 (Prop_lut3_I1_O)        0.152     6.606 r  leader/clkdiv[7]_i_2/O
                         net (fo=2, routed)           0.452     7.058    leader/clkdiv[7]_i_2_n_0
    SLICE_X37Y44         LUT5 (Prop_lut5_I1_O)        0.326     7.384 r  leader/clkdiv[6]_i_1/O
                         net (fo=1, routed)           0.000     7.384    leader/clkdiv_1[6]
    SLICE_X37Y44         FDRE                                         r  leader/clkdiv_reg[6]/D
  -------------------------------------------------------------------    -------------------

                         (clock sys_clk_pin rise edge)
                                                     10.000    10.000 r  
    W5                                                0.000    10.000 r  clk (IN)
                         net (fo=0)                   0.000    10.000    clk
    W5                   IBUF (Prop_ibuf_I_O)         1.388    11.388 r  clk_IBUF_inst/O
                         net (fo=1, routed)           1.862    13.250    clk_IBUF
    BUFGCTRL_X0Y1        BUFG (Prop_bufg_I_O)         0.091    13.341 r  clk_IBUF_BUFG_inst/O
                         net (fo=18, routed)          1.445    14.786    leader/CLK
    SLICE_X37Y44         FDRE                                         r  leader/clkdiv_reg[6]/C
                         clock pessimism              0.300    15.086    
                         clock uncertainty           -0.035    15.051    
    SLICE_X37Y44         FDRE (Setup_fdre_C_D)        0.032    15.083    leader/clkdiv_reg[6]
  -------------------------------------------------------------------
                         required time                         15.083    
                         arrival time                          -7.384    
  -------------------------------------------------------------------
                         slack                                  7.699    

Slack (MET) :             7.734ns  (required time - arrival time)
  Source:                 leader/clkdiv_reg[4]/C
                            (rising edge-triggered cell FDRE clocked by sys_clk_pin  {rise@0.000ns fall@5.000ns period=10.000ns})
  Destination:            leader/sck_reg/D
                            (rising edge-triggered cell FDRE clocked by sys_clk_pin  {rise@0.000ns fall@5.000ns period=10.000ns})
  Path Group:             sys_clk_pin
  Path Type:              Setup (Max at Slow Process Corner)
  Requirement:            10.000ns  (sys_clk_pin rise@10.000ns - sys_clk_pin rise@0.000ns)
  Data Path Delay:        2.280ns  (logic 0.760ns (33.331%)  route 1.520ns (66.669%))
  Logic Levels:           2  (LUT4=1 LUT6=1)
  Clock Path Skew:        -0.025ns (DCD - SCD + CPR)
    Destination Clock Delay (DCD):    4.786ns = ( 14.786 - 10.000 ) 
    Source Clock Delay      (SCD):    5.086ns
    Clock Pessimism Removal (CPR):    0.275ns
  Clock Uncertainty:      0.035ns  ((TSJ^2 + TIJ^2)^1/2 + DJ) / 2 + PE
    Total System Jitter     (TSJ):    0.071ns
    Total Input Jitter      (TIJ):    0.000ns
    Discrete Jitter          (DJ):    0.000ns
    Phase Error              (PE):    0.000ns

    Location             Delay type                Incr(ns)  Path(ns)    Netlist Resource(s)
  -------------------------------------------------------------------    -------------------
                         (clock sys_clk_pin rise edge)
                                                      0.000     0.000 r  
    W5                                                0.000     0.000 r  clk (IN)
                         net (fo=0)                   0.000     0.000    clk
    W5                   IBUF (Prop_ibuf_I_O)         1.458     1.458 r  clk_IBUF_inst/O
                         net (fo=1, routed)           1.967     3.425    clk_IBUF
    BUFGCTRL_X0Y1        BUFG (Prop_bufg_I_O)         0.096     3.521 r  clk_IBUF_BUFG_inst/O
                         net (fo=18, routed)          1.565     5.086    leader/CLK
    SLICE_X38Y44         FDRE                                         r  leader/clkdiv_reg[4]/C
  -------------------------------------------------------------------    -------------------
    SLICE_X38Y44         FDRE (Prop_fdre_C_Q)         0.518     5.604 f  leader/clkdiv_reg[4]/Q
                         net (fo=6, routed)           1.036     6.640    leader/clkdiv[4]
    SLICE_X36Y44         LUT6 (Prop_lut6_I4_O)        0.124     6.764 r  leader/clkdiv[1]_i_2/O
                         net (fo=2, routed)           0.484     7.248    leader/clkdiv[1]_i_2_n_0
    SLICE_X36Y44         LUT4 (Prop_lut4_I0_O)        0.118     7.366 r  leader/sck_i_1/O
                         net (fo=1, routed)           0.000     7.366    leader/sck_i_1_n_0
    SLICE_X36Y44         FDRE                                         r  leader/sck_reg/D
  -------------------------------------------------------------------    -------------------

                         (clock sys_clk_pin rise edge)
                                                     10.000    10.000 r  
    W5                                                0.000    10.000 r  clk (IN)
                         net (fo=0)                   0.000    10.000    clk
    W5                   IBUF (Prop_ibuf_I_O)         1.388    11.388 r  clk_IBUF_inst/O
                         net (fo=1, routed)           1.862    13.250    clk_IBUF
    BUFGCTRL_X0Y1        BUFG (Prop_bufg_I_O)         0.091    13.341 r  clk_IBUF_BUFG_inst/O
                         net (fo=18, routed)          1.445    14.786    leader/CLK
    SLICE_X36Y44         FDRE                                         r  leader/sck_reg/C
                         clock pessimism              0.275    15.061    
                         clock uncertainty           -0.035    15.026    
    SLICE_X36Y44         FDRE (Setup_fdre_C_D)        0.075    15.101    leader/sck_reg
  -------------------------------------------------------------------
                         required time                         15.101    
                         arrival time                          -7.366    
  -------------------------------------------------------------------
                         slack                                  7.734    

Slack (MET) :             8.171ns  (required time - arrival time)
  Source:                 leader/clkdiv_reg[1]/C
                            (rising edge-triggered cell FDRE clocked by sys_clk_pin  {rise@0.000ns fall@5.000ns period=10.000ns})
  Destination:            leader/clkdiv_reg[4]/D
                            (rising edge-triggered cell FDRE clocked by sys_clk_pin  {rise@0.000ns fall@5.000ns period=10.000ns})
  Path Group:             sys_clk_pin
  Path Type:              Setup (Max at Slow Process Corner)
  Requirement:            10.000ns  (sys_clk_pin rise@10.000ns - sys_clk_pin rise@0.000ns)
  Data Path Delay:        1.846ns  (logic 0.704ns (38.135%)  route 1.142ns (61.865%))
  Logic Levels:           2  (LUT6=2)
  Clock Path Skew:        -0.025ns (DCD - SCD + CPR)
    Destination Clock Delay (DCD):    4.786ns = ( 14.786 - 10.000 ) 
    Source Clock Delay      (SCD):    5.086ns
    Clock Pessimism Removal (CPR):    0.275ns
  Clock Uncertainty:      0.035ns  ((TSJ^2 + TIJ^2)^1/2 + DJ) / 2 + PE
    Total System Jitter     (TSJ):    0.071ns
    Total Input Jitter      (TIJ):    0.000ns
    Discrete Jitter          (DJ):    0.000ns
    Phase Error              (PE):    0.000ns

    Location             Delay type                Incr(ns)  Path(ns)    Netlist Resource(s)
  -------------------------------------------------------------------    -------------------
                         (clock sys_clk_pin rise edge)
                                                      0.000     0.000 r  
    W5                                                0.000     0.000 r  clk (IN)
                         net (fo=0)                   0.000     0.000    clk
    W5                   IBUF (Prop_ibuf_I_O)         1.458     1.458 r  clk_IBUF_inst/O
                         net (fo=1, routed)           1.967     3.425    clk_IBUF
    BUFGCTRL_X0Y1        BUFG (Prop_bufg_I_O)         0.096     3.521 r  clk_IBUF_BUFG_inst/O
                         net (fo=18, routed)          1.565     5.086    leader/CLK
    SLICE_X36Y44         FDRE                                         r  leader/clkdiv_reg[1]/C
  -------------------------------------------------------------------    -------------------
    SLICE_X36Y44         FDRE (Prop_fdre_C_Q)         0.456     5.542 r  leader/clkdiv_reg[1]/Q
                         net (fo=8, routed)           0.835     6.377    leader/clkdiv[1]
    SLICE_X36Y44         LUT6 (Prop_lut6_I4_O)        0.124     6.501 r  leader/clkdiv[4]_i_2/O
                         net (fo=2, routed)           0.307     6.808    leader/clkdiv[4]_i_2_n_0
    SLICE_X38Y44         LUT6 (Prop_lut6_I5_O)        0.124     6.932 r  leader/clkdiv[4]_i_1/O
                         net (fo=1, routed)           0.000     6.932    leader/clkdiv_1[4]
    SLICE_X38Y44         FDRE                                         r  leader/clkdiv_reg[4]/D
  -------------------------------------------------------------------    -------------------

                         (clock sys_clk_pin rise edge)
                                                     10.000    10.000 r  
    W5                                                0.000    10.000 r  clk (IN)
                         net (fo=0)                   0.000    10.000    clk
    W5                   IBUF (Prop_ibuf_I_O)         1.388    11.388 r  clk_IBUF_inst/O
                         net (fo=1, routed)           1.862    13.250    clk_IBUF
    BUFGCTRL_X0Y1        BUFG (Prop_bufg_I_O)         0.091    13.341 r  clk_IBUF_BUFG_inst/O
                         net (fo=18, routed)          1.445    14.786    leader/CLK
    SLICE_X38Y44         FDRE                                         r  leader/clkdiv_reg[4]/C
                         clock pessimism              0.275    15.061    
                         clock uncertainty           -0.035    15.026    
    SLICE_X38Y44         FDRE (Setup_fdre_C_D)        0.077    15.103    leader/clkdiv_reg[4]
  -------------------------------------------------------------------
                         required time                         15.103    
                         arrival time                          -6.932    
  -------------------------------------------------------------------
                         slack                                  8.171    

Slack (MET) :             8.178ns  (required time - arrival time)
  Source:                 leader/clkdiv_reg[1]/C
                            (rising edge-triggered cell FDRE clocked by sys_clk_pin  {rise@0.000ns fall@5.000ns period=10.000ns})
  Destination:            leader/clkdiv_reg[3]/D
                            (rising edge-triggered cell FDRE clocked by sys_clk_pin  {rise@0.000ns fall@5.000ns period=10.000ns})
  Path Group:             sys_clk_pin
  Path Type:              Setup (Max at Slow Process Corner)
  Requirement:            10.000ns  (sys_clk_pin rise@10.000ns - sys_clk_pin rise@0.000ns)
  Data Path Delay:        1.843ns  (logic 0.704ns (38.197%)  route 1.139ns (61.803%))
  Logic Levels:           2  (LUT6=2)
  Clock Path Skew:        -0.025ns (DCD - SCD + CPR)
    Destination Clock Delay (DCD):    4.786ns = ( 14.786 - 10.000 ) 
    Source Clock Delay      (SCD):    5.086ns
    Clock Pessimism Removal (CPR):    0.275ns
  Clock Uncertainty:      0.035ns  ((TSJ^2 + TIJ^2)^1/2 + DJ) / 2 + PE
    Total System Jitter     (TSJ):    0.071ns
    Total Input Jitter      (TIJ):    0.000ns
    Discrete Jitter          (DJ):    0.000ns
    Phase Error              (PE):    0.000ns

    Location             Delay type                Incr(ns)  Path(ns)    Netlist Resource(s)
  -------------------------------------------------------------------    -------------------
                         (clock sys_clk_pin rise edge)
                                                      0.000     0.000 r  
    W5                                                0.000     0.000 r  clk (IN)
                         net (fo=0)                   0.000     0.000    clk
    W5                   IBUF (Prop_ibuf_I_O)         1.458     1.458 r  clk_IBUF_inst/O
                         net (fo=1, routed)           1.967     3.425    clk_IBUF
    BUFGCTRL_X0Y1        BUFG (Prop_bufg_I_O)         0.096     3.521 r  clk_IBUF_BUFG_inst/O
                         net (fo=18, routed)          1.565     5.086    leader/CLK
    SLICE_X36Y44         FDRE                                         r  leader/clkdiv_reg[1]/C
  -------------------------------------------------------------------    -------------------
    SLICE_X36Y44         FDRE (Prop_fdre_C_Q)         0.456     5.542 r  leader/clkdiv_reg[1]/Q
                         net (fo=8, routed)           0.835     6.377    leader/clkdiv[1]
    SLICE_X36Y44         LUT6 (Prop_lut6_I4_O)        0.124     6.501 r  leader/clkdiv[4]_i_2/O
                         net (fo=2, routed)           0.304     6.805    leader/clkdiv[4]_i_2_n_0
    SLICE_X38Y44         LUT6 (Prop_lut6_I5_O)        0.124     6.929 r  leader/clkdiv[3]_i_1/O
                         net (fo=1, routed)           0.000     6.929    leader/clkdiv_1[3]
    SLICE_X38Y44         FDRE                                         r  leader/clkdiv_reg[3]/D
  -------------------------------------------------------------------    -------------------

                         (clock sys_clk_pin rise edge)
                                                     10.000    10.000 r  
    W5                                                0.000    10.000 r  clk (IN)
                         net (fo=0)                   0.000    10.000    clk
    W5                   IBUF (Prop_ibuf_I_O)         1.388    11.388 r  clk_IBUF_inst/O
                         net (fo=1, routed)           1.862    13.250    clk_IBUF
    BUFGCTRL_X0Y1        BUFG (Prop_bufg_I_O)         0.091    13.341 r  clk_IBUF_BUFG_inst/O
                         net (fo=18, routed)          1.445    14.786    leader/CLK
    SLICE_X38Y44         FDRE                                         r  leader/clkdiv_reg[3]/C
                         clock pessimism              0.275    15.061    
                         clock uncertainty           -0.035    15.026    
    SLICE_X38Y44         FDRE (Setup_fdre_C_D)        0.081    15.107    leader/clkdiv_reg[3]
  -------------------------------------------------------------------
                         required time                         15.107    
                         arrival time                          -6.929    
  -------------------------------------------------------------------
                         slack                                  8.178    

Slack (MET) :             8.502ns  (required time - arrival time)
  Source:                 leader/clkdiv_reg[0]/C
                            (rising edge-triggered cell FDRE clocked by sys_clk_pin  {rise@0.000ns fall@5.000ns period=10.000ns})
  Destination:            leader/clkdiv_reg[5]/D
                            (rising edge-triggered cell FDRE clocked by sys_clk_pin  {rise@0.000ns fall@5.000ns period=10.000ns})
  Path Group:             sys_clk_pin
  Path Type:              Setup (Max at Slow Process Corner)
  Requirement:            10.000ns  (sys_clk_pin rise@10.000ns - sys_clk_pin rise@0.000ns)
  Data Path Delay:        1.493ns  (logic 0.580ns (38.836%)  route 0.913ns (61.164%))
  Logic Levels:           1  (LUT6=1)
  Clock Path Skew:        0.000ns (DCD - SCD + CPR)
    Destination Clock Delay (DCD):    4.786ns = ( 14.786 - 10.000 ) 
    Source Clock Delay      (SCD):    5.086ns
    Clock Pessimism Removal (CPR):    0.300ns
  Clock Uncertainty:      0.035ns  ((TSJ^2 + TIJ^2)^1/2 + DJ) / 2 + PE
    Total System Jitter     (TSJ):    0.071ns
    Total Input Jitter      (TIJ):    0.000ns
    Discrete Jitter          (DJ):    0.000ns
    Phase Error              (PE):    0.000ns

    Location             Delay type                Incr(ns)  Path(ns)    Netlist Resource(s)
  -------------------------------------------------------------------    -------------------
                         (clock sys_clk_pin rise edge)
                                                      0.000     0.000 r  
    W5                                                0.000     0.000 r  clk (IN)
                         net (fo=0)                   0.000     0.000    clk
    W5                   IBUF (Prop_ibuf_I_O)         1.458     1.458 r  clk_IBUF_inst/O
                         net (fo=1, routed)           1.967     3.425    clk_IBUF
    BUFGCTRL_X0Y1        BUFG (Prop_bufg_I_O)         0.096     3.521 r  clk_IBUF_BUFG_inst/O
                         net (fo=18, routed)          1.565     5.086    leader/CLK
    SLICE_X37Y44         FDRE                                         r  leader/clkdiv_reg[0]/C
  -------------------------------------------------------------------    -------------------
    SLICE_X37Y44         FDRE (Prop_fdre_C_Q)         0.456     5.542 r  leader/clkdiv_reg[0]/Q
                         net (fo=9, routed)           0.913     6.456    leader/clkdiv[0]
    SLICE_X37Y44         LUT6 (Prop_lut6_I3_O)        0.124     6.580 r  leader/clkdiv[5]_i_1/O
                         net (fo=1, routed)           0.000     6.580    leader/clkdiv_1[5]
    SLICE_X37Y44         FDRE                                         r  leader/clkdiv_reg[5]/D
  -------------------------------------------------------------------    -------------------

                         (clock sys_clk_pin rise edge)
                                                     10.000    10.000 r  
    W5                                                0.000    10.000 r  clk (IN)
                         net (fo=0)                   0.000    10.000    clk
    W5                   IBUF (Prop_ibuf_I_O)         1.388    11.388 r  clk_IBUF_inst/O
                         net (fo=1, routed)           1.862    13.250    clk_IBUF
    BUFGCTRL_X0Y1        BUFG (Prop_bufg_I_O)         0.091    13.341 r  clk_IBUF_BUFG_inst/O
                         net (fo=18, routed)          1.445    14.786    leader/CLK
    SLICE_X37Y44         FDRE                                         r  leader/clkdiv_reg[5]/C
                         clock pessimism              0.300    15.086    
                         clock uncertainty           -0.035    15.051    
    SLICE_X37Y44         FDRE (Setup_fdre_C_D)        0.031    15.082    leader/clkdiv_reg[5]
  -------------------------------------------------------------------
                         required time                         15.082    
                         arrival time                          -6.580    
  -------------------------------------------------------------------
                         slack                                  8.502    

Slack (MET) :             8.502ns  (required time - arrival time)
  Source:                 leader/clkdiv_reg[0]/C
                            (rising edge-triggered cell FDRE clocked by sys_clk_pin  {rise@0.000ns fall@5.000ns period=10.000ns})
  Destination:            leader/clkdiv_reg[2]/D
                            (rising edge-triggered cell FDRE clocked by sys_clk_pin  {rise@0.000ns fall@5.000ns period=10.000ns})
  Path Group:             sys_clk_pin
  Path Type:              Setup (Max at Slow Process Corner)
  Requirement:            10.000ns  (sys_clk_pin rise@10.000ns - sys_clk_pin rise@0.000ns)
  Data Path Delay:        1.491ns  (logic 0.580ns (38.888%)  route 0.911ns (61.112%))
  Logic Levels:           1  (LUT3=1)
  Clock Path Skew:        0.000ns (DCD - SCD + CPR)
    Destination Clock Delay (DCD):    4.786ns = ( 14.786 - 10.000 ) 
    Source Clock Delay      (SCD):    5.086ns
    Clock Pessimism Removal (CPR):    0.300ns
  Clock Uncertainty:      0.035ns  ((TSJ^2 + TIJ^2)^1/2 + DJ) / 2 + PE
    Total System Jitter     (TSJ):    0.071ns
    Total Input Jitter      (TIJ):    0.000ns
    Discrete Jitter          (DJ):    0.000ns
    Phase Error              (PE):    0.000ns

    Location             Delay type                Incr(ns)  Path(ns)    Netlist Resource(s)
  -------------------------------------------------------------------    -------------------
                         (clock sys_clk_pin rise edge)
                                                      0.000     0.000 r  
    W5                                                0.000     0.000 r  clk (IN)
                         net (fo=0)                   0.000     0.000    clk
    W5                   IBUF (Prop_ibuf_I_O)         1.458     1.458 r  clk_IBUF_inst/O
                         net (fo=1, routed)           1.967     3.425    clk_IBUF
    BUFGCTRL_X0Y1        BUFG (Prop_bufg_I_O)         0.096     3.521 r  clk_IBUF_BUFG_inst/O
                         net (fo=18, routed)          1.565     5.086    leader/CLK
    SLICE_X37Y44         FDRE                                         r  leader/clkdiv_reg[0]/C
  -------------------------------------------------------------------    -------------------
    SLICE_X37Y44         FDRE (Prop_fdre_C_Q)         0.456     5.542 r  leader/clkdiv_reg[0]/Q
                         net (fo=9, routed)           0.911     6.454    leader/clkdiv[0]
    SLICE_X37Y44         LUT3 (Prop_lut3_I1_O)        0.124     6.578 r  leader/clkdiv[2]_i_1/O
                         net (fo=1, routed)           0.000     6.578    leader/clkdiv_1[2]
    SLICE_X37Y44         FDRE                                         r  leader/clkdiv_reg[2]/D
  -------------------------------------------------------------------    -------------------

                         (clock sys_clk_pin rise edge)
                                                     10.000    10.000 r  
    W5                                                0.000    10.000 r  clk (IN)
                         net (fo=0)                   0.000    10.000    clk
    W5                   IBUF (Prop_ibuf_I_O)         1.388    11.388 r  clk_IBUF_inst/O
                         net (fo=1, routed)           1.862    13.250    clk_IBUF
    BUFGCTRL_X0Y1        BUFG (Prop_bufg_I_O)         0.091    13.341 r  clk_IBUF_BUFG_inst/O
                         net (fo=18, routed)          1.445    14.786    leader/CLK
    SLICE_X37Y44         FDRE                                         r  leader/clkdiv_reg[2]/C
                         clock pessimism              0.300    15.086    
                         clock uncertainty           -0.035    15.051    
    SLICE_X37Y44         FDRE (Setup_fdre_C_D)        0.029    15.080    leader/clkdiv_reg[2]
  -------------------------------------------------------------------
                         required time                         15.080    
                         arrival time                          -6.578    
  -------------------------------------------------------------------
                         slack                                  8.502    

Slack (MET) :             8.725ns  (required time - arrival time)
  Source:                 leader/clkdiv_reg[0]/C
                            (rising edge-triggered cell FDRE clocked by sys_clk_pin  {rise@0.000ns fall@5.000ns period=10.000ns})
  Destination:            leader/clkdiv_reg[0]/D
                            (rising edge-triggered cell FDRE clocked by sys_clk_pin  {rise@0.000ns fall@5.000ns period=10.000ns})
  Path Group:             sys_clk_pin
  Path Type:              Setup (Max at Slow Process Corner)
  Requirement:            10.000ns  (sys_clk_pin rise@10.000ns - sys_clk_pin rise@0.000ns)
  Data Path Delay:        1.270ns  (logic 0.580ns (45.661%)  route 0.690ns (54.339%))
  Logic Levels:           1  (LUT1=1)
  Clock Path Skew:        0.000ns (DCD - SCD + CPR)
    Destination Clock Delay (DCD):    4.786ns = ( 14.786 - 10.000 ) 
    Source Clock Delay      (SCD):    5.086ns
    Clock Pessimism Removal (CPR):    0.300ns
  Clock Uncertainty:      0.035ns  ((TSJ^2 + TIJ^2)^1/2 + DJ) / 2 + PE
    Total System Jitter     (TSJ):    0.071ns
    Total Input Jitter      (TIJ):    0.000ns
    Discrete Jitter          (DJ):    0.000ns
    Phase Error              (PE):    0.000ns

    Location             Delay type                Incr(ns)  Path(ns)    Netlist Resource(s)
  -------------------------------------------------------------------    -------------------
                         (clock sys_clk_pin rise edge)
                                                      0.000     0.000 r  
    W5                                                0.000     0.000 r  clk (IN)
                         net (fo=0)                   0.000     0.000    clk
    W5                   IBUF (Prop_ibuf_I_O)         1.458     1.458 r  clk_IBUF_inst/O
                         net (fo=1, routed)           1.967     3.425    clk_IBUF
    BUFGCTRL_X0Y1        BUFG (Prop_bufg_I_O)         0.096     3.521 r  clk_IBUF_BUFG_inst/O
                         net (fo=18, routed)          1.565     5.086    leader/CLK
    SLICE_X37Y44         FDRE                                         r  leader/clkdiv_reg[0]/C
  -------------------------------------------------------------------    -------------------
    SLICE_X37Y44         FDRE (Prop_fdre_C_Q)         0.456     5.542 f  leader/clkdiv_reg[0]/Q
                         net (fo=9, routed)           0.690     6.233    leader/clkdiv[0]
    SLICE_X37Y44         LUT1 (Prop_lut1_I0_O)        0.124     6.357 r  leader/clkdiv[0]_i_1/O
                         net (fo=1, routed)           0.000     6.357    leader/clkdiv_1[0]
    SLICE_X37Y44         FDRE                                         r  leader/clkdiv_reg[0]/D
  -------------------------------------------------------------------    -------------------

                         (clock sys_clk_pin rise edge)
                                                     10.000    10.000 r  
    W5                                                0.000    10.000 r  clk (IN)
                         net (fo=0)                   0.000    10.000    clk
    W5                   IBUF (Prop_ibuf_I_O)         1.388    11.388 r  clk_IBUF_inst/O
                         net (fo=1, routed)           1.862    13.250    clk_IBUF
    BUFGCTRL_X0Y1        BUFG (Prop_bufg_I_O)         0.091    13.341 r  clk_IBUF_BUFG_inst/O
                         net (fo=18, routed)          1.445    14.786    leader/CLK
    SLICE_X37Y44         FDRE                                         r  leader/clkdiv_reg[0]/C
                         clock pessimism              0.300    15.086    
                         clock uncertainty           -0.035    15.051    
    SLICE_X37Y44         FDRE (Setup_fdre_C_D)        0.031    15.082    leader/clkdiv_reg[0]
  -------------------------------------------------------------------
                         required time                         15.082    
                         arrival time                          -6.357    
  -------------------------------------------------------------------
                         slack                                  8.725    





Min Delay Paths
--------------------------------------------------------------------------------------
Slack (MET) :             0.192ns  (arrival time - required time)
  Source:                 leader/clkdiv_reg[1]/C
                            (rising edge-triggered cell FDRE clocked by sys_clk_pin  {rise@0.000ns fall@5.000ns period=10.000ns})
  Destination:            leader/clkdiv_reg[2]/D
                            (rising edge-triggered cell FDRE clocked by sys_clk_pin  {rise@0.000ns fall@5.000ns period=10.000ns})
  Path Group:             sys_clk_pin
  Path Type:              Hold (Min at Fast Process Corner)
  Requirement:            0.000ns  (sys_clk_pin rise@0.000ns - sys_clk_pin rise@0.000ns)
  Data Path Delay:        0.296ns  (logic 0.186ns (62.849%)  route 0.110ns (37.151%))
  Logic Levels:           1  (LUT3=1)
  Clock Path Skew:        0.013ns (DCD - SCD - CPR)
    Destination Clock Delay (DCD):    1.959ns
    Source Clock Delay      (SCD):    1.446ns
    Clock Pessimism Removal (CPR):    0.500ns

    Location             Delay type                Incr(ns)  Path(ns)    Netlist Resource(s)
  -------------------------------------------------------------------    -------------------
                         (clock sys_clk_pin rise edge)
                                                      0.000     0.000 r  
    W5                                                0.000     0.000 r  clk (IN)
                         net (fo=0)                   0.000     0.000    clk
    W5                   IBUF (Prop_ibuf_I_O)         0.226     0.226 r  clk_IBUF_inst/O
                         net (fo=1, routed)           0.631     0.858    clk_IBUF
    BUFGCTRL_X0Y1        BUFG (Prop_bufg_I_O)         0.026     0.884 r  clk_IBUF_BUFG_inst/O
                         net (fo=18, routed)          0.563     1.446    leader/CLK
    SLICE_X36Y44         FDRE                                         r  leader/clkdiv_reg[1]/C
  -------------------------------------------------------------------    -------------------
    SLICE_X36Y44         FDRE (Prop_fdre_C_Q)         0.141     1.587 r  leader/clkdiv_reg[1]/Q
                         net (fo=8, routed)           0.110     1.697    leader/clkdiv[1]
    SLICE_X37Y44         LUT3 (Prop_lut3_I0_O)        0.045     1.742 r  leader/clkdiv[2]_i_1/O
                         net (fo=1, routed)           0.000     1.742    leader/clkdiv_1[2]
    SLICE_X37Y44         FDRE                                         r  leader/clkdiv_reg[2]/D
  -------------------------------------------------------------------    -------------------

                         (clock sys_clk_pin rise edge)
                                                      0.000     0.000 r  
    W5                                                0.000     0.000 r  clk (IN)
                         net (fo=0)                   0.000     0.000    clk
    W5                   IBUF (Prop_ibuf_I_O)         0.414     0.414 r  clk_IBUF_inst/O
                         net (fo=1, routed)           0.685     1.099    clk_IBUF
    BUFGCTRL_X0Y1        BUFG (Prop_bufg_I_O)         0.029     1.128 r  clk_IBUF_BUFG_inst/O
                         net (fo=18, routed)          0.832     1.959    leader/CLK
    SLICE_X37Y44         FDRE                                         r  leader/clkdiv_reg[2]/C
                         clock pessimism             -0.500     1.459    
    SLICE_X37Y44         FDRE (Hold_fdre_C_D)         0.091     1.550    leader/clkdiv_reg[2]
  -------------------------------------------------------------------
                         required time                         -1.550    
                         arrival time                           1.742    
  -------------------------------------------------------------------
                         slack                                  0.192    

Slack (MET) :             0.221ns  (arrival time - required time)
  Source:                 leader/clkdiv_reg[1]/C
                            (rising edge-triggered cell FDRE clocked by sys_clk_pin  {rise@0.000ns fall@5.000ns period=10.000ns})
  Destination:            leader/clkdiv_reg[5]/D
                            (rising edge-triggered cell FDRE clocked by sys_clk_pin  {rise@0.000ns fall@5.000ns period=10.000ns})
  Path Group:             sys_clk_pin
  Path Type:              Hold (Min at Fast Process Corner)
  Requirement:            0.000ns  (sys_clk_pin rise@0.000ns - sys_clk_pin rise@0.000ns)
  Data Path Delay:        0.326ns  (logic 0.186ns (57.051%)  route 0.140ns (42.949%))
  Logic Levels:           1  (LUT6=1)
  Clock Path Skew:        0.013ns (DCD - SCD - CPR)
    Destination Clock Delay (DCD):    1.959ns
    Source Clock Delay      (SCD):    1.446ns
    Clock Pessimism Removal (CPR):    0.500ns

    Location             Delay type                Incr(ns)  Path(ns)    Netlist Resource(s)
  -------------------------------------------------------------------    -------------------
                         (clock sys_clk_pin rise edge)
                                                      0.000     0.000 r  
    W5                                                0.000     0.000 r  clk (IN)
                         net (fo=0)                   0.000     0.000    clk
    W5                   IBUF (Prop_ibuf_I_O)         0.226     0.226 r  clk_IBUF_inst/O
                         net (fo=1, routed)           0.631     0.858    clk_IBUF
    BUFGCTRL_X0Y1        BUFG (Prop_bufg_I_O)         0.026     0.884 r  clk_IBUF_BUFG_inst/O
                         net (fo=18, routed)          0.563     1.446    leader/CLK
    SLICE_X36Y44         FDRE                                         r  leader/clkdiv_reg[1]/C
  -------------------------------------------------------------------    -------------------
    SLICE_X36Y44         FDRE (Prop_fdre_C_Q)         0.141     1.587 r  leader/clkdiv_reg[1]/Q
                         net (fo=8, routed)           0.140     1.727    leader/clkdiv[1]
    SLICE_X37Y44         LUT6 (Prop_lut6_I2_O)        0.045     1.772 r  leader/clkdiv[5]_i_1/O
                         net (fo=1, routed)           0.000     1.772    leader/clkdiv_1[5]
    SLICE_X37Y44         FDRE                                         r  leader/clkdiv_reg[5]/D
  -------------------------------------------------------------------    -------------------

                         (clock sys_clk_pin rise edge)
                                                      0.000     0.000 r  
    W5                                                0.000     0.000 r  clk (IN)
                         net (fo=0)                   0.000     0.000    clk
    W5                   IBUF (Prop_ibuf_I_O)         0.414     0.414 r  clk_IBUF_inst/O
                         net (fo=1, routed)           0.685     1.099    clk_IBUF
    BUFGCTRL_X0Y1        BUFG (Prop_bufg_I_O)         0.029     1.128 r  clk_IBUF_BUFG_inst/O
                         net (fo=18, routed)          0.832     1.959    leader/CLK
    SLICE_X37Y44         FDRE                                         r  leader/clkdiv_reg[5]/C
                         clock pessimism             -0.500     1.459    
    SLICE_X37Y44         FDRE (Hold_fdre_C_D)         0.092     1.551    leader/clkdiv_reg[5]
  -------------------------------------------------------------------
                         required time                         -1.551    
                         arrival time                           1.772    
  -------------------------------------------------------------------
                         slack                                  0.221    

Slack (MET) :             0.237ns  (arrival time - required time)
  Source:                 leader/clkdiv_reg[7]/C
                            (rising edge-triggered cell FDRE clocked by sys_clk_pin  {rise@0.000ns fall@5.000ns period=10.000ns})
  Destination:            leader/clkdiv_reg[7]/D
                            (rising edge-triggered cell FDRE clocked by sys_clk_pin  {rise@0.000ns fall@5.000ns period=10.000ns})
  Path Group:             sys_clk_pin
  Path Type:              Hold (Min at Fast Process Corner)
  Requirement:            0.000ns  (sys_clk_pin rise@0.000ns - sys_clk_pin rise@0.000ns)
  Data Path Delay:        0.329ns  (logic 0.186ns (56.613%)  route 0.143ns (43.387%))
  Logic Levels:           1  (LUT6=1)
  Clock Path Skew:        0.000ns (DCD - SCD - CPR)
    Destination Clock Delay (DCD):    1.959ns
    Source Clock Delay      (SCD):    1.446ns
    Clock Pessimism Removal (CPR):    0.513ns

    Location             Delay type                Incr(ns)  Path(ns)    Netlist Resource(s)
  -------------------------------------------------------------------    -------------------
                         (clock sys_clk_pin rise edge)
                                                      0.000     0.000 r  
    W5                                                0.000     0.000 r  clk (IN)
                         net (fo=0)                   0.000     0.000    clk
    W5                   IBUF (Prop_ibuf_I_O)         0.226     0.226 r  clk_IBUF_inst/O
                         net (fo=1, routed)           0.631     0.858    clk_IBUF
    BUFGCTRL_X0Y1        BUFG (Prop_bufg_I_O)         0.026     0.884 r  clk_IBUF_BUFG_inst/O
                         net (fo=18, routed)          0.563     1.446    leader/CLK
    SLICE_X36Y44         FDRE                                         r  leader/clkdiv_reg[7]/C
  -------------------------------------------------------------------    -------------------
    SLICE_X36Y44         FDRE (Prop_fdre_C_Q)         0.141     1.587 r  leader/clkdiv_reg[7]/Q
                         net (fo=3, routed)           0.143     1.730    leader/clkdiv[7]
    SLICE_X36Y44         LUT6 (Prop_lut6_I5_O)        0.045     1.775 r  leader/clkdiv[7]_i_1/O
                         net (fo=1, routed)           0.000     1.775    leader/clkdiv_1[7]
    SLICE_X36Y44         FDRE                                         r  leader/clkdiv_reg[7]/D
  -------------------------------------------------------------------    -------------------

                         (clock sys_clk_pin rise edge)
                                                      0.000     0.000 r  
    W5                                                0.000     0.000 r  clk (IN)
                         net (fo=0)                   0.000     0.000    clk
    W5                   IBUF (Prop_ibuf_I_O)         0.414     0.414 r  clk_IBUF_inst/O
                         net (fo=1, routed)           0.685     1.099    clk_IBUF
    BUFGCTRL_X0Y1        BUFG (Prop_bufg_I_O)         0.029     1.128 r  clk_IBUF_BUFG_inst/O
                         net (fo=18, routed)          0.832     1.959    leader/CLK
    SLICE_X36Y44         FDRE                                         r  leader/clkdiv_reg[7]/C
                         clock pessimism             -0.513     1.446    
    SLICE_X36Y44         FDRE (Hold_fdre_C_D)         0.092     1.538    leader/clkdiv_reg[7]
  -------------------------------------------------------------------
                         required time                         -1.538    
                         arrival time                           1.775    
  -------------------------------------------------------------------
                         slack                                  0.237    

Slack (MET) :             0.247ns  (arrival time - required time)
  Source:                 leader/clkdiv_reg[4]/C
                            (rising edge-triggered cell FDRE clocked by sys_clk_pin  {rise@0.000ns fall@5.000ns period=10.000ns})
  Destination:            leader/clkdiv_reg[6]/D
                            (rising edge-triggered cell FDRE clocked by sys_clk_pin  {rise@0.000ns fall@5.000ns period=10.000ns})
  Path Group:             sys_clk_pin
  Path Type:              Hold (Min at Fast Process Corner)
  Requirement:            0.000ns  (sys_clk_pin rise@0.000ns - sys_clk_pin rise@0.000ns)
  Data Path Delay:        0.355ns  (logic 0.209ns (58.819%)  route 0.146ns (41.181%))
  Logic Levels:           1  (LUT5=1)
  Clock Path Skew:        0.016ns (DCD - SCD - CPR)
    Destination Clock Delay (DCD):    1.959ns
    Source Clock Delay      (SCD):    1.446ns
    Clock Pessimism Removal (CPR):    0.497ns

    Location             Delay type                Incr(ns)  Path(ns)    Netlist Resource(s)
  -------------------------------------------------------------------    -------------------
                         (clock sys_clk_pin rise edge)
                                                      0.000     0.000 r  
    W5                                                0.000     0.000 r  clk (IN)
                         net (fo=0)                   0.000     0.000    clk
    W5                   IBUF (Prop_ibuf_I_O)         0.226     0.226 r  clk_IBUF_inst/O
                         net (fo=1, routed)           0.631     0.858    clk_IBUF
    BUFGCTRL_X0Y1        BUFG (Prop_bufg_I_O)         0.026     0.884 r  clk_IBUF_BUFG_inst/O
                         net (fo=18, routed)          0.563     1.446    leader/CLK
    SLICE_X38Y44         FDRE                                         r  leader/clkdiv_reg[4]/C
  -------------------------------------------------------------------    -------------------
    SLICE_X38Y44         FDRE (Prop_fdre_C_Q)         0.164     1.610 r  leader/clkdiv_reg[4]/Q
                         net (fo=6, routed)           0.146     1.756    leader/clkdiv[4]
    SLICE_X37Y44         LUT5 (Prop_lut5_I2_O)        0.045     1.801 r  leader/clkdiv[6]_i_1/O
                         net (fo=1, routed)           0.000     1.801    leader/clkdiv_1[6]
    SLICE_X37Y44         FDRE                                         r  leader/clkdiv_reg[6]/D
  -------------------------------------------------------------------    -------------------

                         (clock sys_clk_pin rise edge)
                                                      0.000     0.000 r  
    W5                                                0.000     0.000 r  clk (IN)
                         net (fo=0)                   0.000     0.000    clk
    W5                   IBUF (Prop_ibuf_I_O)         0.414     0.414 r  clk_IBUF_inst/O
                         net (fo=1, routed)           0.685     1.099    clk_IBUF
    BUFGCTRL_X0Y1        BUFG (Prop_bufg_I_O)         0.029     1.128 r  clk_IBUF_BUFG_inst/O
                         net (fo=18, routed)          0.832     1.959    leader/CLK
    SLICE_X37Y44         FDRE                                         r  leader/clkdiv_reg[6]/C
                         clock pessimism             -0.497     1.462    
    SLICE_X37Y44         FDRE (Hold_fdre_C_D)         0.092     1.554    leader/clkdiv_reg[6]
  -------------------------------------------------------------------
                         required time                         -1.554    
                         arrival time                           1.801    
  -------------------------------------------------------------------
                         slack                                  0.247    

Slack (MET) :             0.274ns  (arrival time - required time)
  Source:                 leader/clkdiv_reg[4]/C
                            (rising edge-triggered cell FDRE clocked by sys_clk_pin  {rise@0.000ns fall@5.000ns period=10.000ns})
  Destination:            leader/clkdiv_reg[3]/D
                            (rising edge-triggered cell FDRE clocked by sys_clk_pin  {rise@0.000ns fall@5.000ns period=10.000ns})
  Path Group:             sys_clk_pin
  Path Type:              Hold (Min at Fast Process Corner)
  Requirement:            0.000ns  (sys_clk_pin rise@0.000ns - sys_clk_pin rise@0.000ns)
  Data Path Delay:        0.395ns  (logic 0.209ns (52.866%)  route 0.186ns (47.134%))
  Logic Levels:           1  (LUT6=1)
  Clock Path Skew:        0.000ns (DCD - SCD - CPR)
    Destination Clock Delay (DCD):    1.959ns
    Source Clock Delay      (SCD):    1.446ns
    Clock Pessimism Removal (CPR):    0.513ns

    Location             Delay type                Incr(ns)  Path(ns)    Netlist Resource(s)
  -------------------------------------------------------------------    -------------------
                         (clock sys_clk_pin rise edge)
                                                      0.000     0.000 r  
    W5                                                0.000     0.000 r  clk (IN)
                         net (fo=0)                   0.000     0.000    clk
    W5                   IBUF (Prop_ibuf_I_O)         0.226     0.226 r  clk_IBUF_inst/O
                         net (fo=1, routed)           0.631     0.858    clk_IBUF
    BUFGCTRL_X0Y1        BUFG (Prop_bufg_I_O)         0.026     0.884 r  clk_IBUF_BUFG_inst/O
                         net (fo=18, routed)          0.563     1.446    leader/CLK
    SLICE_X38Y44         FDRE                                         r  leader/clkdiv_reg[4]/C
  -------------------------------------------------------------------    -------------------
    SLICE_X38Y44         FDRE (Prop_fdre_C_Q)         0.164     1.610 f  leader/clkdiv_reg[4]/Q
                         net (fo=6, routed)           0.186     1.796    leader/clkdiv[4]
    SLICE_X38Y44         LUT6 (Prop_lut6_I0_O)        0.045     1.841 r  leader/clkdiv[3]_i_1/O
                         net (fo=1, routed)           0.000     1.841    leader/clkdiv_1[3]
    SLICE_X38Y44         FDRE                                         r  leader/clkdiv_reg[3]/D
  -------------------------------------------------------------------    -------------------

                         (clock sys_clk_pin rise edge)
                                                      0.000     0.000 r  
    W5                                                0.000     0.000 r  clk (IN)
                         net (fo=0)                   0.000     0.000    clk
    W5                   IBUF (Prop_ibuf_I_O)         0.414     0.414 r  clk_IBUF_inst/O
                         net (fo=1, routed)           0.685     1.099    clk_IBUF
    BUFGCTRL_X0Y1        BUFG (Prop_bufg_I_O)         0.029     1.128 r  clk_IBUF_BUFG_inst/O
                         net (fo=18, routed)          0.832     1.959    leader/CLK
    SLICE_X38Y44         FDRE                                         r  leader/clkdiv_reg[3]/C
                         clock pessimism             -0.513     1.446    
    SLICE_X38Y44         FDRE (Hold_fdre_C_D)         0.121     1.567    leader/clkdiv_reg[3]
  -------------------------------------------------------------------
                         required time                         -1.567    
                         arrival time                           1.841    
  -------------------------------------------------------------------
                         slack                                  0.274    

Slack (MET) :             0.275ns  (arrival time - required time)
  Source:                 leader/clkdiv_reg[4]/C
                            (rising edge-triggered cell FDRE clocked by sys_clk_pin  {rise@0.000ns fall@5.000ns period=10.000ns})
  Destination:            leader/clkdiv_reg[4]/D
                            (rising edge-triggered cell FDRE clocked by sys_clk_pin  {rise@0.000ns fall@5.000ns period=10.000ns})
  Path Group:             sys_clk_pin
  Path Type:              Hold (Min at Fast Process Corner)
  Requirement:            0.000ns  (sys_clk_pin rise@0.000ns - sys_clk_pin rise@0.000ns)
  Data Path Delay:        0.395ns  (logic 0.209ns (52.866%)  route 0.186ns (47.134%))
  Logic Levels:           1  (LUT6=1)
  Clock Path Skew:        0.000ns (DCD - SCD - CPR)
    Destination Clock Delay (DCD):    1.959ns
    Source Clock Delay      (SCD):    1.446ns
    Clock Pessimism Removal (CPR):    0.513ns

    Location             Delay type                Incr(ns)  Path(ns)    Netlist Resource(s)
  -------------------------------------------------------------------    -------------------
                         (clock sys_clk_pin rise edge)
                                                      0.000     0.000 r  
    W5                                                0.000     0.000 r  clk (IN)
                         net (fo=0)                   0.000     0.000    clk
    W5                   IBUF (Prop_ibuf_I_O)         0.226     0.226 r  clk_IBUF_inst/O
                         net (fo=1, routed)           0.631     0.858    clk_IBUF
    BUFGCTRL_X0Y1        BUFG (Prop_bufg_I_O)         0.026     0.884 r  clk_IBUF_BUFG_inst/O
                         net (fo=18, routed)          0.563     1.446    leader/CLK
    SLICE_X38Y44         FDRE                                         r  leader/clkdiv_reg[4]/C
  -------------------------------------------------------------------    -------------------
    SLICE_X38Y44         FDRE (Prop_fdre_C_Q)         0.164     1.610 r  leader/clkdiv_reg[4]/Q
                         net (fo=6, routed)           0.186     1.796    leader/clkdiv[4]
    SLICE_X38Y44         LUT6 (Prop_lut6_I4_O)        0.045     1.841 r  leader/clkdiv[4]_i_1/O
                         net (fo=1, routed)           0.000     1.841    leader/clkdiv_1[4]
    SLICE_X38Y44         FDRE                                         r  leader/clkdiv_reg[4]/D
  -------------------------------------------------------------------    -------------------

                         (clock sys_clk_pin rise edge)
                                                      0.000     0.000 r  
    W5                                                0.000     0.000 r  clk (IN)
                         net (fo=0)                   0.000     0.000    clk
    W5                   IBUF (Prop_ibuf_I_O)         0.414     0.414 r  clk_IBUF_inst/O
                         net (fo=1, routed)           0.685     1.099    clk_IBUF
    BUFGCTRL_X0Y1        BUFG (Prop_bufg_I_O)         0.029     1.128 r  clk_IBUF_BUFG_inst/O
                         net (fo=18, routed)          0.832     1.959    leader/CLK
    SLICE_X38Y44         FDRE                                         r  leader/clkdiv_reg[4]/C
                         clock pessimism             -0.513     1.446    
    SLICE_X38Y44         FDRE (Hold_fdre_C_D)         0.120     1.566    leader/clkdiv_reg[4]
  -------------------------------------------------------------------
                         required time                         -1.566    
                         arrival time                           1.841    
  -------------------------------------------------------------------
                         slack                                  0.275    

Slack (MET) :             0.348ns  (arrival time - required time)
  Source:                 leader/clkdiv_reg[0]/C
                            (rising edge-triggered cell FDRE clocked by sys_clk_pin  {rise@0.000ns fall@5.000ns period=10.000ns})
  Destination:            leader/clkdiv_reg[0]/D
                            (rising edge-triggered cell FDRE clocked by sys_clk_pin  {rise@0.000ns fall@5.000ns period=10.000ns})
  Path Group:             sys_clk_pin
  Path Type:              Hold (Min at Fast Process Corner)
  Requirement:            0.000ns  (sys_clk_pin rise@0.000ns - sys_clk_pin rise@0.000ns)
  Data Path Delay:        0.440ns  (logic 0.186ns (42.250%)  route 0.254ns (57.750%))
  Logic Levels:           1  (LUT1=1)
  Clock Path Skew:        0.000ns (DCD - SCD - CPR)
    Destination Clock Delay (DCD):    1.959ns
    Source Clock Delay      (SCD):    1.446ns
    Clock Pessimism Removal (CPR):    0.513ns

    Location             Delay type                Incr(ns)  Path(ns)    Netlist Resource(s)
  -------------------------------------------------------------------    -------------------
                         (clock sys_clk_pin rise edge)
                                                      0.000     0.000 r  
    W5                                                0.000     0.000 r  clk (IN)
                         net (fo=0)                   0.000     0.000    clk
    W5                   IBUF (Prop_ibuf_I_O)         0.226     0.226 r  clk_IBUF_inst/O
                         net (fo=1, routed)           0.631     0.858    clk_IBUF
    BUFGCTRL_X0Y1        BUFG (Prop_bufg_I_O)         0.026     0.884 r  clk_IBUF_BUFG_inst/O
                         net (fo=18, routed)          0.563     1.446    leader/CLK
    SLICE_X37Y44         FDRE                                         r  leader/clkdiv_reg[0]/C
  -------------------------------------------------------------------    -------------------
    SLICE_X37Y44         FDRE (Prop_fdre_C_Q)         0.141     1.587 f  leader/clkdiv_reg[0]/Q
                         net (fo=9, routed)           0.254     1.841    leader/clkdiv[0]
    SLICE_X37Y44         LUT1 (Prop_lut1_I0_O)        0.045     1.886 r  leader/clkdiv[0]_i_1/O
                         net (fo=1, routed)           0.000     1.886    leader/clkdiv_1[0]
    SLICE_X37Y44         FDRE                                         r  leader/clkdiv_reg[0]/D
  -------------------------------------------------------------------    -------------------

                         (clock sys_clk_pin rise edge)
                                                      0.000     0.000 r  
    W5                                                0.000     0.000 r  clk (IN)
                         net (fo=0)                   0.000     0.000    clk
    W5                   IBUF (Prop_ibuf_I_O)         0.414     0.414 r  clk_IBUF_inst/O
                         net (fo=1, routed)           0.685     1.099    clk_IBUF
    BUFGCTRL_X0Y1        BUFG (Prop_bufg_I_O)         0.029     1.128 r  clk_IBUF_BUFG_inst/O
                         net (fo=18, routed)          0.832     1.959    leader/CLK
    SLICE_X37Y44         FDRE                                         r  leader/clkdiv_reg[0]/C
                         clock pessimism             -0.513     1.446    
    SLICE_X37Y44         FDRE (Hold_fdre_C_D)         0.092     1.538    leader/clkdiv_reg[0]
  -------------------------------------------------------------------
                         required time                         -1.538    
                         arrival time                           1.886    
  -------------------------------------------------------------------
                         slack                                  0.348    

Slack (MET) :             0.386ns  (arrival time - required time)
  Source:                 leader/clkdiv_reg[5]/C
                            (rising edge-triggered cell FDRE clocked by sys_clk_pin  {rise@0.000ns fall@5.000ns period=10.000ns})
  Destination:            leader/sck_reg/D
                            (rising edge-triggered cell FDRE clocked by sys_clk_pin  {rise@0.000ns fall@5.000ns period=10.000ns})
  Path Group:             sys_clk_pin
  Path Type:              Hold (Min at Fast Process Corner)
  Requirement:            0.000ns  (sys_clk_pin rise@0.000ns - sys_clk_pin rise@0.000ns)
  Data Path Delay:        0.506ns  (logic 0.234ns (46.290%)  route 0.272ns (53.710%))
  Logic Levels:           2  (LUT4=1 LUT6=1)
  Clock Path Skew:        0.013ns (DCD - SCD - CPR)
    Destination Clock Delay (DCD):    1.959ns
    Source Clock Delay      (SCD):    1.446ns
    Clock Pessimism Removal (CPR):    0.500ns

    Location             Delay type                Incr(ns)  Path(ns)    Netlist Resource(s)
  -------------------------------------------------------------------    -------------------
                         (clock sys_clk_pin rise edge)
                                                      0.000     0.000 r  
    W5                                                0.000     0.000 r  clk (IN)
                         net (fo=0)                   0.000     0.000    clk
    W5                   IBUF (Prop_ibuf_I_O)         0.226     0.226 r  clk_IBUF_inst/O
                         net (fo=1, routed)           0.631     0.858    clk_IBUF
    BUFGCTRL_X0Y1        BUFG (Prop_bufg_I_O)         0.026     0.884 r  clk_IBUF_BUFG_inst/O
                         net (fo=18, routed)          0.563     1.446    leader/CLK
    SLICE_X37Y44         FDRE                                         r  leader/clkdiv_reg[5]/C
  -------------------------------------------------------------------    -------------------
    SLICE_X37Y44         FDRE (Prop_fdre_C_Q)         0.141     1.587 r  leader/clkdiv_reg[5]/Q
                         net (fo=5, routed)           0.103     1.690    leader/clkdiv[5]
    SLICE_X36Y44         LUT6 (Prop_lut6_I3_O)        0.045     1.735 r  leader/clkdiv[1]_i_2/O
                         net (fo=2, routed)           0.169     1.904    leader/clkdiv[1]_i_2_n_0
    SLICE_X36Y44         LUT4 (Prop_lut4_I0_O)        0.048     1.952 r  leader/sck_i_1/O
                         net (fo=1, routed)           0.000     1.952    leader/sck_i_1_n_0
    SLICE_X36Y44         FDRE                                         r  leader/sck_reg/D
  -------------------------------------------------------------------    -------------------

                         (clock sys_clk_pin rise edge)
                                                      0.000     0.000 r  
    W5                                                0.000     0.000 r  clk (IN)
                         net (fo=0)                   0.000     0.000    clk
    W5                   IBUF (Prop_ibuf_I_O)         0.414     0.414 r  clk_IBUF_inst/O
                         net (fo=1, routed)           0.685     1.099    clk_IBUF
    BUFGCTRL_X0Y1        BUFG (Prop_bufg_I_O)         0.029     1.128 r  clk_IBUF_BUFG_inst/O
                         net (fo=18, routed)          0.832     1.959    leader/CLK
    SLICE_X36Y44         FDRE                                         r  leader/sck_reg/C
                         clock pessimism             -0.500     1.459    
    SLICE_X36Y44         FDRE (Hold_fdre_C_D)         0.107     1.566    leader/sck_reg
  -------------------------------------------------------------------
                         required time                         -1.566    
                         arrival time                           1.952    
  -------------------------------------------------------------------
                         slack                                  0.386    

Slack (MET) :             0.399ns  (arrival time - required time)
  Source:                 leader/clkdiv_reg[5]/C
                            (rising edge-triggered cell FDRE clocked by sys_clk_pin  {rise@0.000ns fall@5.000ns period=10.000ns})
  Destination:            leader/clkdiv_reg[1]/D
                            (rising edge-triggered cell FDRE clocked by sys_clk_pin  {rise@0.000ns fall@5.000ns period=10.000ns})
  Path Group:             sys_clk_pin
  Path Type:              Hold (Min at Fast Process Corner)
  Requirement:            0.000ns  (sys_clk_pin rise@0.000ns - sys_clk_pin rise@0.000ns)
  Data Path Delay:        0.503ns  (logic 0.231ns (45.969%)  route 0.272ns (54.031%))
  Logic Levels:           2  (LUT3=1 LUT6=1)
  Clock Path Skew:        0.013ns (DCD - SCD - CPR)
    Destination Clock Delay (DCD):    1.959ns
    Source Clock Delay      (SCD):    1.446ns
    Clock Pessimism Removal (CPR):    0.500ns

    Location             Delay type                Incr(ns)  Path(ns)    Netlist Resource(s)
  -------------------------------------------------------------------    -------------------
                         (clock sys_clk_pin rise edge)
                                                      0.000     0.000 r  
    W5                                                0.000     0.000 r  clk (IN)
                         net (fo=0)                   0.000     0.000    clk
    W5                   IBUF (Prop_ibuf_I_O)         0.226     0.226 r  clk_IBUF_inst/O
                         net (fo=1, routed)           0.631     0.858    clk_IBUF
    BUFGCTRL_X0Y1        BUFG (Prop_bufg_I_O)         0.026     0.884 r  clk_IBUF_BUFG_inst/O
                         net (fo=18, routed)          0.563     1.446    leader/CLK
    SLICE_X37Y44         FDRE                                         r  leader/clkdiv_reg[5]/C
  -------------------------------------------------------------------    -------------------
    SLICE_X37Y44         FDRE (Prop_fdre_C_Q)         0.141     1.587 r  leader/clkdiv_reg[5]/Q
                         net (fo=5, routed)           0.103     1.690    leader/clkdiv[5]
    SLICE_X36Y44         LUT6 (Prop_lut6_I3_O)        0.045     1.735 r  leader/clkdiv[1]_i_2/O
                         net (fo=2, routed)           0.169     1.904    leader/clkdiv[1]_i_2_n_0
    SLICE_X36Y44         LUT3 (Prop_lut3_I0_O)        0.045     1.949 r  leader/clkdiv[1]_i_1/O
                         net (fo=1, routed)           0.000     1.949    leader/clkdiv_1[1]
    SLICE_X36Y44         FDRE                                         r  leader/clkdiv_reg[1]/D
  -------------------------------------------------------------------    -------------------

                         (clock sys_clk_pin rise edge)
                                                      0.000     0.000 r  
    W5                                                0.000     0.000 r  clk (IN)
                         net (fo=0)                   0.000     0.000    clk
    W5                   IBUF (Prop_ibuf_I_O)         0.414     0.414 r  clk_IBUF_inst/O
                         net (fo=1, routed)           0.685     1.099    clk_IBUF
    BUFGCTRL_X0Y1        BUFG (Prop_bufg_I_O)         0.029     1.128 r  clk_IBUF_BUFG_inst/O
                         net (fo=18, routed)          0.832     1.959    leader/CLK
    SLICE_X36Y44         FDRE                                         r  leader/clkdiv_reg[1]/C
                         clock pessimism             -0.500     1.459    
    SLICE_X36Y44         FDRE (Hold_fdre_C_D)         0.091     1.550    leader/clkdiv_reg[1]
  -------------------------------------------------------------------
                         required time                         -1.550    
                         arrival time                           1.949    
  -------------------------------------------------------------------
                         slack                                  0.399    





Pulse Width Checks
--------------------------------------------------------------------------------------
Clock Name:         sys_clk_pin
Waveform(ns):       { 0.000 5.000 }
Period(ns):         10.000
Sources:            { clk }

Check Type        Corner  Lib Pin  Reference Pin  Required(ns)  Actual(ns)  Slack(ns)  Location       Pin
Min Period        n/a     BUFG/I   n/a            2.155         10.000      7.845      BUFGCTRL_X0Y1  clk_IBUF_BUFG_inst/I
Min Period        n/a     FDRE/C   n/a            1.000         10.000      9.000      SLICE_X2Y10    btnR_prev_reg/C
Min Period        n/a     FDRE/C   n/a            1.000         10.000      9.000      SLICE_X37Y44   leader/clkdiv_reg[0]/C
Min Period        n/a     FDRE/C   n/a            1.000         10.000      9.000      SLICE_X36Y44   leader/clkdiv_reg[1]/C
Min Period        n/a     FDRE/C   n/a            1.000         10.000      9.000      SLICE_X37Y44   leader/clkdiv_reg[2]/C
Min Period        n/a     FDRE/C   n/a            1.000         10.000      9.000      SLICE_X38Y44   leader/clkdiv_reg[3]/C
Min Period        n/a     FDRE/C   n/a            1.000         10.000      9.000      SLICE_X38Y44   leader/clkdiv_reg[4]/C
Min Period        n/a     FDRE/C   n/a            1.000         10.000      9.000      SLICE_X37Y44   leader/clkdiv_reg[5]/C
Min Period        n/a     FDRE/C   n/a            1.000         10.000      9.000      SLICE_X37Y44   leader/clkdiv_reg[6]/C
Min Period        n/a     FDRE/C   n/a            1.000         10.000      9.000      SLICE_X36Y44   leader/clkdiv_reg[7]/C
Low Pulse Width   Slow    FDRE/C   n/a            0.500         5.000       4.500      SLICE_X37Y44   leader/clkdiv_reg[0]/C
Low Pulse Width   Slow    FDRE/C   n/a            0.500         5.000       4.500      SLICE_X36Y44   leader/clkdiv_reg[1]/C
Low Pulse Width   Slow    FDRE/C   n/a            0.500         5.000       4.500      SLICE_X37Y44   leader/clkdiv_reg[2]/C
Low Pulse Width   Slow    FDRE/C   n/a            0.500         5.000       4.500      SLICE_X38Y44   leader/clkdiv_reg[3]/C
Low Pulse Width   Slow    FDRE/C   n/a            0.500         5.000       4.500      SLICE_X38Y44   leader/clkdiv_reg[4]/C
Low Pulse Width   Slow    FDRE/C   n/a            0.500         5.000       4.500      SLICE_X37Y44   leader/clkdiv_reg[5]/C
Low Pulse Width   Slow    FDRE/C   n/a            0.500         5.000       4.500      SLICE_X37Y44   leader/clkdiv_reg[6]/C
Low Pulse Width   Slow    FDRE/C   n/a            0.500         5.000       4.500      SLICE_X36Y44   leader/clkdiv_reg[7]/C
Low Pulse Width   Slow    FDRE/C   n/a            0.500         5.000       4.500      SLICE_X36Y44   leader/sck_reg/C
Low Pulse Width   Fast    FDRE/C   n/a            0.500         5.000       4.500      SLICE_X2Y10    btnR_prev_reg/C
High Pulse Width  Fast    FDRE/C   n/a            0.500         5.000       4.500      SLICE_X37Y44   leader/clkdiv_reg[0]/C
High Pulse Width  Fast    FDRE/C   n/a            0.500         5.000       4.500      SLICE_X36Y44   leader/clkdiv_reg[1]/C
High Pulse Width  Fast    FDRE/C   n/a            0.500         5.000       4.500      SLICE_X37Y44   leader/clkdiv_reg[2]/C
High Pulse Width  Fast    FDRE/C   n/a            0.500         5.000       4.500      SLICE_X38Y44   leader/clkdiv_reg[3]/C
High Pulse Width  Fast    FDRE/C   n/a            0.500         5.000       4.500      SLICE_X38Y44   leader/clkdiv_reg[4]/C
High Pulse Width  Fast    FDRE/C   n/a            0.500         5.000       4.500      SLICE_X37Y44   leader/clkdiv_reg[5]/C
High Pulse Width  Fast    FDRE/C   n/a            0.500         5.000       4.500      SLICE_X37Y44   leader/clkdiv_reg[6]/C
High Pulse Width  Fast    FDRE/C   n/a            0.500         5.000       4.500      SLICE_X36Y44   leader/clkdiv_reg[7]/C
High Pulse Width  Fast    FDRE/C   n/a            0.500         5.000       4.500      SLICE_X36Y44   leader/sck_reg/C
High Pulse Width  Slow    FDRE/C   n/a            0.500         5.000       4.500      SLICE_X3Y13    rx_latch_reg[0]/C



