#-----------------------------------------------------------
# Vivado v2018.3 (64-bit)
# SW Build 2405991 on Thu Dec  6 23:38:27 MST 2018
# IP Build 2404404 on Fri Dec  7 01:43:56 MST 2018
# Start of session at: Fri Apr  3 18:41:44 2026
# Process ID: 25532
# Current directory: C:/Users/lebray/Vivado-Workflow-Scripts
# Command line: vivado.exe -mode batch -source C:\Users\lebray\Vivado-Workflow-Scripts\HW8\T1\build.tcl -log C:\Users\lebray\Vivado-Workflow-Scripts\HW8\T1\vivado.log -journal C:\Users\lebray\Vivado-Workflow-Scripts\HW8\T1\vivado.jou
# Log file: C:/Users/lebray/Vivado-Workflow-Scripts/HW8/T1/vivado.log
# Journal file: C:\Users\lebray\Vivado-Workflow-Scripts\HW8\T1\vivado.jou
#-----------------------------------------------------------
source {C:\Users\lebray\Vivado-Workflow-Scripts\HW8\T1\build.tcl}
# create_project T1 {C:\Users\lebray\Vivado-Workflow-Scripts\HW8\T1\vivado_project} -part xc7a35tcpg236-1 -force
# if {[catch {set_property board_part digilentinc.com:basys3:part0:1.2 [current_project]}]} {
#     puts "Note: board part not available"
# }
Note: board part not available
# set_property target_language Verilog [current_project]
# add_files -norecurse {C:\Users\lebray\Vivado-Workflow-Scripts\HW8\T1\XADCdemo.v}
# add_files -norecurse {C:\Users\lebray\Vivado-Workflow-Scripts\HW8\T1\bin2dec.v}
# add_files -norecurse {C:\Users\lebray\Vivado-Workflow-Scripts\HW8\T1\DigitToSeg.v}
# add_files -norecurse {C:\Users\lebray\Vivado-Workflow-Scripts\HW8\T1\mux4_4bus.v}
# add_files -norecurse {C:\Users\lebray\Vivado-Workflow-Scripts\HW8\T1\sevensegdecoder.v}
# add_files -norecurse {C:\Users\lebray\Vivado-Workflow-Scripts\HW8\T1\counter3bit.v}
# add_files -norecurse {C:\Users\lebray\Vivado-Workflow-Scripts\HW8\T1\segClkDevider.v}
# add_files -norecurse {C:\Users\lebray\Vivado-Workflow-Scripts\HW8\T1\decoder3_8.v}
# add_files -norecurse {C:\Users\lebray\Vivado-Workflow-Scripts\HW8\T1\xadc_wiz_0.xci}
INFO: [IP_Flow 19-234] Refreshing IP repositories
INFO: [IP_Flow 19-1704] No user IP repositories specified
INFO: [IP_Flow 19-2313] Loaded Vivado IP repository 'C:/Xilinx/Vivado/2018.3/data/ip'.
WARNING: [IP_Flow 19-2162] IP 'xadc_wiz_0' is locked:
* IP definition 'XADC Wizard (3.3)' for IP 'xadc_wiz_0' (customized with software release 2018.2) has a different revision in the IP Catalog.
Please select 'Report IP Status' from the 'Tools/Report' menu or run Tcl command 'report_ip_status' for more information.
# set_property generate_synth_checkpoint true [get_files xadc_wiz_0.xci]
ERROR: [Common 17-107] Cannot change read-only property 'generate_synth_checkpoint'.
Resolution: Please refer to Vivado Properties Reference Guide (UG912) for more information on setting properties.
INFO: [Common 17-206] Exiting Vivado at Fri Apr  3 18:41:55 2026...
