KCPSM6 Assembler log file for program 'C:\Users\lebray\Vivado-Workflow-Scripts\Lab8\T3\btn_rom.psm'.
Generated by KCPSM6 version v2.70
Ken Chapman - Xilinx Ltd - 16th May 2014

Assembly datestamp: 26 Mar 2026
Assembly timestamp: 21:24:17

Contents
  Assembly listing
  List of PSM files
  List of CONSTANTs
  List of TABLEs
  List of STRINGs
  List of line labels
  Instruction usage statistics


Last occupied address: 125 hex
Nominal program memory size: 1K (1024)   address(9:0)
Actual memory size: 4096
  (Default memory size)
Occupied memory locations: 294
Memory locations available: 3802


Assembly listing

 Addr Code                     Instruction

 000                           ;=========================================================
 000                           ; Square circuit with 7-seg, 16-bit LEDs, and LCD hex display
 000                           ; Lab 8 T3 - extends T2 to also write hex result to LCD Pmod
 000                           ;=========================================================
 000                           ; LCD output ports:
 000                           ;   0x06: LCD buffer index (0-15)
 000                           ;   0x07: LCD buffer data  (ASCII char)
 000                           ;
 000                           ; LCD display format (16 chars):
 000                           ;   "a=XX b=XX r=XXXX"
 000                           ;    0123456789012345
 000                           ;   [0]='a' [1]='=' [2-3]=hex(a) [4]=' '
 000                           ;   [5]='b' [6]='=' [7-8]=hex(b) [9]=' '
 000                           ;   [10]='r' [11]='=' [12-13]=hex(aabb_msb) [14-15]=hex(aabb_lsb)
 000                           ;=========================================================
 000                           ;=========================================================
 000                           ; Data RAM address alias
 000                           ;=========================================================
 000                           CONSTANT a_lsb, 00
 000                           CONSTANT b_lsb, 02
 000                           CONSTANT aa_lsb, 04
 000                           CONSTANT aa_msb, 05
 000                           CONSTANT bb_lsb, 06
 000                           CONSTANT bb_msb, 07
 000                           CONSTANT aabb_lsb, 08
 000                           CONSTANT aabb_msb, 09
 000                           CONSTANT aabb_cout, 0A
 000                           CONSTANT led0, 10
 000                           CONSTANT led1, 11
 000                           CONSTANT led2, 12
 000                           CONSTANT led3, 13
 000                           ;=========================================================
 000                           ; Register alias
 000                           ;=========================================================
 000                           NAMEREG s0, data
 000                           NAMEREG s1, addr
 000                           NAMEREG s2, i
 000                           NAMEREG sF, switch_a_b
 000                           ;=========================================================
 000                           ; Port alias
 000                           ;=========================================================
 000                           CONSTANT rd_flag_port, 00
 000                           CONSTANT sw_port, 01
 000                           CONSTANT sseg0_port, 00
 000                           CONSTANT sseg1_port, 01
 000                           CONSTANT sseg2_port, 02
 000                           CONSTANT sseg3_port, 03
 000                           CONSTANT led_lsb_port, 04         ; led[7:0]
 000                           CONSTANT led_msb_port, 05         ; led[15:8]
 000                           CONSTANT lcd_idx_port, 06         ; LCD buffer index
 000                           CONSTANT lcd_dat_port, 07         ; LCD buffer data
 000                           ;=========================================================
 000                           ; Main program
 000                           ;=========================================================
 000  20009                    CALL 009[init]
 001  2004B                    CALL 04B[lcd_init]
 002                  forever: 
 002  20010                    CALL 010[proc_btn]
 003  20108                    CALL 108[square]
 004  2001D                    CALL 01D[load_led_pttn]
 005  2003D                    CALL 03D[disp_led]
 006  20046                    CALL 046[disp_result_leds]
 007  2008C                    CALL 08C[lcd_update]
 008  22002                    JUMP 002[forever]
 009                           ;=========================================================
 009                           ; routine: init
 009                           ;=========================================================
 009                     init: 
 009  01240                    LOAD s2[i], 40
 00A  01000                    LOAD s0[data], 00
 00B             clr_mem_loop: 
 00B  2E020                    STORE s0[data], (s2[i])
 00C  19201                    SUB s2[i], 01
 00D  3600B                    JUMP NZ, 00B[clr_mem_loop]
 00E  01F00                    LOAD sF[switch_a_b], 00
 00F  25000                    RETURN 
 010                           ;=========================================================
 010                           ; routine: proc_btn
 010                           ;=========================================================
 010                 proc_btn: 
 010  09300                    INPUT s3, 00[rd_flag_port]
 011  0D301                    TEST s3, 01
 012  32015                    JUMP Z, 015[chk_btns]
 013  20009                    CALL 009[init]
 014  2201C                    JUMP 01C[proc_btn_done]
 015                 chk_btns: 
 015  0D302                    TEST s3, 02
 016  3201C                    JUMP Z, 01C[proc_btn_done]
 017  09001                    INPUT s0[data], 01[sw_port]
 018  01100                    LOAD s1[addr], 00[a_lsb]
 019  101F0                    ADD s1[addr], sF[switch_a_b]
 01A  2E010                    STORE s0[data], (s1[addr])
 01B  07F02                    XOR sF[switch_a_b], 02
 01C            proc_btn_done: 
 01C  25000                    RETURN 
 01D                           ;=========================================================
 01D                           ; routine: load_led_pttn
 01D                           ;=========================================================
 01D            load_led_pttn: 
 01D  09601                    INPUT s6, 01[sw_port]
 01E  14606                    SL0 s6
 01F  1D608                    COMPARE s6, 08
 020  3A022                    JUMP C, 022[sw_ok]
 021  01608                    LOAD s6, 08
 022                    sw_ok: 
 022  01100                    LOAD s1[addr], 00[a_lsb]
 023  10160                    ADD s1[addr], s6
 024  0A060                    FETCH s0[data], (s6)
 025  20101                    CALL 101[get_lower_nibble]
 026  200C3                    CALL 0C3[hex_to_led]
 027  2F010                    STORE s0[data], 10[led0]
 028  0A010                    FETCH s0[data], (s1[addr])
 029  20103                    CALL 103[get_upper_nibble]
 02A  200C3                    CALL 0C3[hex_to_led]
 02B  2F011                    STORE s0[data], 11[led1]
 02C  11101                    ADD s1[addr], 01
 02D  0A010                    FETCH s0[data], (s1[addr])
 02E  20101                    CALL 101[get_lower_nibble]
 02F  200C3                    CALL 0C3[hex_to_led]
 030  2F012                    STORE s0[data], 12[led2]
 031  0A010                    FETCH s0[data], (s1[addr])
 032  20103                    CALL 103[get_upper_nibble]
 033  200C3                    CALL 0C3[hex_to_led]
 034  1D608                    COMPARE s6, 08
 035  3603B                    JUMP NZ, 03B[led_done]
 036  11101                    ADD s1[addr], 01
 037  0A610                    FETCH s6, (s1[addr])
 038  0D601                    TEST s6, 01
 039  3203B                    JUMP Z, 03B[led_done]
 03A  0307F                    AND s0[data], 7F
 03B                 led_done: 
 03B  2F013                    STORE s0[data], 13[led3]
 03C  25000                    RETURN 
 03D                           ;=========================================================
 03D                           ; routine: disp_led
 03D                           ;=========================================================
 03D                 disp_led: 
 03D  0B010                    FETCH s0[data], 10[led0]
 03E  2D000                    OUTPUT s0[data], 00[sseg0_port]
 03F  0B011                    FETCH s0[data], 11[led1]
 040  2D001                    OUTPUT s0[data], 01[sseg1_port]
 041  0B012                    FETCH s0[data], 12[led2]
 042  2D002                    OUTPUT s0[data], 02[sseg2_port]
 043  0B013                    FETCH s0[data], 13[led3]
 044  2D003                    OUTPUT s0[data], 03[sseg3_port]
 045  25000                    RETURN 
 046                           ;=========================================================
 046                           ; routine: disp_result_leds
 046                           ;=========================================================
 046         disp_result_leds: 
 046  0B008                    FETCH s0[data], 08[aabb_lsb]
 047  2D004                    OUTPUT s0[data], 04[led_lsb_port]
 048  0B009                    FETCH s0[data], 09[aabb_msb]
 049  2D005                    OUTPUT s0[data], 05[led_msb_port]
 04A  25000                    RETURN 
 04B                           ;=========================================================
 04B                           ; routine: lcd_init
 04B                           ;   Writes static label characters to LCD buffer
 04B                           ;   "a=   b=   r=    "
 04B                           ;    0123456789012345
 04B                           ;=========================================================
 04B                 lcd_init: 
 04B                           ; pos 0: 'a' (0x61)
 04B  01000                    LOAD s0[data], 00
 04C  2D006                    OUTPUT s0[data], 06[lcd_idx_port]
 04D  01061                    LOAD s0[data], 61
 04E  2D007                    OUTPUT s0[data], 07[lcd_dat_port]
 04F                           ; pos 1: '=' (0x3D)
 04F  01001                    LOAD s0[data], 01
 050  2D006                    OUTPUT s0[data], 06[lcd_idx_port]
 051  0103D                    LOAD s0[data], 3D
 052  2D007                    OUTPUT s0[data], 07[lcd_dat_port]
 053                           ; pos 2: ' ' (placeholder, overwritten by lcd_update)
 053  01002                    LOAD s0[data], 02
 054  2D006                    OUTPUT s0[data], 06[lcd_idx_port]
 055  01020                    LOAD s0[data], 20
 056  2D007                    OUTPUT s0[data], 07[lcd_dat_port]
 057                           ; pos 3: ' '
 057  01003                    LOAD s0[data], 03
 058  2D006                    OUTPUT s0[data], 06[lcd_idx_port]
 059  01020                    LOAD s0[data], 20
 05A  2D007                    OUTPUT s0[data], 07[lcd_dat_port]
 05B                           ; pos 4: ' '
 05B  01004                    LOAD s0[data], 04
 05C  2D006                    OUTPUT s0[data], 06[lcd_idx_port]
 05D  01020                    LOAD s0[data], 20
 05E  2D007                    OUTPUT s0[data], 07[lcd_dat_port]
 05F                           ; pos 5: 'b' (0x62)
 05F  01005                    LOAD s0[data], 05
 060  2D006                    OUTPUT s0[data], 06[lcd_idx_port]
 061  01062                    LOAD s0[data], 62
 062  2D007                    OUTPUT s0[data], 07[lcd_dat_port]
 063                           ; pos 6: '='
 063  01006                    LOAD s0[data], 06
 064  2D006                    OUTPUT s0[data], 06[lcd_idx_port]
 065  0103D                    LOAD s0[data], 3D
 066  2D007                    OUTPUT s0[data], 07[lcd_dat_port]
 067                           ; pos 7: ' '
 067  01007                    LOAD s0[data], 07
 068  2D006                    OUTPUT s0[data], 06[lcd_idx_port]
 069  01020                    LOAD s0[data], 20
 06A  2D007                    OUTPUT s0[data], 07[lcd_dat_port]
 06B                           ; pos 8: ' '
 06B  01008                    LOAD s0[data], 08
 06C  2D006                    OUTPUT s0[data], 06[lcd_idx_port]
 06D  01020                    LOAD s0[data], 20
 06E  2D007                    OUTPUT s0[data], 07[lcd_dat_port]
 06F                           ; pos 9: ' '
 06F  01009                    LOAD s0[data], 09
 070  2D006                    OUTPUT s0[data], 06[lcd_idx_port]
 071  01020                    LOAD s0[data], 20
 072  2D007                    OUTPUT s0[data], 07[lcd_dat_port]
 073                           ; pos 10 (0x0A): 'r' (0x72)
 073  0100A                    LOAD s0[data], 0A
 074  2D006                    OUTPUT s0[data], 06[lcd_idx_port]
 075  01072                    LOAD s0[data], 72
 076  2D007                    OUTPUT s0[data], 07[lcd_dat_port]
 077                           ; pos 11 (0x0B): '='
 077  0100B                    LOAD s0[data], 0B
 078  2D006                    OUTPUT s0[data], 06[lcd_idx_port]
 079  0103D                    LOAD s0[data], 3D
 07A  2D007                    OUTPUT s0[data], 07[lcd_dat_port]
 07B                           ; pos 12-15: spaces
 07B  0100C                    LOAD s0[data], 0C
 07C  2D006                    OUTPUT s0[data], 06[lcd_idx_port]
 07D  01020                    LOAD s0[data], 20
 07E  2D007                    OUTPUT s0[data], 07[lcd_dat_port]
 07F  0100D                    LOAD s0[data], 0D
 080  2D006                    OUTPUT s0[data], 06[lcd_idx_port]
 081  01020                    LOAD s0[data], 20
 082  2D007                    OUTPUT s0[data], 07[lcd_dat_port]
 083  0100E                    LOAD s0[data], 0E
 084  2D006                    OUTPUT s0[data], 06[lcd_idx_port]
 085  01020                    LOAD s0[data], 20
 086  2D007                    OUTPUT s0[data], 07[lcd_dat_port]
 087  0100F                    LOAD s0[data], 0F
 088  2D006                    OUTPUT s0[data], 06[lcd_idx_port]
 089  01020                    LOAD s0[data], 20
 08A  2D007                    OUTPUT s0[data], 07[lcd_dat_port]
 08B  25000                    RETURN 
 08C                           ;=========================================================
 08C                           ; routine: lcd_update
 08C                           ;   Updates LCD buffer with current a, b, aabb values
 08C                           ;   Layout: "a=XX b=XX r=XXXX"
 08C                           ;   [2-3] = hex(a), [7-8] = hex(b),
 08C                           ;   [12-13] = hex(aabb_msb), [14-15] = hex(aabb_lsb)
 08C                           ;=========================================================
 08C               lcd_update: 
 08C                           ; --- Write hex(a) to positions 2-3 ---
 08C  0B000                    FETCH s0[data], 00[a_lsb]         ; get a value
 08D  20103                    CALL 103[get_upper_nibble]
 08E  200BD                    CALL 0BD[hex_to_ascii]
 08F  01302                    LOAD s3, 02
 090  2D306                    OUTPUT s3, 06[lcd_idx_port]
 091  2D007                    OUTPUT s0[data], 07[lcd_dat_port]
 092  0B000                    FETCH s0[data], 00[a_lsb]
 093  20101                    CALL 101[get_lower_nibble]
 094  200BD                    CALL 0BD[hex_to_ascii]
 095  01303                    LOAD s3, 03
 096  2D306                    OUTPUT s3, 06[lcd_idx_port]
 097  2D007                    OUTPUT s0[data], 07[lcd_dat_port]
 098                           ; --- Write hex(b) to positions 7-8 ---
 098  0B002                    FETCH s0[data], 02[b_lsb]
 099  20103                    CALL 103[get_upper_nibble]
 09A  200BD                    CALL 0BD[hex_to_ascii]
 09B  01307                    LOAD s3, 07
 09C  2D306                    OUTPUT s3, 06[lcd_idx_port]
 09D  2D007                    OUTPUT s0[data], 07[lcd_dat_port]
 09E  0B002                    FETCH s0[data], 02[b_lsb]
 09F  20101                    CALL 101[get_lower_nibble]
 0A0  200BD                    CALL 0BD[hex_to_ascii]
 0A1  01308                    LOAD s3, 08
 0A2  2D306                    OUTPUT s3, 06[lcd_idx_port]
 0A3  2D007                    OUTPUT s0[data], 07[lcd_dat_port]
 0A4                           ; --- Write hex(aabb_msb) to positions 12-13 ---
 0A4  0B009                    FETCH s0[data], 09[aabb_msb]
 0A5  20103                    CALL 103[get_upper_nibble]
 0A6  200BD                    CALL 0BD[hex_to_ascii]
 0A7  0130C                    LOAD s3, 0C
 0A8  2D306                    OUTPUT s3, 06[lcd_idx_port]
 0A9  2D007                    OUTPUT s0[data], 07[lcd_dat_port]
 0AA  0B009                    FETCH s0[data], 09[aabb_msb]
 0AB  20101                    CALL 101[get_lower_nibble]
 0AC  200BD                    CALL 0BD[hex_to_ascii]
 0AD  0130D                    LOAD s3, 0D
 0AE  2D306                    OUTPUT s3, 06[lcd_idx_port]
 0AF  2D007                    OUTPUT s0[data], 07[lcd_dat_port]
 0B0                           ; --- Write hex(aabb_lsb) to positions 14-15 ---
 0B0  0B008                    FETCH s0[data], 08[aabb_lsb]
 0B1  20103                    CALL 103[get_upper_nibble]
 0B2  200BD                    CALL 0BD[hex_to_ascii]
 0B3  0130E                    LOAD s3, 0E
 0B4  2D306                    OUTPUT s3, 06[lcd_idx_port]
 0B5  2D007                    OUTPUT s0[data], 07[lcd_dat_port]
 0B6  0B008                    FETCH s0[data], 08[aabb_lsb]
 0B7  20101                    CALL 101[get_lower_nibble]
 0B8  200BD                    CALL 0BD[hex_to_ascii]
 0B9  0130F                    LOAD s3, 0F
 0BA  2D306                    OUTPUT s3, 06[lcd_idx_port]
 0BB  2D007                    OUTPUT s0[data], 07[lcd_dat_port]
 0BC  25000                    RETURN 
 0BD                           ;=========================================================
 0BD                           ; routine: hex_to_ascii
 0BD                           ;   Converts nibble in data (0x00-0x0F) to ASCII in data
 0BD                           ;   '0'-'9' = 0x30-0x39, 'A'-'F' = 0x41-0x46
 0BD                           ;=========================================================
 0BD             hex_to_ascii: 
 0BD  1D00A                    COMPARE s0[data], 0A
 0BE  3A0C1                    JUMP C, 0C1[is_digit]
 0BF                           ; A-F: add 0x37 (0x0A + 0x37 = 0x41 = 'A')
 0BF  11037                    ADD s0[data], 37
 0C0  25000                    RETURN 
 0C1                 is_digit: 
 0C1                           ; 0-9: add 0x30
 0C1  11030                    ADD s0[data], 30
 0C2  25000                    RETURN 
 0C3                           ;=========================================================
 0C3                           ; routine: hex_to_led (Basys 3 {dp,g,f,e,d,c,b,a} active-low)
 0C3                           ;=========================================================
 0C3               hex_to_led: 
 0C3  1D000                    COMPARE s0[data], 00
 0C4  360C7                    JUMP NZ, 0C7[comp_hex_1]
 0C5  010C0                    LOAD s0[data], C0
 0C6  22100                    JUMP 100[hex_done]
 0C7               comp_hex_1: 
 0C7  1D001                    COMPARE s0[data], 01
 0C8  360CB                    JUMP NZ, 0CB[comp_hex_2]
 0C9  010F9                    LOAD s0[data], F9
 0CA  22100                    JUMP 100[hex_done]
 0CB               comp_hex_2: 
 0CB  1D002                    COMPARE s0[data], 02
 0CC  360CF                    JUMP NZ, 0CF[comp_hex_3]
 0CD  010A4                    LOAD s0[data], A4
 0CE  22100                    JUMP 100[hex_done]
 0CF               comp_hex_3: 
 0CF  1D003                    COMPARE s0[data], 03
 0D0  360D3                    JUMP NZ, 0D3[comp_hex_4]
 0D1  010B0                    LOAD s0[data], B0
 0D2  22100                    JUMP 100[hex_done]
 0D3               comp_hex_4: 
 0D3  1D004                    COMPARE s0[data], 04
 0D4  360D7                    JUMP NZ, 0D7[comp_hex_5]
 0D5  01099                    LOAD s0[data], 99
 0D6  22100                    JUMP 100[hex_done]
 0D7               comp_hex_5: 
 0D7  1D005                    COMPARE s0[data], 05
 0D8  360DB                    JUMP NZ, 0DB[comp_hex_6]
 0D9  01092                    LOAD s0[data], 92
 0DA  22100                    JUMP 100[hex_done]
 0DB               comp_hex_6: 
 0DB  1D006                    COMPARE s0[data], 06
 0DC  360DF                    JUMP NZ, 0DF[comp_hex_7]
 0DD  01082                    LOAD s0[data], 82
 0DE  22100                    JUMP 100[hex_done]
 0DF               comp_hex_7: 
 0DF  1D007                    COMPARE s0[data], 07
 0E0  360E3                    JUMP NZ, 0E3[comp_hex_8]
 0E1  010F8                    LOAD s0[data], F8
 0E2  22100                    JUMP 100[hex_done]
 0E3               comp_hex_8: 
 0E3  1D008                    COMPARE s0[data], 08
 0E4  360E7                    JUMP NZ, 0E7[comp_hex_9]
 0E5  01080                    LOAD s0[data], 80
 0E6  22100                    JUMP 100[hex_done]
 0E7               comp_hex_9: 
 0E7  1D009                    COMPARE s0[data], 09
 0E8  360EB                    JUMP NZ, 0EB[comp_hex_a]
 0E9  01090                    LOAD s0[data], 90
 0EA  22100                    JUMP 100[hex_done]
 0EB               comp_hex_a: 
 0EB  1D00A                    COMPARE s0[data], 0A
 0EC  360EF                    JUMP NZ, 0EF[comp_hex_b]
 0ED  01088                    LOAD s0[data], 88
 0EE  22100                    JUMP 100[hex_done]
 0EF               comp_hex_b: 
 0EF  1D00B                    COMPARE s0[data], 0B
 0F0  360F3                    JUMP NZ, 0F3[comp_hex_c]
 0F1  01083                    LOAD s0[data], 83
 0F2  22100                    JUMP 100[hex_done]
 0F3               comp_hex_c: 
 0F3  1D00C                    COMPARE s0[data], 0C
 0F4  360F7                    JUMP NZ, 0F7[comp_hex_d]
 0F5  010C6                    LOAD s0[data], C6
 0F6  22100                    JUMP 100[hex_done]
 0F7               comp_hex_d: 
 0F7  1D00D                    COMPARE s0[data], 0D
 0F8  360FB                    JUMP NZ, 0FB[comp_hex_e]
 0F9  010A1                    LOAD s0[data], A1
 0FA  22100                    JUMP 100[hex_done]
 0FB               comp_hex_e: 
 0FB  1D00E                    COMPARE s0[data], 0E
 0FC  360FF                    JUMP NZ, 0FF[comp_hex_f]
 0FD  01086                    LOAD s0[data], 86
 0FE  22100                    JUMP 100[hex_done]
 0FF               comp_hex_f: 
 0FF  0108E                    LOAD s0[data], 8E
 100                 hex_done: 
 100  25000                    RETURN 
 101                           ;=========================================================
 101                           ; routine: get_lower_nibble
 101                           ;=========================================================
 101         get_lower_nibble: 
 101  0300F                    AND s0[data], 0F
 102  25000                    RETURN 
 103                           ;=========================================================
 103                           ; routine: get_upper_nibble
 103                           ;=========================================================
 103         get_upper_nibble: 
 103  1400E                    SR0 s0[data]
 104  1400E                    SR0 s0[data]
 105  1400E                    SR0 s0[data]
 106  1400E                    SR0 s0[data]
 107  25000                    RETURN 
 108                           ;=========================================================
 108                           ; routine: square
 108                           ;=========================================================
 108                   square: 
 108  0B300                    FETCH s3, 00[a_lsb]
 109  0B400                    FETCH s4, 00[a_lsb]
 10A  2011C                    CALL 11C[mult_soft]
 10B  2F604                    STORE s6, 04[aa_lsb]
 10C  2F505                    STORE s5, 05[aa_msb]
 10D  0B302                    FETCH s3, 02[b_lsb]
 10E  0B402                    FETCH s4, 02[b_lsb]
 10F  2011C                    CALL 11C[mult_soft]
 110  2F606                    STORE s6, 06[bb_lsb]
 111  2F507                    STORE s5, 07[bb_msb]
 112  0B004                    FETCH s0[data], 04[aa_lsb]
 113  10060                    ADD s0[data], s6
 114  2F008                    STORE s0[data], 08[aabb_lsb]
 115  0B005                    FETCH s0[data], 05[aa_msb]
 116  12050                    ADDCY s0[data], s5
 117  2F009                    STORE s0[data], 09[aabb_msb]
 118  01000                    LOAD s0[data], 00
 119  13000                    ADDCY s0[data], 00
 11A  2F00A                    STORE s0[data], 0A[aabb_cout]
 11B  25000                    RETURN 
 11C                           ;=========================================================
 11C                           ; routine: mult_soft
 11C                           ;=========================================================
 11C                mult_soft: 
 11C  01500                    LOAD s5, 00
 11D  01208                    LOAD s2[i], 08
 11E                mult_loop: 
 11E  1440E                    SR0 s4
 11F  3E121                    JUMP NC, 121[shift_prod]
 120  10530                    ADD s5, s3
 121               shift_prod: 
 121  14508                    SRA s5
 122  14608                    SRA s6
 123  19201                    SUB s2[i], 01
 124  3611E                    JUMP NZ, 11E[mult_loop]
 125  25000                    RETURN 


All unused memory locations contain zero (equivalent to 'LOAD s0, s0')



List of PSM files that have been assembled

C:\Users\lebray\Vivado-Workflow-Scripts\Lab8\T3\btn_rom.psm



List of defined constants

 CONSTANT name     Value        Source PSM File

 timestamp_hours   21'd         
 timestamp_minutes 24'd         
 timestamp_seconds 17'd         
 datestamp_year    26'd         
 datestamp_month   3'd          
 datestamp_day     26'd         
 NUL               00           
 BEL               07           
 BS                08           
 HT                09           
 LF                0A           
 VT                0B           
 CR                0D           
 ESC               1B           
 DEL               7F           
 DCS               90           
 ST                9C           
 a_lsb             00           btn_rom.psm
 b_lsb             02           btn_rom.psm
 aa_lsb            04           btn_rom.psm
 aa_msb            05           btn_rom.psm
 bb_lsb            06           btn_rom.psm
 bb_msb            07           btn_rom.psm
 aabb_lsb          08           btn_rom.psm
 aabb_msb          09           btn_rom.psm
 aabb_cout         0A           btn_rom.psm
 led0              10           btn_rom.psm
 led1              11           btn_rom.psm
 led2              12           btn_rom.psm
 led3              13           btn_rom.psm
 rd_flag_port      00           btn_rom.psm
 sw_port           01           btn_rom.psm
 sseg0_port        00           btn_rom.psm
 sseg1_port        01           btn_rom.psm
 sseg2_port        02           btn_rom.psm
 sseg3_port        03           btn_rom.psm
 led_lsb_port      04           btn_rom.psm
 led_msb_port      05           btn_rom.psm
 lcd_idx_port      06           btn_rom.psm
 lcd_dat_port      07           btn_rom.psm



No TABLEs defined



List of text strings

 STRING name       String         Source PSM File

 KCPSM6_version$   "v2.70"        
 datestamp$        "26 Mar 2026"  
 timestamp$        "21:24:17"     



List of line labels

   Label              Addr  Source PSM File

   forever            002   btn_rom.psm
   init               009   btn_rom.psm
   clr_mem_loop       00B   btn_rom.psm
   proc_btn           010   btn_rom.psm
   chk_btns           015   btn_rom.psm
   proc_btn_done      01C   btn_rom.psm
   load_led_pttn      01D   btn_rom.psm
   sw_ok              022   btn_rom.psm
   led_done           03B   btn_rom.psm
   disp_led           03D   btn_rom.psm
   disp_result_leds   046   btn_rom.psm
   lcd_init           04B   btn_rom.psm
   lcd_update         08C   btn_rom.psm
   hex_to_ascii       0BD   btn_rom.psm
   is_digit           0C1   btn_rom.psm
   hex_to_led         0C3   btn_rom.psm
   comp_hex_1         0C7   btn_rom.psm
   comp_hex_2         0CB   btn_rom.psm
   comp_hex_3         0CF   btn_rom.psm
   comp_hex_4         0D3   btn_rom.psm
   comp_hex_5         0D7   btn_rom.psm
   comp_hex_6         0DB   btn_rom.psm
   comp_hex_7         0DF   btn_rom.psm
   comp_hex_8         0E3   btn_rom.psm
   comp_hex_9         0E7   btn_rom.psm
   comp_hex_a         0EB   btn_rom.psm
   comp_hex_b         0EF   btn_rom.psm
   comp_hex_c         0F3   btn_rom.psm
   comp_hex_d         0F7   btn_rom.psm
   comp_hex_e         0FB   btn_rom.psm
   comp_hex_f         0FF   btn_rom.psm
   hex_done           100   btn_rom.psm
   get_lower_nibble   101   btn_rom.psm
   get_upper_nibble   103   btn_rom.psm
   square             108   btn_rom.psm
   mult_soft          11C   btn_rom.psm
   mult_loop          11E   btn_rom.psm
   shift_prod         121   btn_rom.psm



Instruction usage statistics

 Instruction    Instances

 LOAD             65
 STAR              -

 AND               2
 OR                -
 XOR               1

 ADD               8
 ADDCY             2
 SUB               2
 SUBCY             -

 TEST              3
 TESTCY            -
 COMPARE          18
 COMPARECY         -

 SL0               1
 SL1               -
 SLX               -
 SLA               -
 RL                -
 SR0               5
 SR1               -
 SRX               -
 SRA               2
 RR                -

 REGBANK           -

 INPUT             3
 OUTPUT           54
 OUTPUTK           -

 STORE            25
 FETCH            25

 DISABLE           -
 ENABLE            -
 RETURNI           -

 JUMP             41
 JUMP@             -
 CALL             35
 CALL@             -
 RETURN           14
 LOAD&RETURN       -

 HWBUILD           -



End of KCPSM6 log file.
